<html>
<body>
<pre>
<h1>µVision Build Log</h1>
<h2>Tool Versions:</h2>
IDE-Version: ¦ÌVision V5.25.2.0
Copyright (C) 2018 ARM Ltd and ARM Germany GmbH. All rights reserved.
License Information: z China, P R C, LIC=W9630-BYQXE-MQ70F-67AK3-NV0Y8-Y01FL
 
Tool Versions:
Toolchain:       MDK-ARM Professional  Version: 5.25.2.0
Toolchain Path:  C:\Keil_v5\ARM\ARMCC\Bin
C Compiler:      Armcc.exe V5.06 update 6 (build 750)
Assembler:       Armasm.exe V5.06 update 6 (build 750)
Linker/Locator:  ArmLink.exe V5.06 update 6 (build 750)
Library Manager: ArmAr.exe V5.06 update 6 (build 750)
Hex Converter:   FromElf.exe V5.06 update 6 (build 750)
CPU DLL:         SARMCM3.DLL V5.25.2.0
Dialog DLL:      DARMCM1.DLL V1.19.1.0
Target DLL:      UL2CM3.DLL V1.160.12.0
Dialog DLL:      TARMCM1.DLL V1.14.0.0
 
<h2>Project:</h2>
F:\code\Remoter\MDK\remoter.uvprojx
Project File Date:  10/22/2019

<h2>Output:</h2>
*** Using Compiler 'V5.06 update 6 (build 750)', folder: 'C:\Keil_v5\ARM\ARMCC\Bin'
Build target 'gpio_irq_Release'
assembling startup_hc32f005.s...
compiling system_hc32f005.c...
compiling adc.c...
compiling adt.c...
compiling bt.c...
compiling clk.c...
compiling crc.c...
compiling ddl.c...
compiling flash.c...
compiling gpio.c...
compiling i2c.c...
compiling interrupts_hc32f005.c...
compiling lpm.c...
compiling lvd.c...
compiling pca.c...
compiling reset.c...
compiling trim.c...
compiling uart.c...
compiling spi.c...
compiling vc.c...
compiling wdt.c...
compiling bsp_adc.c...
compiling Bsp_i2c_gpio.c...
compiling bsp_spi.c...
compiling bsp_uart.c...
compiling at24c02.c...
compiling key.c...
..\source\hal\key.c(16): warning:  #550-D: variable "tInchStatus"  was set but never used
    uint16_t tInchStatus;
..\source\hal\key.c(152): warning:  #550-D: variable "EXTI_Trigger"  was set but never used
    en_gpio_irqtype_t EXTI_Trigger;
..\source\hal\key.c(222): warning:  #177-D: variable "params"  was declared but never referenced
    params_typedef *params;
..\source\hal\key.c: 3 warnings, 0 errors
compiling cmt_spi3.c...
compiling led.c...
compiling cmt2300a.c...
compiling cmt2300a_hal.c...
compiling radio.c...
compiling time_server.c...
compiling command.c...
compiling common.c...
compiling uartParse.c...
compiling eeprom.c...
compiling main.c...
..\source\application\main.c(42): warning:  #951-D: return type of function "main" must be "int"
  void main(void)
..\source\application\main.c: 1 warning, 0 errors
compiling radio_TxRx.c...
linking...
Program Size: Code=4232 RO-data=232 RW-data=96 ZI-data=832  
".\output\release\gpio_irq.axf" - 0 Error(s), 4 Warning(s).

<h2>Software Packages used:</h2>

Package Vendor: ARM
                http://www.keil.com/pack/ARM.CMSIS.5.3.0.pack
                ARM.CMSIS.5.3.0
                CMSIS (Cortex Microcontroller Software Interface Standard)
   * Component: CORE Version: 5.1.1

Package Vendor: HDSC
                https://raw.githubusercontent.com/hdscmcu/pack/master/HDSC.HC32F005.1.0.1.pack
                HDSC.HC32F005.1.0.1
                HC32F005 ARM Cortex-M0+ Device Family Pack

<h2>Collection of Component include folders:</h2>
  .\RTE\_gpio_irq_Release
  C:\Keil_v5\ARM\PACK\ARM\CMSIS\5.3.0\CMSIS\Include
  C:\Keil_v5\ARM\PACK\HDSC\HC32F005\1.0.1\Device\Include

<h2>Collection of Component Files used:</h2>

   * Component: ARM::CMSIS:CORE:5.1.1
Build Time Elapsed:  00:00:21
</pre>
</body>
</html>
