###############################################################################
#
# IAR ELF Linker V8.20.1.14183/W32 for ARM                02/Jun/2019  18:48:51
# Copyright 2007-2017 IAR Systems AB.
#
#    Output file  =  
#        F:\projects\git\Hardware\rf433\code\HC32F005C6PA\EWARM\Debug\Exe\KEY_8.out
#    Map file     =  
#        F:\projects\git\Hardware\rf433\code\HC32F005C6PA\EWARM\Debug\List\KEY_8.map
#    Command line =  
#        -f C:\Users\zhang\AppData\Local\Temp\EWD35A.tmp
#        (F:\projects\git\Hardware\rf433\code\HC32F005C6PA\EWARM\Debug\Obj\adc.o
#        F:\projects\git\Hardware\rf433\code\HC32F005C6PA\EWARM\Debug\Obj\adt.o
#        F:\projects\git\Hardware\rf433\code\HC32F005C6PA\EWARM\Debug\Obj\at24c02.o
#        F:\projects\git\Hardware\rf433\code\HC32F005C6PA\EWARM\Debug\Obj\bsp_adc.o
#        F:\projects\git\Hardware\rf433\code\HC32F005C6PA\EWARM\Debug\Obj\Bsp_i2c_gpio.o
#        F:\projects\git\Hardware\rf433\code\HC32F005C6PA\EWARM\Debug\Obj\bsp_spi.o
#        F:\projects\git\Hardware\rf433\code\HC32F005C6PA\EWARM\Debug\Obj\bsp_uart.o
#        F:\projects\git\Hardware\rf433\code\HC32F005C6PA\EWARM\Debug\Obj\bt.o
#        F:\projects\git\Hardware\rf433\code\HC32F005C6PA\EWARM\Debug\Obj\clk.o
#        F:\projects\git\Hardware\rf433\code\HC32F005C6PA\EWARM\Debug\Obj\CMT2300drive.o
#        F:\projects\git\Hardware\rf433\code\HC32F005C6PA\EWARM\Debug\Obj\command.o
#        F:\projects\git\Hardware\rf433\code\HC32F005C6PA\EWARM\Debug\Obj\common.o
#        F:\projects\git\Hardware\rf433\code\HC32F005C6PA\EWARM\Debug\Obj\crc.o
#        F:\projects\git\Hardware\rf433\code\HC32F005C6PA\EWARM\Debug\Obj\ddl.o
#        F:\projects\git\Hardware\rf433\code\HC32F005C6PA\EWARM\Debug\Obj\eeprom.o
#        F:\projects\git\Hardware\rf433\code\HC32F005C6PA\EWARM\Debug\Obj\flash.o
#        F:\projects\git\Hardware\rf433\code\HC32F005C6PA\EWARM\Debug\Obj\gpio.o
#        F:\projects\git\Hardware\rf433\code\HC32F005C6PA\EWARM\Debug\Obj\i2c.o
#        F:\projects\git\Hardware\rf433\code\HC32F005C6PA\EWARM\Debug\Obj\interrupts_hc32f005.o
#        F:\projects\git\Hardware\rf433\code\HC32F005C6PA\EWARM\Debug\Obj\key.o
#        F:\projects\git\Hardware\rf433\code\HC32F005C6PA\EWARM\Debug\Obj\led.o
#        F:\projects\git\Hardware\rf433\code\HC32F005C6PA\EWARM\Debug\Obj\lpm.o
#        F:\projects\git\Hardware\rf433\code\HC32F005C6PA\EWARM\Debug\Obj\lvd.o
#        F:\projects\git\Hardware\rf433\code\HC32F005C6PA\EWARM\Debug\Obj\main.o
#        F:\projects\git\Hardware\rf433\code\HC32F005C6PA\EWARM\Debug\Obj\pca.o
#        F:\projects\git\Hardware\rf433\code\HC32F005C6PA\EWARM\Debug\Obj\reset.o
#        F:\projects\git\Hardware\rf433\code\HC32F005C6PA\EWARM\Debug\Obj\spi.o
#        F:\projects\git\Hardware\rf433\code\HC32F005C6PA\EWARM\Debug\Obj\startup_hc32f005.o
#        F:\projects\git\Hardware\rf433\code\HC32F005C6PA\EWARM\Debug\Obj\system_hc32f005.o
#        F:\projects\git\Hardware\rf433\code\HC32F005C6PA\EWARM\Debug\Obj\trim.o
#        F:\projects\git\Hardware\rf433\code\HC32F005C6PA\EWARM\Debug\Obj\uart.o
#        F:\projects\git\Hardware\rf433\code\HC32F005C6PA\EWARM\Debug\Obj\uartParse.o
#        F:\projects\git\Hardware\rf433\code\HC32F005C6PA\EWARM\Debug\Obj\vc.o
#        F:\projects\git\Hardware\rf433\code\HC32F005C6PA\EWARM\Debug\Obj\wdt.o
#        -o
#        F:\projects\git\Hardware\rf433\code\HC32F005C6PA\EWARM\Debug\Exe\KEY_8.out
#        --map
#        F:\projects\git\Hardware\rf433\code\HC32F005C6PA\EWARM\Debug\List\KEY_8.map
#        --config
#        F:\projects\git\Hardware\rf433\code\HC32F005C6PA\EWARM\hc32f005.icf
#        --semihosting --entry __iar_program_start --vfe --text_out locale)
#
###############################################################################

*******************************************************************************
*** RUNTIME MODEL ATTRIBUTES
***

CppFlavor       = *
__Heap_Handler  = DLMalloc
__SystemLibrary = DLib
__dlib_version  = 6


*******************************************************************************
*** HEAP SELECTION
***

The advanced heap was selected because the application calls memory
allocation functions outside of system library functions, and there
are calls to deallocation functions in the application.


*******************************************************************************
*** PLACEMENT SUMMARY
***

"A0":  place at 0x00000000 { ro section .intvec };
"P1":  place in [from 0x00000000 to 0x00007fff] { ro };
define block CSTACK with size = 512, alignment = 8 { };
define block HEAP with size = 0M, alignment = 8 { };
"P2":  place in [from 0x20000000 to 0x20000fff] {
          rw, block CSTACK, block HEAP };
initialize by copy { rw };

  Section            Kind        Address    Size  Object
  -------            ----        -------    ----  ------
"A0":                                       0xc0
  .intvec            ro code  0x00000000    0xc0  startup_hc32f005.o [1]
                            - 0x000000c0    0xc0

"P1":                                     0x5444
  .text              ro code  0x000000c0  0x16d4  dlmalloc.o [3]
  .text              ro code  0x00001794     0xa  abort.o [3]
  .text              ro code  0x0000179e     0x2  startup_hc32f005.o [1]
  .text              ro code  0x000017a0    0x5c  ABImemcpy.o [4]
  .text              ro code  0x000017fc    0x2c  xgetmemchunk.o [3]
  .text              ro code  0x00001828    0x14  exit.o [5]
  .text              ro code  0x0000183c   0x6e8  command.o [1]
  .text              ro code  0x00001f24   0x120  uartParse.o [1]
  .text              ro code  0x00002044    0x34  crc.o [1]
  .text              ro code  0x00002078   0x1fc  bsp_uart.o [1]
  .text              ro code  0x00002274     0x8  heaptramp0.o [3]
  .text              ro code  0x0000227c   0x128  main.o [1]
  .text              ro code  0x000023a4   0x668  key.o [1]
  .text              ro code  0x00002a0c   0x116  at24c02.o [1]
  .text              ro code  0x00002b22     0x2  startup_hc32f005.o [1]
  .text              ro code  0x00002b24   0x110  eeprom.o [1]
  .text              ro code  0x00002c34    0xae  I32DivModFast.o [4]
  .text              ro code  0x00002ce2     0x2  startup_hc32f005.o [1]
  .text              ro code  0x00002ce4    0xb8  ddl.o [1]
  .text              ro code  0x00002d9c   0x3e8  gpio.o [1]
  .text              ro code  0x00003184   0x3e8  clk.o [1]
  .text              ro code  0x0000356c   0x48e  uart.o [1]
  .text              ro code  0x000039fa     0x2  startup_hc32f005.o [1]
  .text              ro code  0x000039fc   0x318  bt.o [1]
  .text              ro code  0x00003d14   0x3fc  CMT2300drive.o [1]
  .text              ro code  0x00004110   0x1fc  interrupts_hc32f005.o [1]
  .text              ro code  0x0000430c   0x214  Bsp_i2c_gpio.o [1]
  .text              ro code  0x00004520   0x540  flash.o [1]
  .text              ro code  0x00004a60     0x2  IntDivZer.o [4]
  .text              ro code  0x00004a62   0x428  bsp_spi.o [1]
  .text              ro code  0x00004e8a     0x2  startup_hc32f005.o [1]
  .text              ro code  0x00004e8c    0x10  spi.o [1]
  .text              ro code  0x00004e9c    0x10  i2c.o [1]
  .text              ro code  0x00004eac   0x19c  adt.o [1]
  .text              ro code  0x00005048    0x10  pca.o [1]
  .text              ro code  0x00005058    0x44  wdt.o [1]
  .text              ro code  0x0000509c    0xac  adc.o [1]
  .text              ro code  0x00005148    0x68  vc.o [1]
  .text              ro code  0x000051b0    0x28  lvd.o [1]
  .text              ro code  0x000051d8    0x10  trim.o [1]
  .text              ro code  0x000051e8    0x44  system_hc32f005.o [1]
  .text              ro code  0x0000522c    0x3c  zero_init3.o [4]
  .text              ro code  0x00005268    0x3c  packbits_init_single.o [4]
  .text              ro code  0x000052a4    0x28  startup_hc32f005.o [1]
  .text              ro code  0x000052cc    0x28  data_init.o [4]
  .iar.init_table    const    0x000052f4    0x20  - Linker created -
  .text              ro code  0x00005314    0x1e  cmain.o [4]
  .text              ro code  0x00005332     0x4  low_level_init.o [3]
  .text              ro code  0x00005336     0x8  exit.o [3]
  .text              ro code  0x0000533e     0x2  startup_hc32f005.o [1]
  .text              ro code  0x00005340     0xa  cexit.o [4]
  .text              ro code  0x0000534a     0xc  cstartup_M.o [4]
  .text              ro code  0x00005356     0x2  startup_hc32f005.o [1]
  .rodata            const    0x00005358     0x8  clk.o [1]
  .rodata            const    0x00005360     0x4  clk.o [1]
  .text              ro code  0x00005364     0x2  startup_hc32f005.o [1]
  .text              ro code  0x00005366     0x2  startup_hc32f005.o [1]
  .text              ro code  0x00005368     0x2  startup_hc32f005.o [1]
  .text              ro code  0x0000536a     0x2  startup_hc32f005.o [1]
  .text              ro code  0x0000536c     0x2  startup_hc32f005.o [1]
  .text              ro code  0x0000536e     0x2  startup_hc32f005.o [1]
  .text              ro code  0x00005370     0x2  startup_hc32f005.o [1]
  .rodata            const    0x00005372     0x0  zero_init3.o [4]
  .rodata            const    0x00005372     0x0  packbits_init_single.o [4]
  Initializer bytes  const    0x00005372   0x192  <for P2-1>
                            - 0x00005504  0x5444

"P2", part 1 of 3:                         0x1ac
  P2-1                        0x20000000   0x1ac  <Init block>
    .data            inited   0x20000000    0x30  main.o [1]
    .data            inited   0x20000030    0x30  main.o [1]
    .data            inited   0x20000060    0x20  main.o [1]
    .data            inited   0x20000080    0x60  main.o [1]
    .data            inited   0x200000e0    0x74  main.o [1]
    .data            inited   0x20000154    0x2c  main.o [1]
    .data            inited   0x20000180     0x4  system_hc32f005.o [1]
    .data            inited   0x20000184    0x28  uart.o [1]
                            - 0x200001ac   0x1ac

"P2", part 2 of 3:                         0x334
  .bss               zero     0x200001ac   0x1d8  dlmalloc.o [3]
  .bss               zero     0x20000384    0xc0  adt.o [1]
  .bss               zero     0x20000444    0x20  bsp_uart.o [1]
  .bss               zero     0x20000464    0x18  dlmalloc.o [3]
  .bss               zero     0x2000047c    0x10  adc.o [1]
  .bss               zero     0x2000048c    0x10  uartParse.o [1]
  .bss               zero     0x2000049c     0x4  bt.o [1]
  .bss               zero     0x200004a0     0x4  bt.o [1]
  .bss               zero     0x200004a4     0x4  bt.o [1]
  .bss               zero     0x200004a8     0x4  CMT2300drive.o [1]
  .bss               zero     0x200004ac     0x4  flash.o [1]
  .bss               zero     0x200004b0     0x4  i2c.o [1]
  .bss               zero     0x200004b4     0x4  lvd.o [1]
  .bss               zero     0x200004b8     0x4  pca.o [1]
  .bss               zero     0x200004bc     0x4  spi.o [1]
  .bss               zero     0x200004c0     0x4  trim.o [1]
  .bss               zero     0x200004c4     0x4  vc.o [1]
  .bss               zero     0x200004c8     0x4  vc.o [1]
  .bss               zero     0x200004cc     0x4  wdt.o [1]
  .bss               zero     0x200004d0     0x4  xgetmemchunk.o [3]
  .bss               zero     0x200004d4     0x2  command.o [1]
  .bss               zero     0x200004d6     0x2  key.o [1]
  .bss               zero     0x200004d8     0x1  bsp_uart.o [1]
  .bss               zero     0x200004d9     0x1  bsp_uart.o [1]
  .bss               zero     0x200004da     0x1  CMT2300drive.o [1]
  .bss               zero     0x200004db     0x1  CMT2300drive.o [1]
  .bss               zero     0x200004dc     0x1  uartParse.o [1]
  .bss               zero     0x200004dd     0x1  uartParse.o [1]
                            - 0x200004de   0x332

"P2", part 3 of 3:                         0x200
  CSTACK                      0x200004e0   0x200  <Block>
    CSTACK           uninit   0x200004e0   0x200  <Block tail>
  HEAP                        0x200006e0     0x0  <Block>
                            - 0x200006e0   0x200


*******************************************************************************
*** INIT TABLE
***

          Address     Size
          -------     ----
Zero (__iar_zero_init3)
    1 destination range, total size 0x332:
          0x200001ac  0x332

Copy/packbits (__iar_packbits_init_single3)
    1 source range, total size 0x192 (93% of destination):
          0x00005372  0x192
    1 destination range, total size 0x1ac:
          0x20000000  0x1ac



*******************************************************************************
*** MODULE SUMMARY
***

    Module                  ro code  ro data  rw data
    ------                  -------  -------  -------
F:\projects\git\Hardware\rf433\code\HC32F005C6PA\EWARM\Debug\Obj: [1]
    Bsp_i2c_gpio.o              532
    CMT2300drive.o            1 020                 6
    adc.o                       172                16
    adt.o                       412               192
    at24c02.o                   278
    bsp_spi.o                 1 064
    bsp_uart.o                  508                34
    bt.o                        792                12
    clk.o                     1 000       12
    command.o                 1 768                 2
    crc.o                        52
    ddl.o                       184
    eeprom.o                    272
    flash.o                   1 344                 4
    gpio.o                    1 000
    i2c.o                        16                 4
    interrupts_hc32f005.o       508
    key.o                     1 640                 2
    lvd.o                        40                 4
    main.o                      296      360      384
    pca.o                        16                 4
    spi.o                        16                 4
    startup_hc32f005.o          260
    system_hc32f005.o            68        4        4
    trim.o                       16                 4
    uart.o                    1 166       38       40
    uartParse.o                 288                18
    vc.o                        104                 8
    wdt.o                        68                 4
    -------------------------------------------------
    Total:                   14 900      414      746

command line: [2]
    -------------------------------------------------
    Total:

dl6M_tlf.a: [3]
    abort.o                      10
    dlmalloc.o                5 844               496
    exit.o                        8
    heaptramp0.o                  8
    low_level_init.o              4
    xgetmemchunk.o               44                 4
    -------------------------------------------------
    Total:                    5 918               500

rt6M_tl.a: [4]
    ABImemcpy.o                  92
    I32DivModFast.o             174
    IntDivZer.o                   2
    cexit.o                      10
    cmain.o                      30
    cstartup_M.o                 12
    data_init.o                  40
    packbits_init_single.o       60
    zero_init3.o                 60
    -------------------------------------------------
    Total:                      480

shb_l.a: [5]
    exit.o                       20
    -------------------------------------------------
    Total:                       20

    Linker created                        32      512
-----------------------------------------------------
    Grand Total:             21 318      446    1 758


*******************************************************************************
*** ENTRY LIST
***

Entry                      Address   Size  Type      Object
-----                      -------   ----  ----      ------
.iar.init_table$$Base   0x000052f4          --   Gb  - Linker created -
.iar.init_table$$Limit  0x00005314          --   Gb  - Linker created -
?main                   0x00005315         Code  Gb  cmain.o [4]
Adc_IRQHandler          0x0000509d   0x9e  Code  Gb  adc.o [1]
Adt_IRQHandler          0x00004ead  0x18e  Code  Gb  adt.o [1]
BasebandBank            0x200000e0   0x74  Data  Gb  main.o [1]
Bt_ARRSet               0x00003c45   0x50  Code  Gb  bt.o [1]
Bt_Cnt16Set             0x00003c9d   0x50  Code  Gb  bt.o [1]
Bt_Init                 0x00003a27  0x1cc  Code  Gb  bt.o [1]
Bt_Run                  0x00003bf3   0x44  Code  Gb  bt.o [1]
CMT2300_Init            0x0000228b   0x4c  Code  Gb  main.o [1]
CMTBank                 0x20000000   0x30  Data  Gb  main.o [1]
CRC16_Get8              0x00002045   0x26  Code  Gb  crc.o [1]
CSTACK$$Base            0x200004e0          --   Gb  - Linker created -
CSTACK$$Limit           0x200006e0          --   Gb  - Linker created -
ClkTrim_IRQHandler      0x000051d9    0xa  Code  Gb  trim.o [1]
ClkUnlock               0x00003209    0xe  Code  Lc  clk.o [1]
ClkWriteDummy           0x00003217    0xe  Code  Lc  clk.o [1]
Clk_Enable              0x000033b9   0xb2  Code  Gb  clk.o [1]
Clk_GetHClkFreq         0x00003225   0x88  Code  Gb  clk.o [1]
Clk_GetPClkFreq         0x000032b5   0x16  Code  Gb  clk.o [1]
Clk_SetPeripheralGate   0x00003471   0x3a  Code  Gb  clk.o [1]
Clk_SetRCHFreq          0x000032e5   0xa4  Code  Gb  clk.o [1]
Clk_SysTickConfig       0x000034ab   0x9a  Code  Gb  clk.o [1]
CommandTx               0x000018f3  0x132  Code  Gb  command.o [1]
DataRateBank            0x20000080   0x60  Data  Gb  main.o [1]
EfRam_IRQHandler        0x000045c5    0xa  Code  Gb  flash.o [1]
EnableNvic              0x000041ed   0x36  Code  Gb  interrupts_hc32f005.o [1]
ErrIntCallback          0x00002269    0xc  Code  Gb  bsp_uart.o [1]
FixedPktLength          0x200004da    0x1  Data  Gb  CMT2300drive.o [1]
FlashInt                0x00002b25   0x30  Code  Gb  eeprom.o [1]
Flash_ClearIntFlag      0x0000454f   0x76  Code  Gb  flash.o [1]
Flash_DisableIrq        0x000045cf   0x76  Code  Gb  flash.o [1]
Flash_GetIntFlag        0x00004521   0x2e  Code  Gb  flash.o [1]
Flash_Init              0x00004659  0x228  Code  Gb  flash.o [1]
Flash_SectorErase       0x00004989   0xc0  Code  Gb  flash.o [1]
Flash_WriteByte         0x0000488d   0xbe  Code  Gb  flash.o [1]
FrequencyBank           0x20000060   0x20  Data  Gb  main.o [1]
Gpio_ClearIrq           0x00003143   0x22  Code  Gb  gpio.o [1]
Gpio_EnableIrq          0x00003131   0x12  Code  Gb  gpio.o [1]
Gpio_GetIO              0x00002fd5   0x16  Code  Gb  gpio.o [1]
Gpio_IRQHandler         0x000023a9  0x2c8  Code  Gb  key.o [1]
Gpio_InitIOExt          0x00002de7  0x19a  Code  Gb  gpio.o [1]
Gpio_SetAnalog          0x00002d9d   0x4a  Code  Gb  gpio.o [1]
Gpio_SetIO              0x00002f81   0x54  Code  Gb  gpio.o [1]
HEAP$$Base              0x200006e0          --   Gb  - Linker created -
HEAP$$Limit             0x200006e0          --   Gb  - Linker created -
HardFault_Handler       0x00004223    0xe  Code  Gb  interrupts_hc32f005.o [1]
I2c_IRQHandler          0x00004e9d    0xa  Code  Gb  i2c.o [1]
IRQ000_Handler          0x00004231    0xa  Code  Gb  interrupts_hc32f005.o [1]
IRQ001_Handler          0x0000423b    0xa  Code  Gb  interrupts_hc32f005.o [1]
IRQ002_Handler          0x00004245    0xa  Code  Gb  interrupts_hc32f005.o [1]
IRQ003_Handler          0x0000424f    0xa  Code  Gb  interrupts_hc32f005.o [1]
IRQ006_Handler          0x00004259    0xa  Code  Gb  interrupts_hc32f005.o [1]
IRQ007_Handler          0x00004263    0xa  Code  Gb  interrupts_hc32f005.o [1]
IRQ010_Handler          0x0000426d    0xa  Code  Gb  interrupts_hc32f005.o [1]
IRQ012_Handler          0x00004277    0xa  Code  Gb  interrupts_hc32f005.o [1]
IRQ014_Handler          0x00004281    0xa  Code  Gb  interrupts_hc32f005.o [1]
IRQ015_Handler          0x0000428b    0xa  Code  Gb  interrupts_hc32f005.o [1]
IRQ016_Handler          0x00004295    0xa  Code  Gb  interrupts_hc32f005.o [1]
IRQ018_Handler          0x0000429f    0xa  Code  Gb  interrupts_hc32f005.o [1]
IRQ019_Handler          0x000042a9    0xa  Code  Gb  interrupts_hc32f005.o [1]
IRQ020_Handler          0x000042b3    0xa  Code  Gb  interrupts_hc32f005.o [1]
IRQ021_Handler          0x000042bd    0xa  Code  Gb  interrupts_hc32f005.o [1]
IRQ022_Handler          0x000042c7    0xa  Code  Gb  interrupts_hc32f005.o [1]
IRQ024_Handler          0x000042d1    0xa  Code  Gb  interrupts_hc32f005.o [1]
IRQ026_Handler          0x000042db    0xa  Code  Gb  interrupts_hc32f005.o [1]
IRQ027_Handler          0x000042e5    0xa  Code  Gb  interrupts_hc32f005.o [1]
IRQ028_Handler          0x000042ef    0xa  Code  Gb  interrupts_hc32f005.o [1]
IRQ030_Handler          0x000042f9    0xa  Code  Gb  interrupts_hc32f005.o [1]
IRQ031_Handler          0x00004303    0xa  Code  Gb  interrupts_hc32f005.o [1]
InhibitonStatus         0x00001a25   0x6a  Code  Gb  command.o [1]
KEY_Init                0x0000291d   0xf0  Code  Gb  key.o [1]
KeyStaus                0x000023a5    0x4  Code  Gb  key.o [1]
Lvd_IRQHandler          0x000051b1   0x1e  Code  Gb  lvd.o [1]
NVIC_ClearPendingIRQ    0x0000413d   0x16  Code  Lc  interrupts_hc32f005.o [1]
NVIC_ClearPendingIRQ    0x00003599   0x16  Code  Lc  uart.o [1]
NVIC_DisableIRQ         0x00004127   0x16  Code  Lc  interrupts_hc32f005.o [1]
NVIC_DisableIRQ         0x00003583   0x16  Code  Lc  uart.o [1]
NVIC_EnableIRQ          0x00004111   0x16  Code  Lc  interrupts_hc32f005.o [1]
NVIC_EnableIRQ          0x0000356d   0x16  Code  Lc  uart.o [1]
NVIC_SetPriority        0x00003185   0x84  Code  Lc  clk.o [1]
NVIC_SetPriority        0x00004153   0x84  Code  Lc  interrupts_hc32f005.o [1]
NVIC_SetPriority        0x000035af   0x84  Code  Lc  uart.o [1]
PayloadLength           0x200004a8    0x4  Data  Gb  CMT2300drive.o [1]
Pca_IRQHandler          0x00005049    0xa  Code  Gb  pca.o [1]
Region$$Table$$Base     0x000052f4          --   Gb  - Linker created -
Region$$Table$$Limit    0x00005314          --   Gb  - Linker created -
RssiTrig                0x200004db    0x1  Data  Gb  CMT2300drive.o [1]
RxIntCallback           0x000021f9   0x44  Code  Gb  bsp_uart.o [1]
Spi_IRQHandler          0x00004e8d    0xa  Code  Gb  spi.o [1]
SystemBank              0x20000030   0x30  Data  Gb  main.o [1]
SystemCoreClock         0x20000180    0x4  Data  Gb  system_hc32f005.o [1]
SystemCoreClockUpdate   0x000051e9    0xc  Code  Gb  system_hc32f005.o [1]
SystemInit              0x000051f5   0x2e  Code  Gb  system_hc32f005.o [1]
TXBank                  0x20000154   0x2c  Data  Gb  main.o [1]
Tim_IRQHandler          0x000039fd   0x2a  Code  Gb  bt.o [1]
UART1_SendBytes         0x000021d7   0x22  Code  Gb  bsp_uart.o [1]
UART_Config             0x00002079  0x15e  Code  Gb  bsp_uart.o [1]
UartDeInitNvic          0x00003965   0x22  Code  Lc  uart.o [1]
UartGetInternDataPtr    0x00003633   0x30  Code  Lc  uart.o [1]
UartInitNvic            0x00003943   0x22  Code  Lc  uart.o [1]
Uart_ClrStatus          0x00003819   0x52  Code  Gb  uart.o [1]
Uart_EnableFunc         0x0000379d   0x2e  Code  Gb  uart.o [1]
Uart_EnableIrq          0x0000367d   0x42  Code  Gb  uart.o [1]
Uart_GetStatus          0x000037cb   0x4e  Code  Gb  uart.o [1]
Uart_IRQHandler         0x000038cb   0x78  Code  Gb  uart.o [1]
Uart_Init               0x00003987   0x74  Code  Gb  uart.o [1]
Uart_ReceiveData        0x000038b1   0x1a  Code  Gb  uart.o [1]
Uart_SendData           0x0000386b   0x46  Code  Gb  uart.o [1]
Uart_SetBaudRate        0x00003731   0x66  Code  Gb  uart.o [1]
Uart_SetMode            0x000036bf   0x2e  Code  Gb  uart.o [1]
Uart_SetMultiMode       0x000036ed   0x44  Code  Gb  uart.o [1]
UpdateKeyStatus         0x200004d6    0x2  Data  Gb  key.o [1]
UsartReceiveData        0x20000444   0x20  Data  Gb  bsp_uart.o [1]
UsartReceiveFlag        0x200004d8    0x1  Data  Gb  bsp_uart.o [1]
Vc_IRQHandler           0x00005149   0x5c  Code  Gb  vc.o [1]
Wdt_IRQHandler          0x0000506d   0x24  Code  Gb  wdt.o [1]
Wdt_Start               0x00005059   0x14  Code  Gb  wdt.o [1]
WorkMode                0x00001d61   0x70  Code  Gb  command.o [1]
WorkModeStatus          0x200004d4    0x2  Data  Gb  command.o [1]
_GpioEnableIrq          0x00003005  0x126  Code  Gb  gpio.o [1]
__aeabi_idiv0           0x00004a61         Code  Gb  IntDivZer.o [4]
__aeabi_memcpy          0x000017a1         Code  Gb  ABImemcpy.o [4]
__aeabi_memcpy4         0x000017c9         Code  Wk  ABImemcpy.o [4]
__aeabi_uidiv           0x00002c35         Code  Gb  I32DivModFast.o [4]
__aeabi_uidivmod        0x00002c35         Code  Gb  I32DivModFast.o [4]
__cmain                 0x00005315         Code  Gb  cmain.o [4]
__data_GetMemChunk      0x000017fd   0x2c  Code  Gb  xgetmemchunk.o [3]
__data_GetMemChunk::start
                        0x200004d0    0x4  Data  Lc  xgetmemchunk.o [3]
__exit                  0x00001829   0x14  Code  Gb  exit.o [5]
__iar_data_init3        0x000052cd   0x28  Code  Gb  data_init.o [4]
__iar_dlfree            0x000011e1  0x5ac  Code  Gb  dlmalloc.o [3]
__iar_dlmalloc          0x00000ee5  0x2f6  Code  Gb  dlmalloc.o [3]
__iar_packbits_init_single3
                        0x00005269   0x3c  Code  Gb  packbits_init_single.o [4]
__iar_program_start     0x0000534b         Code  Gb  cstartup_M.o [4]
__iar_systems$$module {Abs}
                        0x00000001         Data  Gb  command line/config [2]
__iar_zero_init3        0x0000522d   0x3c  Code  Gb  zero_init3.o [4]
__low_level_init        0x00005333    0x4  Code  Gb  low_level_init.o [3]
__vector_table          0x00000000         Data  Gb  startup_hc32f005.o [1]
_call_main              0x00005321         Code  Gb  cmain.o [4]
_exit                   0x00005341         Code  Gb  cexit.o [4]
_gm_                    0x200001ac  0x1d8  Data  Lc  dlmalloc.o [3]
_main                   0x0000532f         Code  Gb  cmain.o [4]
abort                   0x00001795    0xa  Code  Gb  abort.o [3]
add_segment             0x000004e3  0x1f6  Code  Lc  dlmalloc.o [3]
anlyz_uart_data         0x00001f29   0x3c  Code  Gb  uartParse.o [1]
bGetMessage             0x00004059   0x38  Code  Gb  CMT2300drive.o [1]
bGoRx                   0x00003d4f   0x40  Code  Gb  CMT2300drive.o [1]
bGoSleep                0x00003d8f   0x26  Code  Gb  CMT2300drive.o [1]
bGoStandby              0x00003db5   0x3e  Code  Gb  CMT2300drive.o [1]
bGoTx                   0x00003d15   0x3a  Code  Gb  CMT2300drive.o [1]
bIntSrcFlagClr          0x00003eb1   0xd0  Code  Gb  CMT2300drive.o [1]
bSendMessage            0x0000409d   0x28  Code  Gb  CMT2300drive.o [1]
bSpi3Read               0x00004c9f   0x14  Code  Gb  bsp_spi.o [1]
bSpi3ReadByte           0x00004ba9   0xd4  Code  Gb  bsp_spi.o [1]
bSpi3ReadFIFO           0x00004d6d   0xce  Code  Gb  bsp_spi.o [1]
command_key_anlyz       0x00001a8f  0x2d2  Code  Gb  command.o [1]
command_process         0x00001e2b   0xd6  Code  Gb  command.o [1]
ddl_memclr              0x00002ce5   0x18  Code  Gb  ddl.o [1]
delay100us              0x00002d2d   0x2e  Code  Gb  ddl.o [1]
delay1ms                0x00002cfd   0x30  Code  Gb  ddl.o [1]
delay1us                0x00002d5b   0x2e  Code  Gb  ddl.o [1]
ee_CheckOk              0x00002a0d   0x18  Code  Gb  at24c02.o [1]
ee_ReadBytes            0x00002a25   0x7a  Code  Gb  at24c02.o [1]
ee_WriteBytes           0x00002a9f   0x84  Code  Gb  at24c02.o [1]
eeprom_write            0x00002b55   0xd6  Code  Gb  eeprom.o [1]
exit                    0x00005337    0x8  Code  Gb  exit.o [3]
free                    0x00002275    0x8  Code  Gb  heaptramp0.o [3]
i2c_Ack                 0x0000445f   0x38  Code  Gb  Bsp_i2c_gpio.o [1]
i2c_CfgGpio             0x000044c5   0x38  Code  Lc  Bsp_i2c_gpio.o [1]
i2c_CheckDevice         0x000044fd   0x24  Code  Gb  Bsp_i2c_gpio.o [1]
i2c_Delay               0x0000430d   0x10  Code  Lc  Bsp_i2c_gpio.o [1]
i2c_NAck                0x00004497   0x2e  Code  Gb  Bsp_i2c_gpio.o [1]
i2c_ReadByte            0x000043d9   0x42  Code  Gb  Bsp_i2c_gpio.o [1]
i2c_SendByte            0x0000437b   0x5e  Code  Gb  Bsp_i2c_gpio.o [1]
i2c_Start               0x0000431d   0x38  Code  Gb  Bsp_i2c_gpio.o [1]
i2c_Stop                0x00004355   0x26  Code  Gb  Bsp_i2c_gpio.o [1]
i2c_WaitAck             0x0000441b   0x44  Code  Gb  Bsp_i2c_gpio.o [1]
init_mparams            0x000000e1   0x2a  Code  Lc  dlmalloc.o [3]
init_top                0x0000010b   0x38  Code  Lc  dlmalloc.o [3]
key_interrupt_trigger   0x00002681   0x12  Code  Gb  key.o [1]
key_intterupt_config    0x000026a5  0x278  Code  Gb  key.o [1]
key_intterupt_triggerConfig
                        0x00002693   0x12  Code  Gb  key.o [1]
loop_Rx                 0x00002375   0x30  Code  Gb  main.o [1]
loop_Tx                 0x00002351   0x24  Code  Gb  main.o [1]
m_astcUartInstanceDataLut
                        0x20000184   0x28  Data  Lc  uart.o [1]
main                    0x0000227d    0xe  Code  Gb  main.o [1]
mparams                 0x20000464   0x18  Data  Lc  dlmalloc.o [3]
params                  0x2000048c   0x10  Data  Gb  uartParse.o [1]
pfnAdtIrqCbk            0x20000384   0xc0  Data  Lc  adt.o [1]
pfnFlashCallback        0x200004ac    0x4  Data  Lc  flash.o [1]
pfnI2ctCallback         0x200004b0    0x4  Data  Lc  i2c.o [1]
pfnLvdIrqCbk            0x200004b4    0x4  Data  Lc  lvd.o [1]
pfnPcaCallback          0x200004b8    0x4  Data  Lc  pca.o [1]
pfnSpiCallback          0x200004bc    0x4  Data  Lc  spi.o [1]
pfnTim0Callback         0x2000049c    0x4  Data  Lc  bt.o [1]
pfnTim1Callback         0x200004a0    0x4  Data  Lc  bt.o [1]
pfnTim2Callback         0x200004a4    0x4  Data  Lc  bt.o [1]
pfnTrimCallback         0x200004c0    0x4  Data  Lc  trim.o [1]
pfnVc0IrqCb             0x200004c4    0x4  Data  Lc  vc.o [1]
pfnVc1IrqCb             0x200004c8    0x4  Data  Lc  vc.o [1]
pfnWdtCallback          0x200004cc    0x4  Data  Lc  wdt.o [1]
prepend_alloc           0x00000151  0x392  Code  Lc  dlmalloc.o [3]
rfPrase                 0x00001de5   0x46  Code  Gb  command.o [1]
segment_holding         0x000000c1   0x20  Code  Lc  dlmalloc.o [3]
setup_Rx                0x00002323   0x2e  Code  Gb  main.o [1]
setup_Tx                0x000022f9   0x2a  Code  Gb  main.o [1]
stcAdcIrqCalbaks        0x2000047c   0x10  Data  Lc  adc.o [1]
sys_alloc               0x000006e1  0x168  Code  Lc  dlmalloc.o [3]
sys_trim                0x00000849   0x6a  Code  Lc  dlmalloc.o [3]
system_params_get       0x00001f25    0x4  Code  Gb  uartParse.o [1]
tmalloc_large           0x000008c5  0x3e0  Code  Lc  dlmalloc.o [3]
tmalloc_small           0x00000ca9  0x23c  Code  Lc  dlmalloc.o [3]
uartPrase               0x00001f65   0xc6  Code  Gb  uartParse.o [1]
uartReadIndex           0x200004dd    0x1  Data  Gb  uartParse.o [1]
uartReceiveLen          0x200004dc    0x1  Data  Gb  uartParse.o [1]
uartReceivewriteIndex   0x200004d9    0x1  Data  Gb  bsp_uart.o [1]
uart_ack_response       0x0000183d   0xb6  Code  Gb  command.o [1]
vCfgBank                0x0000402d   0x2c  Code  Gb  CMT2300drive.o [1]
vClearFIFO              0x00003f81   0x16  Code  Gb  CMT2300drive.o [1]
vEnableAntSwitch        0x00003e4f   0x38  Code  Gb  CMT2300drive.o [1]
vEnablePLLcheck         0x00003e87   0x1a  Code  Gb  CMT2300drive.o [1]
vEnableRdFifo           0x00003fbf   0x1a  Code  Gb  CMT2300drive.o [1]
vEnableWrFifo           0x00003fa5   0x1a  Code  Gb  CMT2300drive.o [1]
vGpioFuncCfg            0x00003e03   0x10  Code  Gb  CMT2300drive.o [1]
vInit                   0x00003fd9   0x54  Code  Gb  CMT2300drive.o [1]
vIntSrcCfg              0x00003e13   0x3c  Code  Gb  CMT2300drive.o [1]
vIntSrcEnable           0x00003ea1   0x10  Code  Gb  CMT2300drive.o [1]
vSetTxPayloadLength     0x000040c5   0x40  Code  Gb  CMT2300drive.o [1]
vSoftReset              0x00003df3   0x10  Code  Gb  CMT2300drive.o [1]
vSpi3BurstReadFIFO      0x00004e63   0x28  Code  Gb  bsp_spi.o [1]
vSpi3BurstWriteFIFO     0x00004e3b   0x28  Code  Gb  bsp_spi.o [1]
vSpi3Init               0x00004a63   0x8c  Code  Gb  bsp_spi.o [1]
vSpi3Write              0x00004c7d   0x22  Code  Gb  bsp_spi.o [1]
vSpi3WriteByte          0x00004aef   0xba  Code  Gb  bsp_spi.o [1]
vSpi3WriteFIFO          0x00004cb3   0xba  Code  Gb  bsp_spi.o [1]


[1] = F:\projects\git\Hardware\rf433\code\HC32F005C6PA\EWARM\Debug\Obj
[2] = command line
[3] = dl6M_tlf.a
[4] = rt6M_tl.a
[5] = shb_l.a

  21 318 bytes of readonly  code memory
     446 bytes of readonly  data memory
   1 758 bytes of readwrite data memory

Errors: none
Warnings: none
