###############################################################################
#
# IAR ELF Linker V8.20.1.14183/W32 for ARM                28/May/2019  21:43:04
# Copyright 2007-2017 IAR Systems AB.
#
#    Output file  =  
#        F:\projects\git\Hardware\rf433\code\HC32F005C6PA\EWARM\Debug\Exe\KEY_8.out
#    Map file     =  
#        F:\projects\git\Hardware\rf433\code\HC32F005C6PA\EWARM\Debug\List\KEY_8.map
#    Command line =  
#        -f C:\Users\zhang\AppData\Local\Temp\EW7A7C.tmp
#        (F:\projects\git\Hardware\rf433\code\HC32F005C6PA\EWARM\Debug\Obj\adc.o
#        F:\projects\git\Hardware\rf433\code\HC32F005C6PA\EWARM\Debug\Obj\adt.o
#        F:\projects\git\Hardware\rf433\code\HC32F005C6PA\EWARM\Debug\Obj\bsp_adc.o
#        F:\projects\git\Hardware\rf433\code\HC32F005C6PA\EWARM\Debug\Obj\bsp_spi.o
#        F:\projects\git\Hardware\rf433\code\HC32F005C6PA\EWARM\Debug\Obj\bsp_uart.o
#        F:\projects\git\Hardware\rf433\code\HC32F005C6PA\EWARM\Debug\Obj\bt.o
#        F:\projects\git\Hardware\rf433\code\HC32F005C6PA\EWARM\Debug\Obj\clk.o
#        F:\projects\git\Hardware\rf433\code\HC32F005C6PA\EWARM\Debug\Obj\CMT2300drive.o
#        F:\projects\git\Hardware\rf433\code\HC32F005C6PA\EWARM\Debug\Obj\command.o
#        F:\projects\git\Hardware\rf433\code\HC32F005C6PA\EWARM\Debug\Obj\common.o
#        F:\projects\git\Hardware\rf433\code\HC32F005C6PA\EWARM\Debug\Obj\crc.o
#        F:\projects\git\Hardware\rf433\code\HC32F005C6PA\EWARM\Debug\Obj\ddl.o
#        F:\projects\git\Hardware\rf433\code\HC32F005C6PA\EWARM\Debug\Obj\eeprom.o
#        F:\projects\git\Hardware\rf433\code\HC32F005C6PA\EWARM\Debug\Obj\flash.o
#        F:\projects\git\Hardware\rf433\code\HC32F005C6PA\EWARM\Debug\Obj\gpio.o
#        F:\projects\git\Hardware\rf433\code\HC32F005C6PA\EWARM\Debug\Obj\i2c.o
#        F:\projects\git\Hardware\rf433\code\HC32F005C6PA\EWARM\Debug\Obj\interrupts_hc32f005.o
#        F:\projects\git\Hardware\rf433\code\HC32F005C6PA\EWARM\Debug\Obj\key.o
#        F:\projects\git\Hardware\rf433\code\HC32F005C6PA\EWARM\Debug\Obj\led.o
#        F:\projects\git\Hardware\rf433\code\HC32F005C6PA\EWARM\Debug\Obj\lpm.o
#        F:\projects\git\Hardware\rf433\code\HC32F005C6PA\EWARM\Debug\Obj\lvd.o
#        F:\projects\git\Hardware\rf433\code\HC32F005C6PA\EWARM\Debug\Obj\main.o
#        F:\projects\git\Hardware\rf433\code\HC32F005C6PA\EWARM\Debug\Obj\pca.o
#        F:\projects\git\Hardware\rf433\code\HC32F005C6PA\EWARM\Debug\Obj\reset.o
#        F:\projects\git\Hardware\rf433\code\HC32F005C6PA\EWARM\Debug\Obj\spi.o
#        F:\projects\git\Hardware\rf433\code\HC32F005C6PA\EWARM\Debug\Obj\startup_hc32f005.o
#        F:\projects\git\Hardware\rf433\code\HC32F005C6PA\EWARM\Debug\Obj\system_hc32f005.o
#        F:\projects\git\Hardware\rf433\code\HC32F005C6PA\EWARM\Debug\Obj\trim.o
#        F:\projects\git\Hardware\rf433\code\HC32F005C6PA\EWARM\Debug\Obj\uart.o
#        F:\projects\git\Hardware\rf433\code\HC32F005C6PA\EWARM\Debug\Obj\uartParse.o
#        F:\projects\git\Hardware\rf433\code\HC32F005C6PA\EWARM\Debug\Obj\vc.o
#        F:\projects\git\Hardware\rf433\code\HC32F005C6PA\EWARM\Debug\Obj\wdt.o
#        -o
#        F:\projects\git\Hardware\rf433\code\HC32F005C6PA\EWARM\Debug\Exe\KEY_8.out
#        --map
#        F:\projects\git\Hardware\rf433\code\HC32F005C6PA\EWARM\Debug\List\KEY_8.map
#        --config
#        F:\projects\git\Hardware\rf433\code\HC32F005C6PA\EWARM\hc32f005.icf
#        --semihosting --entry __iar_program_start --vfe --text_out locale)
#
###############################################################################

*******************************************************************************
*** RUNTIME MODEL ATTRIBUTES
***

CppFlavor       = *
__SystemLibrary = DLib
__dlib_version  = 6


*******************************************************************************
*** HEAP SELECTION
***

The basic heap was selected because no calls to memory allocation
functions were found in the application outside of system library
functions, and there are calls to deallocation functions in the
application.


*******************************************************************************
*** PLACEMENT SUMMARY
***

"A0":  place at 0x00000000 { ro section .intvec };
"P1":  place in [from 0x00000000 to 0x00007fff] { ro };
define block CSTACK with size = 512, alignment = 8 { };
define block HEAP with size = 0M, alignment = 8 { };
"P2":  place in [from 0x20000000 to 0x20000fff] {
          rw, block CSTACK, block HEAP };
initialize by copy { rw };

  Section            Kind        Address    Size  Object
  -------            ----        -------    ----  ------
"A0":                                       0xc0
  .intvec            ro code  0x00000000    0xc0  startup_hc32f005.o [1]
                            - 0x000000c0    0xc0

"P1":                                     0x2228
  .text              ro code  0x000000c0   0x448  uart.o [1]
  .text              ro code  0x00000508    0xae  I32DivModFast.o [4]
  .text              ro code  0x000005b6     0x2  startup_hc32f005.o [1]
  .text              ro code  0x000005b8     0x2  IntDivZer.o [4]
  .text              ro code  0x000005ba   0x428  bsp_spi.o [1]
  .text              ro code  0x000009e2     0x2  startup_hc32f005.o [1]
  .text              ro code  0x000009e4   0x278  gpio.o [1]
  .text              ro code  0x00000c5c    0xb8  ddl.o [1]
  .text              ro code  0x00000d14   0x3fc  CMT2300drive.o [1]
  .text              ro code  0x00001110   0x3e8  clk.o [1]
  .text              ro code  0x000014f8   0x318  bt.o [1]
  .text              ro code  0x00001810   0x1d8  bsp_uart.o [1]
  .text              ro code  0x000019e8   0x19c  adt.o [1]
  .text              ro code  0x00001b84   0x148  main.o [1]
  .text              ro code  0x00001ccc    0xea  interrupts_hc32f005.o [1]
  .text              ro code  0x00001db6     0x2  startup_hc32f005.o [1]
  .text              ro code  0x00001db8    0x14  key.o [1]
  .text              ro code  0x00001dcc    0x10  spi.o [1]
  .text              ro code  0x00001ddc    0x10  i2c.o [1]
  .text              ro code  0x00001dec    0x10  pca.o [1]
  .text              ro code  0x00001dfc    0x44  wdt.o [1]
  .text              ro code  0x00001e40    0xac  adc.o [1]
  .text              ro code  0x00001eec    0x68  vc.o [1]
  .text              ro code  0x00001f54    0x28  lvd.o [1]
  .text              ro code  0x00001f7c    0x10  flash.o [1]
  .text              ro code  0x00001f8c    0x10  trim.o [1]
  .text              ro code  0x00001f9c    0x44  system_hc32f005.o [1]
  .text              ro code  0x00001fe0    0x3c  zero_init3.o [4]
  .text              ro code  0x0000201c    0x3c  packbits_init_single.o [4]
  .text              ro code  0x00002058    0x28  startup_hc32f005.o [1]
  .text              ro code  0x00002080    0x28  data_init.o [4]
  .iar.init_table    const    0x000020a8    0x20  - Linker created -
  .text              ro code  0x000020c8    0x1e  cmain.o [4]
  .text              ro code  0x000020e6     0x4  low_level_init.o [3]
  .text              ro code  0x000020ea     0x8  exit.o [3]
  .text              ro code  0x000020f2     0x2  startup_hc32f005.o [1]
  .text              ro code  0x000020f4     0xa  cexit.o [4]
  .text              ro code  0x000020fe     0x2  startup_hc32f005.o [1]
  .text              ro code  0x00002100    0x14  exit.o [5]
  .text              ro code  0x00002114     0xc  cstartup_M.o [4]
  .rodata            const    0x00002120     0x8  clk.o [1]
  .rodata            const    0x00002128     0x4  clk.o [1]
  .text              ro code  0x0000212c     0x2  startup_hc32f005.o [1]
  .text              ro code  0x0000212e     0x2  startup_hc32f005.o [1]
  .text              ro code  0x00002130     0x2  startup_hc32f005.o [1]
  .text              ro code  0x00002132     0x2  startup_hc32f005.o [1]
  .text              ro code  0x00002134     0x2  startup_hc32f005.o [1]
  .text              ro code  0x00002136     0x2  startup_hc32f005.o [1]
  .text              ro code  0x00002138     0x2  startup_hc32f005.o [1]
  .text              ro code  0x0000213a     0x2  startup_hc32f005.o [1]
  .text              ro code  0x0000213c     0x2  startup_hc32f005.o [1]
  .rodata            const    0x0000213e     0x0  zero_init3.o [4]
  .rodata            const    0x0000213e     0x0  packbits_init_single.o [4]
  Initializer bytes  const    0x0000213e   0x1aa  <for P2-1>
                            - 0x000022e8  0x2228

"P2", part 1 of 3:                         0x1c5
  P2-1                        0x20000000   0x1c5  <Init block>
    .data            inited   0x20000000    0x18  main.o [1]
    .data            inited   0x20000018    0x30  main.o [1]
    .data            inited   0x20000048    0x30  main.o [1]
    .data            inited   0x20000078    0x20  main.o [1]
    .data            inited   0x20000098    0x60  main.o [1]
    .data            inited   0x200000f8    0x74  main.o [1]
    .data            inited   0x2000016c    0x2c  main.o [1]
    .data            inited   0x20000198     0x4  system_hc32f005.o [1]
    .data            inited   0x2000019c    0x28  uart.o [1]
    .data            inited   0x200001c4     0x1  main.o [1]
                            - 0x200001c5   0x1c5

"P2", part 2 of 3:                         0x140
  .bss               zero     0x200001c8    0xc0  adt.o [1]
  .bss               zero     0x20000288    0x20  bsp_uart.o [1]
  .bss               zero     0x200002a8    0x18  main.o [1]
  .bss               zero     0x200002c0    0x10  adc.o [1]
  .bss               zero     0x200002d0     0x4  bt.o [1]
  .bss               zero     0x200002d4     0x4  bt.o [1]
  .bss               zero     0x200002d8     0x4  bt.o [1]
  .bss               zero     0x200002dc     0x4  CMT2300drive.o [1]
  .bss               zero     0x200002e0     0x4  flash.o [1]
  .bss               zero     0x200002e4     0x4  i2c.o [1]
  .bss               zero     0x200002e8     0x4  lvd.o [1]
  .bss               zero     0x200002ec     0x4  pca.o [1]
  .bss               zero     0x200002f0     0x4  spi.o [1]
  .bss               zero     0x200002f4     0x4  trim.o [1]
  .bss               zero     0x200002f8     0x4  vc.o [1]
  .bss               zero     0x200002fc     0x4  vc.o [1]
  .bss               zero     0x20000300     0x4  wdt.o [1]
  .bss               zero     0x20000304     0x1  bsp_uart.o [1]
  .bss               zero     0x20000305     0x1  bsp_uart.o [1]
  .bss               zero     0x20000306     0x1  CMT2300drive.o [1]
  .bss               zero     0x20000307     0x1  CMT2300drive.o [1]
                            - 0x20000308   0x140

"P2", part 3 of 3:                         0x200
  CSTACK                      0x20000308   0x200  <Block>
    CSTACK           uninit   0x20000308   0x200  <Block tail>
                            - 0x20000508   0x200


*******************************************************************************
*** INIT TABLE
***

          Address     Size
          -------     ----
Zero (__iar_zero_init3)
    1 destination range, total size 0x140:
          0x200001c8  0x140

Copy/packbits (__iar_packbits_init_single3)
    1 source range, total size 0x1aa (94% of destination):
          0x0000213e  0x1aa
    1 destination range, total size 0x1c5:
          0x20000000  0x1c5



*******************************************************************************
*** MODULE SUMMARY
***

    Module                  ro code  ro data  rw data
    ------                  -------  -------  -------
F:\projects\git\Hardware\rf433\code\HC32F005C6PA\EWARM\Debug\Obj: [1]
    CMT2300drive.o            1 020                 6
    adc.o                       172                16
    adt.o                       412               192
    bsp_spi.o                 1 064
    bsp_uart.o                  472                34
    bt.o                        792                12
    clk.o                     1 000       12
    ddl.o                       184
    flash.o                      16                 4
    gpio.o                      632
    i2c.o                        16                 4
    interrupts_hc32f005.o       234
    key.o                        20
    lvd.o                        40                 4
    main.o                      328      384      433
    pca.o                        16                 4
    spi.o                        16                 4
    startup_hc32f005.o          260
    system_hc32f005.o            68        4        4
    trim.o                       16                 4
    uart.o                    1 096       38       40
    vc.o                        104                 8
    wdt.o                        68                 4
    -------------------------------------------------
    Total:                    8 046      438      773

command line: [2]
    -------------------------------------------------
    Total:

dl6M_tlf.a: [3]
    exit.o                        8
    low_level_init.o              4
    -------------------------------------------------
    Total:                       12

rt6M_tl.a: [4]
    I32DivModFast.o             174
    IntDivZer.o                   2
    cexit.o                      10
    cmain.o                      30
    cstartup_M.o                 12
    data_init.o                  40
    packbits_init_single.o       60
    zero_init3.o                 60
    -------------------------------------------------
    Total:                      388

shb_l.a: [5]
    exit.o                       20
    -------------------------------------------------
    Total:                       20

    Linker created                        32      512
-----------------------------------------------------
    Grand Total:              8 466      470    1 285


*******************************************************************************
*** ENTRY LIST
***

Entry                      Address   Size  Type      Object
-----                      -------   ----  ----      ------
.iar.init_table$$Base   0x000020a8          --   Gb  - Linker created -
.iar.init_table$$Limit  0x000020c8          --   Gb  - Linker created -
?main                   0x000020c9         Code  Gb  cmain.o [4]
Adc_IRQHandler          0x00001e41   0x9e  Code  Gb  adc.o [1]
Adt_IRQHandler          0x000019e9  0x18e  Code  Gb  adt.o [1]
BasebandBank            0x200000f8   0x74  Data  Gb  main.o [1]
Bt_ARRSet               0x00001741   0x50  Code  Gb  bt.o [1]
Bt_Cnt16Set             0x00001799   0x50  Code  Gb  bt.o [1]
Bt_Init                 0x00001523  0x1cc  Code  Gb  bt.o [1]
Bt_Run                  0x000016ef   0x44  Code  Gb  bt.o [1]
CMT2300_Init            0x00001bb1   0x4c  Code  Gb  main.o [1]
CMTBank                 0x20000018   0x30  Data  Gb  main.o [1]
CSTACK$$Base            0x20000308          --   Gb  - Linker created -
CSTACK$$Limit           0x20000508          --   Gb  - Linker created -
ClkTrim_IRQHandler      0x00001f8d    0xa  Code  Gb  trim.o [1]
ClkUnlock               0x00001195    0xe  Code  Lc  clk.o [1]
ClkWriteDummy           0x000011a3    0xe  Code  Lc  clk.o [1]
Clk_Enable              0x00001345   0xb2  Code  Gb  clk.o [1]
Clk_GetHClkFreq         0x000011b1   0x88  Code  Gb  clk.o [1]
Clk_GetPClkFreq         0x00001241   0x16  Code  Gb  clk.o [1]
Clk_SetPeripheralGate   0x000013fd   0x3a  Code  Gb  clk.o [1]
Clk_SetRCHFreq          0x00001271   0xa4  Code  Gb  clk.o [1]
Clk_SysTickConfig       0x00001437   0x9a  Code  Gb  clk.o [1]
DataRateBank            0x20000098   0x60  Data  Gb  main.o [1]
EfRam_IRQHandler        0x00001f7d    0xa  Code  Gb  flash.o [1]
ErrIntCallback          0x000019dd    0xc  Code  Gb  bsp_uart.o [1]
FixedPktLength          0x20000306    0x1  Data  Gb  CMT2300drive.o [1]
FrequencyBank           0x20000078   0x20  Data  Gb  main.o [1]
Gpio_GetIO              0x00000c1d   0x16  Code  Gb  gpio.o [1]
Gpio_IRQHandler         0x00001db9   0x10  Code  Gb  key.o [1]
Gpio_InitIOExt          0x00000a2f  0x19a  Code  Gb  gpio.o [1]
Gpio_SetAnalog          0x000009e5   0x4a  Code  Gb  gpio.o [1]
Gpio_SetIO              0x00000bc9   0x54  Code  Gb  gpio.o [1]
HardFault_Handler       0x00001ccd    0xe  Code  Gb  interrupts_hc32f005.o [1]
I2c_IRQHandler          0x00001ddd    0xa  Code  Gb  i2c.o [1]
IRQ000_Handler          0x00001cdb    0xa  Code  Gb  interrupts_hc32f005.o [1]
IRQ001_Handler          0x00001ce5    0xa  Code  Gb  interrupts_hc32f005.o [1]
IRQ002_Handler          0x00001cef    0xa  Code  Gb  interrupts_hc32f005.o [1]
IRQ003_Handler          0x00001cf9    0xa  Code  Gb  interrupts_hc32f005.o [1]
IRQ006_Handler          0x00001d03    0xa  Code  Gb  interrupts_hc32f005.o [1]
IRQ007_Handler          0x00001d0d    0xa  Code  Gb  interrupts_hc32f005.o [1]
IRQ010_Handler          0x00001d17    0xa  Code  Gb  interrupts_hc32f005.o [1]
IRQ012_Handler          0x00001d21    0xa  Code  Gb  interrupts_hc32f005.o [1]
IRQ014_Handler          0x00001d2b    0xa  Code  Gb  interrupts_hc32f005.o [1]
IRQ015_Handler          0x00001d35    0xa  Code  Gb  interrupts_hc32f005.o [1]
IRQ016_Handler          0x00001d3f    0xa  Code  Gb  interrupts_hc32f005.o [1]
IRQ018_Handler          0x00001d49    0xa  Code  Gb  interrupts_hc32f005.o [1]
IRQ019_Handler          0x00001d53    0xa  Code  Gb  interrupts_hc32f005.o [1]
IRQ020_Handler          0x00001d5d    0xa  Code  Gb  interrupts_hc32f005.o [1]
IRQ021_Handler          0x00001d67    0xa  Code  Gb  interrupts_hc32f005.o [1]
IRQ022_Handler          0x00001d71    0xa  Code  Gb  interrupts_hc32f005.o [1]
IRQ024_Handler          0x00001d7b    0xa  Code  Gb  interrupts_hc32f005.o [1]
IRQ026_Handler          0x00001d85    0xa  Code  Gb  interrupts_hc32f005.o [1]
IRQ027_Handler          0x00001d8f    0xa  Code  Gb  interrupts_hc32f005.o [1]
IRQ028_Handler          0x00001d99    0xa  Code  Gb  interrupts_hc32f005.o [1]
IRQ030_Handler          0x00001da3    0xa  Code  Gb  interrupts_hc32f005.o [1]
IRQ031_Handler          0x00001dad    0xa  Code  Gb  interrupts_hc32f005.o [1]
Lvd_IRQHandler          0x00001f55   0x1e  Code  Gb  lvd.o [1]
NVIC_ClearPendingIRQ    0x000000ed   0x16  Code  Lc  uart.o [1]
NVIC_DisableIRQ         0x000000d7   0x16  Code  Lc  uart.o [1]
NVIC_EnableIRQ          0x000000c1   0x16  Code  Lc  uart.o [1]
NVIC_SetPriority        0x00001111   0x84  Code  Lc  clk.o [1]
NVIC_SetPriority        0x00000103   0x84  Code  Lc  uart.o [1]
PayloadLength           0x200002dc    0x4  Data  Gb  CMT2300drive.o [1]
Pca_IRQHandler          0x00001ded    0xa  Code  Gb  pca.o [1]
Region$$Table$$Base     0x000020a8          --   Gb  - Linker created -
Region$$Table$$Limit    0x000020c8          --   Gb  - Linker created -
RssiTrig                0x20000307    0x1  Data  Gb  CMT2300drive.o [1]
RxIntCallback           0x0000196f   0x44  Code  Gb  bsp_uart.o [1]
Spi_IRQHandler          0x00001dcd    0xa  Code  Gb  spi.o [1]
SystemBank              0x20000048   0x30  Data  Gb  main.o [1]
SystemCoreClock         0x20000198    0x4  Data  Gb  system_hc32f005.o [1]
SystemCoreClockUpdate   0x00001f9d    0xc  Code  Gb  system_hc32f005.o [1]
SystemInit              0x00001fa9   0x2e  Code  Gb  system_hc32f005.o [1]
TXBank                  0x2000016c   0x2c  Data  Gb  main.o [1]
Tim_IRQHandler          0x000014f9   0x2a  Code  Gb  bt.o [1]
UART_Config             0x00001811  0x15e  Code  Gb  bsp_uart.o [1]
UartDeInitNvic          0x00000473   0x22  Code  Lc  uart.o [1]
UartGetInternDataPtr    0x00000187   0x30  Code  Lc  uart.o [1]
UartInitNvic            0x00000451   0x22  Code  Lc  uart.o [1]
Uart_ClrStatus          0x0000036d   0x52  Code  Gb  uart.o [1]
Uart_EnableFunc         0x000002f1   0x2e  Code  Gb  uart.o [1]
Uart_EnableIrq          0x000001d1   0x42  Code  Gb  uart.o [1]
Uart_GetStatus          0x0000031f   0x4e  Code  Gb  uart.o [1]
Uart_IRQHandler         0x000003d9   0x78  Code  Gb  uart.o [1]
Uart_Init               0x00000495   0x74  Code  Gb  uart.o [1]
Uart_ReceiveData        0x000003bf   0x1a  Code  Gb  uart.o [1]
Uart_SetBaudRate        0x00000285   0x66  Code  Gb  uart.o [1]
Uart_SetMode            0x00000213   0x2e  Code  Gb  uart.o [1]
Uart_SetMultiMode       0x00000241   0x44  Code  Gb  uart.o [1]
UsartReceiveData        0x20000288   0x20  Data  Gb  bsp_uart.o [1]
UsartReceiveFlag        0x20000304    0x1  Data  Gb  bsp_uart.o [1]
Vc_IRQHandler           0x00001eed   0x5c  Code  Gb  vc.o [1]
Wdt_IRQHandler          0x00001e11   0x24  Code  Gb  wdt.o [1]
Wdt_Start               0x00001dfd   0x14  Code  Gb  wdt.o [1]
__aeabi_idiv0           0x000005b9         Code  Gb  IntDivZer.o [4]
__aeabi_uidiv           0x00000509         Code  Gb  I32DivModFast.o [4]
__aeabi_uidivmod        0x00000509         Code  Gb  I32DivModFast.o [4]
__cmain                 0x000020c9         Code  Gb  cmain.o [4]
__exit                  0x00002101   0x14  Code  Gb  exit.o [5]
__iar_data_init3        0x00002081   0x28  Code  Gb  data_init.o [4]
__iar_packbits_init_single3
                        0x0000201d   0x3c  Code  Gb  packbits_init_single.o [4]
__iar_program_start     0x00002115         Code  Gb  cstartup_M.o [4]
__iar_systems$$module {Abs}
                        0x00000001         Data  Gb  command line/config [2]
__iar_zero_init3        0x00001fe1   0x3c  Code  Gb  zero_init3.o [4]
__low_level_init        0x000020e7    0x4  Code  Gb  low_level_init.o [3]
__vector_table          0x00000000         Data  Gb  startup_hc32f005.o [1]
_call_main              0x000020d5         Code  Gb  cmain.o [4]
_exit                   0x000020f5         Code  Gb  cexit.o [4]
_main                   0x000020e3         Code  Gb  cmain.o [4]
bGetMessage             0x00001059   0x38  Code  Gb  CMT2300drive.o [1]
bGoRx                   0x00000d4f   0x40  Code  Gb  CMT2300drive.o [1]
bGoSleep                0x00000d8f   0x26  Code  Gb  CMT2300drive.o [1]
bGoStandby              0x00000db5   0x3e  Code  Gb  CMT2300drive.o [1]
bGoTx                   0x00000d15   0x3a  Code  Gb  CMT2300drive.o [1]
bIntSrcFlagClr          0x00000eb1   0xd0  Code  Gb  CMT2300drive.o [1]
bSendMessage            0x0000109d   0x28  Code  Gb  CMT2300drive.o [1]
bSpi3Read               0x000007f7   0x14  Code  Gb  bsp_spi.o [1]
bSpi3ReadByte           0x00000701   0xd4  Code  Gb  bsp_spi.o [1]
bSpi3ReadFIFO           0x000008c5   0xce  Code  Gb  bsp_spi.o [1]
ddl_memclr              0x00000c5d   0x18  Code  Gb  ddl.o [1]
delay100us              0x00000ca5   0x2e  Code  Gb  ddl.o [1]
delay1ms                0x00000c75   0x30  Code  Gb  ddl.o [1]
delay1us                0x00000cd3   0x2e  Code  Gb  ddl.o [1]
exit                    0x000020eb    0x8  Code  Gb  exit.o [3]
getstr                  0x200002a8   0x18  Data  Gb  main.o [1]
j                       0x20000305    0x1  Data  Gb  bsp_uart.o [1]
loop_Rx                 0x00001c7b   0x26  Code  Gb  main.o [1]
loop_Tx                 0x00001c55   0x26  Code  Gb  main.o [1]
m_astcUartInstanceDataLut
                        0x2000019c   0x28  Data  Lc  uart.o [1]
main                    0x00001b85   0x2c  Code  Gb  main.o [1]
pfnAdtIrqCbk            0x200001c8   0xc0  Data  Lc  adt.o [1]
pfnFlashCallback        0x200002e0    0x4  Data  Lc  flash.o [1]
pfnI2ctCallback         0x200002e4    0x4  Data  Lc  i2c.o [1]
pfnLvdIrqCbk            0x200002e8    0x4  Data  Lc  lvd.o [1]
pfnPcaCallback          0x200002ec    0x4  Data  Lc  pca.o [1]
pfnSpiCallback          0x200002f0    0x4  Data  Lc  spi.o [1]
pfnTim0Callback         0x200002d0    0x4  Data  Lc  bt.o [1]
pfnTim1Callback         0x200002d4    0x4  Data  Lc  bt.o [1]
pfnTim2Callback         0x200002d8    0x4  Data  Lc  bt.o [1]
pfnTrimCallback         0x200002f4    0x4  Data  Lc  trim.o [1]
pfnVc0IrqCb             0x200002f8    0x4  Data  Lc  vc.o [1]
pfnVc1IrqCb             0x200002fc    0x4  Data  Lc  vc.o [1]
pfnWdtCallback          0x20000300    0x4  Data  Lc  wdt.o [1]
setup_Rx                0x00001c27   0x2e  Code  Gb  main.o [1]
setup_Tx                0x00001bfd   0x2a  Code  Gb  main.o [1]
statetx                 0x200001c4    0x1  Data  Lc  main.o [1]
stcAdcIrqCalbaks        0x200002c0   0x10  Data  Lc  adc.o [1]
str                     0x20000000   0x18  Data  Gb  main.o [1]
vCfgBank                0x0000102d   0x2c  Code  Gb  CMT2300drive.o [1]
vClearFIFO              0x00000f81   0x16  Code  Gb  CMT2300drive.o [1]
vEnableAntSwitch        0x00000e4f   0x38  Code  Gb  CMT2300drive.o [1]
vEnablePLLcheck         0x00000e87   0x1a  Code  Gb  CMT2300drive.o [1]
vEnableRdFifo           0x00000fbf   0x1a  Code  Gb  CMT2300drive.o [1]
vEnableWrFifo           0x00000fa5   0x1a  Code  Gb  CMT2300drive.o [1]
vGpioFuncCfg            0x00000e03   0x10  Code  Gb  CMT2300drive.o [1]
vInit                   0x00000fd9   0x54  Code  Gb  CMT2300drive.o [1]
vIntSrcCfg              0x00000e13   0x3c  Code  Gb  CMT2300drive.o [1]
vIntSrcEnable           0x00000ea1   0x10  Code  Gb  CMT2300drive.o [1]
vSetTxPayloadLength     0x000010c5   0x40  Code  Gb  CMT2300drive.o [1]
vSoftReset              0x00000df3   0x10  Code  Gb  CMT2300drive.o [1]
vSpi3BurstReadFIFO      0x000009bb   0x28  Code  Gb  bsp_spi.o [1]
vSpi3BurstWriteFIFO     0x00000993   0x28  Code  Gb  bsp_spi.o [1]
vSpi3Init               0x000005bb   0x8c  Code  Gb  bsp_spi.o [1]
vSpi3Write              0x000007d5   0x22  Code  Gb  bsp_spi.o [1]
vSpi3WriteByte          0x00000647   0xba  Code  Gb  bsp_spi.o [1]
vSpi3WriteFIFO          0x0000080b   0xba  Code  Gb  bsp_spi.o [1]


[1] = F:\projects\git\Hardware\rf433\code\HC32F005C6PA\EWARM\Debug\Obj
[2] = command line
[3] = dl6M_tlf.a
[4] = rt6M_tl.a
[5] = shb_l.a

  8 466 bytes of readonly  code memory
    470 bytes of readonly  data memory
  1 285 bytes of readwrite data memory

Errors: none
Warnings: none
