###############################################################################
#
# IAR ELF Linker V8.20.1.14183/W32 for ARM                01/Jun/2019  21:05:13
# Copyright 2007-2017 IAR Systems AB.
#
#    Output file  =  
#        F:\projects\git\Hardware\rf433\code\HC32F005C6PA\EWARM\Debug\Exe\KEY_8.out
#    Map file     =  
#        F:\projects\git\Hardware\rf433\code\HC32F005C6PA\EWARM\Debug\List\KEY_8.map
#    Command line =  
#        -f C:\Users\zhang\AppData\Local\Temp\EW56CB.tmp
#        (F:\projects\git\Hardware\rf433\code\HC32F005C6PA\EWARM\Debug\Obj\adc.o
#        F:\projects\git\Hardware\rf433\code\HC32F005C6PA\EWARM\Debug\Obj\adt.o
#        F:\projects\git\Hardware\rf433\code\HC32F005C6PA\EWARM\Debug\Obj\at24c02.o
#        F:\projects\git\Hardware\rf433\code\HC32F005C6PA\EWARM\Debug\Obj\bsp_adc.o
#        F:\projects\git\Hardware\rf433\code\HC32F005C6PA\EWARM\Debug\Obj\Bsp_i2c_gpio.o
#        F:\projects\git\Hardware\rf433\code\HC32F005C6PA\EWARM\Debug\Obj\bsp_spi.o
#        F:\projects\git\Hardware\rf433\code\HC32F005C6PA\EWARM\Debug\Obj\bsp_uart.o
#        F:\projects\git\Hardware\rf433\code\HC32F005C6PA\EWARM\Debug\Obj\bt.o
#        F:\projects\git\Hardware\rf433\code\HC32F005C6PA\EWARM\Debug\Obj\clk.o
#        F:\projects\git\Hardware\rf433\code\HC32F005C6PA\EWARM\Debug\Obj\CMT2300drive.o
#        F:\projects\git\Hardware\rf433\code\HC32F005C6PA\EWARM\Debug\Obj\command.o
#        F:\projects\git\Hardware\rf433\code\HC32F005C6PA\EWARM\Debug\Obj\common.o
#        F:\projects\git\Hardware\rf433\code\HC32F005C6PA\EWARM\Debug\Obj\crc.o
#        F:\projects\git\Hardware\rf433\code\HC32F005C6PA\EWARM\Debug\Obj\ddl.o
#        F:\projects\git\Hardware\rf433\code\HC32F005C6PA\EWARM\Debug\Obj\eeprom.o
#        F:\projects\git\Hardware\rf433\code\HC32F005C6PA\EWARM\Debug\Obj\flash.o
#        F:\projects\git\Hardware\rf433\code\HC32F005C6PA\EWARM\Debug\Obj\gpio.o
#        F:\projects\git\Hardware\rf433\code\HC32F005C6PA\EWARM\Debug\Obj\i2c.o
#        F:\projects\git\Hardware\rf433\code\HC32F005C6PA\EWARM\Debug\Obj\interrupts_hc32f005.o
#        F:\projects\git\Hardware\rf433\code\HC32F005C6PA\EWARM\Debug\Obj\key.o
#        F:\projects\git\Hardware\rf433\code\HC32F005C6PA\EWARM\Debug\Obj\led.o
#        F:\projects\git\Hardware\rf433\code\HC32F005C6PA\EWARM\Debug\Obj\lpm.o
#        F:\projects\git\Hardware\rf433\code\HC32F005C6PA\EWARM\Debug\Obj\lvd.o
#        F:\projects\git\Hardware\rf433\code\HC32F005C6PA\EWARM\Debug\Obj\main.o
#        F:\projects\git\Hardware\rf433\code\HC32F005C6PA\EWARM\Debug\Obj\pca.o
#        F:\projects\git\Hardware\rf433\code\HC32F005C6PA\EWARM\Debug\Obj\reset.o
#        F:\projects\git\Hardware\rf433\code\HC32F005C6PA\EWARM\Debug\Obj\spi.o
#        F:\projects\git\Hardware\rf433\code\HC32F005C6PA\EWARM\Debug\Obj\startup_hc32f005.o
#        F:\projects\git\Hardware\rf433\code\HC32F005C6PA\EWARM\Debug\Obj\system_hc32f005.o
#        F:\projects\git\Hardware\rf433\code\HC32F005C6PA\EWARM\Debug\Obj\trim.o
#        F:\projects\git\Hardware\rf433\code\HC32F005C6PA\EWARM\Debug\Obj\uart.o
#        F:\projects\git\Hardware\rf433\code\HC32F005C6PA\EWARM\Debug\Obj\uartParse.o
#        F:\projects\git\Hardware\rf433\code\HC32F005C6PA\EWARM\Debug\Obj\vc.o
#        F:\projects\git\Hardware\rf433\code\HC32F005C6PA\EWARM\Debug\Obj\wdt.o
#        -o
#        F:\projects\git\Hardware\rf433\code\HC32F005C6PA\EWARM\Debug\Exe\KEY_8.out
#        --map
#        F:\projects\git\Hardware\rf433\code\HC32F005C6PA\EWARM\Debug\List\KEY_8.map
#        --config
#        F:\projects\git\Hardware\rf433\code\HC32F005C6PA\EWARM\hc32f005.icf
#        --semihosting --entry __iar_program_start --vfe --text_out locale)
#
###############################################################################

*******************************************************************************
*** RUNTIME MODEL ATTRIBUTES
***

CppFlavor       = *
__Heap_Handler  = DLMalloc
__SystemLibrary = DLib
__dlib_version  = 6


*******************************************************************************
*** HEAP SELECTION
***

The advanced heap was selected because the application calls memory
allocation functions outside of system library functions, and there
are calls to deallocation functions in the application.


*******************************************************************************
*** PLACEMENT SUMMARY
***

"A0":  place at 0x00000000 { ro section .intvec };
"P1":  place in [from 0x00000000 to 0x00007fff] { ro };
define block CSTACK with size = 512, alignment = 8 { };
define block HEAP with size = 0M, alignment = 8 { };
"P2":  place in [from 0x20000000 to 0x20000fff] {
          rw, block CSTACK, block HEAP };
initialize by copy { rw };

  Section            Kind        Address    Size  Object
  -------            ----        -------    ----  ------
"A0":                                       0xc0
  .intvec            ro code  0x00000000    0xc0  startup_hc32f005.o [1]
                            - 0x000000c0    0xc0

"P1":                                     0x52fe
  .text              ro code  0x000000c0  0x16d4  dlmalloc.o [3]
  .text              ro code  0x00001794     0xa  abort.o [3]
  .text              ro code  0x0000179e     0x2  startup_hc32f005.o [1]
  .text              ro code  0x000017a0    0x5c  ABImemcpy.o [4]
  .text              ro code  0x000017fc    0x2c  xgetmemchunk.o [3]
  .text              ro code  0x00001828    0x14  exit.o [5]
  .text              ro code  0x0000183c   0x668  key.o [1]
  .text              ro code  0x00001ea4   0x120  uartParse.o [1]
  .text              ro code  0x00001fc4   0x3e8  gpio.o [1]
  .text              ro code  0x000023ac   0x1fc  interrupts_hc32f005.o [1]
  .text              ro code  0x000025a8   0x108  eeprom.o [1]
  .text              ro code  0x000026b0    0xae  I32DivModFast.o [4]
  .text              ro code  0x0000275e     0x2  startup_hc32f005.o [1]
  .text              ro code  0x00002760    0x34  crc.o [1]
  .text              ro code  0x00002794   0x5b2  command.o [1]
  .text              ro code  0x00002d46     0x2  startup_hc32f005.o [1]
  .text              ro code  0x00002d48   0x48e  uart.o [1]
  .text              ro code  0x000031d6     0x2  startup_hc32f005.o [1]
  .text              ro code  0x000031d8    0x10  spi.o [1]
  .text              ro code  0x000031e8    0x10  i2c.o [1]
  .text              ro code  0x000031f8   0x318  bt.o [1]
  .text              ro code  0x00003510   0x19c  adt.o [1]
  .text              ro code  0x000036ac    0x10  pca.o [1]
  .text              ro code  0x000036bc    0x44  wdt.o [1]
  .text              ro code  0x00003700    0xac  adc.o [1]
  .text              ro code  0x000037ac    0x68  vc.o [1]
  .text              ro code  0x00003814    0x28  lvd.o [1]
  .text              ro code  0x0000383c   0x540  flash.o [1]
  .text              ro code  0x00003d7c    0x10  trim.o [1]
  .text              ro code  0x00003d8c   0x116  at24c02.o [1]
  .text              ro code  0x00003ea2     0x2  startup_hc32f005.o [1]
  .text              ro code  0x00003ea4     0x2  IntDivZer.o [4]
  .text              ro code  0x00003ea6     0x2  startup_hc32f005.o [1]
  .text              ro code  0x00003ea8   0x1fc  bsp_uart.o [1]
  .text              ro code  0x000040a4     0x8  heaptramp0.o [3]
  .text              ro code  0x000040ac   0x120  main.o [1]
  .text              ro code  0x000041cc   0x214  Bsp_i2c_gpio.o [1]
  .text              ro code  0x000043e0    0xb8  ddl.o [1]
  .text              ro code  0x00004498   0x3e8  clk.o [1]
  .text              ro code  0x00004880   0x3fc  CMT2300drive.o [1]
  .text              ro code  0x00004c7c   0x428  bsp_spi.o [1]
  .text              ro code  0x000050a4    0x44  system_hc32f005.o [1]
  .text              ro code  0x000050e8    0x3c  zero_init3.o [4]
  .text              ro code  0x00005124    0x3c  packbits_init_single.o [4]
  .text              ro code  0x00005160    0x28  startup_hc32f005.o [1]
  .text              ro code  0x00005188    0x28  data_init.o [4]
  .iar.init_table    const    0x000051b0    0x20  - Linker created -
  .text              ro code  0x000051d0    0x1e  cmain.o [4]
  .text              ro code  0x000051ee     0x4  low_level_init.o [3]
  .text              ro code  0x000051f2     0x8  exit.o [3]
  .text              ro code  0x000051fa     0x2  startup_hc32f005.o [1]
  .text              ro code  0x000051fc     0xa  cexit.o [4]
  .text              ro code  0x00005206     0xc  cstartup_M.o [4]
  .text              ro code  0x00005212     0x2  startup_hc32f005.o [1]
  .rodata            const    0x00005214     0x8  clk.o [1]
  .rodata            const    0x0000521c     0x4  clk.o [1]
  .text              ro code  0x00005220     0x2  startup_hc32f005.o [1]
  .text              ro code  0x00005222     0x2  startup_hc32f005.o [1]
  .text              ro code  0x00005224     0x2  startup_hc32f005.o [1]
  .text              ro code  0x00005226     0x2  startup_hc32f005.o [1]
  .text              ro code  0x00005228     0x2  startup_hc32f005.o [1]
  .text              ro code  0x0000522a     0x2  startup_hc32f005.o [1]
  .rodata            const    0x0000522c     0x0  zero_init3.o [4]
  .rodata            const    0x0000522c     0x0  packbits_init_single.o [4]
  Initializer bytes  const    0x0000522c   0x192  <for P2-1>
                            - 0x000053be  0x52fe

"P2", part 1 of 3:                         0x1ac
  P2-1                        0x20000000   0x1ac  <Init block>
    .data            inited   0x20000000    0x30  main.o [1]
    .data            inited   0x20000030    0x30  main.o [1]
    .data            inited   0x20000060    0x20  main.o [1]
    .data            inited   0x20000080    0x60  main.o [1]
    .data            inited   0x200000e0    0x74  main.o [1]
    .data            inited   0x20000154    0x2c  main.o [1]
    .data            inited   0x20000180     0x4  system_hc32f005.o [1]
    .data            inited   0x20000184    0x28  uart.o [1]
                            - 0x200001ac   0x1ac

"P2", part 2 of 3:                         0x34c
  .bss               zero     0x200001ac   0x1d8  dlmalloc.o [3]
  .bss               zero     0x20000384    0xc0  adt.o [1]
  .bss               zero     0x20000444    0x20  bsp_uart.o [1]
  .bss               zero     0x20000464    0x18  main.o [1]
  .bss               zero     0x2000047c    0x18  dlmalloc.o [3]
  .bss               zero     0x20000494    0x10  adc.o [1]
  .bss               zero     0x200004a4    0x10  uartParse.o [1]
  .bss               zero     0x200004b4     0x4  bt.o [1]
  .bss               zero     0x200004b8     0x4  bt.o [1]
  .bss               zero     0x200004bc     0x4  bt.o [1]
  .bss               zero     0x200004c0     0x4  CMT2300drive.o [1]
  .bss               zero     0x200004c4     0x4  flash.o [1]
  .bss               zero     0x200004c8     0x4  i2c.o [1]
  .bss               zero     0x200004cc     0x4  lvd.o [1]
  .bss               zero     0x200004d0     0x4  pca.o [1]
  .bss               zero     0x200004d4     0x4  spi.o [1]
  .bss               zero     0x200004d8     0x4  trim.o [1]
  .bss               zero     0x200004dc     0x4  vc.o [1]
  .bss               zero     0x200004e0     0x4  vc.o [1]
  .bss               zero     0x200004e4     0x4  wdt.o [1]
  .bss               zero     0x200004e8     0x4  xgetmemchunk.o [3]
  .bss               zero     0x200004ec     0x2  key.o [1]
  .bss               zero     0x200004ee     0x1  bsp_uart.o [1]
  .bss               zero     0x200004ef     0x1  bsp_uart.o [1]
  .bss               zero     0x200004f0     0x1  CMT2300drive.o [1]
  .bss               zero     0x200004f1     0x1  CMT2300drive.o [1]
  .bss               zero     0x200004f2     0x1  command.o [1]
  .bss               zero     0x200004f3     0x1  uartParse.o [1]
  .bss               zero     0x200004f4     0x1  uartParse.o [1]
                            - 0x200004f5   0x349

"P2", part 3 of 3:                         0x200
  CSTACK                      0x200004f8   0x200  <Block>
    CSTACK           uninit   0x200004f8   0x200  <Block tail>
  HEAP                        0x200006f8     0x0  <Block>
                            - 0x200006f8   0x200


*******************************************************************************
*** INIT TABLE
***

          Address     Size
          -------     ----
Zero (__iar_zero_init3)
    1 destination range, total size 0x349:
          0x200001ac  0x349

Copy/packbits (__iar_packbits_init_single3)
    1 source range, total size 0x192 (93% of destination):
          0x0000522c  0x192
    1 destination range, total size 0x1ac:
          0x20000000  0x1ac



*******************************************************************************
*** MODULE SUMMARY
***

    Module                  ro code  ro data  rw data
    ------                  -------  -------  -------
F:\projects\git\Hardware\rf433\code\HC32F005C6PA\EWARM\Debug\Obj: [1]
    Bsp_i2c_gpio.o              532
    CMT2300drive.o            1 020                 6
    adc.o                       172                16
    adt.o                       412               192
    at24c02.o                   278
    bsp_spi.o                 1 064
    bsp_uart.o                  508                34
    bt.o                        792                12
    clk.o                     1 000       12
    command.o                 1 458                 1
    crc.o                        52
    ddl.o                       184
    eeprom.o                    264
    flash.o                   1 344                 4
    gpio.o                    1 000
    i2c.o                        16                 4
    interrupts_hc32f005.o       508
    key.o                     1 640                 2
    lvd.o                        40                 4
    main.o                      288      360      408
    pca.o                        16                 4
    spi.o                        16                 4
    startup_hc32f005.o          260
    system_hc32f005.o            68        4        4
    trim.o                       16                 4
    uart.o                    1 166       38       40
    uartParse.o                 288                18
    vc.o                        104                 8
    wdt.o                        68                 4
    -------------------------------------------------
    Total:                   14 574      414      769

command line: [2]
    -------------------------------------------------
    Total:

dl6M_tlf.a: [3]
    abort.o                      10
    dlmalloc.o                5 844               496
    exit.o                        8
    heaptramp0.o                  8
    low_level_init.o              4
    xgetmemchunk.o               44                 4
    -------------------------------------------------
    Total:                    5 918               500

rt6M_tl.a: [4]
    ABImemcpy.o                  92
    I32DivModFast.o             174
    IntDivZer.o                   2
    cexit.o                      10
    cmain.o                      30
    cstartup_M.o                 12
    data_init.o                  40
    packbits_init_single.o       60
    zero_init3.o                 60
    -------------------------------------------------
    Total:                      480

shb_l.a: [5]
    exit.o                       20
    -------------------------------------------------
    Total:                       20

    Linker created                        32      512
-----------------------------------------------------
    Grand Total:             20 992      446    1 781


*******************************************************************************
*** ENTRY LIST
***

Entry                      Address   Size  Type      Object
-----                      -------   ----  ----      ------
.iar.init_table$$Base   0x000051b0          --   Gb  - Linker created -
.iar.init_table$$Limit  0x000051d0          --   Gb  - Linker created -
?main                   0x000051d1         Code  Gb  cmain.o [4]
Adc_IRQHandler          0x00003701   0x9e  Code  Gb  adc.o [1]
Adt_IRQHandler          0x00003511  0x18e  Code  Gb  adt.o [1]
BasebandBank            0x200000e0   0x74  Data  Gb  main.o [1]
Bt_ARRSet               0x00003441   0x50  Code  Gb  bt.o [1]
Bt_Cnt16Set             0x00003499   0x50  Code  Gb  bt.o [1]
Bt_Init                 0x00003223  0x1cc  Code  Gb  bt.o [1]
Bt_Run                  0x000033ef   0x44  Code  Gb  bt.o [1]
CMT2300_Init            0x000040bb   0x4c  Code  Gb  main.o [1]
CMTBank                 0x20000000   0x30  Data  Gb  main.o [1]
CRC16_Get8              0x00002761   0x26  Code  Gb  crc.o [1]
CSTACK$$Base            0x200004f8          --   Gb  - Linker created -
CSTACK$$Limit           0x200006f8          --   Gb  - Linker created -
ClkTrim_IRQHandler      0x00003d7d    0xa  Code  Gb  trim.o [1]
ClkUnlock               0x0000451d    0xe  Code  Lc  clk.o [1]
ClkWriteDummy           0x0000452b    0xe  Code  Lc  clk.o [1]
Clk_Enable              0x000046cd   0xb2  Code  Gb  clk.o [1]
Clk_GetHClkFreq         0x00004539   0x88  Code  Gb  clk.o [1]
Clk_GetPClkFreq         0x000045c9   0x16  Code  Gb  clk.o [1]
Clk_SetPeripheralGate   0x00004785   0x3a  Code  Gb  clk.o [1]
Clk_SetRCHFreq          0x000045f9   0xa4  Code  Gb  clk.o [1]
Clk_SysTickConfig       0x000047bf   0x9a  Code  Gb  clk.o [1]
CommandTx               0x0000284b   0xdc  Code  Gb  command.o [1]
DataRateBank            0x20000080   0x60  Data  Gb  main.o [1]
EfRam_IRQHandler        0x000038e1    0xa  Code  Gb  flash.o [1]
EnableNvic              0x00002489   0x36  Code  Gb  interrupts_hc32f005.o [1]
ErrIntCallback          0x00004099    0xc  Code  Gb  bsp_uart.o [1]
FixedPktLength          0x200004f0    0x1  Data  Gb  CMT2300drive.o [1]
FlashInt                0x000025a9   0x30  Code  Gb  eeprom.o [1]
Flash_ClearIntFlag      0x0000386b   0x76  Code  Gb  flash.o [1]
Flash_DisableIrq        0x000038eb   0x76  Code  Gb  flash.o [1]
Flash_GetIntFlag        0x0000383d   0x2e  Code  Gb  flash.o [1]
Flash_Init              0x00003975  0x228  Code  Gb  flash.o [1]
Flash_SectorErase       0x00003ca5   0xc0  Code  Gb  flash.o [1]
Flash_WriteByte         0x00003ba9   0xbe  Code  Gb  flash.o [1]
FrequencyBank           0x20000060   0x20  Data  Gb  main.o [1]
Gpio_ClearIrq           0x0000236b   0x22  Code  Gb  gpio.o [1]
Gpio_EnableIrq          0x00002359   0x12  Code  Gb  gpio.o [1]
Gpio_GetIO              0x000021fd   0x16  Code  Gb  gpio.o [1]
Gpio_IRQHandler         0x00001841  0x2c8  Code  Gb  key.o [1]
Gpio_InitIOExt          0x0000200f  0x19a  Code  Gb  gpio.o [1]
Gpio_SetAnalog          0x00001fc5   0x4a  Code  Gb  gpio.o [1]
Gpio_SetIO              0x000021a9   0x54  Code  Gb  gpio.o [1]
HEAP$$Base              0x200006f8          --   Gb  - Linker created -
HEAP$$Limit             0x200006f8          --   Gb  - Linker created -
HardFault_Handler       0x000024bf    0xe  Code  Gb  interrupts_hc32f005.o [1]
I2c_IRQHandler          0x000031e9    0xa  Code  Gb  i2c.o [1]
IRQ000_Handler          0x000024cd    0xa  Code  Gb  interrupts_hc32f005.o [1]
IRQ001_Handler          0x000024d7    0xa  Code  Gb  interrupts_hc32f005.o [1]
IRQ002_Handler          0x000024e1    0xa  Code  Gb  interrupts_hc32f005.o [1]
IRQ003_Handler          0x000024eb    0xa  Code  Gb  interrupts_hc32f005.o [1]
IRQ006_Handler          0x000024f5    0xa  Code  Gb  interrupts_hc32f005.o [1]
IRQ007_Handler          0x000024ff    0xa  Code  Gb  interrupts_hc32f005.o [1]
IRQ010_Handler          0x00002509    0xa  Code  Gb  interrupts_hc32f005.o [1]
IRQ012_Handler          0x00002513    0xa  Code  Gb  interrupts_hc32f005.o [1]
IRQ014_Handler          0x0000251d    0xa  Code  Gb  interrupts_hc32f005.o [1]
IRQ015_Handler          0x00002527    0xa  Code  Gb  interrupts_hc32f005.o [1]
IRQ016_Handler          0x00002531    0xa  Code  Gb  interrupts_hc32f005.o [1]
IRQ018_Handler          0x0000253b    0xa  Code  Gb  interrupts_hc32f005.o [1]
IRQ019_Handler          0x00002545    0xa  Code  Gb  interrupts_hc32f005.o [1]
IRQ020_Handler          0x0000254f    0xa  Code  Gb  interrupts_hc32f005.o [1]
IRQ021_Handler          0x00002559    0xa  Code  Gb  interrupts_hc32f005.o [1]
IRQ022_Handler          0x00002563    0xa  Code  Gb  interrupts_hc32f005.o [1]
IRQ024_Handler          0x0000256d    0xa  Code  Gb  interrupts_hc32f005.o [1]
IRQ026_Handler          0x00002577    0xa  Code  Gb  interrupts_hc32f005.o [1]
IRQ027_Handler          0x00002581    0xa  Code  Gb  interrupts_hc32f005.o [1]
IRQ028_Handler          0x0000258b    0xa  Code  Gb  interrupts_hc32f005.o [1]
IRQ030_Handler          0x00002595    0xa  Code  Gb  interrupts_hc32f005.o [1]
IRQ031_Handler          0x0000259f    0xa  Code  Gb  interrupts_hc32f005.o [1]
InhibitonStatus         0x00002927   0x6a  Code  Gb  command.o [1]
KEY_Init                0x00001db5   0xf0  Code  Gb  key.o [1]
KeyStaus                0x0000183d    0x4  Code  Gb  key.o [1]
Lvd_IRQHandler          0x00003815   0x1e  Code  Gb  lvd.o [1]
NVIC_ClearPendingIRQ    0x000023d9   0x16  Code  Lc  interrupts_hc32f005.o [1]
NVIC_ClearPendingIRQ    0x00002d75   0x16  Code  Lc  uart.o [1]
NVIC_DisableIRQ         0x000023c3   0x16  Code  Lc  interrupts_hc32f005.o [1]
NVIC_DisableIRQ         0x00002d5f   0x16  Code  Lc  uart.o [1]
NVIC_EnableIRQ          0x000023ad   0x16  Code  Lc  interrupts_hc32f005.o [1]
NVIC_EnableIRQ          0x00002d49   0x16  Code  Lc  uart.o [1]
NVIC_SetPriority        0x00004499   0x84  Code  Lc  clk.o [1]
NVIC_SetPriority        0x000023ef   0x84  Code  Lc  interrupts_hc32f005.o [1]
NVIC_SetPriority        0x00002d8b   0x84  Code  Lc  uart.o [1]
PayloadLength           0x200004c0    0x4  Data  Gb  CMT2300drive.o [1]
Pca_IRQHandler          0x000036ad    0xa  Code  Gb  pca.o [1]
Region$$Table$$Base     0x000051b0          --   Gb  - Linker created -
Region$$Table$$Limit    0x000051d0          --   Gb  - Linker created -
RssiTrig                0x200004f1    0x1  Data  Gb  CMT2300drive.o [1]
RxIntCallback           0x00004029   0x44  Code  Gb  bsp_uart.o [1]
Spi_IRQHandler          0x000031d9    0xa  Code  Gb  spi.o [1]
SystemBank              0x20000030   0x30  Data  Gb  main.o [1]
SystemCoreClock         0x20000180    0x4  Data  Gb  system_hc32f005.o [1]
SystemCoreClockUpdate   0x000050a5    0xc  Code  Gb  system_hc32f005.o [1]
SystemInit              0x000050b1   0x2e  Code  Gb  system_hc32f005.o [1]
TXBank                  0x20000154   0x2c  Data  Gb  main.o [1]
Tim_IRQHandler          0x000031f9   0x2a  Code  Gb  bt.o [1]
UART1_SendBytes         0x00004007   0x22  Code  Gb  bsp_uart.o [1]
UART_Config             0x00003ea9  0x15e  Code  Gb  bsp_uart.o [1]
UartDeInitNvic          0x00003141   0x22  Code  Lc  uart.o [1]
UartGetInternDataPtr    0x00002e0f   0x30  Code  Lc  uart.o [1]
UartInitNvic            0x0000311f   0x22  Code  Lc  uart.o [1]
Uart_ClrStatus          0x00002ff5   0x52  Code  Gb  uart.o [1]
Uart_EnableFunc         0x00002f79   0x2e  Code  Gb  uart.o [1]
Uart_EnableIrq          0x00002e59   0x42  Code  Gb  uart.o [1]
Uart_GetStatus          0x00002fa7   0x4e  Code  Gb  uart.o [1]
Uart_IRQHandler         0x000030a7   0x78  Code  Gb  uart.o [1]
Uart_Init               0x00003163   0x74  Code  Gb  uart.o [1]
Uart_ReceiveData        0x0000308d   0x1a  Code  Gb  uart.o [1]
Uart_SendData           0x00003047   0x46  Code  Gb  uart.o [1]
Uart_SetBaudRate        0x00002f0d   0x66  Code  Gb  uart.o [1]
Uart_SetMode            0x00002e9b   0x2e  Code  Gb  uart.o [1]
Uart_SetMultiMode       0x00002ec9   0x44  Code  Gb  uart.o [1]
UpdateKeyStatus         0x200004ec    0x2  Data  Gb  key.o [1]
UsartReceiveData        0x20000444   0x20  Data  Gb  bsp_uart.o [1]
UsartReceiveFlag        0x200004ee    0x1  Data  Gb  bsp_uart.o [1]
Vc_IRQHandler           0x000037ad   0x5c  Code  Gb  vc.o [1]
Wdt_IRQHandler          0x000036d1   0x24  Code  Gb  wdt.o [1]
Wdt_Start               0x000036bd   0x14  Code  Gb  wdt.o [1]
WorkMode                0x00002c49   0xca  Code  Gb  command.o [1]
WorkModeStatus          0x200004f2    0x1  Data  Gb  command.o [1]
_GpioEnableIrq          0x0000222d  0x126  Code  Gb  gpio.o [1]
__aeabi_idiv0           0x00003ea5         Code  Gb  IntDivZer.o [4]
__aeabi_memcpy          0x000017a1         Code  Gb  ABImemcpy.o [4]
__aeabi_memcpy4         0x000017c9         Code  Wk  ABImemcpy.o [4]
__aeabi_uidiv           0x000026b1         Code  Gb  I32DivModFast.o [4]
__aeabi_uidivmod        0x000026b1         Code  Gb  I32DivModFast.o [4]
__cmain                 0x000051d1         Code  Gb  cmain.o [4]
__data_GetMemChunk      0x000017fd   0x2c  Code  Gb  xgetmemchunk.o [3]
__data_GetMemChunk::start
                        0x200004e8    0x4  Data  Lc  xgetmemchunk.o [3]
__exit                  0x00001829   0x14  Code  Gb  exit.o [5]
__iar_data_init3        0x00005189   0x28  Code  Gb  data_init.o [4]
__iar_dlfree            0x000011e1  0x5ac  Code  Gb  dlmalloc.o [3]
__iar_dlmalloc          0x00000ee5  0x2f6  Code  Gb  dlmalloc.o [3]
__iar_packbits_init_single3
                        0x00005125   0x3c  Code  Gb  packbits_init_single.o [4]
__iar_program_start     0x00005207         Code  Gb  cstartup_M.o [4]
__iar_systems$$module {Abs}
                        0x00000001         Data  Gb  command line/config [2]
__iar_zero_init3        0x000050e9   0x3c  Code  Gb  zero_init3.o [4]
__low_level_init        0x000051ef    0x4  Code  Gb  low_level_init.o [3]
__vector_table          0x00000000         Data  Gb  startup_hc32f005.o [1]
_call_main              0x000051dd         Code  Gb  cmain.o [4]
_exit                   0x000051fd         Code  Gb  cexit.o [4]
_gm_                    0x200001ac  0x1d8  Data  Lc  dlmalloc.o [3]
_main                   0x000051eb         Code  Gb  cmain.o [4]
abort                   0x00001795    0xa  Code  Gb  abort.o [3]
ack_response            0x00002795   0xb6  Code  Gb  command.o [1]
add_segment             0x000004e3  0x1f6  Code  Lc  dlmalloc.o [3]
anlyz_uart_data         0x00001ea9   0x3c  Code  Gb  uartParse.o [1]
bGetMessage             0x00004bc5   0x38  Code  Gb  CMT2300drive.o [1]
bGoRx                   0x000048bb   0x40  Code  Gb  CMT2300drive.o [1]
bGoSleep                0x000048fb   0x26  Code  Gb  CMT2300drive.o [1]
bGoStandby              0x00004921   0x3e  Code  Gb  CMT2300drive.o [1]
bGoTx                   0x00004881   0x3a  Code  Gb  CMT2300drive.o [1]
bIntSrcFlagClr          0x00004a1d   0xd0  Code  Gb  CMT2300drive.o [1]
bSendMessage            0x00004c09   0x28  Code  Gb  CMT2300drive.o [1]
bSpi3Read               0x00004eb9   0x14  Code  Gb  bsp_spi.o [1]
bSpi3ReadByte           0x00004dc3   0xd4  Code  Gb  bsp_spi.o [1]
bSpi3ReadFIFO           0x00004f87   0xce  Code  Gb  bsp_spi.o [1]
command_key_anlyz       0x00002991  0x2b4  Code  Gb  command.o [1]
command_process         0x00002d39    0xe  Code  Gb  command.o [1]
ddl_memclr              0x000043e1   0x18  Code  Gb  ddl.o [1]
delay100us              0x00004429   0x2e  Code  Gb  ddl.o [1]
delay1ms                0x000043f9   0x30  Code  Gb  ddl.o [1]
delay1us                0x00004457   0x2e  Code  Gb  ddl.o [1]
ee_CheckOk              0x00003d8d   0x18  Code  Gb  at24c02.o [1]
ee_ReadBytes            0x00003da5   0x7a  Code  Gb  at24c02.o [1]
ee_WriteBytes           0x00003e1f   0x84  Code  Gb  at24c02.o [1]
eeprom_write            0x000025d9   0xd0  Code  Gb  eeprom.o [1]
exit                    0x000051f3    0x8  Code  Gb  exit.o [3]
free                    0x000040a5    0x8  Code  Gb  heaptramp0.o [3]
getstr                  0x20000464   0x18  Data  Gb  main.o [1]
i2c_Ack                 0x0000431f   0x38  Code  Gb  Bsp_i2c_gpio.o [1]
i2c_CfgGpio             0x00004385   0x38  Code  Lc  Bsp_i2c_gpio.o [1]
i2c_CheckDevice         0x000043bd   0x24  Code  Gb  Bsp_i2c_gpio.o [1]
i2c_Delay               0x000041cd   0x10  Code  Lc  Bsp_i2c_gpio.o [1]
i2c_NAck                0x00004357   0x2e  Code  Gb  Bsp_i2c_gpio.o [1]
i2c_ReadByte            0x00004299   0x42  Code  Gb  Bsp_i2c_gpio.o [1]
i2c_SendByte            0x0000423b   0x5e  Code  Gb  Bsp_i2c_gpio.o [1]
i2c_Start               0x000041dd   0x38  Code  Gb  Bsp_i2c_gpio.o [1]
i2c_Stop                0x00004215   0x26  Code  Gb  Bsp_i2c_gpio.o [1]
i2c_WaitAck             0x000042db   0x44  Code  Gb  Bsp_i2c_gpio.o [1]
init_mparams            0x000000e1   0x2a  Code  Lc  dlmalloc.o [3]
init_top                0x0000010b   0x38  Code  Lc  dlmalloc.o [3]
key_interrupt_trigger   0x00001b19   0x12  Code  Gb  key.o [1]
key_intterupt_config    0x00001b3d  0x278  Code  Gb  key.o [1]
key_intterupt_triggerConfig
                        0x00001b2b   0x12  Code  Gb  key.o [1]
loop_Rx                 0x00004183   0x26  Code  Gb  main.o [1]
loop_Tx                 0x0000415f   0x24  Code  Gb  main.o [1]
m_astcUartInstanceDataLut
                        0x20000184   0x28  Data  Lc  uart.o [1]
main                    0x000040ad    0xe  Code  Gb  main.o [1]
mparams                 0x2000047c   0x18  Data  Lc  dlmalloc.o [3]
params                  0x200004a4   0x10  Data  Gb  uartParse.o [1]
pfnAdtIrqCbk            0x20000384   0xc0  Data  Lc  adt.o [1]
pfnFlashCallback        0x200004c4    0x4  Data  Lc  flash.o [1]
pfnI2ctCallback         0x200004c8    0x4  Data  Lc  i2c.o [1]
pfnLvdIrqCbk            0x200004cc    0x4  Data  Lc  lvd.o [1]
pfnPcaCallback          0x200004d0    0x4  Data  Lc  pca.o [1]
pfnSpiCallback          0x200004d4    0x4  Data  Lc  spi.o [1]
pfnTim0Callback         0x200004b4    0x4  Data  Lc  bt.o [1]
pfnTim1Callback         0x200004b8    0x4  Data  Lc  bt.o [1]
pfnTim2Callback         0x200004bc    0x4  Data  Lc  bt.o [1]
pfnTrimCallback         0x200004d8    0x4  Data  Lc  trim.o [1]
pfnVc0IrqCb             0x200004dc    0x4  Data  Lc  vc.o [1]
pfnVc1IrqCb             0x200004e0    0x4  Data  Lc  vc.o [1]
pfnWdtCallback          0x200004e4    0x4  Data  Lc  wdt.o [1]
prepend_alloc           0x00000151  0x392  Code  Lc  dlmalloc.o [3]
segment_holding         0x000000c1   0x20  Code  Lc  dlmalloc.o [3]
setup_Rx                0x00004131   0x2e  Code  Gb  main.o [1]
setup_Tx                0x00004107   0x2a  Code  Gb  main.o [1]
stcAdcIrqCalbaks        0x20000494   0x10  Data  Lc  adc.o [1]
sys_alloc               0x000006e1  0x168  Code  Lc  dlmalloc.o [3]
sys_trim                0x00000849   0x6a  Code  Lc  dlmalloc.o [3]
system_params_get       0x00001ea5    0x4  Code  Gb  uartParse.o [1]
tmalloc_large           0x000008c5  0x3e0  Code  Lc  dlmalloc.o [3]
tmalloc_small           0x00000ca9  0x23c  Code  Lc  dlmalloc.o [3]
uartPrase               0x00001ee5   0xc6  Code  Gb  uartParse.o [1]
uartReadIndex           0x200004f4    0x1  Data  Gb  uartParse.o [1]
uartReceiveLen          0x200004f3    0x1  Data  Gb  uartParse.o [1]
uartReceivewriteIndex   0x200004ef    0x1  Data  Gb  bsp_uart.o [1]
vCfgBank                0x00004b99   0x2c  Code  Gb  CMT2300drive.o [1]
vClearFIFO              0x00004aed   0x16  Code  Gb  CMT2300drive.o [1]
vEnableAntSwitch        0x000049bb   0x38  Code  Gb  CMT2300drive.o [1]
vEnablePLLcheck         0x000049f3   0x1a  Code  Gb  CMT2300drive.o [1]
vEnableRdFifo           0x00004b2b   0x1a  Code  Gb  CMT2300drive.o [1]
vEnableWrFifo           0x00004b11   0x1a  Code  Gb  CMT2300drive.o [1]
vGpioFuncCfg            0x0000496f   0x10  Code  Gb  CMT2300drive.o [1]
vInit                   0x00004b45   0x54  Code  Gb  CMT2300drive.o [1]
vIntSrcCfg              0x0000497f   0x3c  Code  Gb  CMT2300drive.o [1]
vIntSrcEnable           0x00004a0d   0x10  Code  Gb  CMT2300drive.o [1]
vSetTxPayloadLength     0x00004c31   0x40  Code  Gb  CMT2300drive.o [1]
vSoftReset              0x0000495f   0x10  Code  Gb  CMT2300drive.o [1]
vSpi3BurstReadFIFO      0x0000507d   0x28  Code  Gb  bsp_spi.o [1]
vSpi3BurstWriteFIFO     0x00005055   0x28  Code  Gb  bsp_spi.o [1]
vSpi3Init               0x00004c7d   0x8c  Code  Gb  bsp_spi.o [1]
vSpi3Write              0x00004e97   0x22  Code  Gb  bsp_spi.o [1]
vSpi3WriteByte          0x00004d09   0xba  Code  Gb  bsp_spi.o [1]
vSpi3WriteFIFO          0x00004ecd   0xba  Code  Gb  bsp_spi.o [1]


[1] = F:\projects\git\Hardware\rf433\code\HC32F005C6PA\EWARM\Debug\Obj
[2] = command line
[3] = dl6M_tlf.a
[4] = rt6M_tl.a
[5] = shb_l.a

  20 992 bytes of readonly  code memory
     446 bytes of readonly  data memory
   1 781 bytes of readwrite data memory

Errors: none
Warnings: none
