BL51 BANKED LINKER/LOCATER V6.22                                                        04/02/2021  13:41:30  PAGE 1


BL51 BANKED LINKER/LOCATER V6.22, INVOKED BY:
C:\KEIL\C51\BIN\BL51.EXE 多功能.obj TO LEDDGN RAMSIZE (256)


MEMORY MODEL: SMALL WITH FLOATING POINT ARITHMETIC


INPUT MODULES INCLUDED:
  多功能.obj (多功腳)
  C:\KEIL\C51\LIB\C51FPS.LIB (?C?FPDIV)
  C:\KEIL\C51\LIB\C51FPS.LIB (?C?FCAST)
  C:\KEIL\C51\LIB\C51FPS.LIB (?C?CASTF)
  C:\KEIL\C51\LIB\C51FPS.LIB (?C?FPGETOPN)
  C:\KEIL\C51\LIB\C51S.LIB (?C_STARTUP)
  C:\KEIL\C51\LIB\C51S.LIB (?C?UIDIV)
  C:\KEIL\C51\LIB\C51S.LIB (?C?LMUL)
  C:\KEIL\C51\LIB\C51S.LIB (?C?ULDIV)
  C:\KEIL\C51\LIB\C51S.LIB (?C?LNEG)
  C:\KEIL\C51\LIB\C51S.LIB (?C?ULCMP)
  C:\KEIL\C51\LIB\C51S.LIB (?C?ULSHR)
  C:\KEIL\C51\LIB\C51S.LIB (?C?LSHL)
  C:\KEIL\C51\LIB\C51S.LIB (?C?LSTXDATA)
  C:\KEIL\C51\LIB\C51S.LIB (?C?LSTKXDATA)
  C:\KEIL\C51\LIB\C51S.LIB (?C_INIT)


LINK MAP OF MODULE:  LEDDGN (多功腳)


            TYPE    BASE      LENGTH    RELOCATION   SEGMENT NAME
            -----------------------------------------------------

            * * * * * * *   D A T A   M E M O R Y   * * * * * * *
            REG     0000H     0008H     ABSOLUTE     "REG BANK 0"
            DATA    0008H     0009H     UNIT         _DATA_GROUP_
                    0011H     000FH                  *** GAP ***
            DATA    0020H     0001H     BIT_ADDR     ?BA?多功腳
            BIT     0021H.0   0002H.0   UNIT         ?BI?多功腳
            BIT     0023H.0   0000H.1   UNIT         _BIT_GROUP_
                    0023H.1   0000H.7                *** GAP ***
            DATA    0024H     0028H     UNIT         ?DT?多功腳
            IDATA   004CH     0001H     UNIT         ?STACK

            * * * * * * *  X D A T A   M E M O R Y  * * * * * * *
            XDATA   0000H     0516H     UNIT         ?XD?多功腳
            XDATA   0516H     0004H     UNIT         _XDATA_GROUP_

            * * * * * * *   C O D E   M E M O R Y   * * * * * * *
            CODE    0000H     0003H     ABSOLUTE     
                    0003H     0008H                  *** GAP ***
            CODE    000BH     0003H     ABSOLUTE     
            CODE    000EH     0014H     UNIT         ?PR?DELAY?多功腳
                    0022H     0001H                  *** GAP ***
            CODE    0023H     0003H     ABSOLUTE     
            CODE    0026H     0353H     UNIT         ?C?LIB_CODE
            CODE    0379H     030DH     UNIT         ?PR?多功腳
            CODE    0686H     02EBH     UNIT         ?PR?DU_DLDY?多功腳
            CODE    0971H     029FH     UNIT         ?PR?JIANDATA?多功腳
BL51 BANKED LINKER/LOCATER V6.22                                                      04/02/2021  13:41:30  PAGE 2


            CODE    0C10H     0262H     UNIT         ?PR?JIA_DATA?多功腳
            CODE    0E72H     01C4H     UNIT         ?PR?CS_DISP?多功腳
            CODE    1036H     0156H     UNIT         ?PR?_SWXS_DISP?多功腳
            CODE    118CH     0142H     UNIT         ?PR?YC_SHUJU?多功腳
            CODE    12CEH     010AH     UNIT         ?PR?KEY_IN?多功腳
            CODE    13D8H     0103H     UNIT         ?PR?INIT?多功腳
            CODE    14DBH     00D8H     UNIT         ?PR?MAIN?多功腳
            CODE    15B3H     00D7H     UNIT         ?PR?BC_DATA?多功腳
            CODE    168AH     00C4H     UNIT         ?PR?LED_DISP?多功腳
            CODE    174EH     00AAH     UNIT         ?PR?SEC_VALUE?多功腳
            CODE    17F8H     0095H     UNIT         ?PR?IN_ATT7053C?多功腳
            CODE    188DH     008CH     UNIT         ?C_C51STARTUP
            CODE    1919H     007DH     UNIT         ?PR?SURT?多功腳
            CODE    1996H     0077H     UNIT         ?PR?ZZAI_YBDA?多功腳
            CODE    1A0DH     006FH     UNIT         ?PR?CRC_DATE?多功腳
            CODE    1A7CH     0067H     UNIT         ?PR?_READ_7053C?多功腳
            CODE    1AE3H     005CH     UNIT         ?PR?BAOC_DATA?多功腳
            CODE    1B3FH     005AH     UNIT         ?PR?_SWZS_DISP?多功腳
            CODE    1B99H     0039H     UNIT         ?PR?_CMS_DISP?多功腳
            CODE    1BD2H     0039H     UNIT         ?PR?_WRITE_7053C?多功腳
            CODE    1C0BH     0034H     UNIT         ?PR?JZDN_DATA?多功腳
            CODE    1C3FH     0032H     UNIT         ?PR?OUT_DISP?多功腳
            CODE    1C71H     002EH     UNIT         ?PR?UART1?多功腳
            CODE    1C9FH     002DH     UNIT         ?PR?RESPONS?多功腳
            CODE    1CCCH     002BH     UNIT         ?PR?_BTL_DISP?多功腳
            CODE    1CF7H     002BH     UNIT         ?PR?_COM_TXSJ?多功腳
            CODE    1D22H     002BH     UNIT         ?C_INITSEG
            CODE    1D4DH     002AH     UNIT         ?PR?_I2CWRITEBYTE?多功腳
            CODE    1D77H     002AH     UNIT         ?PR?LED_DD?多功腳
            CODE    1DA1H     0028H     UNIT         ?PR?_WRITE_BYTE?多功腳
            CODE    1DC9H     0028H     UNIT         ?PR?READ_BYTE?多功腳
            CODE    1DF1H     0027H     UNIT         ?PR?_USYS_DISP?多功腳
            CODE    1E18H     0025H     UNIT         ?PR?_READ_ADD?多功腳
            CODE    1E3DH     0022H     UNIT         ?CO?多功腳
            CODE    1E5FH     0020H     UNIT         ?PR?_ISYW_DISP?多功腳
            CODE    1E7FH     001FH     UNIT         ?PR?_SXSX_DISP?多功腳
            CODE    1E9EH     001FH     UNIT         ?PR?_NYE_DISP?多功腳
            CODE    1EBDH     001CH     UNIT         ?PR?I2CSTART?多功腳
            CODE    1ED9H     001BH     UNIT         ?PR?_FLOAT_TO_IEEE754?多功腳
            CODE    1EF4H     0019H     UNIT         ?PR?_CODE_DISP?多功腳
            CODE    1F0DH     0019H     UNIT         ?PR?_INPT_DISP?多功腳
            CODE    1F26H     0019H     UNIT         ?PR?_CONN_DISP?多功腳
            CODE    1F3FH     0019H     UNIT         ?PR?_DISP_DISP?多功腳
            CODE    1F58H     0019H     UNIT         ?PR?_CLRE_DISP?多功腳
            CODE    1F71H     0019H     UNIT         ?PR?_BAUD_DISP?多功腳
            CODE    1F8AH     0019H     UNIT         ?PR?_DATA_DISP?多功腳
            CODE    1FA3H     0018H     UNIT         ?PR?_DELAY1?多功腳
            CODE    1FBBH     0018H     UNIT         ?PR?_WRITE_ADD?多功腳
            CODE    1FD3H     0014H     UNIT         ?PR?I2CSTOP?多功腳
            CODE    1FE7H     0013H     UNIT         ?PR?_SET_DISP?多功腳
            CODE    1FFAH     0013H     UNIT         ?PR?_NET_DISP?多功腳
            CODE    200DH     0013H     UNIT         ?PR?_END_DISP?多功腳
            CODE    2020H     0013H     UNIT         ?PR?_OLD_DISP?多功腳
            CODE    2033H     0012H     UNIT         ?PR?STOP?多功腳
            CODE    2045H     0012H     UNIT         ?PR?_PT_DISP?多功腳
            CODE    2057H     0012H     UNIT         ?PR?_SN_DISP?多功腳
            CODE    2069H     0010H     UNIT         ?PR?_BXS_DISP?多功腳
BL51 BANKED LINKER/LOCATER V6.22                                                      04/02/2021  13:41:30  PAGE 3


            CODE    2079H     0010H     UNIT         ?PR?_USCL_DISP?多功腳
            CODE    2089H     0010H     UNIT         ?PR?_ISCL_DISP?多功腳
            CODE    2099H     000FH     UNIT         ?PR?START?多功腳
            CODE    20A8H     000CH     UNIT         ?PR?_TCHR_INT?多功腳
            CODE    20B4H     000BH     UNIT         ?PR?_CT_DISP?多功腳



OVERLAY MAP OF MODULE:   LEDDGN (多功腳)


SEGMENT                                 BIT_GROUP          DATA_GROUP          XDATA_GROUP
  +--> CALLED SEGMENT                START    LENGTH     START    LENGTH     START    LENGTH
--------------------------------------------------------------------------------------------
?C_C51STARTUP                        -----    -----      -----    -----      -----    -----
  +--> ?PR?MAIN?多功腳
  +--> ?C_INITSEG

?PR?MAIN?多功腳                      -----    -----      -----    -----      -----    -----
  +--> ?PR?INIT?多功腳
  +--> ?PR?IN_ATT7053C?多功腳
  +--> ?PR?LED_DISP?多功腳
  +--> ?PR?OUT_DISP?多功腳
  +--> ?PR?KEY_IN?多功腳
  +--> ?PR?DU_DLDY?多功腳
  +--> ?PR?BC_DATA?多功腳
  +--> ?PR?CRC_DATE?多功腳
  +--> ?PR?_TCHR_INT?多功腳
  +--> ?PR?YC_SHUJU?多功腳
  +--> ?PR?多功腳
  +--> ?PR?_DELAY1?多功腳

?PR?INIT?多功腳                      -----    -----      -----    -----      -----    -----
  +--> ?PR?_READ_ADD?多功腳
  +--> ?PR?_DELAY1?多功腳
  +--> ?PR?多功腳
  +--> ?PR?_TCHR_INT?多功腳
  +--> ?PR?JZDN_DATA?多功腳
  +--> ?PR?ZZAI_YBDA?多功腳

?PR?_READ_ADD?多功腳                 -----    -----      -----    -----      -----    -----
  +--> ?PR?START?多功腳
  +--> ?PR?RESPONS?多功腳
  +--> ?PR?_WRITE_BYTE?多功腳
  +--> ?PR?READ_BYTE?多功腳
  +--> ?PR?STOP?多功腳

?PR?START?多功腳                     -----    -----      -----    -----      -----    -----
  +--> ?PR?多功腳
  +--> ?PR?DELAY?多功腳

?PR?多功腳                           -----    -----      -----    -----      -----    -----
  +--> ?CO?多功腳
  +--> ?PR?DELAY?多功腳
  +--> ?PR?_WRITE_ADD?多功腳
  +--> ?PR?_DELAY1?多功腳

BL51 BANKED LINKER/LOCATER V6.22                                                      04/02/2021  13:41:30  PAGE 4


?PR?_WRITE_ADD?多功腳                -----    -----      -----    -----      -----    -----
  +--> ?PR?RESPONS?多功腳
  +--> ?PR?_WRITE_BYTE?多功腳
  +--> ?PR?STOP?多功腳

?PR?RESPONS?多功腳                   -----    -----      -----    -----      -----    -----
  +--> ?PR?_WRITE_BYTE?多功腳
  +--> ?PR?DELAY?多功腳

?PR?_WRITE_BYTE?多功腳               -----    -----      -----    -----      -----    -----
  +--> ?PR?DELAY?多功腳

?PR?STOP?多功腳                      -----    -----      -----    -----      -----    -----
  +--> ?PR?DELAY?多功腳

?PR?_DELAY1?多功腳                   -----    -----      -----    -----      -----    -----
  +--> ?PR?_WRITE_ADD?多功腳

?PR?READ_BYTE?多功腳                 -----    -----      -----    -----      -----    -----
  +--> ?PR?多功腳
  +--> ?PR?DELAY?多功腳

?PR?JZDN_DATA?多功腳                 -----    -----      -----    -----      -----    -----
  +--> ?PR?多功腳
  +--> ?PR?_FLOAT_TO_IEEE754?多功腳

?PR?_FLOAT_TO_IEEE754?多功腳         -----    -----      0008H    0004H      -----    -----

?PR?ZZAI_YBDA?多功腳                 -----    -----      -----    -----      -----    -----
  +--> ?PR?多功腳

?PR?IN_ATT7053C?多功腳               -----    -----      -----    -----      -----    -----
  +--> ?PR?多功腳
  +--> ?PR?_WRITE_7053C?多功腳
  +--> ?PR?_DELAY1?多功腳

?PR?_WRITE_7053C?多功腳              -----    -----      0008H    0005H      -----    -----
  +--> ?PR?DELAY?多功腳
  +--> ?PR?多功腳

?PR?LED_DISP?多功腳                  -----    -----      0008H    0004H      -----    -----
  +--> ?PR?LED_DD?多功腳
  +--> ?PR?_BXS_DISP?多功腳
  +--> ?PR?多功腳
  +--> ?PR?CS_DISP?多功腳
  +--> ?PR?_SWXS_DISP?多功腳

?PR?_BXS_DISP?多功腳                 -----    -----      -----    -----      -----    -----
  +--> ?PR?多功腳

?PR?CS_DISP?多功腳                   -----    -----      -----    -----      -----    -----
  +--> ?PR?_CODE_DISP?多功腳
  +--> ?PR?_BXS_DISP?多功腳
  +--> ?PR?_SET_DISP?多功腳
  +--> ?PR?_DISP_DISP?多功腳
  +--> ?PR?_CLRE_DISP?多功腳
  +--> ?PR?_END_DISP?多功腳
BL51 BANKED LINKER/LOCATER V6.22                                                      04/02/2021  13:41:30  PAGE 5


  +--> ?PR?_INPT_DISP?多功腳
  +--> ?PR?_NET_DISP?多功腳
  +--> ?PR?_SXSX_DISP?多功腳
  +--> ?PR?_USCL_DISP?多功腳
  +--> ?PR?_USYS_DISP?多功腳
  +--> ?PR?_ISCL_DISP?多功腳
  +--> ?PR?_ISYW_DISP?多功腳
  +--> ?PR?_PT_DISP?多功腳
  +--> ?PR?_CT_DISP?多功腳
  +--> ?PR?_CONN_DISP?多功腳
  +--> ?PR?_SN_DISP?多功腳
  +--> ?PR?_BAUD_DISP?多功腳
  +--> ?PR?_BTL_DISP?多功腳
  +--> ?PR?_DATA_DISP?多功腳
  +--> ?PR?_CMS_DISP?多功腳
  +--> ?PR?_OLD_DISP?多功腳
  +--> ?PR?_NYE_DISP?多功腳
  +--> ?PR?_SWZS_DISP?多功腳

?PR?_CODE_DISP?多功腳                -----    -----      -----    -----      -----    -----
  +--> ?PR?多功腳

?PR?_SET_DISP?多功腳                 -----    -----      -----    -----      -----    -----
  +--> ?PR?多功腳

?PR?_DISP_DISP?多功腳                -----    -----      -----    -----      -----    -----
  +--> ?PR?多功腳

?PR?_CLRE_DISP?多功腳                -----    -----      -----    -----      -----    -----
  +--> ?PR?多功腳

?PR?_END_DISP?多功腳                 -----    -----      -----    -----      -----    -----
  +--> ?PR?多功腳

?PR?_INPT_DISP?多功腳                -----    -----      -----    -----      -----    -----
  +--> ?PR?多功腳

?PR?_NET_DISP?多功腳                 -----    -----      -----    -----      -----    -----
  +--> ?PR?多功腳

?PR?_SXSX_DISP?多功腳                -----    -----      -----    -----      -----    -----
  +--> ?PR?多功腳

?PR?_USCL_DISP?多功腳                -----    -----      -----    -----      -----    -----
  +--> ?PR?多功腳

?PR?_USYS_DISP?多功腳                -----    -----      -----    -----      -----    -----
  +--> ?PR?多功腳

?PR?_ISCL_DISP?多功腳                -----    -----      -----    -----      -----    -----
  +--> ?PR?多功腳

?PR?_ISYW_DISP?多功腳                -----    -----      -----    -----      -----    -----
  +--> ?PR?多功腳

?PR?_PT_DISP?多功腳                  -----    -----      -----    -----      -----    -----
  +--> ?PR?多功腳
BL51 BANKED LINKER/LOCATER V6.22                                                      04/02/2021  13:41:30  PAGE 6



?PR?_CT_DISP?多功腳                  -----    -----      -----    -----      -----    -----
  +--> ?PR?多功腳

?PR?_CONN_DISP?多功腳                -----    -----      -----    -----      -----    -----
  +--> ?PR?多功腳

?PR?_SN_DISP?多功腳                  -----    -----      -----    -----      -----    -----
  +--> ?PR?多功腳

?PR?_BAUD_DISP?多功腳                -----    -----      -----    -----      -----    -----
  +--> ?PR?多功腳

?PR?_BTL_DISP?多功腳                 -----    -----      -----    -----      -----    -----
  +--> ?PR?多功腳

?PR?_DATA_DISP?多功腳                -----    -----      -----    -----      -----    -----
  +--> ?PR?多功腳

?PR?_CMS_DISP?多功腳                 -----    -----      -----    -----      -----    -----
  +--> ?PR?多功腳

?PR?_OLD_DISP?多功腳                 -----    -----      -----    -----      -----    -----
  +--> ?PR?多功腳

?PR?_NYE_DISP?多功腳                 -----    -----      -----    -----      -----    -----
  +--> ?PR?多功腳

?PR?_SWZS_DISP?多功腳                -----    -----      000CH    0001H      -----    -----
  +--> ?PR?多功腳
  +--> ?CO?多功腳

?PR?_SWXS_DISP?多功腳                -----    -----      000CH    0005H      -----    -----
  +--> ?PR?多功腳
  +--> ?CO?多功腳

?PR?OUT_DISP?多功腳                  -----    -----      -----    -----      -----    -----
  +--> ?PR?I2CSTART?多功腳
  +--> ?PR?_I2CWRITEBYTE?多功腳
  +--> ?PR?I2CSTOP?多功腳
  +--> ?PR?多功腳

?PR?I2CSTART?多功腳                  -----    -----      -----    -----      -----    -----
  +--> ?PR?DELAY?多功腳
  +--> ?PR?多功腳

?PR?_I2CWRITEBYTE?多功腳             -----    -----      -----    -----      -----    -----
  +--> ?PR?DELAY?多功腳

?PR?I2CSTOP?多功腳                   -----    -----      -----    -----      -----    -----
  +--> ?PR?DELAY?多功腳

?PR?KEY_IN?多功腳                    -----    -----      -----    -----      -----    -----
  +--> ?PR?JIANDATA?多功腳
  +--> ?PR?JIA_DATA?多功腳
  +--> ?PR?多功腳
  +--> ?PR?SEC_VALUE?多功腳
BL51 BANKED LINKER/LOCATER V6.22                                                      04/02/2021  13:41:30  PAGE 7


  +--> ?PR?_DELAY1?多功腳
  +--> ?PR?INIT?多功腳
  +--> ?PR?IN_ATT7053C?多功腳

?PR?JIANDATA?多功腳                  -----    -----      -----    -----      -----    -----
  +--> ?PR?多功腳

?PR?JIA_DATA?多功腳                  -----    -----      -----    -----      -----    -----
  +--> ?PR?多功腳

?PR?SEC_VALUE?多功腳                 -----    -----      -----    -----      -----    -----
  +--> ?PR?BAOC_DATA?多功腳
  +--> ?PR?_DELAY1?多功腳
  +--> ?CO?多功腳
  +--> ?PR?INIT?多功腳

?PR?BAOC_DATA?多功腳                 -----    -----      -----    -----      -----    -----
  +--> ?PR?_DELAY1?多功腳
  +--> ?PR?多功腳

?PR?DU_DLDY?多功腳                   -----    -----      -----    -----      0516H    0004H
  +--> ?PR?多功腳
  +--> ?PR?_FLOAT_TO_IEEE754?多功腳
  +--> ?PR?_READ_7053C?多功腳

?PR?_READ_7053C?多功腳               -----    -----      000DH    0004H      -----    -----
  +--> ?PR?DELAY?多功腳
  +--> ?PR?多功腳

?PR?BC_DATA?多功腳                   -----    -----      0008H    0005H      -----    -----
  +--> ?PR?多功腳
  +--> ?PR?_READ_7053C?多功腳
  +--> ?PR?_DELAY1?多功腳

?PR?CRC_DATE?多功腳                  0023H.0  0000H.1    000CH    0004H      -----    -----
  +--> ?PR?多功腳

?PR?YC_SHUJU?多功腳                  -----    -----      0008H    0004H      -----    -----
  +--> ?PR?多功腳
  +--> ?PR?_READ_7053C?多功腳
  +--> ?PR?CRC_DATE?多功腳
  +--> ?PR?_COM_TXSJ?多功腳

?PR?_COM_TXSJ?多功腳                 -----    -----      -----    -----      -----    -----
  +--> ?PR?多功腳



SYMBOL TABLE OF MODULE:  LEDDGN (多功腳)

  VALUE           TYPE          NAME
  ----------------------------------

  -------         MODULE        多功腳
  C:0000H         SYMBOL        _ICE_DUMMY_
  X:0000H         PUBLIC        cx_aa
  D:0092H         PUBLIC        P1M0
BL51 BANKED LINKER/LOCATER V6.22                                                      04/02/2021  13:41:30  PAGE 8


  D:0093H         PUBLIC        P0M1
  D:0096H         PUBLIC        P2M0
  D:0091H         PUBLIC        P1M1
  D:0080H         PUBLIC        P0
  B:0090H.2       PUBLIC        an1
  D:00B2H         PUBLIC        P3M0
  D:0095H         PUBLIC        P2M1
  D:0090H         PUBLIC        P1
  D:00B4H         PUBLIC        P4M0
  D:00B1H         PUBLIC        P3M1
  D:00A0H         PUBLIC        P2
  C:12CEH         PUBLIC        key_in
  D:00CAH         PUBLIC        P5M0
  D:00B3H         PUBLIC        P4M1
  D:00B0H         PUBLIC        P3
  B:0021H.0       PUBLIC        sj_bc
  D:00C9H         PUBLIC        P5M1
  D:00C0H         PUBLIC        P4
  C:1D4DH         PUBLIC        _I2CWritebyte
  D:00C8H         PUBLIC        P5
  B:00A8H.7       PUBLIC        EA
  D:00E8H         PUBLIC        P6
  D:00F8H         PUBLIC        P7
  D:0024H         PUBLIC        wd_cj
  B:0020H.0       PUBLIC        gzf_a
  B:0020H.1       PUBLIC        gzf_b
  B:0020H.2       PUBLIC        gzf_c
  D:00BAH         PUBLIC        P_SW2
  D:00A8H         PUBLIC        IE
  C:1CAFH         PUBLIC        respons
  B:0021H.1       PUBLIC        bc_tt
  B:0021H.2       PUBLIC        da_tt
  C:001DH         PUBLIC        delay
  X:0004H         PUBLIC        ax_av
  X:0008H         PUBLIC        bx_av
  C:1AE3H         PUBLIC        baoc_data
  X:000CH         PUBLIC        cx_av
  D:0025H         PUBLIC        key_i
  B:00B0H.2       PUBLIC        r485
  B:0021H.3       PUBLIC        key_k
  B:0090H.7       PUBLIC        CS
  X:0010H         PUBLIC        in_js
  D:0026H         PUBLIC        dlbb
  X:0011H         PUBLIC        dljza
  B:0020H.7       PUBLIC        btl_t
  B:0021H.4       PUBLIC        xb_bz
  B:00A8H.4       PUBLIC        ES
  D:0028H         PUBLIC        IEEE
  X:0013H         PUBLIC        dljzb
  D:00B8H         PUBLIC        IP
  C:1A0DH         PUBLIC        Crc_date
  X:0015H         PUBLIC        dljzc
  B:0098H.0       PUBLIC        RI
  B:00B0H.6       PUBLIC        Din
  B:00D0H.7       PUBLIC        CY
  B:0098H.1       PUBLIC        TI
  D:002CH         PUBLIC        deta
BL51 BANKED LINKER/LOCATER V6.22                                                      04/02/2021  13:41:30  PAGE 9


  B:0021H.5       PUBLIC        kk_tt
  B:0021H.6       PUBLIC        cs_tt
  D:002DH         PUBLIC        detb
  D:002EH         PUBLIC        jcqa
  B:0021H.7       PUBLIC        in_tt
  D:002FH         PUBLIC        detc
  D:0030H         PUBLIC        plbc
  D:0031H         PUBLIC        dybb
  D:0033H         PUBLIC        detd
  B:00B8H.4       PUBLIC        PS
  X:0017H         PUBLIC        jcrc
  B:0022H.0       PUBLIC        mm_tt
  B:0022H.1       PUBLIC        cs_xt
  D:00D8H         PUBLIC        CCON
  B:0022H.2       PUBLIC        wd_tt
  D:0034H         PUBLIC        mima
  C:14DBH         PUBLIC        main
  X:0019H         PUBLIC        abc
  B:0022H.3       PUBLIC        sj_tt
  C:1E18H         PUBLIC        _read_add
  B:0022H.4       PUBLIC        sx_bz
  D:0036H         PUBLIC        zjcd
  B:0090H.6       PUBLIC        SCLK
  B:0020H.6       PUBLIC        is_yw
  C:1F8AH         PUBLIC        _data_disp
  D:0037H         PUBLIC        xgma
  D:0039H         PUBLIC        cser
  C:1EF4H         PUBLIC        _code_disp
  D:003AH         PUBLIC        xgmb
  B:0022H.5       PUBLIC        ss_tt
  C:1F71H         PUBLIC        _baud_disp
  C:2099H         PUBLIC        start
  D:003CH         PUBLIC        xgmc
  D:0099H         PUBLIC        SBUF
  C:0C10H         PUBLIC        jia_data
  C:1A7CH         PUBLIC        _read_7053c
  X:001DH         PUBLIC        shuju
  D:003EH         PUBLIC        xian
  X:0021H         PUBLIC        ycrc
  B:0022H.6       PUBLIC        xn_sx
  B:0022H.7       PUBLIC        rx_tt
  D:0098H         PUBLIC        SCON
  C:1C0BH         PUBLIC        jzdn_data
  C:1DC9H         PUBLIC        read_byte
  D:0089H         PUBLIC        TMOD
  D:0088H         PUBLIC        TCON
  C:13D8H         PUBLIC        init
  D:003FH         PUBLIC        tcjs
  B:0020H.5       PUBLIC        us_ys
  C:17F8H         PUBLIC        in_att7053c
  B:0020H.4       PUBLIC        sx_sx
  C:1FBBH         PUBLIC        _write_add
  D:0040H         PUBLIC        ipdz
  D:0041H         PUBLIC        xbjs
  B:0090H.1       PUBLIC        sda
  D:0042H         PUBLIC        csyi
  C:1F58H         PUBLIC        _clre_disp
BL51 BANKED LINKER/LOCATER V6.22                                                      04/02/2021  13:41:30  PAGE 10


  D:0043H         PUBLIC        eep
  D:0020H         PUBLIC        shez
  C:174EH         PUBLIC        sec_value
  B:0090H.4       PUBLIC        DOUT
  D:0044H         PUBLIC        yhmm
  C:2089H         PUBLIC        _iscl_disp
  X:0023H         PUBLIC        plhz
  C:0971H         PUBLIC        jiandata
  D:008EH         PUBLIC        AUXR
  C:15B3H         PUBLIC        bc_data
  C:1BD2H         PUBLIC        _write_7053c
  C:1F26H         PUBLIC        _conn_disp
  C:1996H         PUBLIC        zzai_ybda
  C:1FADH         PUBLIC        _delay1
  D:0046H         PUBLIC        txgn
  B:0090H.0       PUBLIC        scl
  C:1F3FH         PUBLIC        _disp_disp
  C:1DA1H         PUBLIC        _write_byte
  D:0047H         PUBLIC        xsfs
  C:2033H         PUBLIC        stop
  C:168AH         PUBLIC        led_disp
  B:00A8H.1       PUBLIC        ET0
  C:200DH         PUBLIC        _end_disp
  C:2079H         PUBLIC        _uscl_disp
  D:0048H         PUBLIC        wsms
  D:008CH         PUBLIC        TH0
  D:00D6H         PUBLIC        TH2
  D:00D6H         PUBLIC        T2H
  C:1919H         PUBLIC        surt
  C:1F0DH         PUBLIC        _inpt_disp
  C:1EBDH         PUBLIC        I2CStart
  D:008AH         PUBLIC        TL0
  C:1E4FH         PUBLIC        shu
  D:00D7H         PUBLIC        TL2
  D:00D7H         PUBLIC        T2L
  C:2020H         PUBLIC        _old_disp
  X:0025H         PUBLIC        cp
  X:0035H         PUBLIC        xsmz
  D:0049H         PUBLIC        jj
  X:0036H         PUBLIC        ep
  C:1CCCH         PUBLIC        _btl_disp
  D:004BH         PUBLIC        kk
  B:0020H.3       PUBLIC        nb1_t
  B:0088H.4       PUBLIC        TR0
  C:1B99H         PUBLIC        _cms_disp
  C:1E3DH         PUBLIC        sd
  C:1ED9H         PUBLIC        _Float_to_IEEE754
  B:00B0H.7       PUBLIC        CLK
  B:0090H.5       PUBLIC        DIN
  C:1FFAH         PUBLIC        _net_disp
  X:0056H         PUBLIC        yb
  C:1D77H         PUBLIC        led_dd
  C:1E9EH         PUBLIC        _nye_disp
  C:1FE7H         PUBLIC        _set_disp
  C:20AEH         PUBLIC        _tchr_int
  C:1E5FH         PUBLIC        _isyw_disp
  C:2069H         PUBLIC        _bxs_disp
BL51 BANKED LINKER/LOCATER V6.22                                                      04/02/2021  13:41:30  PAGE 11


  X:02AEH         PUBLIC        rp
  X:02B6H         PUBLIC        tp
  C:1FD3H         PUBLIC        I2CStop
  C:0686H         PUBLIC        du_dldy
  C:0E72H         PUBLIC        cs_disp
  C:1DF1H         PUBLIC        _usys_disp
  C:20B4H         PUBLIC        _ct_disp
  C:1036H         PUBLIC        _swxs_disp
  C:1E7FH         PUBLIC        _sxsx_disp
  C:1CF7H         PUBLIC        _com_txsj
  C:1B3FH         PUBLIC        _swzs_disp
  C:1C3FH         PUBLIC        out_disp
  C:1C71H         PUBLIC        uart1
  C:118CH         PUBLIC        yc_shuju
  C:2057H         PUBLIC        _sn_disp
  C:2045H         PUBLIC        _pt_disp
  D:00D0H         PUBLIC        PSW
  X:050EH         PUBLIC        ax_aa
  X:0512H         PUBLIC        bx_aa
  D:0094H         PUBLIC        P0M0
  C:0379H         SYMBOL        Com0265
  C:0379H         SYMBOL        L?0614
  C:0396H         SYMBOL        L?0615
  C:03A6H         SYMBOL        L?0616
  C:03A6H         SYMBOL        L?0617
  C:03B5H         SYMBOL        L?0618
  C:03B6H         SYMBOL        L?0619
  C:03B7H         SYMBOL        L?0620
  C:03C5H         SYMBOL        L?0621
  C:03C5H         SYMBOL        L?0622
  C:03C6H         SYMBOL        L?0623
  C:03D1H         SYMBOL        L?0624
  C:03D2H         SYMBOL        L?0625
  C:03D8H         SYMBOL        L?0626
  C:03DFH         SYMBOL        L?0627
  C:03E1H         SYMBOL        L?0628
  C:03F2H         SYMBOL        L?0629
  C:03F3H         SYMBOL        L?0630
  C:03F4H         SYMBOL        L?0631
  C:0402H         SYMBOL        L?0632
  C:0404H         SYMBOL        L?0633
  C:0415H         SYMBOL        L?0634
  C:0418H         SYMBOL        L?0635
  C:0426H         SYMBOL        L?0640
  C:0428H         SYMBOL        L?0641
  C:043FH         SYMBOL        L?0642
  C:0442H         SYMBOL        L?0643
  C:0448H         SYMBOL        L?0644
  C:0450H         SYMBOL        L?0645
  C:0450H         SYMBOL        L?0646
  C:045EH         SYMBOL        L?0647
  C:0461H         SYMBOL        L?0648
  C:046DH         SYMBOL        L?0649
  C:046DH         SYMBOL        L?0650
  C:0473H         SYMBOL        L?0651
  C:0474H         SYMBOL        L?0652
  C:0476H         SYMBOL        L?0653
BL51 BANKED LINKER/LOCATER V6.22                                                      04/02/2021  13:41:30  PAGE 12


  C:048AH         SYMBOL        L?0659
  C:048AH         SYMBOL        L?0660
  C:048EH         SYMBOL        L?0661
  C:048FH         SYMBOL        L?0662
  C:0491H         SYMBOL        L?0663
  C:0494H         SYMBOL        L?0664
  C:049DH         SYMBOL        L?0665
  C:049DH         SYMBOL        L?0666
  C:04A9H         SYMBOL        L?0667
  C:04B4H         SYMBOL        L?0668
  C:04B7H         SYMBOL        L?0669
  C:04BAH         SYMBOL        L?0670
  C:04BCH         SYMBOL        L?0671
  C:04C2H         SYMBOL        L?0674
  C:04D5H         SYMBOL        L?0675
  C:04D5H         SYMBOL        L?0676
  C:04F0H         SYMBOL        L?0678
  C:04F0H         SYMBOL        L?0679
  C:04FDH         SYMBOL        L?0680
  C:0504H         SYMBOL        L?0681
  C:0504H         SYMBOL        L?0682
  C:0518H         SYMBOL        L?0683
  C:0518H         SYMBOL        L?0684
  C:052CH         SYMBOL        L?0685
  C:052CH         SYMBOL        L?0686
  C:0535H         SYMBOL        L?0687
  C:053BH         SYMBOL        L?0688
  C:053BH         SYMBOL        L?0689
  C:054DH         SYMBOL        L?0691
  C:054DH         SYMBOL        L?0692
  C:0555H         SYMBOL        L?0693
  C:055AH         SYMBOL        L?0694
  C:0567H         SYMBOL        L?0698
  C:056BH         SYMBOL        L?0699
  C:0576H         SYMBOL        L?0701
  C:0576H         SYMBOL        L?0702
  C:057EH         SYMBOL        L?0703
  C:057EH         SYMBOL        L?0704
  C:058AH         SYMBOL        L?0705
  C:058AH         SYMBOL        L?0706
  C:0591H         SYMBOL        L?0708
  C:059CH         SYMBOL        L?0709
  C:05A3H         SYMBOL        L?0710
  C:05B7H         SYMBOL        L?0711
  C:05B7H         SYMBOL        L?0712
  C:05C3H         SYMBOL        L?0713
  C:05C3H         SYMBOL        L?0714
  C:05CEH         SYMBOL        L?0715
  C:05D2H         SYMBOL        L?0716
  C:05D9H         SYMBOL        L?0717
  C:05D9H         SYMBOL        L?0718
  C:05E1H         SYMBOL        L?0719
  C:05E1H         SYMBOL        L?0720
  C:05EBH         SYMBOL        L?0721
  C:05EDH         SYMBOL        L?0722
  C:05F6H         SYMBOL        L?0723
  C:05F6H         SYMBOL        L?0724
BL51 BANKED LINKER/LOCATER V6.22                                                      04/02/2021  13:41:30  PAGE 13


  C:05FEH         SYMBOL        L?0725
  C:0600H         SYMBOL        L?0726
  C:0609H         SYMBOL        L?0727
  C:060CH         SYMBOL        L?0728
  C:0614H         SYMBOL        L?0729
  C:0614H         SYMBOL        L?0730
  C:061DH         SYMBOL        L?0731
  C:062AH         SYMBOL        L?0732
  C:0635H         SYMBOL        L?0733
  C:0635H         SYMBOL        L?0734
  C:063CH         SYMBOL        L?0735
  C:063CH         SYMBOL        L?0736
  C:0643H         SYMBOL        L?0737
  C:064DH         SYMBOL        L?0738
  C:0657H         SYMBOL        L?0739
  C:0661H         SYMBOL        L?0740
  C:066BH         SYMBOL        L?0741
  C:0675H         SYMBOL        L?0742
  C:067FH         SYMBOL        L?0743
  C:067FH         SYMBOL        L?0744
  -------         PROC          COM0265
  -------         ENDPROC       COM0265
  C:000EH         SYMBOL        L?0637
  C:0014H         SYMBOL        L?0638
  C:0017H         SYMBOL        L?0639
  -------         PROC          L?0636
  -------         ENDPROC       L?0636
  C:000EH         SYMBOL        L?0637
  C:0014H         SYMBOL        L?0638
  C:0017H         SYMBOL        L?0639
  -------         PROC          DELAY
  -------         DO            
  D:0007H         SYMBOL        i
  -------         ENDDO         
  C:001DH         LINE#         111
  C:001DH         LINE#         112
  C:001DH         LINE#         113
  C:001FH         LINE#         114
  C:0021H         LINE#         115
  -------         ENDPROC       DELAY
  C:1FA5H         SYMBOL        L?0655
  C:1FA6H         SYMBOL        L?0656
  C:1FA7H         SYMBOL        L?0657
  C:1FA8H         SYMBOL        L?0658
  -------         PROC          L?0654
  -------         ENDPROC       L?0654
  C:1FA5H         SYMBOL        L?0655
  C:1FA6H         SYMBOL        L?0656
  C:1FA7H         SYMBOL        L?0657
  C:1FA8H         SYMBOL        L?0658
  -------         PROC          _DELAY1
  D:0007H         SYMBOL        x
  -------         DO            
  D:0007H         SYMBOL        y
  D:0006H         SYMBOL        z
  -------         ENDDO         
  C:1FADH         LINE#         116
BL51 BANKED LINKER/LOCATER V6.22                                                      04/02/2021  13:41:30  PAGE 14


  C:1FADH         LINE#         117
  C:1FADH         LINE#         119
  C:1FB3H         LINE#         120
  C:1FBAH         LINE#         121
  -------         ENDPROC       _DELAY1
  -------         PROC          START
  C:2099H         LINE#         123
  C:2099H         LINE#         124
  C:2099H         LINE#         125
  C:209BH         LINE#         126
  C:209EH         LINE#         127
  C:20A3H         LINE#         128
  -------         ENDPROC       START
  -------         PROC          STOP
  C:2033H         LINE#         131
  C:2033H         LINE#         132
  C:2033H         LINE#         133
  C:2038H         LINE#         134
  C:203AH         LINE#         135
  C:203DH         LINE#         136
  -------         ENDPROC       STOP
  -------         PROC          L?0690
  -------         ENDPROC       L?0690
  -------         PROC          RESPONS
  -------         DO            
  D:0006H         SYMBOL        i
  -------         ENDDO         
  C:1CAFH         LINE#         139
  C:1CAFH         LINE#         140
  C:1CAFH         LINE#         141
  C:1CB1H         LINE#         142
  C:1CB3H         LINE#         143
  C:1CB6H         LINE#         144
  C:1CC4H         LINE#         145
  -------         ENDPROC       RESPONS
  -------         PROC          _WRITE_BYTE
  D:0007H         SYMBOL        date
  -------         DO            
  D:0005H         SYMBOL        i
  D:0006H         SYMBOL        temp
  -------         ENDDO         
  C:1DA1H         LINE#         148
  C:1DA1H         LINE#         149
  C:1DA1H         LINE#         151
  C:1DA3H         LINE#         152
  C:1DA5H         LINE#         153
  C:1DA5H         LINE#         154
  C:1DA9H         LINE#         155
  C:1DAEH         LINE#         156
  C:1DB3H         LINE#         157
  C:1DB8H         LINE#         158
  C:1DBCH         LINE#         159
  C:1DC1H         LINE#         160
  -------         ENDPROC       _WRITE_BYTE
  -------         PROC          READ_BYTE
  -------         DO            
  D:0005H         SYMBOL        i
BL51 BANKED LINKER/LOCATER V6.22                                                      04/02/2021  13:41:30  PAGE 15


  D:0006H         SYMBOL        k
  -------         ENDDO         
  C:1DC9H         LINE#         163
  C:1DC9H         LINE#         164
  C:1DC9H         LINE#         166
  C:1DCEH         LINE#         167
  C:1DD3H         LINE#         168
  C:1DD5H         LINE#         169
  C:1DD5H         LINE#         170
  C:1DD8H         LINE#         171
  C:1DE5H         LINE#         172
  C:1DEAH         LINE#         173
  C:1DEEH         LINE#         174
  C:1DF0H         LINE#         175
  -------         ENDPROC       READ_BYTE
  -------         PROC          _WRITE_ADD
  D:0006H         SYMBOL        add
  D:0003H         SYMBOL        address
  D:0004H         SYMBOL        date
  C:1FBBH         LINE#         177
  C:1FC1H         LINE#         178
  C:1FC1H         LINE#         179
  C:1FC4H         LINE#         180
  C:1FC5H         LINE#         181
  C:1FC5H         LINE#         182
  C:1FC5H         LINE#         183
  C:1FC8H         LINE#         184
  C:1FCDH         LINE#         185
  C:1FD0H         LINE#         186
  -------         ENDPROC       _WRITE_ADD
  -------         PROC          _READ_ADD
  D:0004H         SYMBOL        add
  D:0003H         SYMBOL        address
  -------         DO            
  D:0006H         SYMBOL        date
  -------         ENDDO         
  C:1E18H         LINE#         189
  C:1E1CH         LINE#         190
  C:1E1CH         LINE#         192
  C:1E1FH         LINE#         193
  C:1E20H         LINE#         194
  C:1E20H         LINE#         195
  C:1E20H         LINE#         196
  C:1E23H         LINE#         197
  C:1E26H         LINE#         198
  C:1E2FH         LINE#         199
  C:1E32H         LINE#         200
  C:1E37H         LINE#         201
  C:1E3AH         LINE#         202
  C:1E3CH         LINE#         203
  -------         ENDPROC       _READ_ADD
  C:20A8H         SYMBOL        L?0696
  C:20A9H         SYMBOL        L?0697
  -------         PROC          L?0695
  -------         ENDPROC       L?0695
  C:20A8H         SYMBOL        L?0696
  C:20A9H         SYMBOL        L?0697
BL51 BANKED LINKER/LOCATER V6.22                                                      04/02/2021  13:41:30  PAGE 16


  -------         PROC          _TCHR_INT
  D:0007H         SYMBOL        ch1
  D:0004H         SYMBOL        ch2
  -------         DO            
  D:0006H         SYMBOL        ch
  -------         ENDDO         
  C:20AEH         LINE#         205
  C:20AEH         LINE#         206
  C:20AEH         LINE#         208
  C:20AEH         LINE#         209
  C:20B3H         LINE#         210
  C:20B3H         LINE#         211
  -------         ENDPROC       _TCHR_INT
  -------         PROC          _FLOAT_TO_IEEE754
  D:0004H         SYMBOL        x
  -------         DO            
  D:0007H         SYMBOL        i
  D:0008H         SYMBOL        p
  -------         ENDDO         
  C:1ED9H         LINE#         238
  C:1ED9H         LINE#         239
  C:1ED9H         LINE#         243
  C:1EE1H         LINE#         244
  C:1EE3H         LINE#         245
  C:1EE3H         LINE#         246
  C:1EEFH         LINE#         247
  C:1EF3H         LINE#         248
  -------         ENDPROC       _FLOAT_TO_IEEE754
  -------         PROC          CRC_DATE
  B:0023H.0       SYMBOL        trb
  D:000CH         SYMBOL        das
  -------         DO            
  D:0004H         SYMBOL        i
  D:0002H         SYMBOL        j
  D:000EH         SYMBOL        Crc
  -------         ENDDO         
  C:1A0DH         LINE#         249
  C:1A0DH         LINE#         250
  C:1A0DH         LINE#         252
  C:1A13H         LINE#         253
  C:1A1FH         LINE#         254
  C:1A1FH         LINE#         255
  C:1A2EH         LINE#         256
  C:1A3DH         LINE#         257
  C:1A40H         LINE#         258
  C:1A40H         LINE#         259
  C:1A5AH         LINE#         260
  C:1A65H         LINE#         261
  C:1A70H         LINE#         262
  C:1A77H         LINE#         263
  C:1A7BH         LINE#         264
  -------         ENDPROC       CRC_DATE
  -------         PROC          JZDN_DATA
  C:1C0BH         LINE#         266
  C:1C0BH         LINE#         267
  C:1C0BH         LINE#         268
  C:1C11H         LINE#         269
BL51 BANKED LINKER/LOCATER V6.22                                                      04/02/2021  13:41:30  PAGE 17


  C:1C14H         LINE#         270
  C:1C14H         LINE#         271
  C:1C14H         LINE#         272
  C:1C17H         LINE#         273
  C:1C1DH         LINE#         274
  C:1C20H         LINE#         275
  C:1C20H         LINE#         276
  C:1C20H         LINE#         277
  C:1C23H         LINE#         278
  C:1C29H         LINE#         279
  C:1C2CH         LINE#         280
  C:1C2CH         LINE#         281
  C:1C2CH         LINE#         282
  C:1C2FH         LINE#         283
  C:1C35H         LINE#         284
  C:1C38H         LINE#         285
  C:1C38H         LINE#         286
  C:1C38H         LINE#         287
  C:1C3EH         LINE#         288
  -------         ENDPROC       JZDN_DATA
  -------         PROC          ZZAI_YBDA
  -------         DO            
  D:0004H         SYMBOL        i
  -------         ENDDO         
  C:1996H         LINE#         290
  C:1996H         LINE#         291
  C:1996H         LINE#         293
  C:19A4H         LINE#         294
  C:19AFH         LINE#         295
  C:19B8H         LINE#         296
  C:19C1H         LINE#         297
  C:19C2H         LINE#         298
  C:19C2H         LINE#         299
  C:19C2H         LINE#         300
  C:19C2H         LINE#         301
  C:19C2H         LINE#         302
  C:19C5H         LINE#         303
  C:19C5H         LINE#         304
  C:19C5H         LINE#         305
  C:19C5H         LINE#         306
  C:19C5H         LINE#         307
  C:19C8H         LINE#         308
  C:19CBH         LINE#         309
  C:19CBH         LINE#         310
  C:19D2H         LINE#         311
  C:19DDH         LINE#         312
  C:19E1H         LINE#         313
  C:19E1H         LINE#         314
  C:19E8H         LINE#         315
  C:19F3H         LINE#         316
  C:19F7H         LINE#         317
  C:19FAH         LINE#         318
  C:19FDH         LINE#         319
  C:1A00H         LINE#         320
  C:1A03H         LINE#         321
  C:1A06H         LINE#         322
  C:1A09H         LINE#         323
BL51 BANKED LINKER/LOCATER V6.22                                                      04/02/2021  13:41:30  PAGE 18


  C:1A0CH         LINE#         324
  -------         ENDPROC       ZZAI_YBDA
  -------         PROC          INIT
  -------         DO            
  D:0002H         SYMBOL        i
  D:0005H         SYMBOL        j
  -------         ENDDO         
  C:13D8H         LINE#         326
  C:13D8H         LINE#         327
  C:13D8H         LINE#         329
  C:13DBH         LINE#         330
  C:13DDH         LINE#         331
  C:13DFH         LINE#         332
  C:13E1H         LINE#         333
  C:13E3H         LINE#         334
  C:13E5H         LINE#         335
  C:13E7H         LINE#         336
  C:13E9H         LINE#         337
  C:13EBH         LINE#         338
  C:13EDH         LINE#         339
  C:13EFH         LINE#         340
  C:13F1H         LINE#         343
  C:13F9H         LINE#         344
  C:13FEH         LINE#         345
  C:1414H         LINE#         346
  C:1414H         LINE#         347
  C:1416H         LINE#         348
  C:1416H         LINE#         349
  C:1416H         LINE#         350
  C:1416H         LINE#         351
  C:141CH         LINE#         352
  C:141CH         LINE#         353
  C:143AH         LINE#         354
  C:144BH         LINE#         355
  C:1452H         LINE#         356
  C:1456H         LINE#         357
  C:145AH         LINE#         358
  C:1461H         LINE#         359
  C:1465H         LINE#         360
  C:1469H         LINE#         361
  C:1474H         LINE#         362
  C:1482H         LINE#         363
  C:1490H         LINE#         365
  C:1493H         LINE#         366
  C:1496H         LINE#         368
  C:1499H         LINE#         369
  C:149FH         LINE#         370
  C:14A3H         LINE#         371
  C:14A6H         LINE#         373
  C:14A8H         LINE#         374
  C:14ABH         LINE#         375
  C:14AEH         LINE#         376
  C:14B1H         LINE#         377
  C:14B4H         LINE#         378
  C:14B4H         LINE#         379
  C:14B7H         LINE#         380
  C:14BAH         LINE#         381
BL51 BANKED LINKER/LOCATER V6.22                                                      04/02/2021  13:41:30  PAGE 19


  C:14BCH         LINE#         383
  C:14BCH         LINE#         384
  C:14BFH         LINE#         385
  C:14C2H         LINE#         386
  C:14C2H         LINE#         387
  C:14C5H         LINE#         389
  C:14C7H         LINE#         390
  C:14C9H         LINE#         392
  C:14CCH         LINE#         393
  C:14D2H         LINE#         394
  C:14D8H         LINE#         395
  C:14DAH         LINE#         396
  -------         ENDPROC       INIT
  -------         PROC          I2CSTART
  C:1EBDH         LINE#         6
  C:1EBDH         LINE#         7
  C:1EBDH         LINE#         8
  C:1EBFH         LINE#         9
  C:1EC1H         LINE#         10
  C:1EC1H         LINE#         11
  C:1EC4H         LINE#         12
  C:1EC6H         LINE#         13
  C:1EC6H         LINE#         14
  C:1EC9H         LINE#         15
  C:1ECBH         LINE#         16
  C:1ECBH         LINE#         17
  C:1ECBH         LINE#         18
  C:1ECEH         LINE#         19
  C:1ED1H         LINE#         20
  C:1ED3H         LINE#         21
  C:1ED3H         LINE#         22
  -------         ENDPROC       I2CSTART
  -------         PROC          I2CSTOP
  C:1FD3H         LINE#         25
  C:1FD3H         LINE#         26
  C:1FD3H         LINE#         27
  C:1FD5H         LINE#         28
  C:1FD5H         LINE#         29
  C:1FD8H         LINE#         30
  C:1FDAH         LINE#         31
  C:1FDAH         LINE#         32
  C:1FDDH         LINE#         33
  C:1FDFH         LINE#         34
  C:1FDFH         LINE#         35
  C:1FE2H         LINE#         36
  C:1FE4H         LINE#         37
  C:1FE6H         LINE#         39
  -------         ENDPROC       I2CSTOP
  -------         PROC          _I2CWRITEBYTE
  D:0006H         SYMBOL        oneByte
  -------         DO            
  D:0005H         SYMBOL        i
  -------         ENDDO         
  C:1D4DH         LINE#         41
  C:1D4FH         LINE#         42
  C:1D4FH         LINE#         44
  C:1D51H         LINE#         45
BL51 BANKED LINKER/LOCATER V6.22                                                      04/02/2021  13:41:30  PAGE 20


  C:1D51H         LINE#         46
  C:1D53H         LINE#         47
  C:1D5BH         LINE#         48
  C:1D5DH         LINE#         49
  C:1D5DH         LINE#         50
  C:1D5DH         LINE#         51
  C:1D60H         LINE#         52
  C:1D62H         LINE#         53
  C:1D66H         LINE#         54
  C:1D6AH         LINE#         55
  C:1D6CH         LINE#         56
  C:1D6CH         LINE#         57
  C:1D6CH         LINE#         58
  C:1D6FH         LINE#         59
  C:1D71H         LINE#         60
  C:1D71H         LINE#         61
  -------         ENDPROC       _I2CWRITEBYTE
  -------         PROC          OUT_DISP
  -------         DO            
  D:0004H         SYMBOL        i
  -------         ENDDO         
  C:1C3FH         LINE#         64
  C:1C3FH         LINE#         65
  C:1C3FH         LINE#         67
  C:1C42H         LINE#         68
  C:1C47H         LINE#         69
  C:1C4AH         LINE#         71
  C:1C4DH         LINE#         72
  C:1C52H         LINE#         73
  C:1C54H         LINE#         74
  C:1C54H         LINE#         75
  C:1C5FH         LINE#         76
  C:1C63H         LINE#         77
  C:1C66H         LINE#         78
  C:1C69H         LINE#         79
  C:1C6EH         LINE#         80
  -------         ENDPROC       OUT_DISP
  -------         PROC          _SWZS_DISP
  D:000CH         SYMBOL        x
  D:0002H         SYMBOL        dat
  C:1B3FH         LINE#         83
  C:1B45H         LINE#         84
  C:1B45H         LINE#         85
  C:1B53H         LINE#         86
  C:1B66H         LINE#         87
  C:1B7DH         LINE#         88
  C:1B98H         LINE#         89
  -------         ENDPROC       _SWZS_DISP
  -------         PROC          _SWXS_DISP
  D:000CH         SYMBOL        x
  D:000DH         SYMBOL        d_v
  C:1036H         LINE#         125
  C:1038H         LINE#         126
  C:1038H         LINE#         127
  C:103EH         LINE#         128
  C:103EH         LINE#         129
  C:1053H         LINE#         130
BL51 BANKED LINKER/LOCATER V6.22                                                      04/02/2021  13:41:30  PAGE 21


  C:1055H         LINE#         131
  C:1059H         LINE#         132
  C:1068H         LINE#         133
  C:1068H         LINE#         134
  C:1079H         LINE#         135
  C:108BH         LINE#         136
  C:1099H         LINE#         137
  C:10ABH         LINE#         138
  C:10AEH         LINE#         140
  C:10BEH         LINE#         141
  C:10BEH         LINE#         142
  C:10CAH         LINE#         143
  C:10DDH         LINE#         144
  C:10E7H         LINE#         145
  C:10F5H         LINE#         146
  C:10F8H         LINE#         148
  C:1104H         LINE#         149
  C:1104H         LINE#         150
  C:110DH         LINE#         151
  C:1122H         LINE#         152
  C:1133H         LINE#         153
  C:113DH         LINE#         154
  C:1140H         LINE#         156
  C:1146H         LINE#         157
  C:1146H         LINE#         158
  C:1151H         LINE#         159
  C:1168H         LINE#         160
  C:1178H         LINE#         161
  C:118BH         LINE#         162
  C:118BH         LINE#         163
  -------         ENDPROC       _SWXS_DISP
  -------         PROC          _BXS_DISP
  D:0007H         SYMBOL        x
  C:2069H         LINE#         164
  C:2069H         LINE#         165
  C:2069H         LINE#         166
  C:2069H         LINE#         167
  C:206EH         LINE#         168
  C:2073H         LINE#         169
  C:2078H         LINE#         170
  -------         ENDPROC       _BXS_DISP
  -------         PROC          _CODE_DISP
  D:0007H         SYMBOL        x
  C:1EF4H         LINE#         172
  C:1EF4H         LINE#         173
  C:1EF4H         LINE#         174
  C:1EFAH         LINE#         175
  C:1F00H         LINE#         176
  C:1F06H         LINE#         177
  C:1F0CH         LINE#         178
  -------         ENDPROC       _CODE_DISP
  -------         PROC          _SET_DISP
  D:0007H         SYMBOL        x
  C:1FE7H         LINE#         180
  C:1FE7H         LINE#         181
  C:1FE7H         LINE#         182
  C:1FE7H         LINE#         183
BL51 BANKED LINKER/LOCATER V6.22                                                      04/02/2021  13:41:30  PAGE 22


  C:1FEDH         LINE#         184
  C:1FF3H         LINE#         185
  C:1FF9H         LINE#         186
  -------         ENDPROC       _SET_DISP
  -------         PROC          _INPT_DISP
  D:0007H         SYMBOL        x
  C:1F0DH         LINE#         188
  C:1F0DH         LINE#         189
  C:1F0DH         LINE#         190
  C:1F13H         LINE#         191
  C:1F19H         LINE#         192
  C:1F1FH         LINE#         193
  C:1F25H         LINE#         194
  -------         ENDPROC       _INPT_DISP
  -------         PROC          _CONN_DISP
  D:0007H         SYMBOL        x
  C:1F26H         LINE#         196
  C:1F26H         LINE#         197
  C:1F26H         LINE#         198
  C:1F2CH         LINE#         199
  C:1F32H         LINE#         200
  C:1F38H         LINE#         201
  C:1F3EH         LINE#         202
  -------         ENDPROC       _CONN_DISP
  -------         PROC          _DISP_DISP
  D:0007H         SYMBOL        x
  C:1F3FH         LINE#         205
  C:1F3FH         LINE#         206
  C:1F3FH         LINE#         207
  C:1F45H         LINE#         208
  C:1F4BH         LINE#         209
  C:1F51H         LINE#         210
  C:1F57H         LINE#         211
  -------         ENDPROC       _DISP_DISP
  -------         PROC          _CLRE_DISP
  D:0007H         SYMBOL        x
  C:1F58H         LINE#         213
  C:1F58H         LINE#         214
  C:1F58H         LINE#         215
  C:1F5EH         LINE#         216
  C:1F64H         LINE#         217
  C:1F6AH         LINE#         218
  C:1F70H         LINE#         219
  -------         ENDPROC       _CLRE_DISP
  -------         PROC          _NET_DISP
  D:0007H         SYMBOL        x
  C:1FFAH         LINE#         221
  C:1FFAH         LINE#         222
  C:1FFAH         LINE#         223
  C:1FFAH         LINE#         224
  C:2000H         LINE#         225
  C:2006H         LINE#         226
  C:200CH         LINE#         227
  -------         ENDPROC       _NET_DISP
  -------         PROC          _USCL_DISP
  D:0007H         SYMBOL        x
  C:2079H         LINE#         229
BL51 BANKED LINKER/LOCATER V6.22                                                      04/02/2021  13:41:30  PAGE 23


  C:2079H         LINE#         230
  C:2079H         LINE#         231
  C:207FH         LINE#         232
  C:2082H         LINE#         233
  C:2082H         LINE#         234
  C:2088H         LINE#         235
  -------         ENDPROC       _USCL_DISP
  -------         PROC          _ISCL_DISP
  D:0007H         SYMBOL        x
  C:2089H         LINE#         237
  C:2089H         LINE#         238
  C:2089H         LINE#         239
  C:208FH         LINE#         240
  C:2092H         LINE#         241
  C:2092H         LINE#         242
  C:2098H         LINE#         243
  -------         ENDPROC       _ISCL_DISP
  -------         PROC          _PT_DISP
  D:0007H         SYMBOL        x
  C:2045H         LINE#         245
  C:2045H         LINE#         246
  C:2045H         LINE#         247
  C:2045H         LINE#         248
  C:204AH         LINE#         249
  C:2050H         LINE#         250
  C:2056H         LINE#         251
  -------         ENDPROC       _PT_DISP
  -------         PROC          _CT_DISP
  D:0007H         SYMBOL        x
  C:20B4H         LINE#         253
  C:20B4H         LINE#         254
  C:20B4H         LINE#         255
  C:20B4H         LINE#         256
  C:20B8H         LINE#         257
  C:20B8H         LINE#         258
  C:20BEH         LINE#         259
  -------         ENDPROC       _CT_DISP
  -------         PROC          _SN_DISP
  D:0007H         SYMBOL        x
  C:2057H         LINE#         261
  C:2057H         LINE#         262
  C:2057H         LINE#         263
  C:2057H         LINE#         264
  C:205CH         LINE#         265
  C:2062H         LINE#         266
  C:2068H         LINE#         267
  -------         ENDPROC       _SN_DISP
  -------         PROC          _BAUD_DISP
  D:0007H         SYMBOL        x
  C:1F71H         LINE#         269
  C:1F71H         LINE#         270
  C:1F71H         LINE#         271
  C:1F77H         LINE#         272
  C:1F7DH         LINE#         273
  C:1F83H         LINE#         274
  C:1F89H         LINE#         275
  -------         ENDPROC       _BAUD_DISP
BL51 BANKED LINKER/LOCATER V6.22                                                      04/02/2021  13:41:30  PAGE 24


  -------         PROC          _DATA_DISP
  D:0007H         SYMBOL        x
  C:1F8AH         LINE#         277
  C:1F8AH         LINE#         278
  C:1F8AH         LINE#         279
  C:1F90H         LINE#         280
  C:1F96H         LINE#         281
  C:1F9CH         LINE#         282
  C:1FA2H         LINE#         283
  -------         ENDPROC       _DATA_DISP
  -------         PROC          _END_DISP
  D:0007H         SYMBOL        x
  C:200DH         LINE#         285
  C:200DH         LINE#         286
  C:200DH         LINE#         287
  C:200DH         LINE#         288
  C:2013H         LINE#         289
  C:2019H         LINE#         290
  C:201FH         LINE#         291
  -------         ENDPROC       _END_DISP
  -------         PROC          _SXSX_DISP
  D:0007H         SYMBOL        x
  D:0004H         SYMBOL        ssx
  C:1E7FH         LINE#         293
  C:1E7FH         LINE#         294
  C:1E7FH         LINE#         295
  C:1E7FH         LINE#         296
  C:1E85H         LINE#         297
  C:1E8CH         LINE#         298
  C:1E97H         LINE#         299
  C:1E9DH         LINE#         300
  -------         ENDPROC       _SXSX_DISP
  -------         PROC          _USYS_DISP
  D:0007H         SYMBOL        x
  D:0004H         SYMBOL        ssx
  C:1DF1H         LINE#         302
  C:1DF1H         LINE#         303
  C:1DF1H         LINE#         304
  C:1DFEH         LINE#         305
  C:1E05H         LINE#         306
  C:1E0BH         LINE#         307
  C:1E11H         LINE#         308
  C:1E17H         LINE#         309
  -------         ENDPROC       _USYS_DISP
  -------         PROC          _ISYW_DISP
  D:0007H         SYMBOL        x
  D:0004H         SYMBOL        ssx
  C:1E5FH         LINE#         311
  C:1E5FH         LINE#         312
  C:1E5FH         LINE#         313
  C:1E5FH         LINE#         314
  C:1E64H         LINE#         315
  C:1E71H         LINE#         316
  C:1E78H         LINE#         317
  C:1E7EH         LINE#         318
  -------         ENDPROC       _ISYW_DISP
  -------         PROC          _BTL_DISP
BL51 BANKED LINKER/LOCATER V6.22                                                      04/02/2021  13:41:30  PAGE 25


  D:0007H         SYMBOL        x
  D:0004H         SYMBOL        ssx
  C:1CCCH         LINE#         319
  C:1CCCH         LINE#         320
  C:1CCCH         LINE#         321
  C:1CDEH         LINE#         322
  C:1CEAH         LINE#         323
  C:1CF0H         LINE#         324
  C:1CF6H         LINE#         325
  -------         ENDPROC       _BTL_DISP
  -------         PROC          _CMS_DISP
  D:0007H         SYMBOL        x
  D:0004H         SYMBOL        ssx
  C:1B99H         LINE#         326
  C:1B99H         LINE#         327
  C:1B99H         LINE#         328
  C:1B9FH         LINE#         329
  C:1BABH         LINE#         330
  C:1BB9H         LINE#         331
  C:1BC5H         LINE#         332
  C:1BCBH         LINE#         333
  C:1BD1H         LINE#         334
  -------         ENDPROC       _CMS_DISP
  -------         PROC          _OLD_DISP
  D:0007H         SYMBOL        x
  C:2020H         LINE#         335
  C:2020H         LINE#         336
  C:2020H         LINE#         337
  C:2020H         LINE#         338
  C:2026H         LINE#         339
  C:202CH         LINE#         340
  C:2032H         LINE#         341
  -------         ENDPROC       _OLD_DISP
  -------         PROC          _NYE_DISP
  D:0007H         SYMBOL        x
  D:0004H         SYMBOL        ssx
  C:1E9EH         LINE#         342
  C:1E9EH         LINE#         343
  C:1E9EH         LINE#         344
  C:1E9EH         LINE#         345
  C:1EA4H         LINE#         346
  C:1EABH         LINE#         347
  C:1EB6H         LINE#         348
  C:1EBCH         LINE#         349
  -------         ENDPROC       _NYE_DISP
  -------         PROC          CS_DISP
  C:0E72H         LINE#         350
  C:0E72H         LINE#         351
  C:0E72H         LINE#         352
  C:0E75H         LINE#         353
  C:0E75H         LINE#         354
  C:0E7BH         LINE#         355
  C:0E7FH         LINE#         356
  C:0E83H         LINE#         357
  C:0E87H         LINE#         359
  C:0E8AH         LINE#         360
  C:0E8EH         LINE#         361
BL51 BANKED LINKER/LOCATER V6.22                                                      04/02/2021  13:41:30  PAGE 26


  C:0E92H         LINE#         362
  C:0E96H         LINE#         364
  C:0E96H         LINE#         365
  C:0E99H         LINE#         367
  C:0E99H         LINE#         368
  C:0EB4H         LINE#         369
  C:0EB4H         LINE#         370
  C:0EB4H         LINE#         371
  C:0EB4H         LINE#         372
  C:0EB9H         LINE#         373
  C:0EBDH         LINE#         374
  C:0EC1H         LINE#         375
  C:0EC4H         LINE#         376
  C:0EC4H         LINE#         377
  C:0EC4H         LINE#         378
  C:0EC9H         LINE#         379
  C:0ECDH         LINE#         380
  C:0ECDH         LINE#         381
  C:0ECDH         LINE#         382
  C:0ECDH         LINE#         383
  C:0ED0H         LINE#         385
  C:0ED5H         LINE#         386
  C:0ED5H         LINE#         387
  C:0EDAH         LINE#         388
  C:0EE5H         LINE#         389
  C:0EE5H         LINE#         390
  C:0EE8H         LINE#         392
  C:0EF1H         LINE#         393
  C:0EF1H         LINE#         394
  C:0EF6H         LINE#         395
  C:0EFDH         LINE#         396
  C:0EFDH         LINE#         397
  C:0EFDH         LINE#         398
  C:0F00H         LINE#         399
  C:0F00H         LINE#         400
  C:0F00H         LINE#         401
  C:0F05H         LINE#         402
  C:0F09H         LINE#         403
  C:0F09H         LINE#         404
  C:0F09H         LINE#         405
  C:0F09H         LINE#         406
  C:0F0CH         LINE#         408
  C:0F11H         LINE#         409
  C:0F11H         LINE#         410
  C:0F16H         LINE#         411
  C:0F23H         LINE#         412
  C:0F23H         LINE#         413
  C:0F26H         LINE#         415
  C:0F2BH         LINE#         416
  C:0F2BH         LINE#         417
  C:0F30H         LINE#         418
  C:0F3DH         LINE#         419
  C:0F3DH         LINE#         420
  C:0F40H         LINE#         422
  C:0F45H         LINE#         423
  C:0F45H         LINE#         424
  C:0F4AH         LINE#         425
BL51 BANKED LINKER/LOCATER V6.22                                                      04/02/2021  13:41:30  PAGE 27


  C:0F57H         LINE#         426
  C:0F57H         LINE#         427
  C:0F5AH         LINE#         429
  C:0F5FH         LINE#         430
  C:0F5FH         LINE#         431
  C:0F64H         LINE#         432
  C:0F6EH         LINE#         433
  C:0F6EH         LINE#         434
  C:0F70H         LINE#         436
  C:0F79H         LINE#         437
  C:0F79H         LINE#         438
  C:0F7EH         LINE#         439
  C:0F88H         LINE#         440
  C:0F88H         LINE#         441
  C:0F88H         LINE#         442
  C:0F8AH         LINE#         443
  C:0F8AH         LINE#         444
  C:0F8AH         LINE#         445
  C:0F8FH         LINE#         446
  C:0F93H         LINE#         447
  C:0F93H         LINE#         448
  C:0F93H         LINE#         449
  C:0F93H         LINE#         450
  C:0F95H         LINE#         452
  C:0F9AH         LINE#         453
  C:0F9AH         LINE#         454
  C:0F9FH         LINE#         455
  C:0FAAH         LINE#         456
  C:0FAAH         LINE#         457
  C:0FACH         LINE#         459
  C:0FB1H         LINE#         460
  C:0FB1H         LINE#         461
  C:0FB6H         LINE#         462
  C:0FC3H         LINE#         463
  C:0FC3H         LINE#         464
  C:0FC5H         LINE#         466
  C:0FCBH         LINE#         467
  C:0FCBH         LINE#         468
  C:0FD0H         LINE#         469
  C:0FDEH         LINE#         470
  C:0FE0H         LINE#         471
  C:0FE0H         LINE#         472
  C:0FE2H         LINE#         473
  C:0FE2H         LINE#         474
  C:0FE2H         LINE#         475
  C:0FE7H         LINE#         476
  C:0FEBH         LINE#         477
  C:0FEBH         LINE#         478
  C:0FEFH         LINE#         479
  C:0FF0H         LINE#         480
  C:0FF2H         LINE#         482
  C:0FF7H         LINE#         483
  C:0FF7H         LINE#         484
  C:0FFCH         LINE#         485
  C:0FFCH         LINE#         486
  C:0FFFH         LINE#         487
  C:1003H         LINE#         488
BL51 BANKED LINKER/LOCATER V6.22                                                      04/02/2021  13:41:30  PAGE 28


  C:1005H         LINE#         490
  C:1005H         LINE#         491
  C:1008H         LINE#         492
  C:100CH         LINE#         493
  C:100CH         LINE#         494
  C:100CH         LINE#         496
  C:1011H         LINE#         497
  C:1011H         LINE#         498
  C:1019H         LINE#         499
  C:101DH         LINE#         500
  C:101FH         LINE#         502
  C:1024H         LINE#         503
  C:1024H         LINE#         504
  C:102DH         LINE#         505
  C:1035H         LINE#         506
  C:1035H         LINE#         507
  C:1035H         LINE#         508
  C:1035H         LINE#         509
  C:1035H         LINE#         510
  C:1035H         LINE#         511
  -------         ENDPROC       CS_DISP
  -------         PROC          LED_DD
  C:1D77H         LINE#         512
  C:1D77H         LINE#         513
  C:1D77H         LINE#         514
  C:1D7AH         LINE#         515
  C:1D7AH         LINE#         516
  C:1D7FH         LINE#         517
  C:1D81H         LINE#         518
  C:1D83H         LINE#         519
  C:1D84H         LINE#         521
  C:1D88H         LINE#         522
  C:1D88H         LINE#         523
  C:1D8EH         LINE#         524
  C:1D92H         LINE#         525
  C:1D9AH         LINE#         526
  C:1DA0H         LINE#         538
  C:1DA0H         LINE#         539
  -------         ENDPROC       LED_DD
  C:173FH         SYMBOL        L?0707
  -------         PROC          LED_DISP
  -------         DO            
  D:0008H         SYMBOL        date
  -------         ENDDO         
  C:168AH         LINE#         542
  C:168AH         LINE#         543
  C:168AH         LINE#         545
  C:168DH         LINE#         546
  C:1690H         LINE#         547
  C:1690H         LINE#         548
  C:1693H         LINE#         549
  C:1693H         LINE#         550
  C:1697H         LINE#         551
  C:1697H         LINE#         552
  C:169BH         LINE#         553
  C:169FH         LINE#         554
  C:16A0H         LINE#         555
BL51 BANKED LINKER/LOCATER V6.22                                                      04/02/2021  13:41:30  PAGE 29


  C:16A3H         LINE#         557
  C:16A3H         LINE#         558
  C:16AEH         LINE#         559
  C:16B3H         LINE#         560
  C:16B6H         LINE#         561
  C:16B6H         LINE#         562
  C:16B9H         LINE#         564
  C:16BCH         LINE#         565
  C:16BCH         LINE#         566
  C:16C1H         LINE#         567
  C:16C8H         LINE#         568
  C:16C8H         LINE#         569
  C:16CBH         LINE#         570
  C:16CBH         LINE#         571
  C:16CBH         LINE#         572
  C:16CBH         LINE#         573
  C:16CDH         LINE#         575
  C:16D1H         LINE#         576
  C:16D1H         LINE#         577
  C:16D4H         LINE#         578
  C:16D5H         LINE#         579
  C:16D5H         LINE#         580
  C:16D5H         LINE#         581
  C:16D7H         LINE#         583
  C:16DBH         LINE#         584
  C:16DBH         LINE#         585
  C:16DEH         LINE#         586
  C:16E0H         LINE#         587
  C:16E1H         LINE#         588
  C:16E1H         LINE#         589
  C:16E3H         LINE#         591
  C:16E7H         LINE#         592
  C:16E7H         LINE#         593
  C:16EAH         LINE#         594
  C:16ECH         LINE#         595
  C:16EEH         LINE#         596
  C:16F1H         LINE#         597
  C:16F3H         LINE#         599
  C:16F7H         LINE#         600
  C:16F7H         LINE#         601
  C:16FDH         LINE#         602
  C:16FFH         LINE#         603
  C:1701H         LINE#         604
  C:1703H         LINE#         605
  C:1703H         LINE#         606
  C:1708H         LINE#         607
  C:1708H         LINE#         608
  C:170BH         LINE#         609
  C:170BH         LINE#         611
  C:170BH         LINE#         619
  C:1714H         LINE#         620
  C:171CH         LINE#         621
  C:1725H         LINE#         622
  C:172DH         LINE#         623
  C:1736H         LINE#         624
  C:173EH         LINE#         626
  C:173EH         LINE#         627
BL51 BANKED LINKER/LOCATER V6.22                                                      04/02/2021  13:41:30  PAGE 30


  -------         ENDPROC       LED_DISP
  -------         PROC          _WRITE_7053C
  D:0006H         SYMBOL        add
  D:0009H         SYMBOL        date
  -------         DO            
  D:0003H         SYMBOL        i
  -------         ENDDO         
  C:1BD2H         LINE#         9
  C:1BD4H         LINE#         10
  C:1BD4H         LINE#         12
  C:1BD6H         LINE#         13
  C:1BE0H         LINE#         14
  C:1BE5H         LINE#         15
  C:1BE7H         LINE#         16
  C:1BE7H         LINE#         17
  C:1BEBH         LINE#         18
  C:1BEBH         LINE#         19
  C:1BEBH         LINE#         20
  C:1BEEH         LINE#         21
  C:1BF2H         LINE#         22
  C:1BFAH         LINE#         23
  C:1BFCH         LINE#         24
  C:1BFCH         LINE#         25
  C:1C01H         LINE#         26
  C:1C01H         LINE#         27
  C:1C01H         LINE#         28
  C:1C04H         LINE#         29
  C:1C08H         LINE#         30
  C:1C0AH         LINE#         31
  -------         ENDPROC       _WRITE_7053C
  -------         PROC          _READ_7053C
  D:0003H         SYMBOL        add
  -------         DO            
  D:0002H         SYMBOL        i
  D:000DH         SYMBOL        dat
  -------         ENDDO         
  C:1A7CH         LINE#         33
  C:1A7EH         LINE#         34
  C:1A7EH         LINE#         36
  C:1A87H         LINE#         37
  C:1A8CH         LINE#         38
  C:1A8DH         LINE#         39
  C:1A8DH         LINE#         40
  C:1A91H         LINE#         41
  C:1A91H         LINE#         42
  C:1A91H         LINE#         43
  C:1A94H         LINE#         44
  C:1A98H         LINE#         45
  C:1A9BH         LINE#         46
  C:1A9DH         LINE#         47
  C:1A9DH         LINE#         48
  C:1AB2H         LINE#         49
  C:1AB7H         LINE#         50
  C:1ACFH         LINE#         51
  C:1AD4H         LINE#         52
  C:1AD8H         LINE#         53
  C:1ADAH         LINE#         54
BL51 BANKED LINKER/LOCATER V6.22                                                      04/02/2021  13:41:30  PAGE 31


  C:1AE2H         LINE#         55
  -------         ENDPROC       _READ_7053C
  C:187EH         SYMBOL        L?0700
  -------         PROC          IN_ATT7053C
  C:17F8H         LINE#         57
  C:17F8H         LINE#         58
  C:17F8H         LINE#         59
  C:1804H         LINE#         60
  C:1809H         LINE#         61
  C:1815H         LINE#         62
  C:1824H         LINE#         63
  C:1830H         LINE#         64
  C:183CH         LINE#         65
  C:1848H         LINE#         67
  C:1851H         LINE#         68
  C:1856H         LINE#         69
  C:185EH         LINE#         70
  C:186EH         LINE#         75
  C:1879H         LINE#         76
  C:187EH         LINE#         78
  -------         ENDPROC       IN_ATT7053C
  -------         PROC          BAOC_DATA
  C:1AE3H         LINE#         5
  C:1AE3H         LINE#         6
  C:1AE3H         LINE#         7
  C:1AE8H         LINE#         8
  C:1AEBH         LINE#         9
  C:1AF0H         LINE#         10
  C:1AF3H         LINE#         11
  C:1AF8H         LINE#         12
  C:1AFBH         LINE#         13
  C:1B00H         LINE#         14
  C:1B03H         LINE#         15
  C:1B07H         LINE#         16
  C:1B0AH         LINE#         17
  C:1B0EH         LINE#         18
  C:1B11H         LINE#         19
  C:1B16H         LINE#         20
  C:1B19H         LINE#         21
  C:1B1EH         LINE#         22
  C:1B21H         LINE#         23
  C:1B28H         LINE#         24
  C:1B2BH         LINE#         25
  C:1B2DH         LINE#         26
  C:1B2DH         LINE#         27
  C:1B2DH         LINE#         28
  C:1B32H         LINE#         29
  C:1B3EH         LINE#         30
  -------         ENDPROC       BAOC_DATA
  -------         PROC          SEC_VALUE
  -------         DO            
  D:0001H         SYMBOL        i
  -------         ENDDO         
  C:174EH         LINE#         33
  C:174EH         LINE#         34
  C:174EH         LINE#         36
  C:1754H         LINE#         37
BL51 BANKED LINKER/LOCATER V6.22                                                      04/02/2021  13:41:30  PAGE 32


  C:1754H         LINE#         38
  C:175AH         LINE#         40
  C:175DH         LINE#         41
  C:175DH         LINE#         42
  C:1763H         LINE#         43
  C:1763H         LINE#         44
  C:1768H         LINE#         45
  C:1768H         LINE#         46
  C:176AH         LINE#         47
  C:176AH         LINE#         48
  C:1770H         LINE#         49
  C:1773H         LINE#         50
  C:1777H         LINE#         51
  C:1779H         LINE#         52
  C:1779H         LINE#         53
  C:177BH         LINE#         54
  C:177CH         LINE#         56
  C:1781H         LINE#         57
  C:1781H         LINE#         58
  C:178BH         LINE#         59
  C:178BH         LINE#         60
  C:178DH         LINE#         61
  C:1797H         LINE#         62
  C:17ABH         LINE#         63
  C:17AEH         LINE#         64
  C:17B1H         LINE#         65
  C:17B2H         LINE#         67
  C:17B5H         LINE#         68
  C:17B5H         LINE#         69
  C:17B7H         LINE#         70
  C:17B8H         LINE#         72
  C:17BBH         LINE#         73
  C:17BBH         LINE#         74
  C:17BDH         LINE#         75
  C:17C0H         LINE#         76
  C:17C1H         LINE#         78
  C:17C1H         LINE#         79
  C:17C9H         LINE#         80
  C:17C9H         LINE#         81
  C:17CBH         LINE#         82
  C:17CCH         LINE#         83
  C:17CCH         LINE#         84
  C:17D3H         LINE#         85
  C:17D6H         LINE#         86
  C:17DAH         LINE#         87
  C:17DDH         LINE#         88
  C:17E4H         LINE#         89
  C:17E5H         LINE#         91
  C:17E5H         LINE#         92
  C:17F5H         LINE#         93
  C:17F7H         LINE#         94
  C:17F7H         LINE#         95
  C:17F7H         LINE#         96
  C:17F7H         LINE#         97
  -------         ENDPROC       SEC_VALUE
  -------         PROC          JIANDATA
  -------         DO            
BL51 BANKED LINKER/LOCATER V6.22                                                      04/02/2021  13:41:30  PAGE 33


  D:0007H         SYMBOL        das
  -------         ENDDO         
  C:0971H         LINE#         100
  C:0971H         LINE#         101
  C:0971H         LINE#         103
  C:0974H         LINE#         104
  C:0974H         LINE#         105
  C:0976H         LINE#         106
  C:0983H         LINE#         107
  C:0984H         LINE#         109
  C:099AH         LINE#         110
  C:099AH         LINE#         111
  C:09A1H         LINE#         112
  C:09A1H         LINE#         113
  C:09A8H         LINE#         114
  C:09A8H         LINE#         115
  C:09B0H         LINE#         116
  C:09B2H         LINE#         117
  C:09C0H         LINE#         118
  C:09CBH         LINE#         119
  C:09CBH         LINE#         120
  C:09CCH         LINE#         122
  C:09D5H         LINE#         123
  C:09D5H         LINE#         124
  C:09EEH         LINE#         125
  C:09EEH         LINE#         126
  C:09EEH         LINE#         127
  C:09EEH         LINE#         128
  C:09F1H         LINE#         129
  C:09F1H         LINE#         130
  C:09F6H         LINE#         131
  C:09F6H         LINE#         132
  C:09F8H         LINE#         133
  C:0A05H         LINE#         134
  C:0A11H         LINE#         135
  C:0A12H         LINE#         137
  C:0A18H         LINE#         138
  C:0A18H         LINE#         139
  C:0A1AH         LINE#         140
  C:0A24H         LINE#         141
  C:0A24H         LINE#         142
  C:0A25H         LINE#         143
  C:0A25H         LINE#         144
  C:0A25H         LINE#         145
  C:0A2BH         LINE#         146
  C:0A2BH         LINE#         147
  C:0A33H         LINE#         148
  C:0A3BH         LINE#         149
  C:0A43H         LINE#         151
  C:0A49H         LINE#         152
  C:0A49H         LINE#         153
  C:0A50H         LINE#         154
  C:0A50H         LINE#         155
  C:0A58H         LINE#         156
  C:0A5AH         LINE#         157
  C:0A68H         LINE#         158
  C:0A8CH         LINE#         159
BL51 BANKED LINKER/LOCATER V6.22                                                      04/02/2021  13:41:30  PAGE 34


  C:0A8DH         LINE#         161
  C:0A96H         LINE#         162
  C:0A96H         LINE#         163
  C:0A9DH         LINE#         164
  C:0A9DH         LINE#         165
  C:0AA5H         LINE#         166
  C:0AA7H         LINE#         167
  C:0AB5H         LINE#         168
  C:0AD9H         LINE#         169
  C:0AD9H         LINE#         170
  C:0ADAH         LINE#         172
  C:0AE0H         LINE#         173
  C:0AE0H         LINE#         174
  C:0AE2H         LINE#         175
  C:0AECH         LINE#         176
  C:0AECH         LINE#         177
  C:0AEDH         LINE#         178
  C:0AEDH         LINE#         179
  C:0AEDH         LINE#         180
  C:0AF0H         LINE#         181
  C:0AF0H         LINE#         182
  C:0AF6H         LINE#         183
  C:0AF6H         LINE#         184
  C:0AFDH         LINE#         185
  C:0AFDH         LINE#         186
  C:0AFFH         LINE#         187
  C:0B01H         LINE#         188
  C:0B09H         LINE#         189
  C:0B2AH         LINE#         190
  C:0B2BH         LINE#         191
  C:0B33H         LINE#         193
  C:0B3CH         LINE#         194
  C:0B3CH         LINE#         195
  C:0B41H         LINE#         196
  C:0B42H         LINE#         197
  C:0B4AH         LINE#         198
  C:0B51H         LINE#         199
  C:0B51H         LINE#         200
  C:0B52H         LINE#         202
  C:0B58H         LINE#         203
  C:0B58H         LINE#         204
  C:0B5AH         LINE#         205
  C:0B64H         LINE#         206
  C:0B64H         LINE#         207
  C:0B65H         LINE#         208
  C:0B65H         LINE#         209
  C:0B65H         LINE#         210
  C:0B6BH         LINE#         211
  C:0B6BH         LINE#         212
  C:0B70H         LINE#         213
  C:0B70H         LINE#         214
  C:0B77H         LINE#         215
  C:0B77H         LINE#         216
  C:0B7FH         LINE#         217
  C:0B81H         LINE#         218
  C:0B8FH         LINE#         219
  C:0B9AH         LINE#         220
BL51 BANKED LINKER/LOCATER V6.22                                                      04/02/2021  13:41:30  PAGE 35


  C:0B9BH         LINE#         222
  C:0BA0H         LINE#         223
  C:0BA0H         LINE#         224
  C:0BA7H         LINE#         225
  C:0BA7H         LINE#         226
  C:0BAFH         LINE#         227
  C:0BB1H         LINE#         228
  C:0BBFH         LINE#         229
  C:0BCAH         LINE#         230
  C:0BCBH         LINE#         232
  C:0BD1H         LINE#         233
  C:0BD1H         LINE#         234
  C:0BD8H         LINE#         235
  C:0BD8H         LINE#         236
  C:0BE0H         LINE#         237
  C:0BE2H         LINE#         238
  C:0BF0H         LINE#         239
  C:0BFBH         LINE#         240
  C:0BFBH         LINE#         241
  C:0BFBH         LINE#         242
  C:0BFCH         LINE#         243
  C:0BFCH         LINE#         244
  C:0BFCH         LINE#         245
  C:0BFCH         LINE#         247
  C:0BFFH         LINE#         248
  C:0BFFH         LINE#         249
  C:0C09H         LINE#         250
  C:0C09H         LINE#         251
  C:0C0CH         LINE#         252
  C:0C0FH         LINE#         253
  C:0C0FH         LINE#         254
  C:0C0FH         LINE#         255
  -------         ENDPROC       JIANDATA
  -------         PROC          JIA_DATA
  -------         DO            
  D:0007H         SYMBOL        das
  -------         ENDDO         
  C:0C10H         LINE#         257
  C:0C10H         LINE#         258
  C:0C10H         LINE#         260
  C:0C13H         LINE#         261
  C:0C13H         LINE#         262
  C:0C15H         LINE#         263
  C:0C22H         LINE#         264
  C:0C23H         LINE#         266
  C:0C39H         LINE#         267
  C:0C39H         LINE#         268
  C:0C40H         LINE#         269
  C:0C40H         LINE#         270
  C:0C47H         LINE#         271
  C:0C47H         LINE#         272
  C:0C4FH         LINE#         273
  C:0C51H         LINE#         274
  C:0C5EH         LINE#         275
  C:0C6BH         LINE#         276
  C:0C6BH         LINE#         277
  C:0C6CH         LINE#         279
BL51 BANKED LINKER/LOCATER V6.22                                                      04/02/2021  13:41:30  PAGE 36


  C:0C75H         LINE#         280
  C:0C75H         LINE#         281
  C:0C8EH         LINE#         282
  C:0C8EH         LINE#         283
  C:0C8EH         LINE#         284
  C:0C8EH         LINE#         285
  C:0C91H         LINE#         286
  C:0C91H         LINE#         287
  C:0C96H         LINE#         288
  C:0C96H         LINE#         289
  C:0C98H         LINE#         290
  C:0CA5H         LINE#         291
  C:0CB1H         LINE#         292
  C:0CB2H         LINE#         294
  C:0CB8H         LINE#         295
  C:0CB8H         LINE#         296
  C:0CBAH         LINE#         297
  C:0CC4H         LINE#         298
  C:0CC4H         LINE#         299
  C:0CC7H         LINE#         300
  C:0CC7H         LINE#         301
  C:0CC7H         LINE#         302
  C:0CCDH         LINE#         303
  C:0CCDH         LINE#         304
  C:0CD5H         LINE#         305
  C:0CDDH         LINE#         306
  C:0CE5H         LINE#         308
  C:0CEAH         LINE#         309
  C:0CEAH         LINE#         310
  C:0CF1H         LINE#         311
  C:0CF1H         LINE#         312
  C:0CF9H         LINE#         313
  C:0CFBH         LINE#         314
  C:0D08H         LINE#         315
  C:0D16H         LINE#         316
  C:0D17H         LINE#         318
  C:0D20H         LINE#         319
  C:0D20H         LINE#         320
  C:0D27H         LINE#         321
  C:0D27H         LINE#         322
[...]
  C:131AH         LINE#         433
  C:131AH         LINE#         434
  C:131CH         LINE#         435
  C:131CH         LINE#         436
  C:131FH         LINE#         437
  C:131FH         LINE#         438
  C:1323H         LINE#         439
  C:1326H         LINE#         440
  C:1328H         LINE#         442
  C:1328H         LINE#         443
  C:132BH         LINE#         444
  C:132BH         LINE#         445
  C:1333H         LINE#         446
  C:133FH         LINE#         447
  C:133FH         LINE#         448
  C:1341H         LINE#         449
  C:1341H         LINE#         450
  C:1344H         LINE#         451
  C:1344H         LINE#         452
  C:1346H         LINE#         453
  C:1349H         LINE#         454
  C:1349H         LINE#         455
  C:134BH         LINE#         456
  C:134BH         LINE#         457
  C:134BH         LINE#         458
BL51 BANKED LINKER/LOCATER V6.22                                                      04/02/2021  13:41:30  PAGE 39


  C:1350H         LINE#         459
  C:1352H         LINE#         461
  C:1352H         LINE#         462
  C:1359H         LINE#         464
  C:1363H         LINE#         466
  C:136CH         LINE#         468
  C:1375H         LINE#         469
  C:1377H         LINE#         470
  C:1377H         LINE#         471
  C:1379H         LINE#         472
  C:1379H         LINE#         473
  C:137CH         LINE#         474
  C:137CH         LINE#         475
  C:1380H         LINE#         476
  C:1386H         LINE#         477
  C:1388H         LINE#         478
  C:1388H         LINE#         479
  C:1388H         LINE#         480
  C:1391H         LINE#         481
  C:1391H         LINE#         482
  C:1391H         LINE#         483
  C:1391H         LINE#         484
  C:1394H         LINE#         485
  C:1394H         LINE#         486
  C:1399H         LINE#         487
  C:139CH         LINE#         488
  C:139CH         LINE#         489
  C:13A4H         LINE#         490
  C:13A4H         LINE#         491
  C:13A8H         LINE#         492
  C:13A8H         LINE#         493
  C:13AAH         LINE#         495
  C:13B2H         LINE#         496
  C:13B2H         LINE#         497
  C:13B4H         LINE#         498
  C:13B5H         LINE#         499
  C:13B5H         LINE#         500
  C:13B5H         LINE#         501
  C:13B5H         LINE#         502
  C:13BBH         LINE#         503
  C:13BDH         LINE#         504
  C:13BDH         LINE#         505
  C:13C3H         LINE#         506
  C:13C6H         LINE#         507
  C:13CAH         LINE#         508
  C:13CDH         LINE#         509
  C:13D0H         LINE#         510
  C:13D5H         LINE#         511
  C:13D7H         LINE#         512
  C:13D7H         LINE#         513
  C:13D7H         LINE#         514
  C:13D7H         LINE#         515
  -------         ENDPROC       KEY_IN
  -------         PROC          _COM_TXSJ
  D:0004H         SYMBOL        zjzs
  -------         DO            
  D:0002H         SYMBOL        i
BL51 BANKED LINKER/LOCATER V6.22                                                      04/02/2021  13:41:30  PAGE 40


  -------         ENDDO         
  C:1CF7H         LINE#         15
  C:1CFBH         LINE#         16
  C:1CFBH         LINE#         18
  C:1CFDH         LINE#         19
  C:1D07H         LINE#         20
  C:1D07H         LINE#         21
  C:1D13H         LINE#         22
  C:1D16H         LINE#         23
  C:1D18H         LINE#         24
  C:1D1FH         LINE#         25
  C:1D21H         LINE#         26
  -------         ENDPROC       _COM_TXSJ
  -------         PROC          YC_SHUJU
  -------         DO            
  D:0004H         SYMBOL        i
  D:0008H         SYMBOL        j
  D:000AH         SYMBOL        k
  -------         ENDDO         
  C:118CH         LINE#         29
  C:118CH         LINE#         30
  C:118CH         LINE#         32
  C:1195H         LINE#         33
  C:119CH         LINE#         34
  C:11A0H         LINE#         35
  C:11A0H         LINE#         36
  C:11ABH         LINE#         37
  C:11B3H         LINE#         38
  C:11BEH         LINE#         39
  C:11CAH         LINE#         40
  C:11CAH         LINE#         41
  C:11F5H         LINE#         42
  C:11FCH         LINE#         43
  C:120CH         LINE#         44
  C:120EH         LINE#         46
  C:1214H         LINE#         47
  C:1214H         LINE#         48
  C:1219H         LINE#         49
  C:1221H         LINE#         50
  C:122CH         LINE#         51
  C:1240H         LINE#         52
  C:1254H         LINE#         53
  C:1268H         LINE#         54
  C:126AH         LINE#         56
  C:126AH         LINE#         57
  C:1270H         LINE#         58
  C:1278H         LINE#         59
  C:127DH         LINE#         60
  C:127DH         LINE#         61
  C:1290H         LINE#         62
  C:12A9H         LINE#         63
  C:12BDH         LINE#         64
  C:12BFH         LINE#         65
  C:12CBH         LINE#         66
  C:12CDH         LINE#         67
  -------         ENDPROC       YC_SHUJU
  C:08B8H         SYMBOL        L?0612
BL51 BANKED LINKER/LOCATER V6.22                                                      04/02/2021  13:41:30  PAGE 41


  C:093AH         SYMBOL        L?0672
  C:095BH         SYMBOL        L?0673
  C:0966H         SYMBOL        L?0677
  -------         PROC          DU_DLDY
  -------         DO            
  X:0516H         SYMBOL        acc
  -------         ENDDO         
  C:0686H         LINE#         70
  C:0686H         LINE#         71
  C:0686H         LINE#         73
  C:068CH         LINE#         74
  C:068CH         LINE#         75
  C:068EH         LINE#         76
  C:069CH         LINE#         77
  C:069CH         LINE#         78
  C:069CH         LINE#         79
  C:069CH         LINE#         80
  C:06A2H         LINE#         81
  C:06A5H         LINE#         82
  C:06A5H         LINE#         83
  C:06A5H         LINE#         84
  C:06A5H         LINE#         86
  C:06A5H         LINE#         87
  C:06A5H         LINE#         88
  C:06A5H         LINE#         89
  C:06A5H         LINE#         90
  C:06A5H         LINE#         91
  C:06A5H         LINE#         92
  C:06A5H         LINE#         93
  C:06A5H         LINE#         94
  C:06A5H         LINE#         95
  C:06A5H         LINE#         97
  C:06A5H         LINE#         98
  C:06A5H         LINE#         99
  C:06A5H         LINE#         100
  C:06A5H         LINE#         101
  C:06A8H         LINE#         103
  C:06ABH         LINE#         104
  C:06ABH         LINE#         105
  C:06ABH         LINE#         106
  C:06ABH         LINE#         107
  C:06AEH         LINE#         109
  C:06B1H         LINE#         110
  C:06B1H         LINE#         111
  C:06B1H         LINE#         112
  C:06B1H         LINE#         113
  C:06B4H         LINE#         115
  C:06B7H         LINE#         116
  C:06BAH         LINE#         117
  C:06BAH         LINE#         118
  C:06BAH         LINE#         119
  C:06C0H         LINE#         121
  C:06C5H         LINE#         122
  C:06D8H         LINE#         123
  C:06F8H         LINE#         124
  C:0714H         LINE#         126
  C:071DH         LINE#         127
BL51 BANKED LINKER/LOCATER V6.22                                                      04/02/2021  13:41:30  PAGE 42


  C:0726H         LINE#         128
  C:0729H         LINE#         129
  C:0729H         LINE#         130
  C:0729H         LINE#         131
  C:072FH         LINE#         132
  C:0734H         LINE#         133
  C:0747H         LINE#         134
  C:0767H         LINE#         136
  C:0785H         LINE#         137
  C:078EH         LINE#         138
  C:0797H         LINE#         139
  C:079AH         LINE#         140
  C:079AH         LINE#         141
  C:079AH         LINE#         142
  C:07A0H         LINE#         143
  C:07A5H         LINE#         144
  C:07B8H         LINE#         145
  C:07D8H         LINE#         147
  C:07F9H         LINE#         148
  C:0802H         LINE#         149
  C:080BH         LINE#         150
  C:080EH         LINE#         151
  C:080EH         LINE#         152
  C:080EH         LINE#         153
  C:080EH         LINE#         154
  C:0811H         LINE#         155
  C:0811H         LINE#         156
  C:0811H         LINE#         157
  C:0817H         LINE#         158
  C:081AH         LINE#         159
  C:081EH         LINE#         160
  C:081EH         LINE#         161
  C:0824H         LINE#         163
  C:0827H         LINE#         164
  C:0827H         LINE#         165
  C:0827H         LINE#         166
  C:0827H         LINE#         168
  C:082AH         LINE#         169
  C:082DH         LINE#         170
  C:082DH         LINE#         171
  C:082DH         LINE#         172
  C:0830H         LINE#         174
  C:0833H         LINE#         175
  C:0833H         LINE#         176
  C:0833H         LINE#         177
  C:0833H         LINE#         178
  C:0836H         LINE#         180
  C:083CH         LINE#         181
  C:083FH         LINE#         182
  C:0844H         LINE#         183
  C:0844H         LINE#         184
  C:084AH         LINE#         186
  C:084DH         LINE#         187
  C:084DH         LINE#         188
  C:084DH         LINE#         189
  C:084DH         LINE#         192
  C:0850H         LINE#         193
BL51 BANKED LINKER/LOCATER V6.22                                                      04/02/2021  13:41:30  PAGE 43


  C:0853H         LINE#         194
  C:0853H         LINE#         195
  C:0853H         LINE#         196
  C:0856H         LINE#         198
  C:085CH         LINE#         199
  C:085CH         LINE#         200
  C:085CH         LINE#         201
  C:085CH         LINE#         202
  C:085FH         LINE#         204
  C:0865H         LINE#         205
  C:0868H         LINE#         206
  C:0868H         LINE#         207
  C:0868H         LINE#         208
  C:0868H         LINE#         210
  C:0868H         LINE#         211
  C:0868H         LINE#         212
  C:0868H         LINE#         213
  C:0868H         LINE#         214
  C:0868H         LINE#         216
  C:0868H         LINE#         217
  C:0868H         LINE#         218
  C:0868H         LINE#         219
  C:0868H         LINE#         220
  C:0868H         LINE#         222
  C:0868H         LINE#         223
  C:0868H         LINE#         224
  C:0868H         LINE#         225
  C:0868H         LINE#         226
  C:086BH         LINE#         228
  C:0871H         LINE#         229
  C:0876H         LINE#         230
  C:087BH         LINE#         231
  C:087BH         LINE#         232
  C:0881H         LINE#         234
  C:0889H         LINE#         235
  C:088FH         LINE#         236
  C:0896H         LINE#         237
  C:089DH         LINE#         240
  C:08A4H         LINE#         241
  C:08A7H         LINE#         242
  C:08A7H         LINE#         243
  C:08A7H         LINE#         244
  C:08AAH         LINE#         245
  C:08B0H         LINE#         246
  C:08B1H         LINE#         247
  C:08B1H         LINE#         248
  C:08B1H         LINE#         249
  C:08B7H         LINE#         251
  C:08B7H         LINE#         252
  C:08B7H         LINE#         253
  C:08B7H         LINE#         254
  C:08B7H         LINE#         255
  -------         ENDPROC       DU_DLDY
  -------         PROC          BC_DATA
  -------         DO            
  D:0008H         SYMBOL        i
  D:0009H         SYMBOL        datbz
BL51 BANKED LINKER/LOCATER V6.22                                                      04/02/2021  13:41:30  PAGE 44


  -------         ENDDO         
  C:15B3H         LINE#         257
  C:15B3H         LINE#         258
  C:15B3H         LINE#         261
  C:15B5H         LINE#         262
  C:15B5H         LINE#         263
  C:15B8H         LINE#         264
  C:15B8H         LINE#         265
  C:15BDH         LINE#         266
  C:15D0H         LINE#         267
  C:15D6H         LINE#         268
  C:15DBH         LINE#         269
  C:15E0H         LINE#         270
  C:15E0H         LINE#         271
  C:15EBH         LINE#         272
  C:15F2H         LINE#         273
  C:15F5H         LINE#         274
  C:15F7H         LINE#         275
  C:15FAH         LINE#         276
  C:15FAH         LINE#         277
  C:15FAH         LINE#         278
  C:15FDH         LINE#         279
  C:15FDH         LINE#         280
  C:1602H         LINE#         281
  C:1615H         LINE#         282
  C:161BH         LINE#         283
  C:1620H         LINE#         284
  C:1625H         LINE#         285
  C:1625H         LINE#         286
  C:1630H         LINE#         287
  C:1637H         LINE#         288
  C:163AH         LINE#         289
  C:163CH         LINE#         290
  C:163FH         LINE#         291
  C:163FH         LINE#         292
  C:163FH         LINE#         293
  C:1642H         LINE#         294
  C:1642H         LINE#         295
  C:1647H         LINE#         296
  C:165AH         LINE#         297
  C:1660H         LINE#         298
  C:1665H         LINE#         299
  C:166AH         LINE#         300
  C:166AH         LINE#         301
  C:1675H         LINE#         302
  C:167CH         LINE#         303
  C:167FH         LINE#         304
  C:1684H         LINE#         305
  C:1687H         LINE#         306
  C:1687H         LINE#         307
  C:1689H         LINE#         308
  -------         ENDPROC       BC_DATA
  -------         PROC          MAIN
  -------         DO            
  D:0002H         SYMBOL        i
  -------         ENDDO         
  C:14DBH         LINE#         310
BL51 BANKED LINKER/LOCATER V6.22                                                      04/02/2021  13:41:30  PAGE 45


  C:14DBH         LINE#         311
  C:14DBH         LINE#         313
  C:14DEH         LINE#         314
  C:14E1H         LINE#         315
  C:14E1H         LINE#         316
  C:14E1H         LINE#         318
  C:14E4H         LINE#         319
  C:14E4H         LINE#         320
  C:14E7H         LINE#         321
  C:14EAH         LINE#         322
  C:14ECH         LINE#         323
  C:14ECH         LINE#         324
  C:14EFH         LINE#         325
  C:14F2H         LINE#         326
  C:1506H         LINE#         327
  C:1506H         LINE#         328
  C:1509H         LINE#         329
  C:1509H         LINE#         330
  C:150CH         LINE#         331
  C:150EH         LINE#         332
  C:150EH         LINE#         333
  C:150EH         LINE#         334
  C:1518H         LINE#         335
  C:1518H         LINE#         336
  C:152BH         LINE#         337
  C:1542H         LINE#         338
  C:154EH         LINE#         339
  C:154EH         LINE#         340
  C:1556H         LINE#         341
  C:1556H         LINE#         342
  C:155AH         LINE#         343
  C:1560H         LINE#         344
  C:1566H         LINE#         345
  C:1569H         LINE#         346
  C:156EH         LINE#         347
  C:156EH         LINE#         348
  C:1574H         LINE#         349
  C:1574H         LINE#         350
  C:1576H         LINE#         352
  C:157CH         LINE#         353
  C:157CH         LINE#         354
  C:157EH         LINE#         355
  C:1580H         LINE#         356
  C:1581H         LINE#         357
  C:1581H         LINE#         358
  C:1581H         LINE#         359
  C:1581H         LINE#         360
  C:1587H         LINE#         361
  C:1589H         LINE#         362
  C:1589H         LINE#         363
  C:158FH         LINE#         364
  C:1592H         LINE#         365
  C:1596H         LINE#         366
  C:1599H         LINE#         367
  C:159CH         LINE#         368
  C:15A1H         LINE#         369
  C:15A3H         LINE#         370
BL51 BANKED LINKER/LOCATER V6.22                                                      04/02/2021  13:41:30  PAGE 46


  C:15A3H         LINE#         371
  C:15A3H         LINE#         372
  C:15A3H         LINE#         373
  C:15A5H         LINE#         374
  C:15A8H         LINE#         375
  C:15B0H         LINE#         376
  -------         ENDPROC       MAIN
  -------         PROC          SURT
  C:1919H         LINE#         380
  C:1921H         LINE#         382
  C:1923H         LINE#         383
  C:192AH         LINE#         384
  C:192AH         LINE#         385
  C:192DH         LINE#         386
  C:192FH         LINE#         387
  C:1931H         LINE#         388
  C:193BH         LINE#         389
  C:193FH         LINE#         390
  C:1942H         LINE#         391
  C:1942H         LINE#         392
  C:1948H         LINE#         393
  C:1950H         LINE#         394
  C:1957H         LINE#         395
  C:195AH         LINE#         396
  C:195AH         LINE#         397
  C:1960H         LINE#         398
  C:1960H         LINE#         399
  C:1962H         LINE#         400
  C:1968H         LINE#         401
  C:1968H         LINE#         402
  C:196DH         LINE#         403
  C:196FH         LINE#         404
  C:1971H         LINE#         405
  C:1971H         LINE#         406
  C:1971H         LINE#         407
  C:1974H         LINE#         408
  C:1974H         LINE#         409
  C:1976H         LINE#         410
  C:197DH         LINE#         411
  C:197DH         LINE#         412
  C:1987H         LINE#         413
  C:198DH         LINE#         414
  C:198DH         LINE#         415
  C:198DH         LINE#         416
  C:198DH         LINE#         417
  C:198DH         LINE#         418
  -------         ENDPROC       SURT
  -------         PROC          UART1
  C:1C71H         LINE#         420
  C:1C79H         LINE#         422
  C:1C87H         LINE#         423
  C:1C89H         LINE#         424
  C:1C8BH         LINE#         425
  C:1C96H         LINE#         426
  -------         ENDPROC       UART1
  -------         ENDMOD        多功腳

BL51 BANKED LINKER/LOCATER V6.22                                                      04/02/2021  13:41:30  PAGE 47


  -------         MODULE        ?C?FPDIV
  C:0029H         PUBLIC        ?C?FPDIV
  -------         ENDMOD        ?C?FPDIV

  -------         MODULE        ?C?FCAST
  C:00D0H         PUBLIC        ?C?FCASTC
  C:00CBH         PUBLIC        ?C?FCASTI
  C:00C6H         PUBLIC        ?C?FCASTL
  -------         ENDMOD        ?C?FCAST

  -------         MODULE        ?C?CASTF
  C:0104H         PUBLIC        ?C?CASTF
  -------         ENDMOD        ?C?CASTF

  -------         MODULE        ?C?UIDIV
  C:0185H         PUBLIC        ?C?UIDIV
  -------         ENDMOD        ?C?UIDIV

  -------         MODULE        ?C?LMUL
  C:01DAH         PUBLIC        ?C?LMUL
  -------         ENDMOD        ?C?LMUL

  -------         MODULE        ?C?ULDIV
  C:0265H         PUBLIC        ?C?ULDIV
  -------         ENDMOD        ?C?ULDIV

  -------         MODULE        ?C?LNEG
  C:02F7H         PUBLIC        ?C?LNEG
  -------         ENDMOD        ?C?LNEG

  -------         MODULE        ?C?ULCMP
  C:0305H         PUBLIC        ?C?ULCMP
  -------         ENDMOD        ?C?ULCMP

  -------         MODULE        ?C?ULSHR
  C:0316H         PUBLIC        ?C?ULSHR
  -------         ENDMOD        ?C?ULSHR

  -------         MODULE        ?C?LSHL
  C:0329H         PUBLIC        ?C?LSHL
  -------         ENDMOD        ?C?LSHL

  -------         MODULE        ?C?LSTXDATA
  C:033CH         PUBLIC        ?C?LSTXDATA
  -------         ENDMOD        ?C?LSTXDATA

  -------         MODULE        ?C?LSTKXDATA
  C:0348H         PUBLIC        ?C?LSTKXDATA
  -------         ENDMOD        ?C?LSTKXDATA

Program Size: data=61.1 xdata=1306 code=8374
LINK/LOCATE RUN COMPLETE.  0 WARNING(S),  0 ERROR(S)
