BL51 BANKED LINKER/LOCATER V6.22.4.0                                                    01/11/2024  08:52:03  PAGE 1


BL51 BANKED LINKER/LOCATER V6.22.4.0, INVOKED BY:
C:\KEIL_V5\C51\C51\BIN\BL51.EXE ht7038.obj, main.obj, bl0930.obj, sys.obj TO 无IIC短款三相电流STC8H17+DIDO RAMSIZE (256)
>> 


MEMORY MODEL: LARGE WITH FLOATING POINT ARITHMETIC


INPUT MODULES INCLUDED:
  ht7038.obj (HT7038)
  main.obj (MAIN)
  bl0930.obj (BL0930)
  sys.obj (SYS)
  C:\KEIL_V5\C51\C51\LIB\C51FPL.LIB (?C?FPDIV)
  C:\KEIL_V5\C51\C51\LIB\C51FPL.LIB (?C?FCAST)
  C:\KEIL_V5\C51\C51\LIB\C51FPL.LIB (?C?CASTF)
  C:\KEIL_V5\C51\C51\LIB\C51FPL.LIB (?C?FPGETOPN)
  C:\KEIL_V5\C51\C51\LIB\C51L.LIB (?C_STARTUP)
  C:\KEIL_V5\C51\C51\LIB\C51L.LIB (?C?CLDOPTR)
  C:\KEIL_V5\C51\C51\LIB\C51L.LIB (?C?CSTOPTR)
  C:\KEIL_V5\C51\C51\LIB\C51L.LIB (?C?UIDIV)
  C:\KEIL_V5\C51\C51\LIB\C51L.LIB (?C?LMUL)
  C:\KEIL_V5\C51\C51\LIB\C51L.LIB (?C?ULDIV)
  C:\KEIL_V5\C51\C51\LIB\C51L.LIB (?C?SLDIV)
  C:\KEIL_V5\C51\C51\LIB\C51L.LIB (?C?LNEG)
  C:\KEIL_V5\C51\C51\LIB\C51L.LIB (?C?SLCMP)
  C:\KEIL_V5\C51\C51\LIB\C51L.LIB (?C?ULCMP)
  C:\KEIL_V5\C51\C51\LIB\C51L.LIB (?C?ULSHR)
  C:\KEIL_V5\C51\C51\LIB\C51L.LIB (?C?SLSHR)
  C:\KEIL_V5\C51\C51\LIB\C51L.LIB (?C?LSHL)
  C:\KEIL_V5\C51\C51\LIB\C51L.LIB (?C?LLDPTR)
  C:\KEIL_V5\C51\C51\LIB\C51L.LIB (?C?LSTPTR)
  C:\KEIL_V5\C51\C51\LIB\C51L.LIB (?C?LSTXDATA)
  C:\KEIL_V5\C51\C51\LIB\C51L.LIB (?C?LSTKXDATA)
  C:\KEIL_V5\C51\C51\LIB\C51L.LIB (ABS)
  C:\KEIL_V5\C51\C51\LIB\C51L.LIB (?C_INIT)
  C:\KEIL_V5\C51\C51\LIB\C51L.LIB (?C?LLDIDATA)
  C:\KEIL_V5\C51\C51\LIB\C51L.LIB (?C?LLDXDATA)
  C:\KEIL_V5\C51\C51\LIB\C51L.LIB (?C?LLDPDATA)
  C:\KEIL_V5\C51\C51\LIB\C51L.LIB (?C?LLDCODE)
  C:\KEIL_V5\C51\C51\LIB\C51L.LIB (?C?LSTIDATA)
  C:\KEIL_V5\C51\C51\LIB\C51L.LIB (?C?LSTPDATA)


LINK MAP OF MODULE:  无IIC短款三相电流STC8H17+DIDO (HT7038)


            TYPE    BASE      LENGTH    RELOCATION   SEGMENT NAME
            -----------------------------------------------------

            * * * * * * *   D A T A   M E M O R Y   * * * * * * *
            REG     0000H     0008H     ABSOLUTE     "REG BANK 0"
                    0008H     0018H                  *** GAP ***
            DATA    0020H     0001H     BIT_ADDR     ?BA?MAIN
            BIT     0021H.0   0001H.7   UNIT         ?BI?MAIN
            BIT     0022H.7   0000H.1   UNIT         _BIT_GROUP_
            IDATA   0023H     0001H     UNIT         ?STACK

BL51 BANKED LINKER/LOCATER V6.22.4.0                                                  01/11/2024  08:52:03  PAGE 2


            * * * * * * *  X D A T A   M E M O R Y  * * * * * * *
            XDATA   0000H     0526H     UNIT         ?XD?MAIN
            XDATA   0526H     0074H     UNIT         ?XD?BL0930
            XDATA   059AH     0023H     UNIT         ?XD?BL0930_RESET?BL0930
            XDATA   05BDH     0016H     UNIT         ?XD?_MIC_CAL_FINISH?BL0930
            XDATA   05D3H     0010H     UNIT         ?XD?_MIC_CAL_OFFSET?BL0930
            XDATA   05E3H     000CH     UNIT         ?XD?_MICPARA_INIT?BL0930
            XDATA   05EFH     000CH     UNIT         _XDATA_GROUP_
            XDATA   05FBH     000AH     UNIT         ?XD?_MIC_CAL_RESET?BL0930
            XDATA   0605H     0009H     UNIT         ?XD?_UART1_SEND_RECEIVE?BL0930
            XDATA   060EH     0009H     UNIT         ?XD?_MIC_WRITE_CMP?BL0930
            XDATA   0617H     0009H     UNIT         ?XD?_MIC_CAL_INIT?BL0930
            XDATA   0620H     0008H     UNIT         ?XD?_MIC_CAL_GAIN?BL0930
            XDATA   0628H     0008H     UNIT         ?XD?_MIC_CAL_PHASE?BL0930
            XDATA   0630H     0007H     UNIT         ?XD?_MIC_WRITE_REG?BL0930
            XDATA   0637H     0005H     UNIT         ?XD?_BL0930_WRITE?BL0930
            XDATA   063CH     0005H     UNIT         ?XD?_MIC_READ?BL0930
            XDATA   0641H     0005H     UNIT         ?XD?_MIC_WRITE?BL0930
            XDATA   0646H     0004H     UNIT         ?XD?_GET_MIC?BL0930
            XDATA   064AH     0004H     UNIT         ?XD?_DELAY_MS?BL0930
            XDATA   064EH     0004H     UNIT         ?XD?_BL0930_READ?BL0930
            XDATA   0652H     0004H     UNIT         ?XD?MIC_RESET1?BL0930
            XDATA   0656H     0004H     UNIT         ?XD?MIC_READ_PARAM?BL0930
            XDATA   065AH     0003H     UNIT         ?XD?_SPI_READ?BL0930
            XDATA   065DH     0002H     UNIT         ?XD?_SPI_WRITE?BL0930
            XDATA   065FH     0002H     UNIT         ?XD?MIC_RESET?BL0930
            XDATA   0661H     0002H     UNIT         ?XD?MIC_INIT?BL0930

            * * * * * * *   C O D E   M E M O R Y   * * * * * * *
            CODE    0000H     0003H     ABSOLUTE     
            CODE    0003H     0003H     UNIT         ?PR?_MIC_READ_REG?BL0930
            CODE    0006H     0001H     UNIT         ?PR?DELAY?SYS
                    0007H     0004H                  *** GAP ***
            CODE    000BH     0003H     ABSOLUTE     
            CODE    000EH     000CH     UNIT         ?PR?_ABS?ABS
                    001AH     0001H                  *** GAP ***
            CODE    001BH     0003H     ABSOLUTE     
                    001EH     0005H                  *** GAP ***
            CODE    0023H     0003H     ABSOLUTE     
            CODE    0026H     081AH     UNIT         ?PR?DU_DLDY?MAIN
            CODE    0840H     062CH     UNIT         ?PR?JIANDATA?MAIN
            CODE    0E6CH     053EH     UNIT         ?PR?JIA_DATA?MAIN
            CODE    13AAH     04CAH     UNIT         ?PR?_SWXS_DISP?MAIN
            CODE    1874H     0452H     UNIT         ?C?LIB_CODE
            CODE    1CC6H     030DH     UNIT         ?PR?CS_DISP?MAIN
            CODE    1FD3H     02FDH     UNIT         ?PR?_MIC_CAL_FINISH?BL0930
            CODE    22D0H     02BDH     UNIT         ?PR?_YWXS_DISP?MAIN
            CODE    258DH     0257H     UNIT         ?PR?BC_DATA?MAIN
            CODE    27E4H     0256H     UNIT         ?PR?MIC_RESET?BL0930
            CODE    2A3AH     01EEH     UNIT         ?PR?SEC_VALUE?MAIN
            CODE    2C28H     01EBH     UNIT         ?PR?MIC_READ_PARAM?BL0930
            CODE    2E13H     01BAH     UNIT         ?PR?_MIC_CAL_GAIN?BL0930
            CODE    2FCDH     0199H     UNIT         ?PR?YC_SHUJU?MAIN
            CODE    3166H     0174H     UNIT         ?PR?INIT?MAIN
            CODE    32DAH     016AH     UNIT         ?PR?LED_DISP?MAIN
            CODE    3444H     015DH     UNIT         ?PR?_BL0930_READ?BL0930
            CODE    35A1H     0152H     UNIT         ?PR?ZZAI_YBDA?MAIN
BL51 BANKED LINKER/LOCATER V6.22.4.0                                                  01/11/2024  08:52:03  PAGE 3


            CODE    36F3H     0145H     UNIT         ?PR?_MIC_CAL_PHASE?BL0930
            CODE    3838H     0141H     UNIT         ?PR?KEY_IN?MAIN
            CODE    3979H     013AH     UNIT         ?PR?_MIC_CAL_OFFSET?BL0930
            CODE    3AB3H     012AH     UNIT         ?PR?MIC_RESET1?BL0930
            CODE    3BDDH     0126H     UNIT         ?PR?MAIN?MAIN
            CODE    3D03H     011CH     UNIT         ?PR?K1_OUT?MAIN
            CODE    3E1FH     0111H     UNIT         ?PR?_MIC_CAL_RESET?BL0930
            CODE    3F30H     00D7H     UNIT         ?PR?_SWZS_DISP?MAIN
            CODE    4007H     00CCH     UNIT         ?PR?JZDN_DATA?MAIN
            CODE    40D3H     00A6H     UNIT         ?PR?_READ_7053C?HT7038
            CODE    4179H     009BH     UNIT         ?PR?CRC_DATE?MAIN
            CODE    4214H     0098H     UNIT         ?PR?_MIC_WRITE_CMP?BL0930
            CODE    42ACH     0097H     UNIT         ?PR?_MIC_CAL_INIT?BL0930
            CODE    4343H     0091H     UNIT         ?PR?SURT?MAIN
            CODE    43D4H     008FH     UNIT         ?PR?_WRITE_7053C?HT7038
            CODE    4463H     008FH     UNIT         ?PR?OUT_DISP?MAIN
            CODE    44F2H     008CH     UNIT         ?C_C51STARTUP
            CODE    457EH     0089H     UNIT         ?PR?_UA_DP_DISP?MAIN
            CODE    4607H     0087H     UNIT         ?PR?_UART1_SEND_RECEIVE?BL0930
            CODE    468EH     0081H     UNIT         ?PR?_MICPARA_INIT?BL0930
            CODE    470FH     007DH     UNIT         ?PR?_BL0930_WRITE?BL0930
            CODE    478CH     007AH     UNIT         ?PR?_CMS_DISP?MAIN
            CODE    4806H     0071H     UNIT         ?PR?_MIC_WRITE_REG?BL0930
            CODE    4877H     006DH     UNIT         ?PR?_BTL_DISP?MAIN
            CODE    48E4H     0067H     UNIT         ?PR?_ZIJIAN_A?MAIN
            CODE    494BH     0067H     UNIT         ?PR?TIME1_ISR?MAIN
            CODE    49B2H     005FH     UNIT         ?PR?_I2CWRITEBYTE?MAIN
            CODE    4A11H     005DH     UNIT         ?PR?_DOUT_DI?MAIN
            CODE    4A6EH     005DH     UNIT         ?PR?_MIC_READ?BL0930
            CODE    4ACBH     005CH     UNIT         ?PR?_USYS_DISP?MAIN
            CODE    4B27H     005AH     UNIT         ?PR?_SXSX_DISP?MAIN
            CODE    4B81H     005AH     UNIT         ?PR?_ISYW_DISP?MAIN
            CODE    4BDBH     005AH     UNIT         ?PR?_NYE_DISP?MAIN
            CODE    4C35H     004FH     UNIT         ?PR?_DOUT_DO?MAIN
            CODE    4C84H     0046H     UNIT         ?PR?IN_ATT7053C?HT7038
            CODE    4CCAH     0046H     UNIT         ?PR?I2CSTART?MAIN
            CODE    4D10H     0045H     UNIT         ?PR?_DP_DISP?MAIN
            CODE    4D55H     0045H     UNIT         ?PR?_DIDO_DISP?MAIN
            CODE    4D9AH     0045H     UNIT         ?PR?_DO1_DO4?MAIN
            CODE    4DDFH     0045H     UNIT         ?PR?_OU1_OU4?MAIN
            CODE    4E24H     0045H     UNIT         ?PR?_DEALY_DISP?MAIN
            CODE    4E69H     0045H     UNIT         ?PR?_CODE_DISP?MAIN
            CODE    4EAEH     0045H     UNIT         ?PR?_INPT_DISP?MAIN
            CODE    4EF3H     0045H     UNIT         ?PR?_CONN_DISP?MAIN
            CODE    4F38H     0045H     UNIT         ?PR?_DISP_DISP?MAIN
            CODE    4F7DH     0045H     UNIT         ?PR?_CLRE_DISP?MAIN
            CODE    4FC2H     0045H     UNIT         ?PR?_USCL_DISP?MAIN
            CODE    5007H     0045H     UNIT         ?PR?_ISCL_DISP?MAIN
            CODE    504CH     0045H     UNIT         ?PR?_BAUD_DISP?MAIN
            CODE    5091H     0045H     UNIT         ?PR?_DATA_DISP?MAIN
            CODE    50D6H     0044H     UNIT         ?PR?_SET_DISP?MAIN
            CODE    511AH     0044H     UNIT         ?PR?_NET_DISP?MAIN
            CODE    515EH     0044H     UNIT         ?PR?_END_DISP?MAIN
            CODE    51A2H     0044H     UNIT         ?PR?_OLD_DISP?MAIN
            CODE    51E6H     0044H     UNIT         ?C?LDIV
            CODE    522AH     0043H     UNIT         ?PR?_PT_DISP?MAIN
            CODE    526DH     0043H     UNIT         ?PR?_CT_DISP?MAIN
BL51 BANKED LINKER/LOCATER V6.22.4.0                                                  01/11/2024  08:52:03  PAGE 4


            CODE    52B0H     0043H     UNIT         ?PR?_SN_DISP?MAIN
            CODE    52F3H     0042H     UNIT         ?PR?_GET_MIC?BL0930
            CODE    5335H     0041H     UNIT         ?PR?_BXS_DISP?MAIN
            CODE    5376H     0041H     UNIT         ?PR?UART1?MAIN
            CODE    53B7H     003BH     UNIT         ?PR?_SPI_READ?BL0930
            CODE    53F2H     003AH     UNIT         ?PR?_FLOAT_TO_IEEE754?MAIN
            CODE    542CH     0036H     UNIT         ?PR?_MIC_WRITE?BL0930
            CODE    5462H     0034H     UNIT         ?PR?BAOC_DATA?MAIN
            CODE    5496H     0034H     UNIT         ?PR?_COM_TXSJ?MAIN
            CODE    54CAH     0031H     UNIT         ?PR?MIC_INIT?BL0930
            CODE    54FBH     002FH     UNIT         ?PR?I2CSTOP?MAIN
            CODE    552AH     002EH     UNIT         ?PR?LED_DD?MAIN
            CODE    5558H     002DH     UNIT         ?PR?XIERU?MAIN
            CODE    5585H     002AH     UNIT         ?PR?_WRITE_ADD?MAIN
            CODE    55AFH     0029H     UNIT         ?C_INITSEG
            CODE    55D8H     0029H     UNIT         ?PR?_SPI_WRITE?BL0930
            CODE    5601H     0027H     UNIT         ?CO?MAIN
            CODE    5628H     0022H     UNIT         ?PR?MIC_CHECK?BL0930
            CODE    564AH     0021H     UNIT         ?PR?_READ_ADD?MAIN
            CODE    566BH     0021H     UNIT         ?PR?MIC_CAL_PROC?BL0930
            CODE    568CH     0020H     UNIT         ?PR?EEPROM_ERASE?MAIN
            CODE    56ACH     0020H     UNIT         ?PR?BL0930_RESET?BL0930
            CODE    56CCH     0013H     UNIT         ?PR?TIME1_INIT?MAIN
            CODE    56DFH     000EH     UNIT         ?PR?_DELAY_MS?BL0930
            CODE    56EDH     000EH     UNIT         ?PR?_DELAY1?SYS
            CODE    56FBH     000AH     UNIT         ?PR?_TWOBYTETOINT?MAIN



OVERLAY MAP OF MODULE:   无IIC短款三相电流STC8H17+DIDO (HT7038)


SEGMENT                                   BIT_GROUP          XDATA_GROUP
  +--> CALLED SEGMENT                  START    LENGTH     START    LENGTH
--------------------------------------------------------------------------
?C_C51STARTUP                          -----    -----      -----    -----
  +--> ?PR?MAIN?MAIN
  +--> ?C_INITSEG

?PR?MAIN?MAIN                          -----    -----      05EFH    0001H
  +--> ?PR?INIT?MAIN
  +--> ?PR?IN_ATT7053C?HT7038
  +--> ?PR?TIME1_INIT?MAIN
  +--> ?PR?OUT_DISP?MAIN
  +--> ?PR?_ZIJIAN_A?MAIN
  +--> ?PR?K1_OUT?MAIN
  +--> ?PR?LED_DISP?MAIN
  +--> ?PR?KEY_IN?MAIN
  +--> ?PR?DU_DLDY?MAIN
  +--> ?PR?BC_DATA?MAIN
  +--> ?PR?XIERU?MAIN
  +--> ?PR?CRC_DATE?MAIN
  +--> ?PR?_TWOBYTETOINT?MAIN
  +--> ?PR?YC_SHUJU?MAIN
  +--> ?PR?EEPROM_ERASE?MAIN
  +--> ?PR?_WRITE_ADD?MAIN
  +--> ?PR?_DELAY1?SYS
BL51 BANKED LINKER/LOCATER V6.22.4.0                                                  01/11/2024  08:52:03  PAGE 5



?PR?INIT?MAIN                          -----    -----      05F1H    0002H
  +--> ?PR?_READ_ADD?MAIN
  +--> ?PR?_DELAY1?SYS
  +--> ?PR?EEPROM_ERASE?MAIN
  +--> ?PR?_WRITE_ADD?MAIN
  +--> ?PR?_TWOBYTETOINT?MAIN
  +--> ?PR?JZDN_DATA?MAIN
  +--> ?PR?ZZAI_YBDA?MAIN

?PR?_READ_ADD?MAIN                     -----    -----      -----    -----
  +--> ?PR?DELAY?SYS

?PR?EEPROM_ERASE?MAIN                  -----    -----      -----    -----
  +--> ?PR?DELAY?SYS

?PR?_WRITE_ADD?MAIN                    -----    -----      -----    -----
  +--> ?CO?MAIN
  +--> ?PR?DELAY?SYS

?PR?JZDN_DATA?MAIN                     -----    -----      -----    -----
  +--> ?PR?_FLOAT_TO_IEEE754?MAIN

?PR?_FLOAT_TO_IEEE754?MAIN             -----    -----      05F4H    0004H

?PR?IN_ATT7053C?HT7038                 -----    -----      -----    -----
  +--> ?PR?_WRITE_7053C?HT7038
  +--> ?PR?_DELAY1?SYS

?PR?_WRITE_7053C?HT7038                -----    -----      05F1H    0006H
  +--> ?PR?DELAY?SYS

?PR?OUT_DISP?MAIN                      -----    -----      05F0H    0001H
  +--> ?PR?I2CSTART?MAIN
  +--> ?PR?_I2CWRITEBYTE?MAIN
  +--> ?PR?I2CSTOP?MAIN

?PR?I2CSTART?MAIN                      -----    -----      -----    -----
  +--> ?PR?DELAY?SYS

?PR?_I2CWRITEBYTE?MAIN                 -----    -----      05F1H    0002H
  +--> ?PR?DELAY?SYS

?PR?I2CSTOP?MAIN                       -----    -----      -----    -----
  +--> ?PR?DELAY?SYS

?PR?_ZIJIAN_A?MAIN                     -----    -----      -----    -----
  +--> ?CO?MAIN

?PR?LED_DISP?MAIN                      -----    -----      05F0H    0004H
  +--> ?PR?LED_DD?MAIN
  +--> ?PR?_BXS_DISP?MAIN
  +--> ?PR?_SWXS_DISP?MAIN
  +--> ?PR?CS_DISP?MAIN
  +--> ?PR?_DIDO_DISP?MAIN
  +--> ?PR?_DOUT_DI?MAIN
  +--> ?PR?_DOUT_DO?MAIN
BL51 BANKED LINKER/LOCATER V6.22.4.0                                                  01/11/2024  08:52:03  PAGE 6



?PR?_SWXS_DISP?MAIN                    -----    -----      05F4H    0005H
  +--> ?CO?MAIN

?PR?CS_DISP?MAIN                       -----    -----      -----    -----
  +--> ?PR?_CODE_DISP?MAIN
  +--> ?PR?_BXS_DISP?MAIN
  +--> ?PR?_SET_DISP?MAIN
  +--> ?PR?_DISP_DISP?MAIN
  +--> ?PR?_CLRE_DISP?MAIN
  +--> ?PR?_END_DISP?MAIN
  +--> ?PR?_DP_DISP?MAIN
  +--> ?PR?_DO1_DO4?MAIN
  +--> ?PR?_OU1_OU4?MAIN
  +--> ?PR?_DEALY_DISP?MAIN
  +--> ?PR?_YWXS_DISP?MAIN
  +--> ?PR?_CT_DISP?MAIN
  +--> ?PR?_SWZS_DISP?MAIN
  +--> ?PR?_UA_DP_DISP?MAIN
  +--> ?PR?_SWXS_DISP?MAIN
  +--> ?PR?_INPT_DISP?MAIN
  +--> ?PR?_NET_DISP?MAIN
  +--> ?PR?_SXSX_DISP?MAIN
  +--> ?PR?_USCL_DISP?MAIN
  +--> ?PR?_USYS_DISP?MAIN
  +--> ?PR?_ISCL_DISP?MAIN
  +--> ?PR?_ISYW_DISP?MAIN
  +--> ?PR?_PT_DISP?MAIN
  +--> ?PR?_CONN_DISP?MAIN
  +--> ?PR?_SN_DISP?MAIN
  +--> ?PR?_BAUD_DISP?MAIN
  +--> ?PR?_BTL_DISP?MAIN
  +--> ?PR?_DATA_DISP?MAIN
  +--> ?PR?_CMS_DISP?MAIN
  +--> ?PR?_OLD_DISP?MAIN
  +--> ?PR?_NYE_DISP?MAIN

?PR?_YWXS_DISP?MAIN                    -----    -----      05F4H    0006H
  +--> ?CO?MAIN

?PR?_SWZS_DISP?MAIN                    -----    -----      05F4H    0001H
  +--> ?CO?MAIN

?PR?_DOUT_DI?MAIN                      -----    -----      -----    -----
  +--> ?CO?MAIN

?PR?_DOUT_DO?MAIN                      -----    -----      -----    -----
  +--> ?CO?MAIN

?PR?KEY_IN?MAIN                        -----    -----      05F0H    0001H
  +--> ?PR?JIANDATA?MAIN
  +--> ?PR?JIA_DATA?MAIN
  +--> ?PR?SEC_VALUE?MAIN
  +--> ?PR?EEPROM_ERASE?MAIN
  +--> ?PR?_WRITE_ADD?MAIN
  +--> ?PR?_DELAY1?SYS
  +--> ?PR?INIT?MAIN
BL51 BANKED LINKER/LOCATER V6.22.4.0                                                  01/11/2024  08:52:03  PAGE 7


  +--> ?PR?IN_ATT7053C?HT7038

?PR?SEC_VALUE?MAIN                     -----    -----      -----    -----
  +--> ?PR?BAOC_DATA?MAIN

?PR?BAOC_DATA?MAIN                     -----    -----      -----    -----
  +--> ?PR?XIERU?MAIN

?PR?XIERU?MAIN                         -----    -----      05F1H    0001H
  +--> ?PR?EEPROM_ERASE?MAIN
  +--> ?PR?_WRITE_ADD?MAIN
  +--> ?PR?_DELAY1?SYS

?PR?DU_DLDY?MAIN                       -----    -----      05F0H    0004H
  +--> ?PR?_FLOAT_TO_IEEE754?MAIN
  +--> ?PR?_READ_7053C?HT7038

?PR?_READ_7053C?HT7038                 -----    -----      05F5H    0006H
  +--> ?PR?DELAY?SYS

?PR?BC_DATA?MAIN                       -----    -----      05F0H    0005H
  +--> ?PR?_READ_7053C?HT7038

?PR?CRC_DATE?MAIN                      0022H.7  0000H.1    05F4H    0004H

?PR?YC_SHUJU?MAIN                      -----    -----      05F0H    0004H
  +--> ?PR?_READ_7053C?HT7038
  +--> ?PR?CRC_DATE?MAIN
  +--> ?PR?_COM_TXSJ?MAIN



UNRESOLVED EXTERNAL SYMBOLS:
   METER_READ_CAL
   METER_WRITE_CAL
   UART1_INIT
   WDT_RESTART



SYMBOL TABLE OF MODULE:  无IIC短款三相电流STC8H17+DIDO (HT7038)

  VALUE           TYPE          NAME
  ----------------------------------

  -------         MODULE        HT7038
  C:0000H         SYMBOL        _ICE_DUMMY_
  D:0080H         PUBLIC        P0
  D:0090H         PUBLIC        P1
  D:00A0H         PUBLIC        P2
  D:00B0H         PUBLIC        P3
  D:00C0H         PUBLIC        P4
  D:00C8H         PUBLIC        P5
  D:00E8H         PUBLIC        P6
  D:00F8H         PUBLIC        P7
  D:00A8H         PUBLIC        IE
  B:00B0H.7       PUBLIC        CS
BL51 BANKED LINKER/LOCATER V6.22.4.0                                                  01/11/2024  08:52:03  PAGE 8


  D:00B8H         PUBLIC        IP
  B:00D0H.7       PUBLIC        CY
  D:00D8H         PUBLIC        CCON
  B:00B0H.4       PUBLIC        SCLK
  C:40D3H         PUBLIC        _read_7053c
  D:0098H         PUBLIC        SCON
  D:0088H         PUBLIC        TCON
  C:4C84H         PUBLIC        in_att7053c
  B:00B0H.5       PUBLIC        DOUT
  C:43D4H         PUBLIC        _write_7053c
  B:00B0H.6       PUBLIC        DIN
  D:00D0H         PUBLIC        PSW
  -------         PROC          _WRITE_7053C
  X:05F1H         SYMBOL        add
  X:05F2H         SYMBOL        date
  -------         DO            
  X:05F6H         SYMBOL        i
  -------         ENDDO         
  C:43D4H         LINE#         7
  C:43D9H         LINE#         8
  C:43D9H         LINE#         10
  C:43DBH         LINE#         11
  C:43E4H         LINE#         12
  C:43E9H         LINE#         13
  C:43EEH         LINE#         14
  C:43EEH         LINE#         15
  C:43F6H         LINE#         16
  C:43FBH         LINE#         17
  C:43FDH         LINE#         18
  C:4402H         LINE#         19
  C:440EH         LINE#         20
  C:442AH         LINE#         21
  C:442FH         LINE#         22
  C:442FH         LINE#         23
  C:4448H         LINE#         24
  C:444DH         LINE#         25
  C:444FH         LINE#         26
  C:4454H         LINE#         27
  C:4460H         LINE#         28
  C:4462H         LINE#         29
  -------         ENDPROC       _WRITE_7053C
  -------         PROC          _READ_7053C
  X:05F5H         SYMBOL        add
  -------         DO            
  X:05F6H         SYMBOL        i
  X:05F7H         SYMBOL        dat
  -------         ENDDO         
  C:40D3H         LINE#         31
  C:40D8H         LINE#         32
  C:40D8H         LINE#         34
  C:40E2H         LINE#         35
  C:40E7H         LINE#         36
  C:40ECH         LINE#         37
  C:40ECH         LINE#         38
  C:40F4H         LINE#         39
  C:40F9H         LINE#         40
  C:40FBH         LINE#         41
BL51 BANKED LINKER/LOCATER V6.22.4.0                                                  01/11/2024  08:52:03  PAGE 9


  C:4100H         LINE#         42
  C:410CH         LINE#         43
  C:4112H         LINE#         44
  C:4117H         LINE#         45
  C:4117H         LINE#         46
  C:4130H         LINE#         47
  C:4135H         LINE#         48
  C:4157H         LINE#         49
  C:415CH         LINE#         50
  C:4168H         LINE#         51
  C:416AH         LINE#         52
  C:4178H         LINE#         53
  -------         ENDPROC       _READ_7053C
  -------         PROC          IN_ATT7053C
  C:4C84H         LINE#         55
  C:4C84H         LINE#         56
  C:4C84H         LINE#         57
  C:4C93H         LINE#         58
  C:4C98H         LINE#         59
  C:4CA7H         LINE#         63
  C:4CB6H         LINE#         74
  C:4CC5H         LINE#         75
  -------         ENDPROC       IN_ATT7053C
  -------         ENDMOD        HT7038

  -------         MODULE        MAIN
  C:0000H         SYMBOL        _ICE_DUMMY_
  C:457EH         PUBLIC        _uA_dp_disp
  X:0002H         PUBLIC        cx_aa
  D:0092H         PUBLIC        P1M0
  D:0093H         PUBLIC        P0M1
  C:568CH         PUBLIC        eeprom_erase
  D:0096H         PUBLIC        P2M0
  D:0091H         PUBLIC        P1M1
  D:0080H         PUBLIC        P0
  D:00B2H         PUBLIC        P3M0
  D:0095H         PUBLIC        P2M1
  D:0090H         PUBLIC        P1
  D:00B4H         PUBLIC        P4M0
  D:00B1H         PUBLIC        P3M1
  D:00A0H         PUBLIC        P2
  C:3838H         PUBLIC        key_in
  D:00CAH         PUBLIC        P5M0
  D:00B3H         PUBLIC        P4M1
  D:00B0H         PUBLIC        P3
  B:0021H.0       PUBLIC        sj_bc
  D:00C9H         PUBLIC        P5M1
  D:00C0H         PUBLIC        P4
  C:49B2H         PUBLIC        _I2CWritebyte
  C:5700H         PUBLIC        _twoByteToint
  D:00C8H         PUBLIC        P5
  B:00A8H.7       PUBLIC        EA
  D:00E8H         PUBLIC        P6
  D:00F8H         PUBLIC        P7
  X:0006H         PUBLIC        zijian
  X:0007H         PUBLIC        wd_cj
  B:0020H.0       PUBLIC        gzf_a
BL51 BANKED LINKER/LOCATER V6.22.4.0                                                  01/11/2024  08:52:03  PAGE 10


  B:0020H.1       PUBLIC        gzf_b
  B:0020H.2       PUBLIC        gzf_c
  D:00BAH         PUBLIC        P_SW2
  D:00A8H         PUBLIC        IE
  B:0021H.1       PUBLIC        bc_tt
  B:0021H.2       PUBLIC        da_tt
  C:4DDFH         PUBLIC        _ou1_ou4
  D:00C5H         PUBLIC        IAP_CMD
  C:494BH         PUBLIC        time1_isr
  C:5462H         PUBLIC        baoc_data
  B:00C0H.2       PUBLIC        r485
  B:0021H.3       PUBLIC        key_k
  X:0008H         PUBLIC        in_js
  B:00B0H.3       PUBLIC        ss1
  X:0009H         PUBLIC        dljza
  B:0020H.7       PUBLIC        btl_t
  B:0021H.4       PUBLIC        xb_bz
  B:00A8H.4       PUBLIC        ES
  B:00B0H.2       PUBLIC        ss2
  X:000BH         PUBLIC        IEEE
  X:000FH         PUBLIC        dljzb
  X:0011H         PUBLIC        ct_shuliang
  D:00B8H         PUBLIC        IP
  B:0090H.7       PUBLIC        ss3
  C:4179H         PUBLIC        Crc_date
  X:0012H         PUBLIC        dljzc
  X:0014H         PUBLIC        xzmima
  B:0090H.6       PUBLIC        ss4
  B:0098H.0       PUBLIC        RI
  B:0090H.3       PUBLIC        Din
  B:0090H.4       PUBLIC        k1
  B:0098H.1       PUBLIC        TI
  X:0015H         PUBLIC        voltage_vary_ratio
  B:0021H.5       PUBLIC        kk_tt
  B:0021H.6       PUBLIC        cs_tt
  D:00C3H         PUBLIC        IAP_ADDRH
  X:0017H         PUBLIC        jcqa
  B:0021H.7       PUBLIC        in_tt
  B:00B8H.4       PUBLIC        PS
  X:0018H         PUBLIC        jcrc
  B:0022H.0       PUBLIC        cs_xt
  D:00D8H         PUBLIC        CCON
  D:00C4H         PUBLIC        IAP_ADDRL
  C:4E24H         PUBLIC        _dealy_disp
  B:0022H.1       PUBLIC        wd_tt
  X:001AH         PUBLIC        mima
  C:3BDDH         PUBLIC        main
  C:4D10H         PUBLIC        _DP_disp
  X:001CH         PUBLIC        abc
  B:0022H.2       PUBLIC        sj_tt
  C:564AH         PUBLIC        _read_add
  B:0022H.3       PUBLIC        sx_bz
  C:48EAH         PUBLIC        _zijian_A
  X:0020H         PUBLIC        zjcd
  B:0020H.6       PUBLIC        is_yw
  C:5091H         PUBLIC        _data_disp
  X:0021H         PUBLIC        xgma
BL51 BANKED LINKER/LOCATER V6.22.4.0                                                  01/11/2024  08:52:03  PAGE 11


  X:0023H         PUBLIC        cser
  B:0090H.1       PUBLIC        dia
  C:4E69H         PUBLIC        _code_disp
  C:5558H         PUBLIC        xieru
  X:0024H         PUBLIC        xgmb
  X:0026H         PUBLIC        current_vary_ratio
  B:0022H.4       PUBLIC        ss_tt
  B:0090H.0       PUBLIC        dib
  C:504CH         PUBLIC        _baud_disp
  X:0028H         PUBLIC        xgmc
  D:0099H         PUBLIC        SBUF
  C:0E6CH         PUBLIC        jia_data
  X:002AH         PUBLIC        xian
  X:002BH         PUBLIC        ycrc
  D:00F5H         PUBLIC        IAP_TPS
  B:0022H.5       PUBLIC        rx_tt
  D:0098H         PUBLIC        SCON
  C:4D55H         PUBLIC        _dido_disp
  C:4007H         PUBLIC        jzdn_data
  D:0089H         PUBLIC        TMOD
  D:0088H         PUBLIC        TCON
  C:3166H         PUBLIC        init
  X:002DH         PUBLIC        tcjs
  B:0020H.5       PUBLIC        us_ys
  B:0020H.4       PUBLIC        sx_sx
  C:558CH         PUBLIC        _write_add
  X:002EH         PUBLIC        ipdz
  X:002FH         PUBLIC        xbjs
  X:0030H         PUBLIC        csyi
  C:4F7DH         PUBLIC        _clre_disp
  X:0031H         PUBLIC        eep
  D:0020H         PUBLIC        shez
  C:2A3AH         PUBLIC        sec_value
  X:0032H         PUBLIC        yhmm
  C:5007H         PUBLIC        _iscl_disp
  C:0840H         PUBLIC        jiandata
  D:008EH         PUBLIC        AUXR
  C:258DH         PUBLIC        bc_data
  C:4EF3H         PUBLIC        _conn_disp
  C:35A1H         PUBLIC        zzai_ybda
  X:0034H         PUBLIC        txgn
  D:00C7H         PUBLIC        IAP_CONTR
  C:4F38H         PUBLIC        _disp_disp
  X:0035H         PUBLIC        xsfs
  C:32DAH         PUBLIC        led_disp
  B:00A8H.1       PUBLIC        ET0
  B:00A8H.3       PUBLIC        ET1
  C:515EH         PUBLIC        _end_disp
  B:0088H.7       PUBLIC        TF1
  C:4FC2H         PUBLIC        _uscl_disp
  X:0036H         PUBLIC        wsms
  D:008CH         PUBLIC        TH0
  D:008DH         PUBLIC        TH1
  D:00D6H         PUBLIC        TH2
  D:00D6H         PUBLIC        T2H
  C:4343H         PUBLIC        surt
  C:4EAEH         PUBLIC        _inpt_disp
BL51 BANKED LINKER/LOCATER V6.22.4.0                                                  01/11/2024  08:52:03  PAGE 12


  C:4CCAH         PUBLIC        I2CStart
  D:008AH         PUBLIC        TL0
  C:5618H         PUBLIC        shu
  D:008BH         PUBLIC        TL1
  D:00D7H         PUBLIC        TL2
  D:00D7H         PUBLIC        T2L
  C:51A2H         PUBLIC        _old_disp
  X:0037H         PUBLIC        cp
  X:0047H         PUBLIC        jj
  X:0049H         PUBLIC        ep
  C:3D03H         PUBLIC        k1_out
  C:4877H         PUBLIC        _btl_disp
  X:005FH         PUBLIC        kk
  B:0020H.3       PUBLIC        nb1_t
  D:00C2H         PUBLIC        IAP_DATA
  B:0088H.4       PUBLIC        TR0
  C:478CH         PUBLIC        _cms_disp
  C:5601H         PUBLIC        sd
  B:0088H.6       PUBLIC        TR1
  C:5400H         PUBLIC        _Float_to_IEEE754
  B:0090H.2       PUBLIC        CLK
  C:511AH         PUBLIC        _net_disp
  X:0060H         PUBLIC        yb
  X:02B8H         PUBLIC        Disp_liangdu
  C:552AH         PUBLIC        led_dd
  X:02B9H         PUBLIC        kout_shu_V1
  C:4BDBH         PUBLIC        _nye_disp
  C:50D6H         PUBLIC        _set_disp
  C:4B81H         PUBLIC        _isyw_disp
  C:5335H         PUBLIC        _bxs_disp
  X:02BBH         PUBLIC        rp
  X:02C3H         PUBLIC        tp
  C:54FBH         PUBLIC        I2CStop
  X:051BH         PUBLIC        pingbidianliu
  X:051CH         PUBLIC        Do1_moshi
  C:0026H         PUBLIC        du_dldy
  C:1CC6H         PUBLIC        cs_disp
  C:4ACBH         PUBLIC        _usys_disp
  C:526DH         PUBLIC        _ct_disp
  C:13AAH         PUBLIC        _swxs_disp
  C:4B27H         PUBLIC        _sxsx_disp
  X:051DH         PUBLIC        Do_timer_S
  C:5496H         PUBLIC        _com_txsj
  C:3F37H         PUBLIC        _swzs_disp
  C:4A11H         PUBLIC        _dout_di
  C:4463H         PUBLIC        out_disp
  C:4D9AH         PUBLIC        _do1_do4
  B:0022H.6       PUBLIC        fig_out_k1
  C:5376H         PUBLIC        uart1
  C:2FCDH         PUBLIC        yc_shuju
  C:22D0H         PUBLIC        _ywxs_disp
  C:4C35H         PUBLIC        _dout_do
  D:00C6H         PUBLIC        IAP_TRIG
  C:52B0H         PUBLIC        _sn_disp
  C:522AH         PUBLIC        _pt_disp
  C:56CCH         PUBLIC        time1_init
  D:00D0H         PUBLIC        PSW
BL51 BANKED LINKER/LOCATER V6.22.4.0                                                  01/11/2024  08:52:03  PAGE 13


  X:051EH         PUBLIC        ax_aa
  X:0522H         PUBLIC        bx_aa
  D:0094H         PUBLIC        P0M0
  -------         PROC          EEPROM_ERASE
  C:568CH         LINE#         134
  C:568CH         LINE#         135
  C:568CH         LINE#         136
  C:568FH         LINE#         137
  C:5692H         LINE#         138
  C:5695H         LINE#         139
  C:5698H         LINE#         140
  C:569BH         LINE#         141
  C:569EH         LINE#         142
  C:56A1H         LINE#         143
  C:56A4H         LINE#         144
  C:56A7H         LINE#         145
  C:56A9H         LINE#         146
  C:56ABH         LINE#         147
  -------         ENDPROC       EEPROM_ERASE
  C:5585H         SYMBOL        L?0893
  -------         PROC          L?0892
  -------         ENDPROC       L?0892
  C:5585H         SYMBOL        L?0893
  -------         PROC          _WRITE_ADD
  D:0007H         SYMBOL        add
  D:0005H         SYMBOL        date
  C:558CH         LINE#         149
  C:558CH         LINE#         150
  C:558CH         LINE#         151
  C:558FH         LINE#         152
  C:5592H         LINE#         153
  C:5595H         LINE#         154
  C:5598H         LINE#         155
  C:559AH         LINE#         156
  C:559EH         LINE#         157
  C:55A1H         LINE#         158
  C:55A4H         LINE#         159
  C:55A7H         LINE#         160
  C:55AAH         LINE#         161
  C:55ACH         LINE#         162
  C:55AEH         LINE#         163
  -------         ENDPROC       _WRITE_ADD
  -------         PROC          _READ_ADD
  D:0007H         SYMBOL        add
  -------         DO            
  D:0007H         SYMBOL        date
  -------         ENDDO         
  C:564AH         LINE#         165
  C:564AH         LINE#         166
  C:564AH         LINE#         168
  C:564DH         LINE#         169
  C:5650H         LINE#         170
  C:5653H         LINE#         171
  C:5656H         LINE#         172
  C:5658H         LINE#         173
  C:565BH         LINE#         174
  C:565EH         LINE#         175
BL51 BANKED LINKER/LOCATER V6.22.4.0                                                  01/11/2024  08:52:03  PAGE 14


  C:5661H         LINE#         176
  C:5663H         LINE#         177
  C:5666H         LINE#         178
  C:5668H         LINE#         179
  C:566AH         LINE#         180
  C:566AH         LINE#         181
  -------         ENDPROC       _READ_ADD
  C:56FBH         SYMBOL        L?0891
  -------         PROC          L?0890
  -------         ENDPROC       L?0890
  C:56FBH         SYMBOL        L?0891
  -------         PROC          _TWOBYTETOINT
  D:0007H         SYMBOL        ch1
  D:0005H         SYMBOL        ch2
  -------         DO            
  D:0006H         SYMBOL        ch
  -------         ENDDO         
  C:5700H         LINE#         183
  C:5700H         LINE#         184
  C:5700H         LINE#         186
  C:5704H         LINE#         187
  C:5704H         LINE#         188
  -------         ENDPROC       _TWOBYTETOINT
  C:53F3H         SYMBOL        L?0888
  C:53F8H         SYMBOL        L?0889
  -------         PROC          L?0887
  -------         ENDPROC       L?0887
  C:53F3H         SYMBOL        L?0888
  C:53F8H         SYMBOL        L?0889
  -------         PROC          _FLOAT_TO_IEEE754
  D:0004H         SYMBOL        x
  -------         DO            
  D:0007H         SYMBOL        i
  X:05F4H         SYMBOL        p
  -------         ENDDO         
  C:5400H         LINE#         197
  C:5400H         LINE#         198
  C:5400H         LINE#         202
  C:5406H         LINE#         203
  C:5408H         LINE#         204
  C:5408H         LINE#         205
  C:5426H         LINE#         206
  C:542BH         LINE#         207
  -------         ENDPROC       _FLOAT_TO_IEEE754
  -------         PROC          CRC_DATE
  B:0022H.7       SYMBOL        trb
  X:05F4H         SYMBOL        das
  -------         DO            
  D:0004H         SYMBOL        i
  D:0002H         SYMBOL        j
  X:05F6H         SYMBOL        Crc
  -------         ENDDO         
  C:4179H         LINE#         208
  C:4179H         LINE#         209
  C:4179H         LINE#         211
  C:4181H         LINE#         212
  C:4191H         LINE#         213
BL51 BANKED LINKER/LOCATER V6.22.4.0                                                  01/11/2024  08:52:03  PAGE 15


  C:4191H         LINE#         214
  C:41A6H         LINE#         215
  C:41C6H         LINE#         216
  C:41C9H         LINE#         217
  C:41C9H         LINE#         218
  C:41EDH         LINE#         219
  C:41F8H         LINE#         220
  C:4203H         LINE#         221
  C:420BH         LINE#         222
  C:4213H         LINE#         223
  -------         ENDPROC       CRC_DATE
  -------         PROC          JZDN_DATA
  C:4007H         LINE#         225
  C:4007H         LINE#         226
  C:4007H         LINE#         227
  C:400AH         LINE#         228
  C:4017H         LINE#         229
  C:4024H         LINE#         230
  C:4031H         LINE#         231
  C:4038H         LINE#         232
  C:403BH         LINE#         233
  C:4048H         LINE#         234
  C:4055H         LINE#         235
  C:4062H         LINE#         236
  C:4069H         LINE#         237
  C:406CH         LINE#         238
  C:4079H         LINE#         239
  C:4086H         LINE#         240
  C:4093H         LINE#         241
  C:409BH         LINE#         242
  C:409EH         LINE#         243
  C:40ABH         LINE#         244
  C:40B8H         LINE#         245
  C:40C5H         LINE#         246
  C:40D2H         LINE#         247
  -------         ENDPROC       JZDN_DATA
  -------         PROC          ZZAI_YBDA
  -------         DO            
  D:0004H         SYMBOL        i
  -------         ENDDO         
  C:35A1H         LINE#         249
  C:35A1H         LINE#         250
  C:35A1H         LINE#         252
  C:35BBH         LINE#         253
  C:35D5H         LINE#         254
  C:35EFH         LINE#         255
  C:3609H         LINE#         256
  C:3612H         LINE#         257
  C:361AH         LINE#         258
  C:3622H         LINE#         259
  C:362AH         LINE#         260
  C:3632H         LINE#         261
  C:363AH         LINE#         262
  C:3642H         LINE#         263
  C:364AH         LINE#         264
  C:3652H         LINE#         265
  C:365AH         LINE#         266
BL51 BANKED LINKER/LOCATER V6.22.4.0                                                  01/11/2024  08:52:03  PAGE 16


  C:3662H         LINE#         267
  C:3665H         LINE#         268
  C:3665H         LINE#         269
  C:367AH         LINE#         270
  C:3685H         LINE#         271
  C:3689H         LINE#         272
  C:3689H         LINE#         273
  C:369EH         LINE#         274
  C:36A9H         LINE#         275
  C:36B4H         LINE#         276
  C:36BCH         LINE#         277
  C:36C6H         LINE#         278
  C:36CEH         LINE#         279
  C:36D8H         LINE#         280
  C:36E0H         LINE#         281
  C:36EAH         LINE#         282
  C:36F2H         LINE#         283
  -------         ENDPROC       ZZAI_YBDA
  -------         PROC          INIT
  -------         DO            
  X:05F1H         SYMBOL        i
  X:05F2H         SYMBOL        j
  -------         ENDDO         
  C:3166H         LINE#         285
  C:3166H         LINE#         286
  C:3166H         LINE#         288
  C:3169H         LINE#         289
  C:316CH         LINE#         290
  C:316EH         LINE#         291
  C:3170H         LINE#         292
  C:3172H         LINE#         293
  C:3174H         LINE#         294
  C:3176H         LINE#         295
  C:3178H         LINE#         296
  C:317AH         LINE#         297
  C:317CH         LINE#         298
  C:317FH         LINE#         299
  C:3181H         LINE#         300
  C:3187H         LINE#         302
  C:3191H         LINE#         303
  C:3196H         LINE#         304
  C:319FH         LINE#         305
  C:319FH         LINE#         306
  C:31A2H         LINE#         307
  C:31A7H         LINE#         308
  C:31A7H         LINE#         309
  C:31ADH         LINE#         310
  C:31B2H         LINE#         311
  C:31BEH         LINE#         312
  C:31BEH         LINE#         313
  C:31ECH         LINE#         314
  C:31FAH         LINE#         315
  C:3208H         LINE#         316
  C:3210H         LINE#         317
  C:3218H         LINE#         318
  C:3226H         LINE#         319
  C:322CH         LINE#         321
BL51 BANKED LINKER/LOCATER V6.22.4.0                                                  01/11/2024  08:52:03  PAGE 17


  C:3238H         LINE#         322
  C:3246H         LINE#         323
  C:3254H         LINE#         324
  C:325CH         LINE#         325
  C:3264H         LINE#         326
  C:3272H         LINE#         327
  C:327AH         LINE#         328
  C:3282H         LINE#         329
  C:328AH         LINE#         330
  C:328FH         LINE#         331
  C:3292H         LINE#         340
  C:3295H         LINE#         343
  C:329AH         LINE#         344
  C:329EH         LINE#         346
  C:32A2H         LINE#         347
  C:32A5H         LINE#         350
  C:32A7H         LINE#         351
  C:32AAH         LINE#         352
  C:32ADH         LINE#         353
  C:32B0H         LINE#         354
  C:32B3H         LINE#         355
  C:32B3H         LINE#         356
  C:32B6H         LINE#         357
  C:32B9H         LINE#         358
  C:32BBH         LINE#         360
  C:32BBH         LINE#         361
  C:32BEH         LINE#         362
  C:32C1H         LINE#         363
  C:32C1H         LINE#         364
  C:32C4H         LINE#         366
  C:32C6H         LINE#         367
  C:32C8H         LINE#         369
  C:32CBH         LINE#         370
  C:32D1H         LINE#         371
  C:32D7H         LINE#         372
  C:32D9H         LINE#         373
  -------         ENDPROC       INIT
  -------         PROC          TIME1_INIT
  C:56CCH         LINE#         374
  C:56CCH         LINE#         375
  C:56CCH         LINE#         376
  C:56CFH         LINE#         377
  C:56D2H         LINE#         378
  C:56D5H         LINE#         379
  C:56D8H         LINE#         380
  C:56DAH         LINE#         381
  C:56DCH         LINE#         382
  C:56DEH         LINE#         383
  -------         ENDPROC       TIME1_INIT
  -------         PROC          XIERU
  -------         DO            
  X:05F1H         SYMBOL        i
  -------         ENDDO         
  C:5558H         LINE#         384
  C:5558H         LINE#         385
  C:5558H         LINE#         387
  C:555BH         LINE#         388
BL51 BANKED LINKER/LOCATER V6.22.4.0                                                  01/11/2024  08:52:03  PAGE 18


  C:5560H         LINE#         389
  C:5560H         LINE#         390
  C:5573H         LINE#         391
  C:5578H         LINE#         392
  C:5584H         LINE#         393
  -------         ENDPROC       XIERU
  -------         PROC          I2CSTART
  C:4CCAH         LINE#         15
  C:4CCAH         LINE#         16
  C:4CCAH         LINE#         17
  C:4CCCH         LINE#         18
  C:4CCEH         LINE#         19
  C:4CD4H         LINE#         20
  C:4CDAH         LINE#         21
  C:4CDCH         LINE#         22
  C:4CE2H         LINE#         23
  C:4CE8H         LINE#         24
  C:4CEAH         LINE#         25
  C:4CF0H         LINE#         26
  C:4CF6H         LINE#         27
  C:4CFCH         LINE#         28
  C:4D02H         LINE#         29
  C:4D04H         LINE#         30
  C:4D0AH         LINE#         31
  -------         ENDPROC       I2CSTART
  -------         PROC          I2CSTOP
  C:54FBH         LINE#         34
  C:54FBH         LINE#         35
  C:54FBH         LINE#         36
  C:54FDH         LINE#         37
  C:5503H         LINE#         38
  C:5509H         LINE#         39
  C:550BH         LINE#         40
  C:5511H         LINE#         41
  C:5517H         LINE#         42
  C:5519H         LINE#         43
  C:551FH         LINE#         44
  C:5525H         LINE#         45
  C:5527H         LINE#         46
  C:5529H         LINE#         48
  -------         ENDPROC       I2CSTOP
  -------         PROC          _I2CWRITEBYTE
  X:05F1H         SYMBOL        oneByte
  -------         DO            
  X:05F2H         SYMBOL        i
  -------         ENDDO         
  C:49B2H         LINE#         50
  C:49B7H         LINE#         51
  C:49B7H         LINE#         53
  C:49BAH         LINE#         54
  C:49BAH         LINE#         55
  C:49BCH         LINE#         56
  C:49C7H         LINE#         57
  C:49C9H         LINE#         58
  C:49CFH         LINE#         59
  C:49D5H         LINE#         60
  C:49DBH         LINE#         61
BL51 BANKED LINKER/LOCATER V6.22.4.0                                                  01/11/2024  08:52:03  PAGE 19


  C:49DDH         LINE#         62
  C:49E5H         LINE#         63
  C:49EFH         LINE#         64
  C:49F1H         LINE#         65
  C:49F7H         LINE#         66
  C:49FDH         LINE#         67
  C:4A03H         LINE#         68
  C:4A05H         LINE#         69
  C:4A0BH         LINE#         70
  -------         ENDPROC       _I2CWRITEBYTE
  -------         PROC          OUT_DISP
  -------         DO            
  X:05F0H         SYMBOL        i
  -------         ENDDO         
  C:4463H         LINE#         73
  C:4463H         LINE#         74
  C:4463H         LINE#         76
  C:4466H         LINE#         77
  C:446BH         LINE#         78
  C:446EH         LINE#         80
  C:4471H         LINE#         81
  C:4476H         LINE#         82
  C:4485H         LINE#         83
  C:4485H         LINE#         84
  C:4494H         LINE#         85
  C:449CH         LINE#         86
  C:449FH         LINE#         87
  C:44A2H         LINE#         88
  C:44CAH         LINE#         89
  C:44CAH         LINE#         90
  C:44CEH         LINE#         91
  C:44D2H         LINE#         92
  C:44D6H         LINE#         93
  C:44DAH         LINE#         94
  C:44DEH         LINE#         95
  C:44E2H         LINE#         96
  C:44E6H         LINE#         97
  C:44EAH         LINE#         98
  C:44EFH         LINE#         99
  C:44EFH         LINE#         100
  -------         ENDPROC       OUT_DISP
  -------         PROC          _DP_DISP
  D:0007H         SYMBOL        x
  C:4D10H         LINE#         103
  C:4D10H         LINE#         104
  C:4D10H         LINE#         105
  C:4D21H         LINE#         106
  C:4D32H         LINE#         107
  C:4D43H         LINE#         108
  C:4D54H         LINE#         109
  -------         ENDPROC       _DP_DISP
  -------         PROC          _DIDO_DISP
  D:0007H         SYMBOL        x
  C:4D55H         LINE#         111
  C:4D55H         LINE#         112
  C:4D55H         LINE#         113
  C:4D66H         LINE#         114
BL51 BANKED LINKER/LOCATER V6.22.4.0                                                  01/11/2024  08:52:03  PAGE 20


  C:4D77H         LINE#         115
  C:4D88H         LINE#         116
  C:4D99H         LINE#         117
  -------         ENDPROC       _DIDO_DISP
  -------         PROC          _DO1_DO4
  D:0007H         SYMBOL        x
  C:4D9AH         LINE#         119
  C:4D9AH         LINE#         120
  C:4D9AH         LINE#         121
  C:4DABH         LINE#         122
  C:4DBCH         LINE#         123
  C:4DCDH         LINE#         124
  C:4DDEH         LINE#         125
  -------         ENDPROC       _DO1_DO4
  -------         PROC          _OU1_OU4
  D:0007H         SYMBOL        x
  C:4DDFH         LINE#         127
  C:4DDFH         LINE#         128
  C:4DDFH         LINE#         129
  C:4DF0H         LINE#         130
  C:4E01H         LINE#         131
  C:4E12H         LINE#         132
  C:4E23H         LINE#         133
  -------         ENDPROC       _OU1_OU4
  -------         PROC          _DEALY_DISP
  D:0007H         SYMBOL        x
  C:4E24H         LINE#         135
  C:4E24H         LINE#         136
  C:4E24H         LINE#         137
  C:4E35H         LINE#         138
  C:4E46H         LINE#         139
  C:4E57H         LINE#         140
  C:4E68H         LINE#         141
  -------         ENDPROC       _DEALY_DISP
  -------         PROC          _DOUT_DI
  D:0007H         SYMBOL        x
  C:4A11H         LINE#         144
  C:4A11H         LINE#         145
  C:4A11H         LINE#         146
  C:4A14H         LINE#         147
  C:4A19H         LINE#         149
  C:4A2FH         LINE#         150
  C:4A32H         LINE#         151
  C:4A37H         LINE#         153
  C:4A4DH         LINE#         154
  C:4A5DH         LINE#         155
  C:4A6DH         LINE#         156
  -------         ENDPROC       _DOUT_DI
  -------         PROC          _DOUT_DO
  D:0007H         SYMBOL        x
  C:4C35H         LINE#         158
  C:4C35H         LINE#         159
  C:4C35H         LINE#         160
  C:4C38H         LINE#         161
  C:4C3DH         LINE#         163
  C:4C53H         LINE#         164
  C:4C63H         LINE#         165
BL51 BANKED LINKER/LOCATER V6.22.4.0                                                  01/11/2024  08:52:03  PAGE 21


  C:4C73H         LINE#         166
  C:4C83H         LINE#         167
  -------         ENDPROC       _DOUT_DO
  -------         PROC          _UA_DP_DISP
  D:0007H         SYMBOL        x
  D:0005H         SYMBOL        y
  C:457EH         LINE#         169
  C:457EH         LINE#         170
  C:457EH         LINE#         171
  C:458FH         LINE#         172
  C:459AH         LINE#         173
  C:459AH         LINE#         174
  C:45ADH         LINE#         175
  C:45C0H         LINE#         176
  C:45D3H         LINE#         177
  C:45E4H         LINE#         178
  C:45E4H         LINE#         179
  C:45F5H         LINE#         180
  C:4606H         LINE#         181
  -------         ENDPROC       _UA_DP_DISP
  C:3F30H         SYMBOL        L?0895
  -------         PROC          L?0894
  -------         ENDPROC       L?0894
  C:3F30H         SYMBOL        L?0895
  -------         PROC          _SWZS_DISP
  X:05F4H         SYMBOL        x
  D:0002H         SYMBOL        dat
  C:3F37H         LINE#         183
  C:3F40H         LINE#         184
  C:3F40H         LINE#         185
  C:3F6BH         LINE#         186
  C:3FA3H         LINE#         187
  C:3FDBH         LINE#         188
  C:4006H         LINE#         189
  -------         ENDPROC       _SWZS_DISP
  -------         PROC          _YWXS_DISP
  X:05F4H         SYMBOL        x
  X:05F5H         SYMBOL        d_v
  -------         DO            
  X:05F9H         SYMBOL        aa
  D:0007H         SYMBOL        ab
  -------         ENDDO         
  C:22D0H         LINE#         192
  C:22D5H         LINE#         193
  C:22D5H         LINE#         195
  C:22EFH         LINE#         196
  C:22EFH         LINE#         197
  C:230DH         LINE#         198
  C:230FH         LINE#         199
  C:2313H         LINE#         200
  C:2331H         LINE#         201
  C:2331H         LINE#         202
  C:234EH         LINE#         203
  C:236BH         LINE#         204
  C:237EH         LINE#         205
  C:23A7H         LINE#         206
  C:23DBH         LINE#         207
BL51 BANKED LINKER/LOCATER V6.22.4.0                                                  01/11/2024  08:52:03  PAGE 22


  C:23EEH         LINE#         208
  C:2438H         LINE#         209
  C:2457H         LINE#         210
  C:245AH         LINE#         212
  C:2479H         LINE#         213
  C:2479H         LINE#         214
  C:24B1H         LINE#         215
  C:24FBH         LINE#         216
  C:2544H         LINE#         217
  C:258CH         LINE#         218
  C:258CH         LINE#         223
  -------         ENDPROC       _YWXS_DISP
  -------         PROC          L?0896
  -------         ENDPROC       L?0896
  -------         PROC          _ZIJIAN_A
  D:0007H         SYMBOL        x
  D:0005H         SYMBOL        dat
  C:48EAH         LINE#         225
  C:48EAH         LINE#         226
  C:48EAH         LINE#         227
  C:4902H         LINE#         228
  C:491AH         LINE#         229
  C:4932H         LINE#         230
  C:494AH         LINE#         231
  -------         ENDPROC       _ZIJIAN_A
  -------         PROC          _SWXS_DISP
  X:05F4H         SYMBOL        x
  X:05F5H         SYMBOL        d_v
  C:13AAH         LINE#         233
  C:13AFH         LINE#         234
  C:13AFH         LINE#         235
  C:13C9H         LINE#         236
  C:13C9H         LINE#         237
  C:13E7H         LINE#         238
  C:13E9H         LINE#         239
  C:13EDH         LINE#         240
  C:140BH         LINE#         241
  C:140BH         LINE#         242
  C:1445H         LINE#         243
  C:148EH         LINE#         244
  C:14D6H         LINE#         245
  C:14F5H         LINE#         246
  C:14F8H         LINE#         248
  C:1517H         LINE#         249
  C:1517H         LINE#         250
  C:154FH         LINE#         251
  C:159BH         LINE#         252
  C:15E4H         LINE#         253
  C:1614H         LINE#         254
  C:1617H         LINE#         256
  C:1636H         LINE#         257
  C:1636H         LINE#         258
  C:166FH         LINE#         259
  C:16BAH         LINE#         260
  C:1706H         LINE#         261
  C:1737H         LINE#         262
  C:173AH         LINE#         264
BL51 BANKED LINKER/LOCATER V6.22.4.0                                                  01/11/2024  08:52:03  PAGE 23


  C:1759H         LINE#         265
  C:1759H         LINE#         266
  C:1792H         LINE#         267
  C:17DEH         LINE#         268
  C:1829H         LINE#         269
  C:1873H         LINE#         270
  C:1873H         LINE#         271
  -------         ENDPROC       _SWXS_DISP
  -------         PROC          _BXS_DISP
  D:0007H         SYMBOL        x
  C:5335H         LINE#         272
  C:5335H         LINE#         273
  C:5335H         LINE#         274
  C:5345H         LINE#         275
  C:5355H         LINE#         276
  C:5365H         LINE#         277
  C:5375H         LINE#         278
  -------         ENDPROC       _BXS_DISP
  -------         PROC          _CODE_DISP
  D:0007H         SYMBOL        x
  C:4E69H         LINE#         280
  C:4E69H         LINE#         281
  C:4E69H         LINE#         282
  C:4E7AH         LINE#         283
  C:4E8BH         LINE#         284
  C:4E9CH         LINE#         285
  C:4EADH         LINE#         286
  -------         ENDPROC       _CODE_DISP
  -------         PROC          _SET_DISP
  D:0007H         SYMBOL        x
  C:50D6H         LINE#         288
  C:50D6H         LINE#         289
  C:50D6H         LINE#         290
  C:50E6H         LINE#         291
  C:50F7H         LINE#         292
  C:5108H         LINE#         293
  C:5119H         LINE#         294
  -------         ENDPROC       _SET_DISP
  -------         PROC          _INPT_DISP
  D:0007H         SYMBOL        x
  C:4EAEH         LINE#         296
  C:4EAEH         LINE#         297
  C:4EAEH         LINE#         298
  C:4EBFH         LINE#         299
  C:4ED0H         LINE#         300
  C:4EE1H         LINE#         301
  C:4EF2H         LINE#         302
  -------         ENDPROC       _INPT_DISP
  -------         PROC          _CONN_DISP
  D:0007H         SYMBOL        x
  C:4EF3H         LINE#         304
  C:4EF3H         LINE#         305
  C:4EF3H         LINE#         306
  C:4F04H         LINE#         307
  C:4F15H         LINE#         308
  C:4F26H         LINE#         309
  C:4F37H         LINE#         310
BL51 BANKED LINKER/LOCATER V6.22.4.0                                                  01/11/2024  08:52:03  PAGE 24


  -------         ENDPROC       _CONN_DISP
  -------         PROC          _DISP_DISP
  D:0007H         SYMBOL        x
  C:4F38H         LINE#         313
  C:4F38H         LINE#         314
  C:4F38H         LINE#         315
  C:4F49H         LINE#         316
  C:4F5AH         LINE#         317
  C:4F6BH         LINE#         318
  C:4F7CH         LINE#         319
  -------         ENDPROC       _DISP_DISP
  -------         PROC          _CLRE_DISP
  D:0007H         SYMBOL        x
  C:4F7DH         LINE#         321
  C:4F7DH         LINE#         322
  C:4F7DH         LINE#         323
  C:4F8EH         LINE#         324
  C:4F9FH         LINE#         325
  C:4FB0H         LINE#         326
  C:4FC1H         LINE#         327
  -------         ENDPROC       _CLRE_DISP
  -------         PROC          _NET_DISP
  D:0007H         SYMBOL        x
  C:511AH         LINE#         329
  C:511AH         LINE#         330
  C:511AH         LINE#         331
  C:512AH         LINE#         332
  C:513BH         LINE#         333
  C:514CH         LINE#         334
  C:515DH         LINE#         335
  -------         ENDPROC       _NET_DISP
  -------         PROC          _USCL_DISP
  D:0007H         SYMBOL        x
  C:4FC2H         LINE#         337
  C:4FC2H         LINE#         338
  C:4FC2H         LINE#         339
  C:4FD3H         LINE#         340
  C:4FE4H         LINE#         341
  C:4FF5H         LINE#         342
  C:5006H         LINE#         343
  -------         ENDPROC       _USCL_DISP
  -------         PROC          _ISCL_DISP
  D:0007H         SYMBOL        x
  C:5007H         LINE#         345
  C:5007H         LINE#         346
  C:5007H         LINE#         347
  C:5018H         LINE#         348
  C:5029H         LINE#         349
  C:503AH         LINE#         350
  C:504BH         LINE#         351
  -------         ENDPROC       _ISCL_DISP
  -------         PROC          _PT_DISP
  D:0007H         SYMBOL        x
  C:522AH         LINE#         353
  C:522AH         LINE#         354
  C:522AH         LINE#         355
  C:523AH         LINE#         356
BL51 BANKED LINKER/LOCATER V6.22.4.0                                                  01/11/2024  08:52:03  PAGE 25


  C:524AH         LINE#         357
  C:525BH         LINE#         358
  C:526CH         LINE#         359
  -------         ENDPROC       _PT_DISP
  -------         PROC          _CT_DISP
  D:0007H         SYMBOL        x
  C:526DH         LINE#         361
  C:526DH         LINE#         362
  C:526DH         LINE#         363
  C:527DH         LINE#         364
  C:528DH         LINE#         365
  C:529EH         LINE#         366
  C:52AFH         LINE#         367
  -------         ENDPROC       _CT_DISP
  -------         PROC          _SN_DISP
  D:0007H         SYMBOL        x
  C:52B0H         LINE#         369
  C:52B0H         LINE#         370
  C:52B0H         LINE#         371
  C:52C0H         LINE#         372
  C:52D0H         LINE#         373
  C:52E1H         LINE#         374
  C:52F2H         LINE#         375
  -------         ENDPROC       _SN_DISP
  -------         PROC          _BAUD_DISP
  D:0007H         SYMBOL        x
  C:504CH         LINE#         377
  C:504CH         LINE#         378
  C:504CH         LINE#         379
  C:505DH         LINE#         380
  C:506EH         LINE#         381
  C:507FH         LINE#         382
  C:5090H         LINE#         383
  -------         ENDPROC       _BAUD_DISP
  -------         PROC          _DATA_DISP
  D:0007H         SYMBOL        x
  C:5091H         LINE#         385
  C:5091H         LINE#         386
  C:5091H         LINE#         387
  C:50A2H         LINE#         388
  C:50B3H         LINE#         389
  C:50C4H         LINE#         390
  C:50D5H         LINE#         391
  -------         ENDPROC       _DATA_DISP
  -------         PROC          _END_DISP
  D:0007H         SYMBOL        x
  C:515EH         LINE#         393
  C:515EH         LINE#         394
  C:515EH         LINE#         395
  C:516EH         LINE#         396
  C:517FH         LINE#         397
  C:5190H         LINE#         398
  C:51A1H         LINE#         399
  -------         ENDPROC       _END_DISP
  -------         PROC          _SXSX_DISP
  D:0007H         SYMBOL        x
  D:0004H         SYMBOL        ssx
BL51 BANKED LINKER/LOCATER V6.22.4.0                                                  01/11/2024  08:52:03  PAGE 26


  C:4B27H         LINE#         401
  C:4B27H         LINE#         402
  C:4B27H         LINE#         403
  C:4B37H         LINE#         404
  C:4B48H         LINE#         405
  C:4B59H         LINE#         406
  C:4B6FH         LINE#         407
  C:4B80H         LINE#         408
  -------         ENDPROC       _SXSX_DISP
  -------         PROC          _USYS_DISP
  D:0007H         SYMBOL        x
  D:0004H         SYMBOL        ssx
  C:4ACBH         LINE#         410
  C:4ACBH         LINE#         411
  C:4ACBH         LINE#         412
  C:4AE2H         LINE#         413
  C:4AF3H         LINE#         414
  C:4B04H         LINE#         415
  C:4B15H         LINE#         416
  C:4B26H         LINE#         417
  -------         ENDPROC       _USYS_DISP
  -------         PROC          _ISYW_DISP
  D:0007H         SYMBOL        x
  D:0004H         SYMBOL        ssx
  C:4B81H         LINE#         419
  C:4B81H         LINE#         420
  C:4B81H         LINE#         421
  C:4B91H         LINE#         422
  C:4BA1H         LINE#         423
  C:4BB8H         LINE#         424
  C:4BC9H         LINE#         425
  C:4BDAH         LINE#         426
  -------         ENDPROC       _ISYW_DISP
  -------         PROC          _BTL_DISP
  D:0007H         SYMBOL        x
  D:0004H         SYMBOL        ssx
  C:4877H         LINE#         427
  C:4877H         LINE#         428
  C:4877H         LINE#         429
  C:489FH         LINE#         430
  C:48C1H         LINE#         431
  C:48D2H         LINE#         432
  C:48E3H         LINE#         433
  -------         ENDPROC       _BTL_DISP
  -------         PROC          _CMS_DISP
  D:0007H         SYMBOL        x
  D:0004H         SYMBOL        ssx
  C:478CH         LINE#         434
  C:478CH         LINE#         435
  C:478CH         LINE#         436
  C:479CH         LINE#         437
  C:47B3H         LINE#         438
  C:47CCH         LINE#         439
  C:47E3H         LINE#         440
  C:47F4H         LINE#         441
  C:4805H         LINE#         442
  -------         ENDPROC       _CMS_DISP
BL51 BANKED LINKER/LOCATER V6.22.4.0                                                  01/11/2024  08:52:03  PAGE 27


  -------         PROC          _OLD_DISP
  D:0007H         SYMBOL        x
  C:51A2H         LINE#         443
  C:51A2H         LINE#         444
  C:51A2H         LINE#         445
  C:51B2H         LINE#         446
  C:51C3H         LINE#         447
  C:51D4H         LINE#         448
  C:51E5H         LINE#         449
  -------         ENDPROC       _OLD_DISP
  -------         PROC          _NYE_DISP
  D:0007H         SYMBOL        x
  D:0004H         SYMBOL        ssx
  C:4BDBH         LINE#         450
  C:4BDBH         LINE#         451
  C:4BDBH         LINE#         452
  C:4BEBH         LINE#         453
  C:4BFCH         LINE#         454
  C:4C0DH         LINE#         455
  C:4C23H         LINE#         456
  C:4C34H         LINE#         457
  -------         ENDPROC       _NYE_DISP
  -------         PROC          CS_DISP
  C:1CC6H         LINE#         458
  C:1CC6H         LINE#         459
  C:1CC6H         LINE#         460
  C:1CC9H         LINE#         461
  C:1CC9H         LINE#         462
  C:1CCFH         LINE#         463
  C:1CD3H         LINE#         464
  C:1CD7H         LINE#         465
  C:1CDBH         LINE#         467
  C:1CDEH         LINE#         468
  C:1CE2H         LINE#         469
  C:1CE6H         LINE#         470
  C:1CEAH         LINE#         472
  C:1CEAH         LINE#         473
  C:1CEDH         LINE#         475
  C:1CEDH         LINE#         476
  C:1D0DH         LINE#         477
  C:1D0DH         LINE#         478
  C:1D0DH         LINE#         479
  C:1D0DH         LINE#         480
  C:1D12H         LINE#         481
  C:1D16H         LINE#         482
  C:1D19H         LINE#         483
  C:1D1CH         LINE#         484
  C:1D1CH         LINE#         485
  C:1D1CH         LINE#         486
  C:1D21H         LINE#         487
  C:1D28H         LINE#         488
  C:1D28H         LINE#         489
  C:1D28H         LINE#         490
  C:1D28H         LINE#         491
  C:1D2BH         LINE#         493
  C:1D2FH         LINE#         494
  C:1D2FH         LINE#         495
BL51 BANKED LINKER/LOCATER V6.22.4.0                                                  01/11/2024  08:52:03  PAGE 28


  C:1D34H         LINE#         496
  C:1D3DH         LINE#         497
  C:1D3DH         LINE#         498
  C:1D40H         LINE#         500
  C:1D48H         LINE#         501
  C:1D48H         LINE#         502
  C:1D4DH         LINE#         503
  C:1D54H         LINE#         504
  C:1D54H         LINE#         505
  C:1D57H         LINE#         506
  C:1D5BH         LINE#         507
  C:1D5BH         LINE#         508
  C:1D60H         LINE#         509
  C:1D69H         LINE#         510
  C:1D69H         LINE#         511
  C:1D6CH         LINE#         512
  C:1D74H         LINE#         513
  C:1D74H         LINE#         514
  C:1D79H         LINE#         515
  C:1D82H         LINE#         516
  C:1D82H         LINE#         517
  C:1D85H         LINE#         518
  C:1D89H         LINE#         519
  C:1D89H         LINE#         520
  C:1D8EH         LINE#         521
  C:1D97H         LINE#         522
  C:1D97H         LINE#         523
  C:1D9AH         LINE#         524
  C:1D9EH         LINE#         525
  C:1D9EH         LINE#         526
  C:1DA3H         LINE#         527
  C:1DBAH         LINE#         528
  C:1DBAH         LINE#         529
  C:1DBDH         LINE#         530
  C:1DC5H         LINE#         531
  C:1DC5H         LINE#         532
  C:1DCAH         LINE#         533
  C:1DD3H         LINE#         534
  C:1DD3H         LINE#         536
  C:1DD6H         LINE#         537
  C:1DDAH         LINE#         538
  C:1DDAH         LINE#         539
  C:1DDFH         LINE#         540
  C:1DE8H         LINE#         541
  C:1DE8H         LINE#         542
  C:1DEBH         LINE#         543
  C:1DF0H         LINE#         544
  C:1DF0H         LINE#         545
  C:1DF6H         LINE#         546
  C:1DFDH         LINE#         547
  C:1E05H         LINE#         548
  C:1E05H         LINE#         549
  C:1E08H         LINE#         550
  C:1E10H         LINE#         551
  C:1E10H         LINE#         552
  C:1E16H         LINE#         553
  C:1E1DH         LINE#         554
BL51 BANKED LINKER/LOCATER V6.22.4.0                                                  01/11/2024  08:52:03  PAGE 29


  C:1E25H         LINE#         555
  C:1E25H         LINE#         556
  C:1E28H         LINE#         557
  C:1E30H         LINE#         558
  C:1E36H         LINE#         559
  C:1E3DH         LINE#         560
  C:1E50H         LINE#         561
  C:1E50H         LINE#         562
  C:1E53H         LINE#         563
  C:1E5EH         LINE#         564
  C:1E5EH         LINE#         565
  C:1E62H         LINE#         566
  C:1E68H         LINE#         567
  C:1E7FH         LINE#         568
  C:1E7FH         LINE#         569
  C:1E7FH         LINE#         570
  C:1E82H         LINE#         571
  C:1E82H         LINE#         572
  C:1E82H         LINE#         573
  C:1E87H         LINE#         574
  C:1E8EH         LINE#         575
  C:1E8EH         LINE#         576
  C:1E8EH         LINE#         577
  C:1E8EH         LINE#         578
  C:1E91H         LINE#         580
  C:1E95H         LINE#         581
  C:1E95H         LINE#         582
  C:1E9AH         LINE#         583
  C:1EA7H         LINE#         584
  C:1EA7H         LINE#         585
  C:1EAAH         LINE#         587
  C:1EB2H         LINE#         588
  C:1EB2H         LINE#         589
  C:1EB7H         LINE#         590
  C:1EC4H         LINE#         591
  C:1EC4H         LINE#         592
  C:1EC7H         LINE#         594
  C:1ECBH         LINE#         595
  C:1ECBH         LINE#         596
  C:1ED0H         LINE#         597
  C:1EDDH         LINE#         598
  C:1EDDH         LINE#         599
  C:1EE0H         LINE#         601
  C:1EE8H         LINE#         602
  C:1EE8H         LINE#         603
  C:1EEDH         LINE#         604
  C:1EF6H         LINE#         605
  C:1EF6H         LINE#         606
  C:1EF8H         LINE#         608
  C:1F00H         LINE#         609
  C:1F00H         LINE#         610
  C:1F05H         LINE#         611
  C:1F0EH         LINE#         612
  C:1F0EH         LINE#         613
  C:1F0EH         LINE#         614
  C:1F10H         LINE#         615
  C:1F10H         LINE#         616
BL51 BANKED LINKER/LOCATER V6.22.4.0                                                  01/11/2024  08:52:03  PAGE 30


  C:1F10H         LINE#         617
  C:1F15H         LINE#         618
  C:1F1CH         LINE#         619
  C:1F1CH         LINE#         620
  C:1F1CH         LINE#         621
  C:1F1CH         LINE#         622
  C:1F1EH         LINE#         624
  C:1F22H         LINE#         625
  C:1F22H         LINE#         626
  C:1F27H         LINE#         627
  C:1F34H         LINE#         628
  C:1F34H         LINE#         629
  C:1F36H         LINE#         631
  C:1F3EH         LINE#         632
  C:1F3EH         LINE#         633
  C:1F43H         LINE#         634
  C:1F50H         LINE#         635
  C:1F50H         LINE#         636
  C:1F52H         LINE#         638
  C:1F57H         LINE#         639
  C:1F57H         LINE#         640
  C:1F5CH         LINE#         641
  C:1F6AH         LINE#         642
  C:1F6CH         LINE#         643
  C:1F6CH         LINE#         644
  C:1F6EH         LINE#         645
  C:1F6EH         LINE#         646
  C:1F6EH         LINE#         647
  C:1F73H         LINE#         648
  C:1F7AH         LINE#         649
  C:1F7AH         LINE#         650
  C:1F7EH         LINE#         651
  C:1F7FH         LINE#         652
  C:1F81H         LINE#         654
  C:1F86H         LINE#         655
  C:1F86H         LINE#         656
  C:1F8BH         LINE#         657
  C:1F8BH         LINE#         658
  C:1F8EH         LINE#         659
  C:1F96H         LINE#         660
  C:1F98H         LINE#         662
  C:1F98H         LINE#         663
  C:1F9BH         LINE#         664
  C:1F9FH         LINE#         665
  C:1F9FH         LINE#         666
  C:1F9FH         LINE#         668
  C:1FA7H         LINE#         669
  C:1FA7H         LINE#         670
  C:1FAFH         LINE#         671
  C:1FB7H         LINE#         672
  C:1FB9H         LINE#         674
  C:1FBDH         LINE#         675
  C:1FBDH         LINE#         676
  C:1FC6H         LINE#         677
  C:1FD2H         LINE#         678
  C:1FD2H         LINE#         679
  C:1FD2H         LINE#         680
BL51 BANKED LINKER/LOCATER V6.22.4.0                                                  01/11/2024  08:52:03  PAGE 31


  C:1FD2H         LINE#         681
  C:1FD2H         LINE#         682
  C:1FD2H         LINE#         683
  -------         ENDPROC       CS_DISP
  -------         PROC          LED_DD
  C:552AH         LINE#         684
  C:552AH         LINE#         685
  C:552AH         LINE#         686
  C:552DH         LINE#         687
  C:552DH         LINE#         688
  C:552DH         LINE#         689
  C:552DH         LINE#         690
  C:552DH         LINE#         691
  C:552FH         LINE#         693
  C:552FH         LINE#         694
  C:5535H         LINE#         695
  C:5535H         LINE#         696
  C:553BH         LINE#         697
  C:553FH         LINE#         698
  C:5547H         LINE#         699
  C:554DH         LINE#         700
  C:554EH         LINE#         702
  C:554EH         LINE#         703
  C:5553H         LINE#         704
  C:5555H         LINE#         705
  C:5557H         LINE#         706
  C:5557H         LINE#         708
  C:5557H         LINE#         709
  -------         ENDPROC       LED_DD
  -------         PROC          LED_DISP
  -------         DO            
  X:05F0H         SYMBOL        date
  -------         ENDDO         
  C:32DAH         LINE#         712
  C:32DAH         LINE#         713
  C:32DAH         LINE#         715
  C:32DDH         LINE#         716
  C:32E3H         LINE#         717
  C:32E3H         LINE#         718
  C:32E6H         LINE#         719
  C:32E6H         LINE#         720
  C:32E9H         LINE#         721
  C:32E9H         LINE#         722
  C:32EEH         LINE#         723
  C:32F2H         LINE#         724
  C:32F3H         LINE#         725
  C:32F6H         LINE#         727
  C:32F6H         LINE#         728
  C:3305H         LINE#         729
  C:3314H         LINE#         730
  C:331EH         LINE#         731
  C:331EH         LINE#         732
  C:3321H         LINE#         734
  C:3324H         LINE#         735
  C:3324H         LINE#         736
  C:3329H         LINE#         737
  C:3330H         LINE#         738
BL51 BANKED LINKER/LOCATER V6.22.4.0                                                  01/11/2024  08:52:03  PAGE 32


  C:3330H         LINE#         739
  C:3333H         LINE#         740
  C:3333H         LINE#         741
  C:3333H         LINE#         742
  C:3333H         LINE#         743
  C:3335H         LINE#         745
  C:3339H         LINE#         746
  C:3339H         LINE#         747
  C:333FH         LINE#         748
  C:3340H         LINE#         749
  C:3340H         LINE#         750
  C:3340H         LINE#         751
  C:3342H         LINE#         753
  C:3346H         LINE#         754
  C:3346H         LINE#         755
  C:334CH         LINE#         756
  C:334EH         LINE#         757
  C:334FH         LINE#         758
  C:334FH         LINE#         759
  C:3351H         LINE#         761
  C:3355H         LINE#         762
  C:3355H         LINE#         763
  C:335BH         LINE#         764
  C:335DH         LINE#         765
  C:335FH         LINE#         766
  C:3362H         LINE#         767
  C:3364H         LINE#         769
  C:3368H         LINE#         770
  C:3368H         LINE#         771
  C:336EH         LINE#         772
  C:3370H         LINE#         773
  C:3372H         LINE#         774
  C:3374H         LINE#         775
  C:3374H         LINE#         776
  C:3379H         LINE#         777
  C:3379H         LINE#         778
  C:337CH         LINE#         779
  C:337CH         LINE#         781
  C:337CH         LINE#         788
  C:3385H         LINE#         789
  C:3385H         LINE#         790
  C:33A7H         LINE#         791
  C:33C0H         LINE#         792
  C:33E2H         LINE#         793
  C:33FBH         LINE#         794
  C:341DH         LINE#         795
  C:3436H         LINE#         796
  C:3436H         LINE#         798
  C:3436H         LINE#         799
  C:343BH         LINE#         800
  C:343FH         LINE#         801
  C:3443H         LINE#         802
  C:3443H         LINE#         803
  C:3443H         LINE#         804
  -------         ENDPROC       LED_DISP
  -------         PROC          BAOC_DATA
  C:5462H         LINE#         9
BL51 BANKED LINKER/LOCATER V6.22.4.0                                                  01/11/2024  08:52:03  PAGE 33


  C:5462H         LINE#         10
  C:5462H         LINE#         11
  C:5465H         LINE#         12
  C:546CH         LINE#         13
  C:5470H         LINE#         14
  C:5474H         LINE#         15
  C:5483H         LINE#         16
  C:5495H         LINE#         17
  -------         ENDPROC       BAOC_DATA
  -------         PROC          SEC_VALUE
  C:2A3AH         LINE#         20
  C:2A3AH         LINE#         21
  C:2A3AH         LINE#         22
  C:2A40H         LINE#         23
  C:2A40H         LINE#         24
  C:2A46H         LINE#         26
  C:2A4CH         LINE#         27
  C:2A4CH         LINE#         28
  C:2A58H         LINE#         29
  C:2A58H         LINE#         30
  C:2A60H         LINE#         31
  C:2A60H         LINE#         32
  C:2A62H         LINE#         33
  C:2A65H         LINE#         34
  C:2A69H         LINE#         35
  C:2A69H         LINE#         36
  C:2A71H         LINE#         37
  C:2A74H         LINE#         38
  C:2A7CH         LINE#         39
  C:2A7CH         LINE#         40
  C:2A84H         LINE#         41
  C:2A87H         LINE#         42
  C:2A8BH         LINE#         43
  C:2A8BH         LINE#         44
  C:2A99H         LINE#         45
  C:2A99H         LINE#         46
  C:2A9BH         LINE#         47
  C:2AA3H         LINE#         48
  C:2AA3H         LINE#         49
  C:2AABH         LINE#         50
  C:2AADH         LINE#         51
  C:2AB1H         LINE#         52
  C:2AB1H         LINE#         53
  C:2AB9H         LINE#         54
  C:2ABBH         LINE#         55
  C:2AC3H         LINE#         56
  C:2AC3H         LINE#         57
  C:2ACFH         LINE#         58
  C:2ACFH         LINE#         59
  C:2AD1H         LINE#         60
  C:2AD5H         LINE#         61
  C:2AD5H         LINE#         62
  C:2AE1H         LINE#         63
  C:2AE1H         LINE#         64
  C:2AE3H         LINE#         65
  C:2AEBH         LINE#         66
  C:2AEBH         LINE#         67
BL51 BANKED LINKER/LOCATER V6.22.4.0                                                  01/11/2024  08:52:03  PAGE 34


  C:2AF8H         LINE#         68
  C:2AFBH         LINE#         69
  C:2AFDH         LINE#         70
  C:2B01H         LINE#         71
  C:2B09H         LINE#         72
  C:2B0BH         LINE#         73
  C:2B0BH         LINE#         74
  C:2B10H         LINE#         75
  C:2B10H         LINE#         76
  C:2B18H         LINE#         77
  C:2B18H         LINE#         78
  C:2B18H         LINE#         79
  C:2B1AH         LINE#         80
  C:2B1EH         LINE#         81
  C:2B1EH         LINE#         82
  C:2B1EH         LINE#         83
  C:2B20H         LINE#         84
  C:2B28H         LINE#         85
  C:2B28H         LINE#         86
  C:2B30H         LINE#         87
  C:2B32H         LINE#         88
  C:2B36H         LINE#         89
  C:2B36H         LINE#         90
  C:2B42H         LINE#         91
  C:2B42H         LINE#         92
  C:2B44H         LINE#         93
  C:2B4BH         LINE#         94
  C:2B4BH         LINE#         95
  C:2B58H         LINE#         96
  C:2B5BH         LINE#         97
  C:2B5BH         LINE#         98
  C:2B5DH         LINE#         99
  C:2B5EH         LINE#         100
  C:2B67H         LINE#         101
  C:2B67H         LINE#         102
  C:2B6FH         LINE#         103
  C:2B6FH         LINE#         104
  C:2B77H         LINE#         105
  C:2B79H         LINE#         106
  C:2B7DH         LINE#         107
  C:2B7DH         LINE#         108
  C:2B81H         LINE#         109
  C:2B83H         LINE#         110
  C:2B8AH         LINE#         111
  C:2B8AH         LINE#         112
  C:2B92H         LINE#         113
  C:2B92H         LINE#         114
  C:2B94H         LINE#         115
  C:2B95H         LINE#         117
  C:2B9AH         LINE#         118
  C:2B9AH         LINE#         119
  C:2BAEH         LINE#         120
  C:2BAEH         LINE#         121
  C:2BB4H         LINE#         122
  C:2BC1H         LINE#         123
  C:2BC4H         LINE#         124
  C:2BD0H         LINE#         125
BL51 BANKED LINKER/LOCATER V6.22.4.0                                                  01/11/2024  08:52:03  PAGE 35


  C:2BF1H         LINE#         126
  C:2BF4H         LINE#         127
  C:2BF7H         LINE#         128
  C:2BF8H         LINE#         130
  C:2BFBH         LINE#         131
  C:2BFBH         LINE#         132
  C:2BFDH         LINE#         133
  C:2BFEH         LINE#         135
  C:2C01H         LINE#         136
  C:2C01H         LINE#         137
  C:2C03H         LINE#         138
  C:2C06H         LINE#         139
  C:2C08H         LINE#         141
  C:2C08H         LINE#         142
  C:2C25H         LINE#         143
  C:2C27H         LINE#         144
  C:2C27H         LINE#         145
  C:2C27H         LINE#         146
  -------         ENDPROC       SEC_VALUE
  -------         PROC          JIANDATA
  -------         DO            
  D:0007H         SYMBOL        das
  -------         ENDDO         
  C:0840H         LINE#         149
  C:0840H         LINE#         150
  C:0840H         LINE#         152
  C:0843H         LINE#         153
  C:0843H         LINE#         154
  C:084BH         LINE#         155
  C:084BH         LINE#         156
  C:0851H         LINE#         157
  C:085DH         LINE#         158
[...]
  C:2E10H         LINE#         604
  C:2E10H         LINE#         605
  C:2E12H         LINE#         606
  C:2E12H         LINE#         621
  -------         ENDPROC       MIC_READ_PARAM
  -------         PROC          _MIC_CAL_RESET
  X:05FBH         SYMBOL        igain
  X:05FDH         SYMBOL        cfdiv
  X:05FFH         SYMBOL        chipmode
  X:0601H         SYMBOL        mode
  -------         DO            
  X:0603H         SYMBOL        ret
  C:3F18H         SYMBOL        err
  -------         ENDDO         
  C:3E1FH         LINE#         623
  C:3E33H         LINE#         624
  C:3E33H         LINE#         626
  C:3E3BH         LINE#         627
  C:3E3EH         LINE#         628
  C:3E41H         LINE#         630
  C:3E44H         LINE#         632
  C:3E4BH         LINE#         634
  C:3E65H         LINE#         636
BL51 BANKED LINKER/LOCATER V6.22.4.0                                                  01/11/2024  08:52:03  PAGE 62


  C:3E76H         LINE#         637
  C:3E97H         LINE#         638
  C:3EB5H         LINE#         639
  C:3ECCH         LINE#         640
  C:3EE3H         LINE#         641
  C:3EFAH         LINE#         642
  C:3F11H         LINE#         643
  C:3F18H         LINE#         645
  C:3F18H         LINE#         646
  C:3F27H         LINE#         647
  C:3F2FH         LINE#         649
  -------         ENDPROC       _MIC_CAL_RESET
  -------         PROC          _MICPARA_INIT
  X:05E3H         SYMBOL        igain
  X:05E5H         SYMBOL        cfdiv
  X:05E7H         SYMBOL        chipmode
  X:05E9H         SYMBOL        mode
  -------         DO            
  X:05EBH         SYMBOL        i
  X:05EDH         SYMBOL        ret
  -------         ENDDO         
  C:468EH         LINE#         652
  C:46A2H         LINE#         653
  C:46A2H         LINE#         655
  C:46AAH         LINE#         657
  C:46B1H         LINE#         658
  C:46B1H         LINE#         659
  C:46DBH         LINE#         660
  C:46DBH         LINE#         661
  C:46E1H         LINE#         662
  C:46E4H         LINE#         663
  C:46E4H         LINE#         664
  C:46E7H         LINE#         665
  C:4706H         LINE#         666
  C:470EH         LINE#         667
  -------         ENDPROC       _MICPARA_INIT
  -------         PROC          _MIC_CAL_INIT
  X:0617H         SYMBOL        igain
  D:0004H         SYMBOL        cfdiv
  D:0002H         SYMBOL        chipmode
  X:061DH         SYMBOL        mode
  -------         DO            
  X:061FH         SYMBOL        i
  C:4329H         SYMBOL        err
  -------         ENDDO         
  C:42ACH         LINE#         675
  C:42B4H         LINE#         676
  C:42B4H         LINE#         678
  C:42BEH         LINE#         683
  C:42C6H         LINE#         684
  C:42D5H         LINE#         685
  C:42DBH         LINE#         686
  C:42EAH         LINE#         688
  C:42F4H         LINE#         689
  C:4316H         LINE#         691
  C:431CH         LINE#         692
  C:4326H         LINE#         694
BL51 BANKED LINKER/LOCATER V6.22.4.0                                                  01/11/2024  08:52:03  PAGE 63


  C:4329H         LINE#         696
  C:4329H         LINE#         697
  C:4338H         LINE#         698
  C:4342H         LINE#         700
  -------         ENDPROC       _MIC_CAL_INIT
  -------         PROC          _MIC_CAL_GAIN
  X:0620H         SYMBOL        l0
  -------         DO            
  X:0624H         SYMBOL        l1
  C:2FADH         SYMBOL        err
  -------         ENDDO         
  C:2E13H         LINE#         707
  C:2E19H         LINE#         708
  C:2E19H         LINE#         711
  C:2E24H         LINE#         712
  C:2E2EH         LINE#         715
  C:2E31H         LINE#         716
  C:2E4BH         LINE#         717
  C:2E52H         LINE#         718
  C:2E55H         LINE#         719
  C:2E61H         LINE#         720
  C:2E61H         LINE#         721
  C:2E82H         LINE#         722
  C:2EBFH         LINE#         723
  C:2EEBH         LINE#         725
  C:2EEEH         LINE#         727
  C:2EEEH         LINE#         728
  C:2F0CH         LINE#         729
  C:2F49H         LINE#         730
  C:2F83H         LINE#         731
  C:2F83H         LINE#         732
  C:2F94H         LINE#         734
  C:2FADH         LINE#         736
  C:2FADH         LINE#         737
  C:2FBCH         LINE#         738
  C:2FC2H         LINE#         739
  C:2FCCH         LINE#         741
  -------         ENDPROC       _MIC_CAL_GAIN
  -------         PROC          _MIC_CAL_PHASE
  X:0628H         SYMBOL        l0
  -------         DO            
  X:062CH         SYMBOL        l1
  C:3818H         SYMBOL        err
  -------         ENDDO         
  C:36F3H         LINE#         748
  C:36F9H         LINE#         749
  C:36F9H         LINE#         751
  C:3704H         LINE#         752
  C:370EH         LINE#         754
  C:3711H         LINE#         755
  C:372BH         LINE#         756
  C:3732H         LINE#         757
  C:3735H         LINE#         758
  C:3752H         LINE#         759
  C:3752H         LINE#         760
  C:375EH         LINE#         761
  C:377BH         LINE#         762
BL51 BANKED LINKER/LOCATER V6.22.4.0                                                  01/11/2024  08:52:03  PAGE 64


  C:379DH         LINE#         764
  C:379FH         LINE#         766
  C:379FH         LINE#         767
  C:37A8H         LINE#         768
  C:37C5H         LINE#         769
  C:37F0H         LINE#         770
  C:37F0H         LINE#         771
  C:3801H         LINE#         772
  C:3818H         LINE#         773
  C:3818H         LINE#         774
  C:3827H         LINE#         775
  C:382DH         LINE#         776
  C:3837H         LINE#         778
  -------         ENDPROC       _MIC_CAL_PHASE
  -------         PROC          _MIC_CAL_OFFSET
  X:05D3H         SYMBOL        l0
  -------         DO            
  X:05D7H         SYMBOL        l1
  X:05DBH         SYMBOL        lh
  X:05DFH         SYMBOL        value
  C:3A93H         SYMBOL        err
  -------         ENDDO         
  C:3979H         LINE#         785
  C:397FH         LINE#         786
  C:397FH         LINE#         789
  C:398AH         LINE#         790
  C:3994H         LINE#         793
  C:3997H         LINE#         795
  C:39B1H         LINE#         796
  C:39C7H         LINE#         797
  C:39CEH         LINE#         798
  C:39D1H         LINE#         800
  C:39E3H         LINE#         801
  C:39E3H         LINE#         802
  C:39E3H         LINE#         803
  C:39E3H         LINE#         804
  C:39E3H         LINE#         806
  C:39E5H         LINE#         808
  C:39E5H         LINE#         809
  C:3A16H         LINE#         810
  C:3A40H         LINE#         811
  C:3A69H         LINE#         812
  C:3A69H         LINE#         813
  C:3A7AH         LINE#         814
  C:3A93H         LINE#         815
  C:3A93H         LINE#         816
  C:3AA2H         LINE#         817
  C:3AA8H         LINE#         818
  C:3AB2H         LINE#         820
  -------         ENDPROC       _MIC_CAL_OFFSET
  -------         PROC          _MIC_CAL_FINISH
  X:05BDH         SYMBOL        vrms
  X:05C1H         SYMBOL        irms
  X:05C5H         SYMBOL        watt
  -------         DO            
  X:05C9H         SYMBOL        value
  X:05CDH         SYMBOL        creep
BL51 BANKED LINKER/LOCATER V6.22.4.0                                                  01/11/2024  08:52:03  PAGE 65


  X:05D1H         SYMBOL        i
  C:22ADH         SYMBOL        err
  -------         ENDDO         
  C:1FD3H         LINE#         827
  C:1FD9H         LINE#         828
  C:1FD9H         LINE#         831
  C:1FE4H         LINE#         832
  C:1FEEH         LINE#         835
  C:1FF1H         LINE#         836
  C:1FFBH         LINE#         837
  C:2005H         LINE#         838
  C:200FH         LINE#         840
  C:2016H         LINE#         841
  C:2016H         LINE#         842
  C:2019H         LINE#         843
  C:2020H         LINE#         844
  C:2036H         LINE#         845
  C:2036H         LINE#         846
  C:2064H         LINE#         847
  C:2064H         LINE#         848
  C:207AH         LINE#         849
  C:207AH         LINE#         850
  C:20A8H         LINE#         851
  C:20A8H         LINE#         852
  C:20BEH         LINE#         853
  C:20BEH         LINE#         854
  C:20ECH         LINE#         855
  C:20ECH         LINE#         856
  C:210EH         LINE#         857
  C:2111H         LINE#         859
  C:212EH         LINE#         860
  C:214BH         LINE#         861
  C:2168H         LINE#         863
  C:217CH         LINE#         864
  C:219CH         LINE#         866
  C:21B0H         LINE#         867
  C:21D0H         LINE#         869
  C:21E4H         LINE#         870
  C:2203H         LINE#         872
  C:221DH         LINE#         873
  C:2244H         LINE#         874
  C:226DH         LINE#         875
  C:2283H         LINE#         877
  C:2296H         LINE#         878
  C:2296H         LINE#         879
  C:22AAH         LINE#         880
  C:22ADH         LINE#         882
  C:22ADH         LINE#         883
  C:22BCH         LINE#         884
  C:22C1H         LINE#         885
  C:22C7H         LINE#         886
  C:22CFH         LINE#         888
  -------         ENDPROC       _MIC_CAL_FINISH
  -------         PROC          _MIC_READ_REG
  D:0007H         SYMBOL        reg
  D:0001H         SYMBOL        value
  C:0003H         LINE#         895
BL51 BANKED LINKER/LOCATER V6.22.4.0                                                  01/11/2024  08:52:03  PAGE 66


  C:0003H         LINE#         896
  C:0003H         LINE#         897
  -------         ENDPROC       _MIC_READ_REG
  -------         PROC          _MIC_WRITE_REG
  X:0630H         SYMBOL        reg
  X:0631H         SYMBOL        value
  -------         DO            
  X:0635H         SYMBOL        ret
  -------         ENDDO         
  C:4806H         LINE#         905
  C:480BH         LINE#         906
  C:480BH         LINE#         907
  C:4812H         LINE#         909
  C:4829H         LINE#         910
  C:4829H         LINE#         911
  C:482EH         LINE#         912
  C:482EH         LINE#         914
  C:4852H         LINE#         916
  C:4869H         LINE#         917
  C:4869H         LINE#         918
  C:486EH         LINE#         919
  C:486EH         LINE#         921
  C:4876H         LINE#         922
  -------         ENDPROC       _MIC_WRITE_REG
  -------         PROC          MIC_CAL_PROC
  C:566BH         LINE#         923
  C:566BH         LINE#         924
  C:566BH         LINE#         927
  C:5676H         LINE#         928
  C:5681H         LINE#         929
  -------         ENDPROC       MIC_CAL_PROC
  -------         ENDMOD        BL0930

  -------         MODULE        SYS
  C:0000H         SYMBOL        _ICE_DUMMY_
  D:0080H         PUBLIC        P0
  D:0090H         PUBLIC        P1
  D:00A0H         PUBLIC        P2
  D:00B0H         PUBLIC        P3
  D:00C0H         PUBLIC        P4
  D:00C8H         PUBLIC        P5
  D:00E8H         PUBLIC        P6
  D:00F8H         PUBLIC        P7
  D:00A8H         PUBLIC        IE
  C:0006H         PUBLIC        delay
  D:00B8H         PUBLIC        IP
  D:00D8H         PUBLIC        CCON
  D:0098H         PUBLIC        SCON
  D:0088H         PUBLIC        TCON
  C:56EDH         PUBLIC        _delay1
  D:00D0H         PUBLIC        PSW
  -------         PROC          DELAY
  C:0006H         LINE#         2
  -------         ENDPROC       DELAY
  -------         PROC          _DELAY1
  D:0007H         SYMBOL        x
  -------         DO            
BL51 BANKED LINKER/LOCATER V6.22.4.0                                                  01/11/2024  08:52:03  PAGE 67


  D:0007H         SYMBOL        y
  D:0006H         SYMBOL        z
  -------         ENDDO         
  C:56EDH         LINE#         3
  C:56EDH         LINE#         4
  C:56EDH         LINE#         6
  C:56F3H         LINE#         7
  C:56FAH         LINE#         8
  -------         ENDPROC       _DELAY1
  -------         ENDMOD        SYS

  -------         MODULE        ?C?FPDIV
  C:1877H         PUBLIC        ?C?FPDIV
  -------         ENDMOD        ?C?FPDIV

  -------         MODULE        ?C?FCAST
  C:191EH         PUBLIC        ?C?FCASTC
  C:1919H         PUBLIC        ?C?FCASTI
  C:1914H         PUBLIC        ?C?FCASTL
  -------         ENDMOD        ?C?FCAST

  -------         MODULE        ?C?CASTF
  C:1952H         PUBLIC        ?C?CASTF
  -------         ENDMOD        ?C?CASTF

  -------         MODULE        ?C?CLDOPTR
  C:19D3H         PUBLIC        ?C?CLDOPTR
  -------         ENDMOD        ?C?CLDOPTR

  -------         MODULE        ?C?CSTOPTR
  C:1A00H         PUBLIC        ?C?CSTOPTR
  -------         ENDMOD        ?C?CSTOPTR

  -------         MODULE        ?C?UIDIV
  C:1A22H         PUBLIC        ?C?UIDIV
  -------         ENDMOD        ?C?UIDIV

  -------         MODULE        ?C?LMUL
  C:1A77H         PUBLIC        ?C?LMUL
  -------         ENDMOD        ?C?LMUL

  -------         MODULE        ?C?ULDIV
  C:1B02H         PUBLIC        ?C?ULDIV
  -------         ENDMOD        ?C?ULDIV

  -------         MODULE        ?C?SLDIV
  C:51E6H         PUBLIC        ?C?SLDIV
  -------         ENDMOD        ?C?SLDIV

  -------         MODULE        ?C?LNEG
  C:1B94H         PUBLIC        ?C?LNEG
  -------         ENDMOD        ?C?LNEG

  -------         MODULE        ?C?SLCMP
  C:1BA2H         PUBLIC        ?C?SLCMP
  -------         ENDMOD        ?C?SLCMP

BL51 BANKED LINKER/LOCATER V6.22.4.0                                                  01/11/2024  08:52:03  PAGE 68


  -------         MODULE        ?C?ULCMP
  C:1BB8H         PUBLIC        ?C?ULCMP
  -------         ENDMOD        ?C?ULCMP

  -------         MODULE        ?C?ULSHR
  C:1BC9H         PUBLIC        ?C?ULSHR
  -------         ENDMOD        ?C?ULSHR

  -------         MODULE        ?C?SLSHR
  C:1BDCH         PUBLIC        ?C?SLSHR
  -------         ENDMOD        ?C?SLSHR

  -------         MODULE        ?C?LSHL
  C:1BF0H         PUBLIC        ?C?LSHL
  -------         ENDMOD        ?C?LSHL

  -------         MODULE        ?C?LLDPTR
  C:1C03H         PUBLIC        ?C?LLDPTR
  -------         ENDMOD        ?C?LLDPTR

  -------         MODULE        ?C?LSTPTR
  C:1C23H         PUBLIC        ?C?LSTPTR
  -------         ENDMOD        ?C?LSTPTR

  -------         MODULE        ?C?LSTXDATA
  C:1C3DH         PUBLIC        ?C?LSTXDATA
  -------         ENDMOD        ?C?LSTXDATA

  -------         MODULE        ?C?LSTKXDATA
  C:1C49H         PUBLIC        ?C?LSTKXDATA
  -------         ENDMOD        ?C?LSTKXDATA

  -------         MODULE        ABS
  C:000EH         PUBLIC        _ABS
  -------         ENDMOD        ABS

  -------         MODULE        ?C?LLDIDATA
  C:1C7AH         PUBLIC        ?C?LLDIDATA
  -------         ENDMOD        ?C?LLDIDATA

  -------         MODULE        ?C?LLDXDATA
  C:1C86H         PUBLIC        ?C?LLDXDATA
  -------         ENDMOD        ?C?LLDXDATA

  -------         MODULE        ?C?LLDPDATA
  C:1C92H         PUBLIC        ?C?LLDPDATA
  -------         ENDMOD        ?C?LLDPDATA

  -------         MODULE        ?C?LLDCODE
  C:1C9EH         PUBLIC        ?C?LLDCODE
  -------         ENDMOD        ?C?LLDCODE

  -------         MODULE        ?C?LSTIDATA
  C:1CAEH         PUBLIC        ?C?LSTIDATA
  -------         ENDMOD        ?C?LSTIDATA

  -------         MODULE        ?C?LSTPDATA
BL51 BANKED LINKER/LOCATER V6.22.4.0                                                  01/11/2024  08:52:03  PAGE 69


  C:1CBAH         PUBLIC        ?C?LSTPDATA
  -------         ENDMOD        ?C?LSTPDATA

*** WARNING L16: UNCALLED SEGMENT, IGNORED FOR OVERLAY PROCESS
    SEGMENT: ?PR?_GET_MIC?BL0930

*** WARNING L16: UNCALLED SEGMENT, IGNORED FOR OVERLAY PROCESS
    SEGMENT: ?PR?MIC_RESET1?BL0930

*** WARNING L16: UNCALLED SEGMENT, IGNORED FOR OVERLAY PROCESS
    SEGMENT: ?PR?MIC_INIT?BL0930

*** WARNING L16: UNCALLED SEGMENT, IGNORED FOR OVERLAY PROCESS
    SEGMENT: ?PR?MIC_READ_PARAM?BL0930

*** WARNING L16: UNCALLED SEGMENT, IGNORED FOR OVERLAY PROCESS
    SEGMENT: ?PR?_MIC_CAL_INIT?BL0930

*** WARNING L16: UNCALLED SEGMENT, IGNORED FOR OVERLAY PROCESS
    SEGMENT: ?PR?_MIC_CAL_FINISH?BL0930

*** WARNING L16: UNCALLED SEGMENT, IGNORED FOR OVERLAY PROCESS
    SEGMENT: ?PR?_MIC_READ_REG?BL0930

*** WARNING L16: UNCALLED SEGMENT, IGNORED FOR OVERLAY PROCESS
    SEGMENT: ?PR?_MIC_WRITE_REG?BL0930

*** WARNING L16: UNCALLED SEGMENT, IGNORED FOR OVERLAY PROCESS
    SEGMENT: ?PR?MIC_CAL_PROC?BL0930

*** WARNING L1: UNRESOLVED EXTERNAL SYMBOL
    SYMBOL:  UART1_INIT
    MODULE:  bl0930.obj (BL0930)

*** WARNING L1: UNRESOLVED EXTERNAL SYMBOL
    SYMBOL:  METER_READ_CAL
    MODULE:  bl0930.obj (BL0930)

*** WARNING L1: UNRESOLVED EXTERNAL SYMBOL
    SYMBOL:  WDT_RESTART
    MODULE:  bl0930.obj (BL0930)

*** WARNING L1: UNRESOLVED EXTERNAL SYMBOL
    SYMBOL:  METER_WRITE_CAL
    MODULE:  bl0930.obj (BL0930)

*** WARNING L2: REFERENCE MADE TO UNRESOLVED EXTERNAL
    SYMBOL:  WDT_RESTART
    MODULE:  bl0930.obj (BL0930)
    ADDRESS: 27EDH

*** WARNING L2: REFERENCE MADE TO UNRESOLVED EXTERNAL
    SYMBOL:  UART1_INIT
    MODULE:  bl0930.obj (BL0930)
    ADDRESS: 27F0H

*** WARNING L2: REFERENCE MADE TO UNRESOLVED EXTERNAL
BL51 BANKED LINKER/LOCATER V6.22.4.0                                                  01/11/2024  08:52:03  PAGE 70


    SYMBOL:  WDT_RESTART
    MODULE:  bl0930.obj (BL0930)
    ADDRESS: 27F6H

*** WARNING L2: REFERENCE MADE TO UNRESOLVED EXTERNAL
    SYMBOL:  WDT_RESTART
    MODULE:  bl0930.obj (BL0930)
    ADDRESS: 27FFH

*** WARNING L2: REFERENCE MADE TO UNRESOLVED EXTERNAL
    SYMBOL:  METER_READ_CAL
    MODULE:  bl0930.obj (BL0930)
    ADDRESS: 286AH

*** WARNING L2: REFERENCE MADE TO UNRESOLVED EXTERNAL
    SYMBOL:  WDT_RESTART
    MODULE:  bl0930.obj (BL0930)
    ADDRESS: 3E3CH

*** WARNING L2: REFERENCE MADE TO UNRESOLVED EXTERNAL
    SYMBOL:  WDT_RESTART
    MODULE:  bl0930.obj (BL0930)
    ADDRESS: 3E42H

*** WARNING L2: REFERENCE MADE TO UNRESOLVED EXTERNAL
    SYMBOL:  METER_WRITE_CAL
    MODULE:  bl0930.obj (BL0930)
    ADDRESS: 4327H

*** WARNING L2: REFERENCE MADE TO UNRESOLVED EXTERNAL
    SYMBOL:  WDT_RESTART
    MODULE:  bl0930.obj (BL0930)
    ADDRESS: 2E2FH

*** WARNING L2: REFERENCE MADE TO UNRESOLVED EXTERNAL
    SYMBOL:  WDT_RESTART
    MODULE:  bl0930.obj (BL0930)
    ADDRESS: 2E53H

*** WARNING L2: REFERENCE MADE TO UNRESOLVED EXTERNAL
    SYMBOL:  WDT_RESTART
    MODULE:  bl0930.obj (BL0930)
    ADDRESS: 370FH

*** WARNING L2: REFERENCE MADE TO UNRESOLVED EXTERNAL
    SYMBOL:  WDT_RESTART
    MODULE:  bl0930.obj (BL0930)
    ADDRESS: 3733H

*** WARNING L2: REFERENCE MADE TO UNRESOLVED EXTERNAL
    SYMBOL:  WDT_RESTART
    MODULE:  bl0930.obj (BL0930)
    ADDRESS: 3995H

*** WARNING L2: REFERENCE MADE TO UNRESOLVED EXTERNAL
    SYMBOL:  WDT_RESTART
    MODULE:  bl0930.obj (BL0930)
BL51 BANKED LINKER/LOCATER V6.22.4.0                                                  01/11/2024  08:52:03  PAGE 71


    ADDRESS: 39CFH

*** WARNING L2: REFERENCE MADE TO UNRESOLVED EXTERNAL
    SYMBOL:  WDT_RESTART
    MODULE:  bl0930.obj (BL0930)
    ADDRESS: 1FEFH

*** WARNING L2: REFERENCE MADE TO UNRESOLVED EXTERNAL
    SYMBOL:  WDT_RESTART
    MODULE:  bl0930.obj (BL0930)
    ADDRESS: 2017H

*** WARNING L2: REFERENCE MADE TO UNRESOLVED EXTERNAL
    SYMBOL:  WDT_RESTART
    MODULE:  bl0930.obj (BL0930)
    ADDRESS: 210FH

*** WARNING L2: REFERENCE MADE TO UNRESOLVED EXTERNAL
    SYMBOL:  METER_WRITE_CAL
    MODULE:  bl0930.obj (BL0930)
    ADDRESS: 22ABH

Program Size: data=12.0 xdata=1635 code=22267
LINK/LOCATE RUN COMPLETE.  31 WARNING(S),  0 ERROR(S)
