###############################################################################
#
# IAR ELF Linker V2.20.1.176 for STM8                     15/Dec/2019  11:35:03
# Copyright 2010-2015 IAR Systems AB.
#
#    Output file  =  
#        F:\projects\git\Hardware\magnetic\code\sx1268\Project\Release\Exe\lora.out
#    Map file     =  
#        F:\projects\git\Hardware\magnetic\code\sx1268\Project\Release\List\lora.map
#    Command line =  
#        F:\projects\git\Hardware\magnetic\code\sx1268\Project\Release\Obj\crc.o
#        F:\projects\git\Hardware\magnetic\code\sx1268\Project\Release\Obj\delay.o
#        F:\projects\git\Hardware\magnetic\code\sx1268\Project\Release\Obj\gpio.o
#        F:\projects\git\Hardware\magnetic\code\sx1268\Project\Release\Obj\main.o
#        F:\projects\git\Hardware\magnetic\code\sx1268\Project\Release\Obj\radio.o
#        F:\projects\git\Hardware\magnetic\code\sx1268\Project\Release\Obj\spi.o
#        F:\projects\git\Hardware\magnetic\code\sx1268\Project\Release\Obj\stm8l15x_adc.o
#        F:\projects\git\Hardware\magnetic\code\sx1268\Project\Release\Obj\stm8l15x_aes.o
#        F:\projects\git\Hardware\magnetic\code\sx1268\Project\Release\Obj\stm8l15x_beep.o
#        F:\projects\git\Hardware\magnetic\code\sx1268\Project\Release\Obj\stm8l15x_clk.o
#        F:\projects\git\Hardware\magnetic\code\sx1268\Project\Release\Obj\stm8l15x_comp.o
#        F:\projects\git\Hardware\magnetic\code\sx1268\Project\Release\Obj\stm8l15x_dac.o
#        F:\projects\git\Hardware\magnetic\code\sx1268\Project\Release\Obj\stm8l15x_dma.o
#        F:\projects\git\Hardware\magnetic\code\sx1268\Project\Release\Obj\stm8l15x_exti.o
#        F:\projects\git\Hardware\magnetic\code\sx1268\Project\Release\Obj\stm8l15x_flash.o
#        F:\projects\git\Hardware\magnetic\code\sx1268\Project\Release\Obj\stm8l15x_gpio.o
#        F:\projects\git\Hardware\magnetic\code\sx1268\Project\Release\Obj\stm8l15x_i2c.o
#        F:\projects\git\Hardware\magnetic\code\sx1268\Project\Release\Obj\stm8l15x_irtim.o
#        F:\projects\git\Hardware\magnetic\code\sx1268\Project\Release\Obj\stm8l15x_it.o
#        F:\projects\git\Hardware\magnetic\code\sx1268\Project\Release\Obj\stm8l15x_itc.o
#        F:\projects\git\Hardware\magnetic\code\sx1268\Project\Release\Obj\stm8l15x_iwdg.o
#        F:\projects\git\Hardware\magnetic\code\sx1268\Project\Release\Obj\stm8l15x_lcd.o
#        F:\projects\git\Hardware\magnetic\code\sx1268\Project\Release\Obj\stm8l15x_pwr.o
#        F:\projects\git\Hardware\magnetic\code\sx1268\Project\Release\Obj\stm8l15x_rst.o
#        F:\projects\git\Hardware\magnetic\code\sx1268\Project\Release\Obj\stm8l15x_rtc.o
#        F:\projects\git\Hardware\magnetic\code\sx1268\Project\Release\Obj\stm8l15x_spi.o
#        F:\projects\git\Hardware\magnetic\code\sx1268\Project\Release\Obj\stm8l15x_syscfg.o
#        F:\projects\git\Hardware\magnetic\code\sx1268\Project\Release\Obj\stm8l15x_tim1.o
#        F:\projects\git\Hardware\magnetic\code\sx1268\Project\Release\Obj\stm8l15x_tim2.o
#        F:\projects\git\Hardware\magnetic\code\sx1268\Project\Release\Obj\stm8l15x_tim3.o
#        F:\projects\git\Hardware\magnetic\code\sx1268\Project\Release\Obj\stm8l15x_tim4.o
#        F:\projects\git\Hardware\magnetic\code\sx1268\Project\Release\Obj\stm8l15x_tim5.o
#        F:\projects\git\Hardware\magnetic\code\sx1268\Project\Release\Obj\stm8l15x_usart.o
#        F:\projects\git\Hardware\magnetic\code\sx1268\Project\Release\Obj\stm8l15x_wfe.o
#        F:\projects\git\Hardware\magnetic\code\sx1268\Project\Release\Obj\stm8l15x_wwdg.o
#        F:\projects\git\Hardware\magnetic\code\sx1268\Project\Release\Obj\sx126x-board.o
#        F:\projects\git\Hardware\magnetic\code\sx1268\Project\Release\Obj\sx126x.o
#        F:\projects\git\Hardware\magnetic\code\sx1268\Project\Release\Obj\sysclock.o
#        F:\projects\git\Hardware\magnetic\code\sx1268\Project\Release\Obj\uart1.o
#        F:\projects\git\Hardware\magnetic\code\sx1268\Project\Release\Obj\uartParase.o
#        --redirect _Printf=_PrintfFull --redirect _Scanf=_ScanfSmall -o
#        F:\projects\git\Hardware\magnetic\code\sx1268\Project\Release\Exe\lora.out
#        --map
#        F:\projects\git\Hardware\magnetic\code\sx1268\Project\Release\List\lora.map
#        --config "C:\Program Files (x86)\IAR Systems\Embedded Workbench
#        7.3\stm8\config\lnkstm8l151g6.icf" --config_def _CSTACK_SIZE=0x100
#        --config_def _HEAP_SIZE=0x100 --entry __iar_program_start --debug_lib
#
###############################################################################

*******************************************************************************
*** RUNTIME MODEL ATTRIBUTES
***

__Heap_Handler             = Basic
__SystemLibrary            = DLib
__code_model               = small
__core                     = stm8
__data_model               = medium
__dlib_file_descriptor     = 1
__dlib_full_locale_support = 1
__rt_version               = 4


*******************************************************************************
*** PLACEMENT SUMMARY
***

"A1":  place at start of [0x000000-0x0000ff] { rw section .vregs };
"A2":  place at end of [0x000000-0x0007ff] { block CSTACK };
"P2":  place in [from 0x000000 to 0x0007ff] {
          block HEAP, rw section __DLIB_PERTHREAD, rw section .far.bss,
          rw section .far.data, rw section .far.noinit,
          rw section .far_func.textrw, rw section .huge.bss,
          rw section .huge.data, rw section .huge.noinit,
          rw section .huge_func.textrw, rw section .iar.dynexit,
          rw section .near.bss, rw section .near.data, rw section .near.noinit,
          rw section .near_func.textrw };
"A3":  place at start of [0x008000-0x00ffff] { block INTVEC };
"P3":  place in [from 0x008000 to 0x00ffff] {
          ro section __DLIB_PERTHREAD_init, ro section .far.data_init,
          ro section .far_func.textrw_init, ro section .huge.data_init,
          ro section .huge_func.textrw_init, ro section .iar.init_table,
          ro section .init_array, ro section .near.data_init,
          ro section .near.rodata, ro section .near_func.text,
          ro section .near_func.textrw_init, ro section .tiny.data_init,
          ro section .tiny.rodata_init };

  Section            Kind      Address    Size  Object
  -------            ----      -------    ----  ------
"A1":                                     0x10
  .vregs             uninit   0x000000    0x10  vregs.o [4]
                            - 0x000010    0x10

"P2", part 1 of 2:                        0x4c
  P2-1                        0x000010    0x4c  <Init block>
    .near.data       inited   0x000010     0x1  main.o [1]
    .near.data       inited   0x000011     0x2  main.o [1]
    .near.data       inited   0x000013    0x48  radio.o [1]
    .near.data       inited   0x00005b     0x1  radio.o [1]
                            - 0x00005c    0x4c

"P2", part 2 of 2:                       0x299
  .near.bss          zero     0x00005c    0xff  radio.o [1]
  .near.bss          zero     0x00015b    0x80  main.o [1]
  .near.bss          zero     0x0001db    0x80  main.o [1]
  .near.bss          zero     0x00025b    0x2e  radio.o [1]
  .near.bss          zero     0x000289    0x18  stm8l15x_it.o [1]
  .near.bss          zero     0x0002a1     0xf  radio.o [1]
  .near.bss          zero     0x0002b0     0xe  main.o [1]
  .near.bss          zero     0x0002be     0x4  radio.o [1]
  .near.bss          zero     0x0002c2     0x4  radio.o [1]
  .near.bss          zero     0x0002c6     0x4  radio.o [1]
  .near.bss          zero     0x0002ca     0x4  radio.o [1]
  .near.bss          zero     0x0002ce     0x4  radio.o [1]
  .near.bss          zero     0x0002d2     0x4  stm8l15x_it.o [1]
  .near.bss          zero     0x0002d6     0x4  sx126x.o [1]
  .near.bss          zero     0x0002da     0x2  main.o [1]
  .near.bss          zero     0x0002dc     0x2  main.o [1]
  .near.bss          zero     0x0002de     0x2  radio.o [1]
  .near.bss          zero     0x0002e0     0x2  radio.o [1]
  .near.bss          zero     0x0002e2     0x2  errno.o [4]
  .near.bss          zero     0x0002e4     0x1  main.o [1]
  .near.bss          zero     0x0002e5     0x1  main.o [1]
  .near.bss          zero     0x0002e6     0x1  radio.o [1]
  .near.bss          zero     0x0002e7     0x1  radio.o [1]
  .near.bss          zero     0x0002e8     0x1  radio.o [1]
  .near.bss          zero     0x0002e9     0x1  radio.o [1]
  .near.bss          zero     0x0002ea     0x1  stm8l15x_it.o [1]
  .near.bss          zero     0x0002eb     0x1  stm8l15x_it.o [1]
  .near.bss          zero     0x0002ec     0x1  stm8l15x_it.o [1]
  .near.bss          zero     0x0002ed     0x1  stm8l15x_it.o [1]
  .near.bss          zero     0x0002ee     0x1  stm8l15x_it.o [1]
  .near.bss          zero     0x0002ef     0x1  stm8l15x_it.o [1]
  .near.bss          zero     0x0002f0     0x1  sx126x.o [1]
  .near.bss          zero     0x0002f1     0x1  sx126x.o [1]
  .near.bss          zero     0x0002f2     0x1  sx126x.o [1]
  .near.bss          zero     0x0002f3     0x1  sx126x.o [1]
  .near.bss          zero     0x0002f4     0x1  sx126x.o [1]
                            - 0x0002f5   0x299

"A2":                                    0x100
  CSTACK                      0x000700   0x100  <Block>
    CSTACK           uninit   0x000700   0x100  <Block tail>
                            - 0x000800   0x100

"A3":                                     0x80
  INTVEC                      0x008000    0x80  <Block>
    .intvec          const    0x008000    0x80  interrupt.o [4]
                            - 0x008080    0x80

"P3":                                   0x3436
  .near_func.text    ro code  0x008080   0x4c9  float.o [4]
  .near_func.text    ro code  0x008549   0x2fb  pow.o [4]
  .near_func.text    ro code  0x008844   0x1f6  radio.o [1]
  .near_func.text    ro code  0x008a3a   0x1f5  xexp.o [4]
  .near_func.text    ro code  0x008c2f   0x1db  radio.o [1]
  .near_func.text    ro code  0x008e0a   0x1a0  radio.o [1]
  .near_func.text    ro code  0x008faa   0x19e  radio.o [1]
  .near_func.text    ro code  0x009148   0x181  float_libsup.o [4]
  .near_func.text    ro code  0x0092c9   0x167  vreg_util.o [4]
  .near_func.text    ro code  0x009430   0x163  main.o [1]
  .near_func.text    ro code  0x009593   0x126  gpio.o [1]
  .near_func.text    ro code  0x0096b9   0x11f  stm8l15x_exti.o [1]
  .near_func.text    ro code  0x0097d8   0x114  sx126x.o [1]
  .near_func.text    ro code  0x0098ec   0x10e  sx126x.o [1]
  .near_func.text    ro code  0x0099fa    0xe1  main.o [1]
  .near_func.text    ro code  0x009adb    0xdd  sx126x.o [1]
  .near_func.text    ro code  0x009bb8    0xcc  xdint.o [4]
  .near_func.text    ro code  0x009c84    0xaf  stm8l15x_gpio.o [1]
  .near_func.text    ro code  0x009d33    0xae  long_util.o [4]
  .near_func.text    ro code  0x009de1    0xa3  sx126x.o [1]
  .near_func.text    ro code  0x009e84    0xa0  long.o [4]
  .near_func.text    ro code  0x009f24    0x90  sx126x.o [1]
  .near_func.text    ro code  0x009fb4    0x8e  stm8l15x_clk.o [1]
  .near_func.text    ro code  0x00a042    0x7d  xrint.o [4]
  .near_func.text    ro code  0x00a0bf    0x74  crc.o [1]
  .near_func.text    ro code  0x00a133    0x71  radio.o [1]
  .near_func.text    ro code  0x00a1a4    0x71  sx126x.o [1]
  .near.rodata       const    0x00a215    0x6e  radio.o [1]
  .near_func.text    ro code  0x00a283    0x60  stm8l15x_it.o [1]
  .near_func.text    ro code  0x00a2e3    0x5b  radio.o [1]
  .near_func.text    ro code  0x00a33e    0x59  stm8l15x_spi.o [1]
  .near_func.text    ro code  0x00a397    0x58  sx126x-board.o [1]
  .near_func.text    ro code  0x00a3ef    0x57  radio.o [1]
  .near_func.text    ro code  0x00a446    0x57  spi.o [1]
  .near_func.text    ro code  0x00a49d    0x57  sx126x-board.o [1]
  .near_func.text    ro code  0x00a4f4    0x54  sx126x-board.o [1]
  .near_func.text    ro code  0x00a548    0x53  sx126x-board.o [1]
  .near_func.text    ro code  0x00a59b    0x53  sx126x-board.o [1]
  .near_func.text    ro code  0x00a5ee    0x52  sx126x-board.o [1]
  .near_func.text    ro code  0x00a640    0x4d  main.o [1]
  Initializer bytes  const    0x00a68d    0x4c  <for P2-1>
  .near_func.text    ro code  0x00a6d9    0x48  radio.o [1]
  .near_func.text    ro code  0x00a721    0x46  sx126x.o [1]
  .near_func.text    ro code  0x00a767    0x45  crc.o [1]
  .near_func.text    ro code  0x00a7ac    0x45  sx126x.o [1]
  .near_func.text    ro code  0x00a7f1    0x44  sx126x.o [1]
  .near_func.text    ro code  0x00a835    0x41  stm8l15x_clk.o [1]
  .near_func.text    ro code  0x00a876    0x40  radio.o [1]
  .near_func.text    ro code  0x00a8b6    0x3f  radio.o [1]
  .near_func.text    ro code  0x00a8f5    0x3d  sx126x.o [1]
  .near_func.text    ro code  0x00a932    0x3c  sx126x.o [1]
  .near_func.text    ro code  0x00a96e    0x3b  sx126x.o [1]
  .near_func.text    ro code  0x00a9a9    0x3a  radio.o [1]
  .near_func.text    ro code  0x00a9e3    0x3a  radio.o [1]
  .near_func.text    ro code  0x00aa1d    0x3a  radio.o [1]
  .near_func.text    ro code  0x00aa57    0x3a  ceil.o [4]
  .near_func.text    ro code  0x00aa91    0x3a  floor.o [4]
  .near_func.text    ro code  0x00aacb    0x37  stm8l15x_usart.o [1]
  .near.rodata       const    0x00ab02    0x36  radio.o [1]
  .near_func.text    ro code  0x00ab38    0x36  memcmp.o [4]
  .near_func.text    ro code  0x00ab6e    0x35  short.o [4]
  .near_func.text    ro code  0x00aba3    0x34  radio.o [1]
  .near_func.text    ro code  0x00abd7    0x32  radio.o [1]
  .near_func.text    ro code  0x00ac09    0x32  sx126x-board.o [1]
  .near_func.text    ro code  0x00ac3b    0x32  sx126x.o [1]
  .near_func.text    ro code  0x00ac6d    0x32  sx126x.o [1]
  .near_func.text    ro code  0x00ac9f    0x2f  spi.o [1]
  .near_func.text    ro code  0x00acce    0x2e  sx126x.o [1]
  .near_func.text    ro code  0x00acfc    0x2e  sx126x.o [1]
  .near_func.text    ro code  0x00ad2a    0x2c  stm8l15x_it.o [1]
  .near_func.text    ro code  0x00ad56    0x2a  sx126x.o [1]
  .near_func.text    ro code  0x00ad80    0x2a  sx126x.o [1]
  .near_func.text    ro code  0x00adaa    0x28  delay.o [1]
  .near_func.text    ro code  0x00add2    0x28  init_small.o [4]
  .near_func.text    ro code  0x00adfa    0x27  radio.o [1]
  .near_func.text    ro code  0x00ae21    0x26  radio.o [1]
  .near_func.text    ro code  0x00ae47    0x26  radio.o [1]
  .near_func.text    ro code  0x00ae6d    0x25  stm8l15x_spi.o [1]
  .near_func.text    ro code  0x00ae92    0x25  sx126x.o [1]
  .near_func.text    ro code  0x00aeb7    0x25  memcpy.o [4]
  .near_func.text    ro code  0x00aedc    0x25  dc_util.o [4]
  .near_func.text    ro code  0x00af01    0x24  gpio.o [1]
  .near_func.text    ro code  0x00af25    0x24  sx126x.o [1]
  .near_func.text    ro code  0x00af49    0x22  stm8l15x_exti.o [1]
  .near_func.text    ro code  0x00af6b    0x21  sx126x.o [1]
  .near_func.text    ro code  0x00af8c    0x21  rint.o [4]
  .iar.init_table    const    0x00afad    0x12  - Linker created -
  .near_func.text    ro code  0x00afbf    0x1f  sx126x.o [1]
  .near_func.text    ro code  0x00afde    0x1f  move.o [4]
  .near_func.text    ro code  0x00affd    0x1f  xlog.o [4]
  .near_func.text    ro code  0x00b01c    0x1e  stm8l15x_spi.o [1]
  .near_func.text    ro code  0x00b03a    0x1e  sx126x.o [1]
  .near_func.text    ro code  0x00b058    0x1e  init_small.o [4]
  .near_func.text    ro code  0x00b076    0x1d  radio.o [1]
  .near_func.text    ro code  0x00b093    0x1d  stm8l15x_it.o [1]
  .near_func.text    ro code  0x00b0b0    0x1d  sx126x-board.o [1]
  .near_func.text    ro code  0x00b0cd    0x1d  sx126x-board.o [1]
  .near_func.text    ro code  0x00b0ea    0x1c  stm8l15x_it.o [1]
  .near_func.text    ro code  0x00b106    0x1a  sx126x-board.o [1]
  .near_func.text    ro code  0x00b120    0x1a  sx126x.o [1]
  .near_func.text    ro code  0x00b13a    0x19  stm8l15x_it.o [1]
  .near_func.text    ro code  0x00b153    0x19  stm8l15x_it.o [1]
  .near_func.text    ro code  0x00b16c    0x19  stm8l15x_it.o [1]
  .near_func.text    ro code  0x00b185    0x19  stm8l15x_it.o [1]
  .near_func.text    ro code  0x00b19e    0x19  sx126x.o [1]
  .near_func.text    ro code  0x00b1b7    0x18  radio.o [1]
  .near_func.text    ro code  0x00b1cf    0x18  sx126x.o [1]
  .near_func.text    ro code  0x00b1e7    0x17  radio.o [1]
  .near_func.text    ro code  0x00b1fe    0x17  sx126x.o [1]
  .near_func.text    ro code  0x00b215    0x17  memset.o [4]
  .near_func.text    ro code  0x00b22c    0x17  init.o [4]
  .near_func.text    ro code  0x00b243    0x16  sx126x.o [1]
  .near_func.text    ro code  0x00b259    0x15  sx126x.o [1]
  .near_func.text    ro code  0x00b26e    0x14  __dbg_xxexit.o [3]
  .near_func.text    ro code  0x00b282    0x13  stm8l15x_clk.o [1]
  .near_func.text    ro code  0x00b295    0x13  cstartup.o [4]
  .near_func.text    ro code  0x00b2a8    0x12  sx126x-board.o [1]
  .near_func.text    ro code  0x00b2ba    0x12  sysclock.o [1]
  .near_func.text    ro code  0x00b2cc    0x11  stm8l15x_spi.o [1]
  .near_func.text    ro code  0x00b2dd    0x11  sx126x.o [1]
  .near_func.text    ro code  0x00b2ee    0x11  sx126x.o [1]
  .near_func.text    ro code  0x00b2ff    0x11  sx126x.o [1]
  .near_func.text    ro code  0x00b310    0x11  sx126x.o [1]
  .near_func.text    ro code  0x00b321    0x10  main.o [1]
  .near_func.text    ro code  0x00b331     0xf  main.o [1]
  .near_func.text    ro code  0x00b340     0xf  radio.o [1]
  .near_func.text    ro code  0x00b34f     0xf  radio.o [1]
  .near_func.text    ro code  0x00b35e     0xe  stm8l15x_clk.o [1]
  .near_func.text    ro code  0x00b36c     0xd  radio.o [1]
  .near_func.text    ro code  0x00b379     0xd  stm8l15x_rst.o [1]
  .near_func.text    ro code  0x00b386     0xd  sx126x-board.o [1]
  .near_func.text    ro code  0x00b393     0xd  sx126x.o [1]
  .near_func.text    ro code  0x00b3a0     0xc  stm8l15x_rtc.o [1]
  .near.rodata       const    0x00b3ac     0x9  sx126x.o [1]
  .near_func.text    ro code  0x00b3b5     0x9  radio.o [1]
  .near_func.text    ro code  0x00b3be     0x9  stm8l15x_gpio.o [1]
  .near_func.text    ro code  0x00b3c7     0x9  stm8l15x_tim3.o [1]
  .near_func.text    ro code  0x00b3d0     0x9  sx126x.o [1]
  .near_func.text    ro code  0x00b3d9     0x9  xlog.o [4]
  .near.rodata       const    0x00b3e2     0x8  radio.o [1]
  .near.rodata       const    0x00b3ea     0x8  radio.o [1]
  .near.rodata       const    0x00b3f2     0x8  sx126x.o [1]
  .near_func.text    ro code  0x00b3fa     0x8  stm8l15x_gpio.o [1]
  .near_func.text    ro code  0x00b402     0x8  stm8l15x_spi.o [1]
  .near_func.text    ro code  0x00b40a     0x8  xexp.o [4]
  .near_func.text    ro code  0x00b412     0x8  xexp.o [4]
  .near_func.text    ro code  0x00b41a     0x8  xexp.o [4]
  .near_func.text    ro code  0x00b422     0x7  stm8l15x_gpio.o [1]
  .near_func.text    ro code  0x00b429     0x6  xrint.o [4]
  .near.rodata       const    0x00b42f     0x5  main.o [1]
  .near.rodata       const    0x00b434     0x5  main.o [1]
  .near_func.text    ro code  0x00b439     0x5  radio.o [1]
  .near_func.text    ro code  0x00b43e     0x5  radio.o [1]
  .near_func.text    ro code  0x00b443     0x5  stm8l15x_iwdg.o [1]
  .near_func.text    ro code  0x00b448     0x5  stm8l15x_iwdg.o [1]
  .near_func.text    ro code  0x00b44d     0x5  stm8l15x_spi.o [1]
  .near_func.text    ro code  0x00b452     0x5  stm8l15x_usart.o [1]
  .near_func.text    ro code  0x00b457     0x5  stm8l15x_usart.o [1]
  .near_func.text    ro code  0x00b45c     0x5  cexit.o [4]
  .near_func.text    ro code  0x00b461     0x4  radio.o [1]
  .near_func.text    ro code  0x00b465     0x4  stm8l15x_clk.o [1]
  .near_func.text    ro code  0x00b469     0x4  stm8l15x_clk.o [1]
  .near_func.text    ro code  0x00b46d     0x4  stm8l15x_iwdg.o [1]
  .near_func.text    ro code  0x00b471     0x4  stm8l15x_iwdg.o [1]
  .near_func.text    ro code  0x00b475     0x4  stm8l15x_iwdg.o [1]
  .near_func.text    ro code  0x00b479     0x4  stm8l15x_rst.o [1]
  .near_func.text    ro code  0x00b47d     0x4  sx126x.o [1]
  .near_func.text    ro code  0x00b481     0x4  sx126x.o [1]
  .near.rodata       const    0x00b485     0x3  radio.o [1]
  .near_func.text    ro code  0x00b488     0x3  radio.o [1]
  .near_func.text    ro code  0x00b48b     0x3  sx126x-board.o [1]
  .near_func.text    ro code  0x00b48e     0x3  interrupt.o [4]
  .near_func.text    ro code  0x00b491     0x3  low_level_init.o [4]
  .near_func.text    ro code  0x00b494     0x3  exit.o [4]
  .near_func.text    ro code  0x00b497     0x3  unhandled_exception.o [4]
  .near.rodata       const    0x00b49a     0x1  radio.o [1]
  .near_func.text    ro code  0x00b49b     0x1  main.o [1]
  .near_func.text    ro code  0x00b49c     0x1  main.o [1]
  .near_func.text    ro code  0x00b49d     0x1  stm8l15x_it.o [1]
  .near_func.text    ro code  0x00b49e     0x1  stm8l15x_it.o [1]
  .near_func.text    ro code  0x00b49f     0x1  stm8l15x_it.o [1]
  .near_func.text    ro code  0x00b4a0     0x1  stm8l15x_it.o [1]
  .near_func.text    ro code  0x00b4a1     0x1  stm8l15x_it.o [1]
  .near_func.text    ro code  0x00b4a2     0x1  stm8l15x_it.o [1]
  .near_func.text    ro code  0x00b4a3     0x1  stm8l15x_it.o [1]
  .near_func.text    ro code  0x00b4a4     0x1  stm8l15x_it.o [1]
  .near_func.text    ro code  0x00b4a5     0x1  stm8l15x_it.o [1]
  .near_func.text    ro code  0x00b4a6     0x1  stm8l15x_it.o [1]
  .near_func.text    ro code  0x00b4a7     0x1  stm8l15x_it.o [1]
  .near_func.text    ro code  0x00b4a8     0x1  stm8l15x_it.o [1]
  .near_func.text    ro code  0x00b4a9     0x1  stm8l15x_it.o [1]
  .near_func.text    ro code  0x00b4aa     0x1  stm8l15x_it.o [1]
  .near_func.text    ro code  0x00b4ab     0x1  stm8l15x_it.o [1]
  .near_func.text    ro code  0x00b4ac     0x1  stm8l15x_it.o [1]
  .near_func.text    ro code  0x00b4ad     0x1  stm8l15x_it.o [1]
  .near_func.text    ro code  0x00b4ae     0x1  stm8l15x_it.o [1]
  .near_func.text    ro code  0x00b4af     0x1  stm8l15x_it.o [1]
  .near_func.text    ro code  0x00b4b0     0x1  stm8l15x_it.o [1]
  .near_func.text    ro code  0x00b4b1     0x1  stm8l15x_it.o [1]
  .near_func.text    ro code  0x00b4b2     0x1  stm8l15x_it.o [1]
  .near_func.text    ro code  0x00b4b3     0x1  sx126x-board.o [1]
  .near_func.text    ro code  0x00b4b4     0x1  sx126x-board.o [1]
  .near_func.text    ro code  0x00b4b5     0x1  __dbg_break.o [3]
                            - 0x00b4b6  0x3436


*******************************************************************************
*** INIT TABLE
***

          Address   Size
          -------   ----
Zero (__iar_zero_init2)
    1 destination range, total size 0x299:
          0x00005c  0x299

Copy (__iar_copy_init2)
    1 source range, total size 0x4c:
          0x00a68d   0x4c
    1 destination range, total size 0x4c:
          0x000010   0x4c



*******************************************************************************
*** MODULE SUMMARY
***

    Module                 ro code  ro data  rw data
    ------                 -------  -------  -------
F:\projects\git\Hardware\magnetic\code\sx1268\Project\Release\Obj: [1]
    crc.o                      185
    delay.o                     40
    gpio.o                     330
    main.o                     690       13      279
    radio.o                  2 833      257      417
    spi.o                      134
    stm8l15x_clk.o             248
    stm8l15x_exti.o            321
    stm8l15x_gpio.o            199
    stm8l15x_it.o              319                34
    stm8l15x_iwdg.o             22
    stm8l15x_rst.o              17
    stm8l15x_rtc.o              12
    stm8l15x_spi.o             186
    stm8l15x_tim3.o              9
    stm8l15x_usart.o            65
    sx126x-board.o             677
    sx126x.o                 2 256       17        9
    sysclock.o                  18
    ------------------------------------------------
    Total:                   8 561      287      739

command line: [2]
    ------------------------------------------------
    Total:

dbgstm8smd.a: [3]
    __dbg_break.o                1
    __dbg_xxexit.o              20
    ------------------------------------------------
    Total:                      21

dlstm8smf.a: [4]
    ceil.o                      58
    cexit.o                      5
    cstartup.o                  19
    dc_util.o                   37
    errno.o                                        2
    exit.o                       3
    float.o                  1 225
    float_libsup.o             385
    floor.o                     58
    init.o                      23
    init_small.o                70
    interrupt.o                  3      128
    long.o                     160
    long_util.o                174
    low_level_init.o             3
    memcmp.o                    54
    memcpy.o                    37
    memset.o                    23
    move.o                      31
    pow.o                      763
    rint.o                      33
    short.o                     53
    unhandled_exception.o        3
    vreg_util.o                359
    vregs.o                                       16
    xdint.o                    204
    xexp.o                     525
    xlog.o                      40
    xrint.o                    131
    ------------------------------------------------
    Total:                   4 479      128       18

    Linker created                       18      256
----------------------------------------------------
    Grand Total:            13 061      433    1 013


*******************************************************************************
*** ENTRY LIST
***

Entry                    Address   Size  Type      Object
-----                    -------   ----  ----      ------
.iar.init_table$$Base   0x00afad          --   Gb  - Linker created -
.iar.init_table$$Limit  0x00afbf          --   Gb  - Linker created -
?add32_l0_l0_0x         0x009ec3         Code  Gb  long.o [4]
?add32_l0_l0_l1         0x009ec0         Code  Gb  long.o [4]
?b0                     0x000000         Data  Gb  vregs.o [4]
?b1                     0x000001         Data  Gb  vregs.o [4]
?b10                    0x00000a         Data  Gb  vregs.o [4]
?b11                    0x00000b         Data  Gb  vregs.o [4]
?b12                    0x00000c         Data  Gb  vregs.o [4]
?b13                    0x00000d         Data  Gb  vregs.o [4]
?b14                    0x00000e         Data  Gb  vregs.o [4]
?b15                    0x00000f         Data  Gb  vregs.o [4]
?b2                     0x000002         Data  Gb  vregs.o [4]
?b3                     0x000003         Data  Gb  vregs.o [4]
?b4                     0x000004         Data  Gb  vregs.o [4]
?b5                     0x000005         Data  Gb  vregs.o [4]
?b6                     0x000006         Data  Gb  vregs.o [4]
?b7                     0x000007         Data  Gb  vregs.o [4]
?b8                     0x000008         Data  Gb  vregs.o [4]
?b9                     0x000009         Data  Gb  vregs.o [4]
?dc32_l0                0x00aedc         Code  Gb  dc_util.o [4]
?dc32_l1                0x00aee9         Code  Gb  dc_util.o [4]
?dc32_px                0x00aef6         Code  Gb  dc_util.o [4]
?dec32_0x_0x            0x009eac         Code  Gb  long.o [4]
?dec32_l0_l0            0x009ea7         Code  Gb  long.o [4]
?e0                     0x000001         Data  Gb  vregs.o [4]
?e1                     0x000005         Data  Gb  vregs.o [4]
?e2                     0x000009         Data  Gb  vregs.o [4]
?e3                     0x00000d         Data  Gb  vregs.o [4]
?epilogue_l2            0x00937c         Code  Gb  vreg_util.o [4]
?epilogue_l2_l3         0x009379         Code  Gb  vreg_util.o [4]
?epilogue_l2_w6         0x009380         Code  Gb  vreg_util.o [4]
?epilogue_w4            0x009387         Code  Gb  vreg_util.o [4]
?fadd32_l0_l0_dc32      0x0080a3         Code  Gb  float.o [4]
?fadd32_l0_l0_l1        0x0080a8         Code  Gb  float.o [4]
?fcastf32s16_l0_x       0x008367         Code  Gb  float.o [4]
?fcastf32s32_l0_l0      0x008404         Code  Gb  float.o [4]
?fcastf32u16_l0_x       0x00836e         Code  Gb  float.o [4]
?fcastf32u32_l0_l0      0x00840f         Code  Gb  float.o [4]
?fcasts32f32_l0_l0      0x0083a3         Code  Gb  float.o [4]
?fcastu32f32_l0_l0      0x00838c         Code  Gb  float.o [4]
?fcmpeq32_c_0x_fzero    0x0082d1         Code  Gb  float.o [4]
?fcmpeq32_c_l0_0x       0x0082de         Code  Gb  float.o [4]
?fcmpeq32_c_l0_dc32     0x0082d9         Code  Gb  float.o [4]
?fcmpeq32_c_l0_fzero    0x0082ce         Code  Gb  float.o [4]
?fcmpge32_c_l0_0x       0x008308         Code  Gb  float.o [4]
?fcmpge32_c_l0_dc32     0x008303         Code  Gb  float.o [4]
?fcmplt32_c_l0_0x       0x008311         Code  Gb  float.o [4]
?fcmplt32_c_l0_dc32     0x00830c         Code  Gb  float.o [4]
?fdiv32_l0_dc32_l1      0x008216         Code  Gb  float.o [4]
?fdiv32_l0_l0_dc32      0x00821b         Code  Gb  float.o [4]
?fdiv32_l0_l0_l1        0x008220         Code  Gb  float.o [4]
?fmul32_l0_l0_dc32      0x008176         Code  Gb  float.o [4]
?fmul32_l0_l0_l1        0x00817b         Code  Gb  float.o [4]
?fsub32_l0_l0_l1        0x00809d         Code  Gb  float.o [4]
?inc32_0x_0x            0x009e99         Code  Gb  long.o [4]
?inc32_l0_l0            0x009e94         Code  Gb  long.o [4]
?l0                     0x000000         Data  Gb  vregs.o [4]
?l1                     0x000004         Data  Gb  vregs.o [4]
?l2                     0x000008         Data  Gb  vregs.o [4]
?l3                     0x00000c         Data  Gb  vregs.o [4]
?load32_0x_l0           0x009db4         Code  Gb  long_util.o [4]
?load32_0x_l2           0x009dd3         Code  Gb  long_util.o [4]
?load32_asp_l0          0x009da8         Code  Gb  long_util.o [4]
?load32_asp_l2          0x009dc7         Code  Gb  long_util.o [4]
?load32_dbsp_l0         0x009da3         Code  Gb  long_util.o [4]
?load32_dbsp_l2         0x009dc2         Code  Gb  long_util.o [4]
?load32_l0_0x           0x009d43         Code  Gb  long_util.o [4]
?load32_l0_asp          0x009d38         Code  Gb  long_util.o [4]
?load32_l0_dbsp         0x009d33         Code  Gb  long_util.o [4]
?load32_l0_xsp          0x009d3a         Code  Gb  long_util.o [4]
?load32_l1_0x           0x009d5f         Code  Gb  long_util.o [4]
?load32_l1_asp          0x009d54         Code  Gb  long_util.o [4]
?load32_l1_dbsp         0x009d4f         Code  Gb  long_util.o [4]
?load32_l1_xsp          0x009d56         Code  Gb  long_util.o [4]
?load32_l2_0x           0x009d7b         Code  Gb  long_util.o [4]
?load32_l2_asp          0x009d70         Code  Gb  long_util.o [4]
?load32_l2_dbsp         0x009d6b         Code  Gb  long_util.o [4]
?load32_l2_xsp          0x009d72         Code  Gb  long_util.o [4]
?load32_l3_0x           0x009d97         Code  Gb  long_util.o [4]
?load32_l3_asp          0x009d8c         Code  Gb  long_util.o [4]
?load32_l3_dbsp         0x009d87         Code  Gb  long_util.o [4]
?load32_l3_xsp          0x009d8e         Code  Gb  long_util.o [4]
?load32_xsp_l0          0x009daa         Code  Gb  long_util.o [4]
?load32_xsp_l2          0x009dc9         Code  Gb  long_util.o [4]
?longfarg16_v_w0_a      0x00afeb         Code  Gb  move.o [4]
?longfarg16_v_w0_x      0x00afed         Code  Gb  move.o [4]
?mov_e0_e1              0x0093b1         Code  Gb  vreg_util.o [4]
?mov_e0_e2              0x0093be         Code  Gb  vreg_util.o [4]
?mov_e0_e3              0x0093cb         Code  Gb  vreg_util.o [4]
?mov_e1_e0              0x0093d8         Code  Gb  vreg_util.o [4]
?mov_e1_e2              0x0093e5         Code  Gb  vreg_util.o [4]
?mov_e1_e3              0x0093f2         Code  Gb  vreg_util.o [4]
?mov_e2_e0              0x0093ff         Code  Gb  vreg_util.o [4]
?mov_e2_e1              0x00940c         Code  Gb  vreg_util.o [4]
?mov_e3_e0              0x009419         Code  Gb  vreg_util.o [4]
?mov_e3_e1              0x009426         Code  Gb  vreg_util.o [4]
?mov_l0_l1              0x0093ae         Code  Gb  vreg_util.o [4]
?mov_l0_l2              0x0093bb         Code  Gb  vreg_util.o [4]
?mov_l0_l3              0x0093c8         Code  Gb  vreg_util.o [4]
?mov_l1_l0              0x0093d5         Code  Gb  vreg_util.o [4]
?mov_l1_l2              0x0093e2         Code  Gb  vreg_util.o [4]
?mov_l1_l3              0x0093ef         Code  Gb  vreg_util.o [4]
?mov_l2_l0              0x0093fc         Code  Gb  vreg_util.o [4]
?mov_l2_l1              0x009409         Code  Gb  vreg_util.o [4]
?mov_l3_l0              0x009416         Code  Gb  vreg_util.o [4]
?mov_l3_l1              0x009423         Code  Gb  vreg_util.o [4]
?mov_w1_w3              0x0093b4         Code  Gb  vreg_util.o [4]
?mov_w1_w5              0x0093c1         Code  Gb  vreg_util.o [4]
?mov_w1_w7              0x0093ce         Code  Gb  vreg_util.o [4]
?mov_w2_w1              0x00938b         Code  Gb  vreg_util.o [4]
?mov_w3_w1              0x0093db         Code  Gb  vreg_util.o [4]
?mov_w3_w5              0x0093e8         Code  Gb  vreg_util.o [4]
?mov_w3_w7              0x0093f5         Code  Gb  vreg_util.o [4]
?mov_w4_w1              0x009392         Code  Gb  vreg_util.o [4]
?mov_w5_w0              0x009399         Code  Gb  vreg_util.o [4]
?mov_w5_w1              0x009402         Code  Gb  vreg_util.o [4]
?mov_w5_w3              0x00940f         Code  Gb  vreg_util.o [4]
?mov_w6_w0              0x0093a0         Code  Gb  vreg_util.o [4]
?mov_w7_w0              0x0093a7         Code  Gb  vreg_util.o [4]
?mov_w7_w1              0x00941c         Code  Gb  vreg_util.o [4]
?mov_w7_w3              0x009429         Code  Gb  vreg_util.o [4]
?move1616_v_x_y_a       0x00afde         Code  Gb  move.o [4]
?mul16_x_x_w0           0x00ab6e         Code  Gb  short.o [4]
?neg32_l0_l0            0x009e84         Code  Gb  long.o [4]
?or32_l0_l0_0x          0x009eee         Code  Gb  long.o [4]
?or32_l0_l0_l1          0x009eeb         Code  Gb  long.o [4]
?pop_l0                 0x009345         Code  Gb  vreg_util.o [4]
?pop_l1                 0x009350         Code  Gb  vreg_util.o [4]
?pop_l2                 0x00935b         Code  Gb  vreg_util.o [4]
?pop_l3                 0x009366         Code  Gb  vreg_util.o [4]
?pop_w4                 0x0092f0         Code  Gb  vreg_util.o [4]
?pop_w5                 0x0092f7         Code  Gb  vreg_util.o [4]
?pop_w6                 0x0092fe         Code  Gb  vreg_util.o [4]
?pop_w7                 0x009305         Code  Gb  vreg_util.o [4]
?push_l0                0x009314         Code  Gb  vreg_util.o [4]
?push_l1                0x009319         Code  Gb  vreg_util.o [4]
?push_l2                0x00931e         Code  Gb  vreg_util.o [4]
?push_l3                0x009323         Code  Gb  vreg_util.o [4]
?push_w4                0x0092c9         Code  Gb  vreg_util.o [4]
?push_w5                0x0092ce         Code  Gb  vreg_util.o [4]
?push_w6                0x0092d3         Code  Gb  vreg_util.o [4]
?push_w7                0x0092d8         Code  Gb  vreg_util.o [4]
?sext16_x_a             0x00ab9c         Code  Gb  short.o [4]
?sext32_l0_a            0x009f17         Code  Gb  long.o [4]
?sll16_x_x_a            0x00ab8c         Code  Gb  short.o [4]
?sll32_0x_0x_a          0x009f09         Code  Gb  long.o [4]
?sll32_l0_l0_a          0x009f06         Code  Gb  long.o [4]
?srl16_x_x_4            0x00ab97         Code  Gb  short.o [4]
?srl16_x_x_5            0x00ab96         Code  Gb  short.o [4]
?srl16_x_x_6            0x00ab95         Code  Gb  short.o [4]
?srl16_x_x_7            0x00ab94         Code  Gb  short.o [4]
?ucmp32_c_l0_0x         0x009edb         Code  Gb  long.o [4]
?w0                     0x000000         Data  Gb  vregs.o [4]
?w1                     0x000002         Data  Gb  vregs.o [4]
?w2                     0x000004         Data  Gb  vregs.o [4]
?w3                     0x000006         Data  Gb  vregs.o [4]
?w4                     0x000008         Data  Gb  vregs.o [4]
?w5                     0x00000a         Data  Gb  vregs.o [4]
?w6                     0x00000c         Data  Gb  vregs.o [4]
?w7                     0x00000e         Data  Gb  vregs.o [4]
ADC1_COMP_IRQHandler    0x00b4a9    0x1  Code  Gb  stm8l15x_it.o [1]
Bandwidths              0x00b485    0x3  Data  Gb  radio.o [1]
BufferSize              0x000011    0x2  Data  Gb  main.o [1]
CLK_DeInit              0x00a835   0x41  Code  Gb  stm8l15x_clk.o [1]
CLK_HSICmd              0x00b35e    0xe  Code  Gb  stm8l15x_clk.o [1]
CLK_LSEConfig           0x00b282   0x13  Code  Gb  stm8l15x_clk.o [1]
CLK_PeripheralClockConfig
                        0x009fb4   0x8e  Code  Gb  stm8l15x_clk.o [1]
CLK_SYSCLKDivConfig     0x00b469    0x4  Code  Gb  stm8l15x_clk.o [1]
CLK_SYSCLKSourceConfig  0x00b465    0x4  Code  Gb  stm8l15x_clk.o [1]
CSTACK$$Base            0x000700          --   Gb  - Linker created -
CSTACK$$Limit           0x000800          --   Gb  - Linker created -
ComputeCrc              0x00a767   0x45  Code  Gb  crc.o [1]
DMA1_CHANNEL0_1_IRQHandler
                        0x00b49f    0x1  Code  Gb  stm8l15x_it.o [1]
DMA1_CHANNEL2_3_IRQHandler
                        0x00b4a0    0x1  Code  Gb  stm8l15x_it.o [1]
DelayMs                 0x00adaa   0x28  Code  Gb  delay.o [1]
EXTI0_IRQHandler        0x00b4a4    0x1  Code  Gb  stm8l15x_it.o [1]
EXTI1_IRQHandler        0x00b4a5    0x1  Code  Gb  stm8l15x_it.o [1]
EXTI2_IRQHandler        0x00b13a   0x19  Code  Gb  stm8l15x_it.o [1]
EXTI3_IRQHandler        0x00b153   0x19  Code  Gb  stm8l15x_it.o [1]
EXTI4_IRQHandler        0x00b16c   0x19  Code  Gb  stm8l15x_it.o [1]
EXTI5_IRQHandler        0x00ad2a   0x2c  Code  Gb  stm8l15x_it.o [1]
EXTI6_IRQHandler        0x00b185   0x19  Code  Gb  stm8l15x_it.o [1]
EXTI7_IRQHandler        0x00b4a6    0x1  Code  Gb  stm8l15x_it.o [1]
EXTIB_G_IRQHandler      0x00b4a2    0x1  Code  Gb  stm8l15x_it.o [1]
EXTID_H_IRQHandler      0x00b4a3    0x1  Code  Gb  stm8l15x_it.o [1]
EXTIE_F_PVD_IRQHandler  0x00b4a1    0x1  Code  Gb  stm8l15x_it.o [1]
EXTI_ClearITPendingBit  0x00af49   0x22  Code  Gb  stm8l15x_exti.o [1]
EXTI_SetPinSensitivity  0x0096b9  0x11f  Code  Gb  stm8l15x_exti.o [1]
EnableMaster            0x000010    0x1  Data  Gb  main.o [1]
ExitInterFlag           0x0002ed    0x1  Data  Gb  stm8l15x_it.o [1]
FLASH_IRQHandler        0x00b49e    0x1  Code  Gb  stm8l15x_it.o [1]
FrequencyError          0x0002d6    0x4  Data  Gb  sx126x.o [1]
FskBandwidths           0x00a215   0x6e  Data  Gb  radio.o [1]
GPIO_Init               0x009c84   0xaf  Code  Gb  stm8l15x_gpio.o [1]
GPIO_ReadInputDataBit   0x00b3be    0x9  Code  Gb  stm8l15x_gpio.o [1]
GPIO_ResetBits          0x00b3fa    0x8  Code  Gb  stm8l15x_gpio.o [1]
GPIO_SetBits            0x00b422    0x7  Code  Gb  stm8l15x_gpio.o [1]
GPIO_int                0x009593  0x126  Code  Gb  gpio.o [1]
HW_int                  0x00b321   0x10  Code  Gb  main.o [1]
I2C1_SPI2_IRQHandler    0x00b4b2    0x1  Code  Gb  stm8l15x_it.o [1]
INTVEC$$Base            0x008000          --   Gb  - Linker created -
INTVEC$$Limit           0x008080          --   Gb  - Linker created -
IWDG_Config             0x00af01   0x24  Code  Gb  gpio.o [1]
IWDG_Enable             0x00b448    0x5  Code  Gb  stm8l15x_iwdg.o [1]
IWDG_ReloadCounter      0x00b443    0x5  Code  Gb  stm8l15x_iwdg.o [1]
IWDG_SetPrescaler       0x00b471    0x4  Code  Gb  stm8l15x_iwdg.o [1]
IWDG_SetReload          0x00b475    0x4  Code  Gb  stm8l15x_iwdg.o [1]
IWDG_WriteAccessCmd     0x00b46d    0x4  Code  Gb  stm8l15x_iwdg.o [1]
ImageCalibrated         0x0002f2    0x1  Data  Lc  sx126x.o [1]
IrqFired                0x0002e7    0x1  Data  Gb  radio.o [1]
LCD_AES_IRQHandler      0x00b4a7    0x1  Code  Gb  stm8l15x_it.o [1]
MaxPayloadLength        0x00005b    0x1  Data  Gb  radio.o [1]
OnRxDone                0x0099fa   0xe1  Code  Gb  main.o [1]
OnRxError               0x00b49c    0x1  Code  Gb  main.o [1]
OnRxTimeout             0x00a640   0x4d  Code  Gb  main.o [1]
OnTxDone                0x00b331    0xf  Code  Gb  main.o [1]
OnTxTimeout             0x00b49b    0x1  Code  Gb  main.o [1]
OperatingMode           0x0002f0    0x1  Data  Lc  sx126x.o [1]
PacketType              0x0002f1    0x1  Data  Lc  sx126x.o [1]
PingMsg                 0x00b42f    0x5  Data  Gb  main.o [1]
PongMsg                 0x00b434    0x5  Data  Gb  main.o [1]
RST_ClearFlag           0x00b479    0x4  Code  Gb  stm8l15x_rst.o [1]
RST_GetFlagStatus       0x00b379    0xd  Code  Gb  stm8l15x_rst.o [1]
RTC_CSSLSE_IRQHandler   0x00b093   0x1d  Code  Gb  stm8l15x_it.o [1]
RTC_ClearITPendingBit   0x00b3a0    0xc  Code  Gb  stm8l15x_rtc.o [1]
RX_Buffer               0x0001db   0x80  Data  Gb  main.o [1]
Radio                   0x00ab02   0x36  Data  Gb  radio.o [1]
RadioCheckRfFrequency   0x00b488    0x3  Code  Gb  radio.o [1]
RadioComputeCRC         0x00a0bf   0x74  Code  Gb  crc.o [1]
RadioEvents             0x0002b0    0xe  Data  Lc  main.o [1]
RadioEvents             0x0002e0    0x2  Data  Lc  radio.o [1]
RadioGetFskBandwidthRegValue
                        0x00a133   0x71  Code  Lc  radio.o [1]
RadioGetStatus          0x00b076   0x1d  Code  Gb  radio.o [1]
RadioGetWakeupTime      0x00b3b5    0x9  Code  Gb  radio.o [1]
RadioInit               0x00a8b6   0x3f  Code  Gb  radio.o [1]
RadioIrqProcess         0x008faa  0x19e  Code  Gb  radio.o [1]
RadioIsChannelFree      0x00a9a9   0x3a  Code  Gb  radio.o [1]
RadioLoRaSymbTime       0x000013   0x48  Data  Lc  radio.o [1]
RadioOnDioIrq           0x00b43e    0x5  Code  Gb  radio.o [1]
RadioPktStatus          0x0002a1    0xf  Data  Gb  radio.o [1]
RadioPublicNetwork      0x0002de    0x2  Data  Lc  radio.o [1]
RadioRandom             0x00a3ef   0x57  Code  Gb  radio.o [1]
RadioRead               0x00b36c    0xd  Code  Gb  radio.o [1]
RadioReadBuffer         0x00ae47   0x26  Code  Gb  radio.o [1]
RadioRssi               0x00b34f    0xf  Code  Gb  radio.o [1]
RadioRx                 0x00a2e3   0x5b  Code  Gb  radio.o [1]
RadioRxBoosted          0x00a9e3   0x3a  Code  Gb  radio.o [1]
RadioRxPayload          0x00005c   0xff  Data  Gb  radio.o [1]
RadioSend               0x00a6d9   0x48  Code  Gb  radio.o [1]
RadioSetChannel         0x00b340    0xf  Code  Gb  radio.o [1]
RadioSetMaxPayloadLength
                        0x00aa1d   0x3a  Code  Gb  radio.o [1]
RadioSetModem           0x00abd7   0x32  Code  Gb  radio.o [1]
RadioSetPublicNetwork   0x00a876   0x40  Code  Gb  radio.o [1]
RadioSetRxConfig        0x008c2f  0x1db  Code  Gb  radio.o [1]
RadioSetRxDutyCycle     0x00b1b7   0x18  Code  Gb  radio.o [1]
RadioSetTxConfig        0x008e0a  0x1a0  Code  Gb  radio.o [1]
RadioSetTxContinuousWave
                        0x00adfa   0x27  Code  Gb  radio.o [1]
RadioSleep              0x00aba3   0x34  Code  Gb  radio.o [1]
RadioStandby            0x00b439    0x5  Code  Gb  radio.o [1]
RadioStartCad           0x00b461    0x4  Code  Gb  radio.o [1]
RadioTimeOnAir          0x008844  0x1f6  Code  Gb  radio.o [1]
RadioWrite              0x00b1e7   0x17  Code  Gb  radio.o [1]
RadioWriteBuffer        0x00ae21   0x26  Code  Gb  radio.o [1]
Region$$Table$$Base     0x00afad          --   Gb  - Linker created -
Region$$Table$$Limit    0x00afbf          --   Gb  - Linker created -
RssiValue               0x0002e4    0x1  Data  Gb  main.o [1]
RtcWakeUp               0x0002ec    0x1  Data  Gb  stm8l15x_it.o [1]
RxContinuous            0x0002e6    0x1  Data  Gb  radio.o [1]
RxTimeout               0x0002c2    0x4  Data  Gb  radio.o [1]
SPI1_IRQHandler         0x00b4b0    0x1  Code  Gb  stm8l15x_it.o [1]
SPI_Cmd                 0x00b2cc   0x11  Code  Gb  stm8l15x_spi.o [1]
SPI_DeInit              0x00ae6d   0x25  Code  Gb  stm8l15x_spi.o [1]
SPI_GetFlagStatus       0x00b01c   0x1e  Code  Gb  stm8l15x_spi.o [1]
SPI_Init                0x00a33e   0x59  Code  Gb  stm8l15x_spi.o [1]
SPI_Int                 0x00a446   0x57  Code  Gb  spi.o [1]
SPI_ReceiveData         0x00b44d    0x5  Code  Gb  stm8l15x_spi.o [1]
SPI_SendData            0x00b402    0x8  Code  Gb  stm8l15x_spi.o [1]
SWITCH_CSS_BREAK_DAC_IRQHandler
                        0x00b4a8    0x1  Code  Gb  stm8l15x_it.o [1]
SX126x                  0x00025b   0x2e  Data  Gb  radio.o [1]
SX126xAntSwOff          0x00b4b4    0x1  Code  Gb  sx126x-board.o [1]
SX126xAntSwOn           0x00b4b3    0x1  Code  Gb  sx126x-board.o [1]
SX126xCalibrateImage    0x009f24   0x90  Code  Gb  sx126x.o [1]
SX126xCheckDeviceReady  0x00b1cf   0x18  Code  Gb  sx126x.o [1]
SX126xClearIrqStatus    0x00af6b   0x21  Code  Gb  sx126x.o [1]
SX126xGetIrqStatus      0x00ae92   0x25  Code  Gb  sx126x.o [1]
SX126xGetOperatingMode  0x00b47d    0x4  Code  Gb  sx126x.o [1]
SX126xGetPaSelect       0x00b48b    0x3  Code  Gb  sx126x-board.o [1]
SX126xGetPacketStatus   0x009adb   0xdd  Code  Gb  sx126x.o [1]
SX126xGetPacketType     0x00b481    0x4  Code  Gb  sx126x.o [1]
SX126xGetPayload        0x00a8f5   0x3d  Code  Gb  sx126x.o [1]
SX126xGetRssiInst       0x00b03a   0x1e  Code  Gb  sx126x.o [1]
SX126xGetRxBufferStatus
                        0x00a7f1   0x44  Code  Gb  sx126x.o [1]
SX126xInit              0x00b120   0x1a  Code  Gb  sx126x.o [1]
SX126xReadBuffer        0x00a49d   0x57  Code  Gb  sx126x-board.o [1]
SX126xReadCommand       0x00a548   0x53  Code  Gb  sx126x-board.o [1]
SX126xReadRegister      0x00b0cd   0x1d  Code  Gb  sx126x-board.o [1]
SX126xReadRegisters     0x00a397   0x58  Code  Gb  sx126x-board.o [1]
SX126xReset             0x00ac09   0x32  Code  Gb  sx126x-board.o [1]
SX126xSendPayload       0x00a721   0x46  Code  Gb  sx126x.o [1]
SX126xSetBufferBaseAddress
                        0x00af25   0x24  Code  Gb  sx126x.o [1]
SX126xSetCad            0x00b393    0xd  Code  Gb  sx126x.o [1]
SX126xSetCrcPolynomial  0x00acfc   0x2e  Code  Gb  sx126x.o [1]
SX126xSetCrcSeed        0x00acce   0x2e  Code  Gb  sx126x.o [1]
SX126xSetDio2AsRfSwitchCtrl
                        0x00b310   0x11  Code  Gb  sx126x.o [1]
SX126xSetDioIrqParams   0x00a7ac   0x45  Code  Gb  sx126x.o [1]
SX126xSetLoRaSymbNumTimeout
                        0x00b2ee   0x11  Code  Gb  sx126x.o [1]
SX126xSetModulationParams
                        0x0097d8  0x114  Code  Gb  sx126x.o [1]
SX126xSetPaConfig       0x00ac6d   0x32  Code  Gb  sx126x.o [1]
SX126xSetPacketParams   0x0098ec  0x10e  Code  Gb  sx126x.o [1]
SX126xSetPacketType     0x00b243   0x16  Code  Gb  sx126x.o [1]
SX126xSetPayload        0x00b19e   0x19  Code  Gb  sx126x.o [1]
SX126xSetRegulatorMode  0x00b2ff   0x11  Code  Gb  sx126x.o [1]
SX126xSetRfFrequency    0x00a1a4   0x71  Code  Gb  sx126x.o [1]
SX126xSetRfTxPower      0x00b2a8   0x12  Code  Gb  sx126x-board.o [1]
SX126xSetRx             0x00ad80   0x2a  Code  Gb  sx126x.o [1]
SX126xSetRxBoosted      0x00ac3b   0x32  Code  Gb  sx126x.o [1]
SX126xSetRxDutyCycle    0x00a932   0x3c  Code  Gb  sx126x.o [1]
SX126xSetSleep          0x00b259   0x15  Code  Gb  sx126x.o [1]
SX126xSetStandby        0x00afbf   0x1f  Code  Gb  sx126x.o [1]
SX126xSetStopRxTimerOnPreambleDetect
                        0x00b2dd   0x11  Code  Gb  sx126x.o [1]
SX126xSetSyncWord       0x00b1fe   0x17  Code  Gb  sx126x.o [1]
SX126xSetTx             0x00ad56   0x2a  Code  Gb  sx126x.o [1]
SX126xSetTxContinuousWave
                        0x00b3d0    0x9  Code  Gb  sx126x.o [1]
SX126xSetTxParams       0x009de1   0xa3  Code  Gb  sx126x.o [1]
SX126xSetWhiteningSeed  0x00a96e   0x3b  Code  Gb  sx126x.o [1]
SX126xWaitOnBusy        0x00b386    0xd  Code  Gb  sx126x-board.o [1]
SX126xWakeup            0x00b0b0   0x1d  Code  Gb  sx126x-board.o [1]
SX126xWriteBuffer       0x00a5ee   0x52  Code  Gb  sx126x-board.o [1]
SX126xWriteCommand      0x00a4f4   0x54  Code  Gb  sx126x-board.o [1]
SX126xWriteRegister     0x00b106   0x1a  Code  Gb  sx126x-board.o [1]
SX126xWriteRegisters    0x00a59b   0x53  Code  Gb  sx126x-board.o [1]
SnrValue                0x0002e5    0x1  Data  Gb  main.o [1]
SpiInOut                0x00ac9f   0x2f  Code  Gb  spi.o [1]
SystemClock_Init        0x00b2ba   0x12  Code  Gb  sysclock.o [1]
TIM1_CC_IRQHandler      0x00b4ae    0x1  Code  Gb  stm8l15x_it.o [1]
TIM1_UPD_OVF_TRG_COM_IRQHandler
                        0x00b4ad    0x1  Code  Gb  stm8l15x_it.o [1]
TIM2_CC_USART2_RX_IRQHandler
                        0x00b4ab    0x1  Code  Gb  stm8l15x_it.o [1]
TIM2_UPD_OVF_TRG_BRK_USART2_TX_IRQHandler
                        0x00b4aa    0x1  Code  Gb  stm8l15x_it.o [1]
TIM3_CC_USART3_RX_IRQHandler
                        0x00b4ac    0x1  Code  Gb  stm8l15x_it.o [1]
TIM3_ClearITPendingBit  0x00b3c7    0x9  Code  Gb  stm8l15x_tim3.o [1]
TIM3_UPD_OVF_TRG_BRK_USART3_TX_IRQHandler
                        0x00b0ea   0x1c  Code  Gb  stm8l15x_it.o [1]
TIM4_UPD_OVF_TRG_IRQHandler
                        0x00b4af    0x1  Code  Gb  stm8l15x_it.o [1]
TRAP_IRQHandler         0x00b49d    0x1  Code  Gb  stm8l15x_it.o [1]
TX_Buffer               0x00015b   0x80  Data  Gb  main.o [1]
Tim3_Flag               0x0002ef    0x1  Data  Gb  stm8l15x_it.o [1]
TxTimeout               0x0002be    0x4  Data  Gb  radio.o [1]
USART1_RX_TIM5_CC_IRQHandler
                        0x00a283   0x60  Code  Gb  stm8l15x_it.o [1]
USART1_TX_TIM5_UPD_OVF_TRG_BRK_IRQHandler
                        0x00b4b1    0x1  Code  Gb  stm8l15x_it.o [1]
USART_ClearITPendingBit
                        0x00b457    0x5  Code  Gb  stm8l15x_usart.o [1]
USART_GetFlagStatus     0x00aacb   0x37  Code  Gb  stm8l15x_usart.o [1]
USART_ReceiveData8      0x00b452    0x5  Code  Gb  stm8l15x_usart.o [1]
UsartReceiveData        0x000289   0x18  Data  Gb  stm8l15x_it.o [1]
UsartReceiveFlag        0x0002eb    0x1  Data  Gb  stm8l15x_it.o [1]
__DebugBreak            0x00b4b5    0x1  Code  Gb  __dbg_break.o [3]
__exit                  0x00b26e   0x14  Code  Gb  __dbg_xxexit.o [3]
__iar_Dint              0x009bb8   0xcc  Code  Gb  xdint.o [4]
__iar_Dnorm             0x009168         Code  Gb  float_libsup.o [4]
__iar_Dscale            0x0091f6         Code  Gb  float_libsup.o [4]
__iar_Dtest             0x009148         Code  Gb  float_libsup.o [4]
__iar_Dunscale          0x0091a4         Code  Gb  float_libsup.o [4]
__iar_Errno             0x0002e2    0x2  Data  Gb  errno.o [4]
__iar_Exp               0x008a3a  0x1f5  Code  Gb  xexp.o [4]
__iar_Logpoly           0x00b3d9    0x9  Code  Gb  xlog.o [4]
__iar_Rint              0x00a042   0x7d  Code  Gb  xrint.o [4]
__iar_copy_init2        0x00add2         Code  Gb  init_small.o [4]
__iar_data_init2        0x00b22c   0x17  Code  Gb  init.o [4]
__iar_program_start     0x00b295         Code  Gb  cstartup.o [4]
__iar_unhandled_exception
                        0x00b497         Code  Gb  unhandled_exception.o [4]
__iar_zero_init2        0x00b058         Code  Gb  init_small.o [4]
__intvec                0x008000         Data  Gb  interrupt.o [4]
__low_level_init        0x00b491    0x3  Code  Gb  low_level_init.o [4]
_exit                   0x00b45c         Code  Gb  cexit.o [4]
_interrupt_1            0x00b49d         Code  Gb  stm8l15x_it.o [1]
_interrupt_10           0x00b4a4         Code  Gb  stm8l15x_it.o [1]
_interrupt_11           0x00b4a5         Code  Gb  stm8l15x_it.o [1]
_interrupt_12           0x00b13a         Code  Gb  stm8l15x_it.o [1]
_interrupt_13           0x00b153         Code  Gb  stm8l15x_it.o [1]
_interrupt_14           0x00b16c         Code  Gb  stm8l15x_it.o [1]
_interrupt_15           0x00ad2a         Code  Gb  stm8l15x_it.o [1]
_interrupt_16           0x00b185         Code  Gb  stm8l15x_it.o [1]
_interrupt_17           0x00b4a6         Code  Gb  stm8l15x_it.o [1]
_interrupt_18           0x00b4a7         Code  Gb  stm8l15x_it.o [1]
_interrupt_19           0x00b4a8         Code  Gb  stm8l15x_it.o [1]
_interrupt_20           0x00b4a9         Code  Gb  stm8l15x_it.o [1]
_interrupt_21           0x00b4aa         Code  Gb  stm8l15x_it.o [1]
_interrupt_22           0x00b4ab         Code  Gb  stm8l15x_it.o [1]
_interrupt_23           0x00b0ea         Code  Gb  stm8l15x_it.o [1]
_interrupt_24           0x00b4ac         Code  Gb  stm8l15x_it.o [1]
_interrupt_25           0x00b4ad         Code  Gb  stm8l15x_it.o [1]
_interrupt_26           0x00b4ae         Code  Gb  stm8l15x_it.o [1]
_interrupt_27           0x00b4af         Code  Gb  stm8l15x_it.o [1]
_interrupt_28           0x00b4b0         Code  Gb  stm8l15x_it.o [1]
_interrupt_29           0x00b4b1         Code  Gb  stm8l15x_it.o [1]
_interrupt_3            0x00b49e         Code  Gb  stm8l15x_it.o [1]
_interrupt_30           0x00a283         Code  Gb  stm8l15x_it.o [1]
_interrupt_31           0x00b4b2         Code  Gb  stm8l15x_it.o [1]
_interrupt_4            0x00b49f         Code  Gb  stm8l15x_it.o [1]
_interrupt_5            0x00b4a0         Code  Gb  stm8l15x_it.o [1]
_interrupt_6            0x00b093         Code  Gb  stm8l15x_it.o [1]
_interrupt_7            0x00b4a1         Code  Gb  stm8l15x_it.o [1]
_interrupt_8            0x00b4a2         Code  Gb  stm8l15x_it.o [1]
_interrupt_9            0x00b4a3         Code  Gb  stm8l15x_it.o [1]
buf2                    0x0002f3    0x1  Data  Gb  sx126x.o [1]
buffer                  0x0002dc    0x2  Data  Gb  main.o [1]
ceil                    0x00aa57   0x3a  Code  Gb  ceil.o [4]
crc_value               0x0002da    0x2  Data  Gb  main.o [1]
exit                    0x00b494    0x3  Code  Gb  exit.o [4]
floor                   0x00aa91   0x3a  Code  Gb  floor.o [4]
internal_Pow            0x008549  0x2e2  Code  Lc  pow.o [4]
irq_count               0x0002d2    0x4  Data  Gb  stm8l15x_it.o [1]
irq_type                0x0002e9    0x1  Data  Gb  radio.o [1]
j                       0x0002ee    0x1  Data  Gb  stm8l15x_it.o [1]
main                    0x009430  0x163  Code  Gb  main.o [1]
memcmp                  0x00ab38   0x36  Code  Gb  memcmp.o [4]
memcpy                  0x00aeb7   0x25  Code  Gb  memcpy.o [4]
memset                  0x00b215   0x17  Code  Gb  memset.o [4]
pow                     0x008840    0x4  Code  Gb  pow.o [4]
rint                    0x00af8c   0x21  Code  Gb  rint.o [4]
rssi                    0x0002f4    0x1  Data  Gb  sx126x.o [1]
rx_count                0x0002ca    0x4  Data  Gb  radio.o [1]
trx_count               0x0002ce    0x4  Data  Gb  radio.o [1]
tx_complete_Flag        0x0002e8    0x1  Data  Gb  radio.o [1]
tx_count                0x0002c6    0x4  Data  Gb  radio.o [1]
usart_i                 0x0002ea    0x1  Data  Gb  stm8l15x_it.o [1]


[1] = F:\projects\git\Hardware\magnetic\code\sx1268\Project\Release\Obj
[2] = command line
[3] = dbgstm8smd.a
[4] = dlstm8smf.a

  13 061 bytes of readonly  code memory
     433 bytes of readonly  data memory
   1 013 bytes of readwrite data memory

Errors: none
Warnings: none
