Component: ARM Compiler 5.06 update 6 (build 750) Tool: armlink [4d35ed]

==============================================================================

Section Cross References

    adc.o(i.AdcDisableNvic) refers to adc.o(i.__NVIC_ClearPendingIRQ) for __NVIC_ClearPendingIRQ
    adc.o(i.AdcDisableNvic) refers to adc.o(i.__NVIC_SetPriority) for __NVIC_SetPriority
    adc.o(i.AdcEnableNvic) refers to adc.o(i.__NVIC_ClearPendingIRQ) for __NVIC_ClearPendingIRQ
    adc.o(i.AdcEnableNvic) refers to adc.o(i.__NVIC_SetPriority) for __NVIC_SetPriority
    adc.o(i.Adc_CmpCfg) refers to adc.o(i.AdcEnableNvic) for AdcEnableNvic
    adc.o(i.Adc_ConfigIrq) refers to adc.o(.bss) for stcAdcIrqCalbaks
    adc.o(i.Adc_DeInit) refers to adc.o(i.AdcDisableNvic) for AdcDisableNvic
    adc.o(i.Adc_DisableIrq) refers to adc.o(i.AdcDisableNvic) for AdcDisableNvic
    adc.o(i.Adc_GetScanResult) refers to adc.o(i.__ARM_common_switch8) for __ARM_common_switch8
    adc.o(i.Adc_IRQHandler) refers to adc.o(.bss) for stcAdcIrqCalbaks
    adt.o(i.AdtDisableNvic) refers to adt.o(i.__NVIC_ClearPendingIRQ) for __NVIC_ClearPendingIRQ
    adt.o(i.AdtDisableNvic) refers to adt.o(i.__NVIC_SetPriority) for __NVIC_SetPriority
    adt.o(i.AdtEnableNvic) refers to adt.o(i.__NVIC_ClearPendingIRQ) for __NVIC_ClearPendingIRQ
    adt.o(i.AdtEnableNvic) refers to adt.o(i.__NVIC_SetPriority) for __NVIC_SetPriority
    adt.o(i.Adt_ConfigIrq) refers to adt.o(.bss) for pfnAdtIrqCbk
    adt.o(i.Adt_DeInit) refers to adt.o(i.AdtDisableNvic) for AdtDisableNvic
    adt.o(i.Adt_DeInit) refers to adt.o(.bss) for pfnAdtIrqCbk
    adt.o(i.Adt_Disable3Cfg) refers to adt.o(i.Adt_ClearBrakePort) for Adt_ClearBrakePort
    adt.o(i.Adt_Disable3Cfg) refers to adt.o(i.Adt_EnableBrakePort) for Adt_EnableBrakePort
    adt.o(i.Adt_IRQHandler) refers to adt.o(.bss) for pfnAdtIrqCbk
    adt.o(i.Adt_Init) refers to adt.o(i.AdtEnableNvic) for AdtEnableNvic
    adt.o(i.Adt_Init) refers to adt.o(.bss) for pfnAdtIrqCbk
    bt.o(i.Bt_Init) refers to bt.o(.data) for pfnTim0Callback
    bt.o(i.Tim_IRQHandler) refers to bt.o(.data) for pfnTim0Callback
    clk.o(i.Clk_DeInit) refers to clk.o(i.Clk_SetRCHFreq) for Clk_SetRCHFreq
    clk.o(i.Clk_DeInit) refers to clk.o(i.Clk_SwitchTo) for Clk_SwitchTo
    clk.o(i.Clk_DeInit) refers to clk.o(i.Clk_SetHClkDiv) for Clk_SetHClkDiv
    clk.o(i.Clk_DeInit) refers to clk.o(i.Clk_SetPClkDiv) for Clk_SetPClkDiv
    clk.o(i.Clk_DebugClk) refers to adc.o(i.__ARM_common_switch8) for __ARM_common_switch8
    clk.o(i.Clk_Enable) refers to clk.o(i.ClkUnlock) for ClkUnlock
    clk.o(i.Clk_Enable) refers to clk.o(i.ClkWriteDummy) for ClkWriteDummy
    clk.o(i.Clk_GetHClkFreq) refers to clk.o(.constdata) for .constdata
    clk.o(i.Clk_GetPClkFreq) refers to clk.o(i.Clk_GetHClkFreq) for Clk_GetHClkFreq
    clk.o(i.Clk_Init) refers to clk.o(i.Clk_SwitchTo) for Clk_SwitchTo
    clk.o(i.Clk_Init) refers to clk.o(i.Clk_SetHClkDiv) for Clk_SetHClkDiv
    clk.o(i.Clk_Init) refers to clk.o(i.Clk_SetPClkDiv) for Clk_SetPClkDiv
    clk.o(i.Clk_SetFunc) refers to clk.o(i.ClkUnlock) for ClkUnlock
    clk.o(i.Clk_SetFunc) refers to adc.o(i.__ARM_common_switch8) for __ARM_common_switch8
    clk.o(i.Clk_SetFunc) refers to clk.o(i.ClkWriteDummy) for ClkWriteDummy
    clk.o(i.Clk_SetHClkDiv) refers to clk.o(i.ClkUnlock) for ClkUnlock
    clk.o(i.Clk_SetHClkDiv) refers to ddl.o(i.Log2) for Log2
    clk.o(i.Clk_SetPClkDiv) refers to clk.o(i.ClkUnlock) for ClkUnlock
    clk.o(i.Clk_SetPClkDiv) refers to ddl.o(i.Log2) for Log2
    clk.o(i.Clk_SetRCHFreq) refers to adc.o(i.__ARM_common_switch8) for __ARM_common_switch8
    clk.o(i.Clk_SetSource) refers to clk.o(i.ClkUnlock) for ClkUnlock
    clk.o(i.Clk_SetSource) refers to clk.o(i.ClkWriteDummy) for ClkWriteDummy
    clk.o(i.Clk_SwitchTo) refers to clk.o(i.Clk_SetXTH_StableTime) for Clk_SetXTH_StableTime
    clk.o(i.Clk_SwitchTo) refers to clk.o(i.Clk_SetRCL_StableTime) for Clk_SetRCL_StableTime
    clk.o(i.Clk_SwitchTo) refers to clk.o(i.Clk_Enable) for Clk_Enable
    clk.o(i.Clk_SwitchTo) refers to clk.o(i.Clk_GetClkRdy) for Clk_GetClkRdy
    clk.o(i.Clk_SwitchTo) refers to clk.o(i.Clk_SetSource) for Clk_SetSource
    clk.o(i.Clk_SwitchTo) refers to system_hc32f005.o(i.SystemCoreClockUpdate) for SystemCoreClockUpdate
    clk.o(i.Clk_SysTickConfig) refers to clk.o(i.__NVIC_SetPriority) for __NVIC_SetPriority
    ddl.o(.rev16_text) refers (Special) to use_no_semi_2.o(.text) for __use_no_semihosting
    ddl.o(.revsh_text) refers (Special) to use_no_semi_2.o(.text) for __use_no_semihosting
    ddl.o(i.DDL_WAIT_LOOP_HOOK) refers (Special) to use_no_semi_2.o(.text) for __use_no_semihosting
    ddl.o(i.Debug_Output) refers (Special) to use_no_semi_2.o(.text) for __use_no_semihosting
    ddl.o(i.Debug_UartInit) refers (Special) to use_no_semi_2.o(.text) for __use_no_semihosting
    ddl.o(i.Debug_UartInit) refers to clk.o(i.Clk_GetPClkFreq) for Clk_GetPClkFreq
[...]
    ../clib/heapalloc.c                      0x00000000   Number         0  heapstubs.o ABSOLUTE
    ../clib/heapalloc.c                      0x00000000   Number         0  free.o ABSOLUTE
    ../clib/heapalloc.c                      0x00000000   Number         0  maybetermalloc1.o ABSOLUTE
    ../clib/heapalloc.c                      0x00000000   Number         0  term_alloc.o ABSOLUTE
    ../clib/heapalloc.c                      0x00000000   Number         0  maybetermalloc1.o ABSOLUTE
    ../clib/heapalloc.c                      0x00000000   Number         0  hrguard.o ABSOLUTE
    ../clib/heapaux.c                        0x00000000   Number         0  heapauxi.o ABSOLUTE
    ../clib/heapaux.c                        0x00000000   Number         0  heapauxa.o ABSOLUTE
    ../clib/libinit.s                        0x00000000   Number         0  libshutdown2.o ABSOLUTE
    ../clib/libinit.s                        0x00000000   Number         0  libshutdown.o ABSOLUTE
    ../clib/libinit.s                        0x00000000   Number         0  libinit.o ABSOLUTE
    ../clib/libinit.s                        0x00000000   Number         0  libinit2.o ABSOLUTE
    ../clib/memcpset.c                       0x00000000   Number         0  rt_memcpy.o ABSOLUTE
    ../clib/memcpset.c                       0x00000000   Number         0  rt_memcpy.o ABSOLUTE
    ../clib/misc.s                           0x00000000   Number         0  printf_stubs.o ABSOLUTE
    ../clib/printf.c                         0x00000000   Number         0  __printf_ss.o ABSOLUTE
    ../clib/printf.c                         0x00000000   Number         0  __printf_flags_ss.o ABSOLUTE
    ../clib/printf.c                         0x00000000   Number         0  __printf_wp.o ABSOLUTE
    ../clib/printf.c                         0x00000000   Number         0  __printf_flags_wp.o ABSOLUTE
    ../clib/printf.c                         0x00000000   Number         0  __printf_ss_wp.o ABSOLUTE
    ../clib/printf.c                         0x00000000   Number         0  _printf_char_file.o ABSOLUTE
    ../clib/printf.c                         0x00000000   Number         0  _printf_intcommon.o ABSOLUTE
    ../clib/printf.c                         0x00000000   Number         0  _printf_pad.o ABSOLUTE
    ../clib/printf.c                         0x00000000   Number         0  __printf_flags_ss_wp.o ABSOLUTE
    ../clib/printf.c                         0x00000000   Number         0  _printf_char_common.o ABSOLUTE
    ../clib/printf.c                         0x00000000   Number         0  __printf_nopercent.o ABSOLUTE
    ../clib/printf.c                         0x00000000   Number         0  __2printf.o ABSOLUTE
    ../clib/printf.c                         0x00000000   Number         0  noretval__2printf.o ABSOLUTE
    ../clib/printf.c                         0x00000000   Number         0  __printf.o ABSOLUTE
    ../clib/printf.c                         0x00000000   Number         0  _printf_hex_ll.o ABSOLUTE
    ../clib/printf.c                         0x00000000   Number         0  _printf_hex_int.o ABSOLUTE
    ../clib/printf.c                         0x00000000   Number         0  _printf_hex_int_ll.o ABSOLUTE
    ../clib/printf.c                         0x00000000   Number         0  _printf_hex_ptr.o ABSOLUTE
    ../clib/printf.c                         0x00000000   Number         0  _printf_hex_int_ptr.o ABSOLUTE
    ../clib/printf.c                         0x00000000   Number         0  _printf_hex_ll_ptr.o ABSOLUTE
    ../clib/printf.c                         0x00000000   Number         0  _printf_hex_int_ll_ptr.o ABSOLUTE
    ../clib/printf.c                         0x00000000   Number         0  __printf_flags.o ABSOLUTE
    ../clib/printf_percent.s                 0x00000000   Number         0  _printf_percent.o ABSOLUTE
    ../clib/printf_percent.s                 0x00000000   Number         0  _printf_x.o ABSOLUTE
    ../clib/printf_percent.s                 0x00000000   Number         0  _printf_percent_end.o ABSOLUTE
    ../clib/signal.c                         0x00000000   Number         0  defsig_other.o ABSOLUTE
    ../clib/signal.c                         0x00000000   Number         0  defsig_segv_inner.o ABSOLUTE
    ../clib/signal.c                         0x00000000   Number         0  defsig_cppl_inner.o ABSOLUTE
    ../clib/signal.c                         0x00000000   Number         0  defsig_pvfn_inner.o ABSOLUTE
    ../clib/signal.c                         0x00000000   Number         0  defsig_stak_inner.o ABSOLUTE
    ../clib/signal.c                         0x00000000   Number         0  defsig_rtred_inner.o ABSOLUTE
    ../clib/signal.c                         0x00000000   Number         0  defsig_abrt_inner.o ABSOLUTE
    ../clib/signal.c                         0x00000000   Number         0  defsig_rtmem_outer.o ABSOLUTE
    ../clib/signal.c                         0x00000000   Number         0  defsig_rtmem_formal.o ABSOLUTE
    ../clib/signal.c                         0x00000000   Number         0  defsig_rtmem_inner.o ABSOLUTE
    ../clib/signal.c                         0x00000000   Number         0  defsig_exit.o ABSOLUTE
    ../clib/signal.c                         0x00000000   Number         0  defsig_fpe_outer.o ABSOLUTE
    ../clib/signal.c                         0x00000000   Number         0  defsig_fpe_formal.o ABSOLUTE
    ../clib/signal.c                         0x00000000   Number         0  __raise.o ABSOLUTE
    ../clib/signal.c                         0x00000000   Number         0  defsig_general.o ABSOLUTE
    ../clib/signal.c                         0x00000000   Number         0  defsig_fpe_inner.o ABSOLUTE
    ../clib/signal.s                         0x00000000   Number         0  defsig.o ABSOLUTE
    ../clib/stdio.c                          0x00000000   Number         0  ferror.o ABSOLUTE
    ../clib/stdio.c                          0x00000000   Number         0  ferror_locked.o ABSOLUTE
    ../clib/stdlib.c                         0x00000000   Number         0  exit.o ABSOLUTE
    ../fplib/cfplib/fpinit.c                 0x00000000   Number         0  fpinit.o ABSOLUTE
    Hardware\Bsp_i2c_gpio.c                  0x00000000   Number         0  bsp_i2c_gpio.o ABSOLUTE
    Hardware\\Bsp_i2c_gpio.c                 0x00000000   Number         0  bsp_i2c_gpio.o ABSOLUTE
    Hardware\\bsp_adc.c                      0x00000000   Number         0  bsp_adc.o ABSOLUTE
    Hardware\\bsp_uart.c                     0x00000000   Number         0  bsp_uart.o ABSOLUTE
    Hardware\\eeprom.c                       0x00000000   Number         0  eeprom.o ABSOLUTE
    Hardware\\key.c                          0x00000000   Number         0  key.o ABSOLUTE
    Hardware\\led.c                          0x00000000   Number         0  led.o ABSOLUTE
    Hardware\bsp_adc.c                       0x00000000   Number         0  bsp_adc.o ABSOLUTE
    Hardware\bsp_uart.c                      0x00000000   Number         0  bsp_uart.o ABSOLUTE
    Hardware\eeprom.c                        0x00000000   Number         0  eeprom.o ABSOLUTE
    Hardware\key.c                           0x00000000   Number         0  key.o ABSOLUTE
    Hardware\led.c                           0x00000000   Number         0  led.o ABSOLUTE
    RTE\Device\HC32F005C6PA\startup_hc32f005.s 0x00000000   Number         0  startup_hc32f005.o ABSOLUTE
    RTE\Device\HC32F005C6PA\system_hc32f005.c 0x00000000   Number         0  system_hc32f005.o ABSOLUTE
    dc.s                                     0x00000000   Number         0  dc.o ABSOLUTE
    driver\\src\\adc.c                       0x00000000   Number         0  adc.o ABSOLUTE
    driver\\src\\adt.c                       0x00000000   Number         0  adt.o ABSOLUTE
    driver\\src\\bt.c                        0x00000000   Number         0  bt.o ABSOLUTE
    driver\\src\\clk.c                       0x00000000   Number         0  clk.o ABSOLUTE
    driver\\src\\crc.c                       0x00000000   Number         0  crc.o ABSOLUTE
    driver\\src\\ddl.c                       0x00000000   Number         0  ddl.o ABSOLUTE
    driver\\src\\flash.c                     0x00000000   Number         0  flash.o ABSOLUTE
    driver\\src\\gpio.c                      0x00000000   Number         0  gpio.o ABSOLUTE
    driver\\src\\i2c.c                       0x00000000   Number         0  i2c.o ABSOLUTE
    driver\\src\\interrupts_hc32f005.c       0x00000000   Number         0  interrupts_hc32f005.o ABSOLUTE
    driver\\src\\lpm.c                       0x00000000   Number         0  lpm.o ABSOLUTE
    driver\\src\\lvd.c                       0x00000000   Number         0  lvd.o ABSOLUTE
    driver\\src\\pca.c                       0x00000000   Number         0  pca.o ABSOLUTE
    driver\\src\\reset.c                     0x00000000   Number         0  reset.o ABSOLUTE
    driver\\src\\spi.c                       0x00000000   Number         0  spi.o ABSOLUTE
    driver\\src\\trim.c                      0x00000000   Number         0  trim.o ABSOLUTE
    driver\\src\\uart.c                      0x00000000   Number         0  uart.o ABSOLUTE
    driver\\src\\vc.c                        0x00000000   Number         0  vc.o ABSOLUTE
    driver\\src\\wdt.c                       0x00000000   Number         0  wdt.o ABSOLUTE
    driver\src\adc.c                         0x00000000   Number         0  adc.o ABSOLUTE
    driver\src\adt.c                         0x00000000   Number         0  adt.o ABSOLUTE
    driver\src\bt.c                          0x00000000   Number         0  bt.o ABSOLUTE
    driver\src\clk.c                         0x00000000   Number         0  clk.o ABSOLUTE
    driver\src\crc.c                         0x00000000   Number         0  crc.o ABSOLUTE
    driver\src\ddl.c                         0x00000000   Number         0  ddl.o ABSOLUTE
    driver\src\flash.c                       0x00000000   Number         0  flash.o ABSOLUTE
    driver\src\gpio.c                        0x00000000   Number         0  gpio.o ABSOLUTE
    driver\src\i2c.c                         0x00000000   Number         0  i2c.o ABSOLUTE
    driver\src\interrupts_hc32f005.c         0x00000000   Number         0  interrupts_hc32f005.o ABSOLUTE
    driver\src\lpm.c                         0x00000000   Number         0  lpm.o ABSOLUTE
    driver\src\lvd.c                         0x00000000   Number         0  lvd.o ABSOLUTE
    driver\src\pca.c                         0x00000000   Number         0  pca.o ABSOLUTE
    driver\src\reset.c                       0x00000000   Number         0  reset.o ABSOLUTE
    driver\src\spi.c                         0x00000000   Number         0  spi.o ABSOLUTE
    driver\src\trim.c                        0x00000000   Number         0  trim.o ABSOLUTE
    driver\src\uart.c                        0x00000000   Number         0  uart.o ABSOLUTE
    driver\src\vc.c                          0x00000000   Number         0  vc.o ABSOLUTE
    driver\src\wdt.c                         0x00000000   Number         0  wdt.o ABSOLUTE
    platform\CMT2300drive.c                  0x00000000   Number         0  cmt2300drive.o ABSOLUTE
    platform\\CMT2300drive.c                 0x00000000   Number         0  cmt2300drive.o ABSOLUTE
    platform\\at24c02.c                      0x00000000   Number         0  at24c02.o ABSOLUTE
    platform\\bsp_spi.c                      0x00000000   Number         0  bsp_spi.o ABSOLUTE
    platform\\command.c                      0x00000000   Number         0  command.o ABSOLUTE
    platform\\main.c                         0x00000000   Number         0  main.o ABSOLUTE
    platform\\uartParse.c                    0x00000000   Number         0  uartparse.o ABSOLUTE
    platform\at24c02.c                       0x00000000   Number         0  at24c02.o ABSOLUTE
    platform\bsp_spi.c                       0x00000000   Number         0  bsp_spi.o ABSOLUTE
    platform\command.c                       0x00000000   Number         0  command.o ABSOLUTE
    platform\main.c                          0x00000000   Number         0  main.o ABSOLUTE
    platform\uartParse.c                     0x00000000   Number         0  uartparse.o ABSOLUTE
    !!!main                                  0x000000c0   Section        8  __main.o(!!!main)
    !!!scatter                               0x000000c8   Section       60  __scatter.o(!!!scatter)
    !!handler_zi                             0x00000104   Section       28  __scatter_zi.o(!!handler_zi)
    .ARM.Collect$$libinit$$00000000          0x00000120   Section        2  libinit.o(.ARM.Collect$$libinit$$00000000)
    .ARM.Collect$$libinit$$00000002          0x00000122   Section        0  libinit2.o(.ARM.Collect$$libinit$$00000002)
    .ARM.Collect$$libinit$$00000004          0x00000122   Section        0  libinit2.o(.ARM.Collect$$libinit$$00000004)
    .ARM.Collect$$libinit$$00000005          0x00000122   Section        8  libinit2.o(.ARM.Collect$$libinit$$00000005)
    .ARM.Collect$$libinit$$0000000A          0x0000012a   Section        0  libinit2.o(.ARM.Collect$$libinit$$0000000A)
    .ARM.Collect$$libinit$$0000000C          0x0000012a   Section        0  libinit2.o(.ARM.Collect$$libinit$$0000000C)
    .ARM.Collect$$libinit$$0000000E          0x0000012a   Section        0  libinit2.o(.ARM.Collect$$libinit$$0000000E)
    .ARM.Collect$$libinit$$00000011          0x0000012a   Section        0  libinit2.o(.ARM.Collect$$libinit$$00000011)
    .ARM.Collect$$libinit$$00000013          0x0000012a   Section        0  libinit2.o(.ARM.Collect$$libinit$$00000013)
    .ARM.Collect$$libinit$$00000015          0x0000012a   Section        0  libinit2.o(.ARM.Collect$$libinit$$00000015)
    .ARM.Collect$$libinit$$00000017          0x0000012a   Section        0  libinit2.o(.ARM.Collect$$libinit$$00000017)
    .ARM.Collect$$libinit$$00000019          0x0000012a   Section        0  libinit2.o(.ARM.Collect$$libinit$$00000019)
    .ARM.Collect$$libinit$$0000001B          0x0000012a   Section        0  libinit2.o(.ARM.Collect$$libinit$$0000001B)
    .ARM.Collect$$libinit$$0000001D          0x0000012a   Section        0  libinit2.o(.ARM.Collect$$libinit$$0000001D)
    .ARM.Collect$$libinit$$0000001F          0x0000012a   Section        0  libinit2.o(.ARM.Collect$$libinit$$0000001F)
    .ARM.Collect$$libinit$$00000021          0x0000012a   Section        0  libinit2.o(.ARM.Collect$$libinit$$00000021)
    .ARM.Collect$$libinit$$00000023          0x0000012a   Section        0  libinit2.o(.ARM.Collect$$libinit$$00000023)
    .ARM.Collect$$libinit$$00000025          0x0000012a   Section        0  libinit2.o(.ARM.Collect$$libinit$$00000025)
    .ARM.Collect$$libinit$$0000002C          0x0000012a   Section        0  libinit2.o(.ARM.Collect$$libinit$$0000002C)
    .ARM.Collect$$libinit$$0000002E          0x0000012a   Section        0  libinit2.o(.ARM.Collect$$libinit$$0000002E)
    .ARM.Collect$$libinit$$00000030          0x0000012a   Section        0  libinit2.o(.ARM.Collect$$libinit$$00000030)
    .ARM.Collect$$libinit$$00000032          0x0000012a   Section        0  libinit2.o(.ARM.Collect$$libinit$$00000032)
    .ARM.Collect$$libinit$$00000033          0x0000012a   Section        2  libinit2.o(.ARM.Collect$$libinit$$00000033)
    .ARM.Collect$$libshutdown$$00000000      0x0000012c   Section        2  libshutdown.o(.ARM.Collect$$libshutdown$$00000000)
    .ARM.Collect$$libshutdown$$00000002      0x0000012e   Section        0  libshutdown2.o(.ARM.Collect$$libshutdown$$00000002)
    .ARM.Collect$$libshutdown$$00000004      0x0000012e   Section        0  libshutdown2.o(.ARM.Collect$$libshutdown$$00000004)
    .ARM.Collect$$libshutdown$$00000007      0x0000012e   Section        0  libshutdown2.o(.ARM.Collect$$libshutdown$$00000007)
    .ARM.Collect$$libshutdown$$0000000A      0x0000012e   Section        0  libshutdown2.o(.ARM.Collect$$libshutdown$$0000000A)
    .ARM.Collect$$libshutdown$$0000000C      0x0000012e   Section        0  libshutdown2.o(.ARM.Collect$$libshutdown$$0000000C)
    .ARM.Collect$$libshutdown$$0000000F      0x0000012e   Section        0  libshutdown2.o(.ARM.Collect$$libshutdown$$0000000F)
    .ARM.Collect$$libshutdown$$00000010      0x0000012e   Section        2  libshutdown2.o(.ARM.Collect$$libshutdown$$00000010)
    .ARM.Collect$$rtentry$$00000000          0x00000130   Section        0  __rtentry.o(.ARM.Collect$$rtentry$$00000000)
    .ARM.Collect$$rtentry$$00000002          0x00000130   Section        0  __rtentry2.o(.ARM.Collect$$rtentry$$00000002)
    .ARM.Collect$$rtentry$$00000004          0x00000130   Section        6  __rtentry4.o(.ARM.Collect$$rtentry$$00000004)
    .ARM.Collect$$rtentry$$00000009          0x00000136   Section        0  __rtentry2.o(.ARM.Collect$$rtentry$$00000009)
    .ARM.Collect$$rtentry$$0000000A          0x00000136   Section        4  __rtentry2.o(.ARM.Collect$$rtentry$$0000000A)
    .ARM.Collect$$rtentry$$0000000C          0x0000013a   Section        0  __rtentry2.o(.ARM.Collect$$rtentry$$0000000C)
    .ARM.Collect$$rtentry$$0000000D          0x0000013a   Section        8  __rtentry2.o(.ARM.Collect$$rtentry$$0000000D)
    .ARM.Collect$$rtexit$$00000000           0x00000142   Section        2  rtexit.o(.ARM.Collect$$rtexit$$00000000)
    .ARM.Collect$$rtexit$$00000002           0x00000144   Section        0  rtexit2.o(.ARM.Collect$$rtexit$$00000002)
    .ARM.Collect$$rtexit$$00000003           0x00000144   Section        4  rtexit2.o(.ARM.Collect$$rtexit$$00000003)
    .ARM.Collect$$rtexit$$00000004           0x00000148   Section        6  rtexit2.o(.ARM.Collect$$rtexit$$00000004)
    .emb_text                                0x00000150   Section       56  rt_memcpy.o(.emb_text)
    .emb_text                                0x00000188   Section        0  maybetermalloc1.o(.emb_text)
    .text                                    0x00000188   Section       88  startup_hc32f005.o(.text)
    .text                                    0x000001e0   Section        2  use_no_semi_2.o(.text)
    .text                                    0x000001e2   Section        0  h1_alloc.o(.text)
    .text                                    0x00000244   Section        0  h1_free.o(.text)
    .text                                    0x00000290   Section        0  rt_memcpy.o(.text)
    .text                                    0x00000312   Section      346  aeabi_sdiv.o(.text)
    .text                                    0x0000046c   Section        0  heapauxi.o(.text)
    .text                                    0x00000472   Section        2  use_no_semi.o(.text)
    .text                                    0x00000474   Section        8  rt_heap_descriptor_intlibspace.o(.text)
    .text                                    0x0000047c   Section        0  hguard.o(.text)
    .text                                    0x00000480   Section        0  init_alloc.o(.text)
    .text                                    0x00000508   Section        0  h1_init.o(.text)
    .text                                    0x00000518   Section        8  libspace.o(.text)
    .text                                    0x00000520   Section        0  h1_extend.o(.text)
    .text                                    0x00000554   Section        0  defsig_rtmem_outer.o(.text)
    .text                                    0x00000560   Section       62  sys_stackheap_outer.o(.text)
    .text                                    0x0000059e   Section        0  exit.o(.text)
    .text                                    0x000005ae   Section        0  defsig_exit.o(.text)
    .text                                    0x000005bc   Section        0  defsig_rtmem_inner.o(.text)
    .text                                    0x0000060c   Section        0  defsig_general.o(.text)
    .text                                    0x00000640   Section        0  __dczerorl.o(.text)
    i.Bt_ARRSet                              0x0000067c   Section        0  bt.o(i.Bt_ARRSet)
    i.Bt_Cnt16Set                            0x000006d8   Section        0  bt.o(i.Bt_Cnt16Set)
    i.Bt_Init                                0x00000734   Section        0  bt.o(i.Bt_Init)
    i.Bt_Run                                 0x00000924   Section        0  bt.o(i.Bt_Run)
    i.CMT2300_Init                           0x00000978   Section        0  main.o(i.CMT2300_Init)
    i.CRC16_Get8                             0x000009e4   Section        0  crc.o(i.CRC16_Get8)
    i.ClkUnlock                              0x00000a1c   Section        0  clk.o(i.ClkUnlock)
    ClkUnlock                                0x00000a1d   Thumb Code    12  clk.o(i.ClkUnlock)
    i.ClkWriteDummy                          0x00000a34   Section        0  clk.o(i.ClkWriteDummy)
    ClkWriteDummy                            0x00000a35   Thumb Code    16  clk.o(i.ClkWriteDummy)
    i.Clk_GetHClkFreq                        0x00000a48   Section        0  clk.o(i.Clk_GetHClkFreq)
    i.Clk_GetPClkFreq                        0x00000af0   Section        0  clk.o(i.Clk_GetPClkFreq)
    i.Clk_SetFunc                            0x00000b10   Section        0  clk.o(i.Clk_SetFunc)
    i.Clk_SetPeripheralGate                  0x00000bd4   Section        0  clk.o(i.Clk_SetPeripheralGate)
    i.CommandTx                              0x00000c10   Section        0  command.o(i.CommandTx)
    i.EnableNvic                             0x00000d40   Section        0  interrupts_hc32f005.o(i.EnableNvic)
    i.ErrIntCallback                         0x00000dc4   Section        0  bsp_uart.o(i.ErrIntCallback)
    i.FlashInt                               0x00000dd0   Section        0  eeprom.o(i.FlashInt)
    i.Flash_ClearIntFlag                     0x00000e00   Section        0  flash.o(i.Flash_ClearIntFlag)
    i.Flash_DisableIrq                       0x00000e80   Section        0  flash.o(i.Flash_DisableIrq)
    i.Flash_GetIntFlag                       0x00000f28   Section        0  flash.o(i.Flash_GetIntFlag)
    i.Flash_Init                             0x00000f58   Section        0  flash.o(i.Flash_Init)
    i.Flash_SectorErase                      0x00001194   Section        0  flash.o(i.Flash_SectorErase)
    i.Flash_WriteByte                        0x00001260   Section        0  flash.o(i.Flash_WriteByte)
    i.Gpio_ClearIrq                          0x0000132c   Section        0  gpio.o(i.Gpio_ClearIrq)
    i.Gpio_EnableIrq                         0x00001350   Section        0  gpio.o(i.Gpio_EnableIrq)
    i.Gpio_GetIO                             0x00001368   Section        0  gpio.o(i.Gpio_GetIO)
    i.Gpio_InitIOExt                         0x00001380   Section        0  gpio.o(i.Gpio_InitIOExt)
    i.Gpio_SetAnalog                         0x000014e8   Section        0  gpio.o(i.Gpio_SetAnalog)
    i.Gpio_SetIO                             0x00001528   Section        0  gpio.o(i.Gpio_SetIO)
    i.HardFault_Handler                      0x00001570   Section        0  interrupts_hc32f005.o(i.HardFault_Handler)
    i.InhibitonStatus                        0x00001580   Section        0  command.o(i.InhibitonStatus)
    i.KEY_Init                               0x00001606   Section        0  key.o(i.KEY_Init)
    i.KeyStaus                               0x00001610   Section        0  key.o(i.KeyStaus)
    i.RxIntCallback                          0x00001618   Section        0  bsp_uart.o(i.RxIntCallback)
    i.SystemCoreClockUpdate                  0x00001664   Section        0  system_hc32f005.o(i.SystemCoreClockUpdate)
    i.SystemInit                             0x00001674   Section        0  system_hc32f005.o(i.SystemInit)
    i.UART1_SendBytes                        0x0000168c   Section        0  bsp_uart.o(i.UART1_SendBytes)
    i.UART_Config                            0x000016b0   Section        0  bsp_uart.o(i.UART_Config)
    i.UartDeInitNvic                         0x00001818   Section        0  uart.o(i.UartDeInitNvic)
    UartDeInitNvic                           0x00001819   Thumb Code    76  uart.o(i.UartDeInitNvic)
    i.UartGetInternDataPtr                   0x00001868   Section        0  uart.o(i.UartGetInternDataPtr)
    UartGetInternDataPtr                     0x00001869   Thumb Code    44  uart.o(i.UartGetInternDataPtr)
    i.UartInitNvic                           0x00001898   Section        0  uart.o(i.UartInitNvic)
    UartInitNvic                             0x00001899   Thumb Code    44  uart.o(i.UartInitNvic)
    i.Uart_ClrStatus                         0x000018c8   Section        0  uart.o(i.Uart_ClrStatus)
    i.Uart_EnableFunc                        0x00001922   Section        0  uart.o(i.Uart_EnableFunc)
    i.Uart_EnableIrq                         0x00001952   Section        0  uart.o(i.Uart_EnableIrq)
    i.Uart_GetStatus                         0x0000199e   Section        0  uart.o(i.Uart_GetStatus)
    i.Uart_Init                              0x00001a04   Section        0  uart.o(i.Uart_Init)
    i.Uart_ReceiveData                       0x00001a72   Section        0  uart.o(i.Uart_ReceiveData)
    i.Uart_SendData                          0x00001a90   Section        0  uart.o(i.Uart_SendData)
    i.Uart_SetBaudRate                       0x00001ace   Section        0  uart.o(i.Uart_SetBaudRate)
    i.Uart_SetMode                           0x00001b48   Section        0  uart.o(i.Uart_SetMode)
    i.Uart_SetMultiMode                      0x00001b78   Section        0  uart.o(i.Uart_SetMultiMode)
    i.WorkMode                               0x00001bc0   Section        0  command.o(i.WorkMode)
    i._GpioEnableIrq                         0x00001c6c   Section        0  gpio.o(i._GpioEnableIrq)
    i.__ARM_common_switch8                   0x00001d60   Section        0  adc.o(i.__ARM_common_switch8)
    i.__NVIC_ClearPendingIRQ                 0x00001d7c   Section        0  uart.o(i.__NVIC_ClearPendingIRQ)
    __NVIC_ClearPendingIRQ                   0x00001d7d   Thumb Code    18  uart.o(i.__NVIC_ClearPendingIRQ)
    i.__NVIC_SetPriority                     0x00001d94   Section        0  interrupts_hc32f005.o(i.__NVIC_SetPriority)
    __NVIC_SetPriority                       0x00001d95   Thumb Code   110  interrupts_hc32f005.o(i.__NVIC_SetPriority)
    i.__NVIC_SetPriority                     0x00001e0c   Section        0  uart.o(i.__NVIC_SetPriority)
    __NVIC_SetPriority                       0x00001e0d   Thumb Code   110  uart.o(i.__NVIC_SetPriority)
    i._sys_exit                              0x00001e84   Section        0  ddl.o(i._sys_exit)
    i._ttywrch                               0x00001e88   Section        0  ddl.o(i._ttywrch)
    i.anlyz_uart_data                        0x00001e8c   Section        0  uartparse.o(i.anlyz_uart_data)
    i.bGetMessage                            0x00001ecc   Section        0  cmt2300drive.o(i.bGetMessage)
    i.bGoRx                                  0x00001f08   Section        0  cmt2300drive.o(i.bGoRx)
    i.bGoSleep                               0x00001f54   Section        0  cmt2300drive.o(i.bGoSleep)
    i.bGoStandby                             0x00001f7c   Section        0  cmt2300drive.o(i.bGoStandby)
    i.bGoTx                                  0x00001fc4   Section        0  cmt2300drive.o(i.bGoTx)
    i.bIntSrcFlagClr                         0x00002004   Section        0  cmt2300drive.o(i.bIntSrcFlagClr)
    i.bSendMessage                           0x000020ce   Section        0  cmt2300drive.o(i.bSendMessage)
    i.bSpi3Read                              0x000020f2   Section        0  bsp_spi.o(i.bSpi3Read)
    i.bSpi3ReadByte                          0x00002106   Section        0  bsp_spi.o(i.bSpi3ReadByte)
    i.bSpi3ReadFIFO                          0x000021ca   Section        0  bsp_spi.o(i.bSpi3ReadFIFO)
    i.command_key_anlyz                      0x00002290   Section        0  command.o(i.command_key_anlyz)
    i.command_process                        0x00002718   Section        0  command.o(i.command_process)
    i.ddl_memclr                             0x000027ec   Section        0  ddl.o(i.ddl_memclr)
    i.delay100us                             0x0000280c   Section        0  ddl.o(i.delay100us)
    i.delay1ms                               0x00002848   Section        0  ddl.o(i.delay1ms)
    i.delay1us                               0x00002884   Section        0  ddl.o(i.delay1us)
    i.ee_CheckOk                             0x000028c0   Section        0  at24c02.o(i.ee_CheckOk)
    i.ee_ReadBytes                           0x000028d8   Section        0  at24c02.o(i.ee_ReadBytes)
    i.ee_WriteBytes                          0x0000294a   Section        0  at24c02.o(i.ee_WriteBytes)
    i.eeprom_write                           0x000029d0   Section        0  eeprom.o(i.eeprom_write)
    i.i2c_Ack                                0x00002abc   Section        0  bsp_i2c_gpio.o(i.i2c_Ack)
    i.i2c_CfgGpio                            0x00002af4   Section        0  bsp_i2c_gpio.o(i.i2c_CfgGpio)
    i2c_CfgGpio                              0x00002af5   Thumb Code    50  bsp_i2c_gpio.o(i.i2c_CfgGpio)
    i.i2c_CheckDevice                        0x00002b26   Section        0  bsp_i2c_gpio.o(i.i2c_CheckDevice)
    i.i2c_Delay                              0x00002b46   Section        0  bsp_i2c_gpio.o(i.i2c_Delay)
    i2c_Delay                                0x00002b47   Thumb Code    14  bsp_i2c_gpio.o(i.i2c_Delay)
    i.i2c_NAck                               0x00002b54   Section        0  bsp_i2c_gpio.o(i.i2c_NAck)
    i.i2c_ReadByte                           0x00002b82   Section        0  bsp_i2c_gpio.o(i.i2c_ReadByte)
    i.i2c_SendByte                           0x00002bc6   Section        0  bsp_i2c_gpio.o(i.i2c_SendByte)
    i.i2c_Start                              0x00002c28   Section        0  bsp_i2c_gpio.o(i.i2c_Start)
    i.i2c_Stop                               0x00002c60   Section        0  bsp_i2c_gpio.o(i.i2c_Stop)
    i.i2c_WaitAck                            0x00002c86   Section        0  bsp_i2c_gpio.o(i.i2c_WaitAck)
    i.key_intterupt_LevelConfig              0x00002cc8   Section        0  key.o(i.key_intterupt_LevelConfig)
    i.key_intterupt_config                   0x00002cda   Section        0  key.o(i.key_intterupt_config)
    i.loop_Rx                                0x00002f10   Section        0  main.o(i.loop_Rx)
    i.loop_Tx                                0x00002f48   Section        0  main.o(i.loop_Tx)
    i.main                                   0x00002f7e   Section        0  main.o(i.main)
    i.rfPrase                                0x00002f90   Section        0  command.o(i.rfPrase)
    i.setup_Rx                               0x00002fd6   Section        0  main.o(i.setup_Rx)
    i.setup_Tx                               0x00003004   Section        0  main.o(i.setup_Tx)
    i.system_params_get                      0x00003030   Section        0  uartparse.o(i.system_params_get)
    i.uartPrase                              0x00003038   Section        0  uartparse.o(i.uartPrase)
    i.uart_ack_response                      0x00003128   Section        0  command.o(i.uart_ack_response)
    i.vCfgBank                               0x00003228   Section        0  cmt2300drive.o(i.vCfgBank)
    i.vClearFIFO                             0x00003248   Section        0  cmt2300drive.o(i.vClearFIFO)
    i.vEnableAntSwitch                       0x00003260   Section        0  cmt2300drive.o(i.vEnableAntSwitch)
    i.vEnablePLLcheck                        0x0000329c   Section        0  cmt2300drive.o(i.vEnablePLLcheck)
    i.vEnableRdFifo                          0x000032b6   Section        0  cmt2300drive.o(i.vEnableRdFifo)
    i.vEnableWrFifo                          0x000032d4   Section        0  cmt2300drive.o(i.vEnableWrFifo)
    i.vGpioFuncCfg                           0x000032ee   Section        0  cmt2300drive.o(i.vGpioFuncCfg)
    i.vInit                                  0x000032fe   Section        0  cmt2300drive.o(i.vInit)
    i.vIntSrcCfg                             0x00003354   Section        0  cmt2300drive.o(i.vIntSrcCfg)
    i.vIntSrcEnable                          0x00003390   Section        0  cmt2300drive.o(i.vIntSrcEnable)
    i.vSetTxPayloadLength                    0x000033a0   Section        0  cmt2300drive.o(i.vSetTxPayloadLength)
    i.vSoftReset                             0x000033f0   Section        0  cmt2300drive.o(i.vSoftReset)
    i.vSpi3BurstReadFIFO                     0x00003404   Section        0  bsp_spi.o(i.vSpi3BurstReadFIFO)
    i.vSpi3BurstWriteFIFO                    0x00003422   Section        0  bsp_spi.o(i.vSpi3BurstWriteFIFO)
    i.vSpi3Init                              0x00003440   Section        0  bsp_spi.o(i.vSpi3Init)
    i.vSpi3Write                             0x000034bc   Section        0  bsp_spi.o(i.vSpi3Write)
    i.vSpi3WriteByte                         0x000034da   Section        0  bsp_spi.o(i.vSpi3WriteByte)
    i.vSpi3WriteFIFO                         0x00003592   Section        0  bsp_spi.o(i.vSpi3WriteFIFO)
    .constdata                               0x00003650   Section        8  clk.o(.constdata)
    .data                                    0x20000000   Section       12  bt.o(.data)
    pfnTim0Callback                          0x20000000   Data           4  bt.o(.data)
    pfnTim1Callback                          0x20000004   Data           4  bt.o(.data)
    pfnTim2Callback                          0x20000008   Data           4  bt.o(.data)
    .data                                    0x2000000c   Section        4  flash.o(.data)
    pfnFlashCallback                         0x2000000c   Data           4  flash.o(.data)
    .data                                    0x20000010   Section       40  uart.o(.data)
    m_astcUartInstanceDataLut                0x20000010   Data          40  uart.o(.data)
    .data                                    0x20000038   Section        3  bsp_uart.o(.data)
    .data                                    0x2000003c   Section        2  key.o(.data)
    .data                                    0x2000003e   Section        2  uartparse.o(.data)
    .data                                    0x20000040   Section       10  cmt2300drive.o(.data)
    .data                                    0x2000004a   Section        4  command.o(.data)
    .data                                    0x20000050   Section      408  main.o(.data)
    statetx                                  0x20000050   Data           1  main.o(.data)
    .data                                    0x200001e8   Section        4  system_hc32f005.o(.data)
    .bss                                     0x200001ec   Section       32  bsp_uart.o(.bss)
    .bss                                     0x2000020c   Section       16  uartparse.o(.bss)
    .bss                                     0x2000021c   Section       96  libspace.o(.bss)
    HEAP                                     0x20000280   Section      256  startup_hc32f005.o(HEAP)
    Heap_Mem                                 0x20000280   Data         256  startup_hc32f005.o(HEAP)
    STACK                                    0x20000380   Section      256  startup_hc32f005.o(STACK)
    Stack_Mem                                0x20000380   Data         256  startup_hc32f005.o(STACK)
    __initial_sp                             0x20000480   Data           0  startup_hc32f005.o(STACK)

    Global Symbols

    Symbol Name                              Value     Ov Type        Size  Object(Section)

    BuildAttributes$$THM_ISAv3M$S$PE$A:L22$X:L11$S22$IEEE1$IW$USESV6$~STKCKD$USESV7$~SHL$OTIME$ROPI$EBA8$UX$STANDARDLIB$REQ8$PRES8$EABIv2 0x00000000   Number         0  anon$$obj.o ABSOLUTE
    __ARM_use_no_argv                        0x00000000   Number         0  main.o ABSOLUTE
    __Vectors                                0x00000000   Data           0  startup_hc32f005.o(RESET)
    _printf_flags                            0x00000000   Number         0  printf_stubs.o ABSOLUTE
    _printf_return_value                     0x00000000   Number         0  printf_stubs.o ABSOLUTE
    _printf_sizespec                         0x00000000   Number         0  printf_stubs.o ABSOLUTE
    _printf_widthprec                        0x00000000   Number         0  printf_stubs.o ABSOLUTE
    __ARM_exceptions_init                     - Undefined Weak Reference
    __alloca_initialize                       - Undefined Weak Reference
    __arm_preinit_                            - Undefined Weak Reference
    __cpp_initialize__aeabi_                  - Undefined Weak Reference
    __cxa_finalize                            - Undefined Weak Reference
    __rt_locale                               - Undefined Weak Reference
    __sigvec_lookup                           - Undefined Weak Reference
    __user_heap_extent                        - Undefined Weak Reference
    _atexit_init                              - Undefined Weak Reference
    _call_atexit_fns                          - Undefined Weak Reference
    _clock_init                               - Undefined Weak Reference
    _fp_trap_init                             - Undefined Weak Reference
    _fp_trap_shutdown                         - Undefined Weak Reference
    _get_lc_collate                           - Undefined Weak Reference
    _get_lc_ctype                             - Undefined Weak Reference
    _get_lc_monetary                          - Undefined Weak Reference
    _get_lc_numeric                           - Undefined Weak Reference
    _get_lc_time                              - Undefined Weak Reference
    _getenv_init                              - Undefined Weak Reference
    _handle_redirection                       - Undefined Weak Reference
    _initio                                   - Undefined Weak Reference
    _mutex_acquire                            - Undefined Weak Reference
    _mutex_free                               - Undefined Weak Reference
    _mutex_release                            - Undefined Weak Reference
    _printf_truncate_unsigned                 - Undefined Weak Reference
    _rand_init                                - Undefined Weak Reference
    _signal_finish                            - Undefined Weak Reference
    _signal_init                              - Undefined Weak Reference
    _terminateio                              - Undefined Weak Reference
    __Vectors_End                            0x000000c0   Data           0  startup_hc32f005.o(RESET)
    __Vectors_Size                           0x000000c0   Number         0  startup_hc32f005.o ABSOLUTE
    __main                                   0x000000c1   Thumb Code     8  __main.o(!!!main)
    __scatterload                            0x000000c9   Thumb Code     0  __scatter.o(!!!scatter)
    __scatterload_rt2                        0x000000c9   Thumb Code    52  __scatter.o(!!!scatter)
    __scatterload_rt2_thumb_only             0x000000c9   Thumb Code     0  __scatter.o(!!!scatter)
    __scatterload_null                       0x000000d9   Thumb Code     0  __scatter.o(!!!scatter)
    __scatterload_zeroinit                   0x00000105   Thumb Code    28  __scatter_zi.o(!!handler_zi)
    __rt_lib_init                            0x00000121   Thumb Code     0  libinit.o(.ARM.Collect$$libinit$$00000000)
    __rt_lib_init_fp_1                       0x00000123   Thumb Code     0  libinit2.o(.ARM.Collect$$libinit$$00000002)
    __rt_lib_init_heap_2                     0x00000123   Thumb Code     0  libinit2.o(.ARM.Collect$$libinit$$00000005)
    __rt_lib_init_preinit_1                  0x00000123   Thumb Code     0  libinit2.o(.ARM.Collect$$libinit$$00000004)
    __rt_lib_init_alloca_1                   0x0000012b   Thumb Code     0  libinit2.o(.ARM.Collect$$libinit$$0000002E)
    __rt_lib_init_argv_1                     0x0000012b   Thumb Code     0  libinit2.o(.ARM.Collect$$libinit$$0000002C)
    __rt_lib_init_atexit_1                   0x0000012b   Thumb Code     0  libinit2.o(.ARM.Collect$$libinit$$0000001B)
    __rt_lib_init_clock_1                    0x0000012b   Thumb Code     0  libinit2.o(.ARM.Collect$$libinit$$00000021)
    __rt_lib_init_cpp_1                      0x0000012b   Thumb Code     0  libinit2.o(.ARM.Collect$$libinit$$00000032)
    __rt_lib_init_exceptions_1               0x0000012b   Thumb Code     0  libinit2.o(.ARM.Collect$$libinit$$00000030)
    __rt_lib_init_fp_trap_1                  0x0000012b   Thumb Code     0  libinit2.o(.ARM.Collect$$libinit$$0000001F)
    __rt_lib_init_getenv_1                   0x0000012b   Thumb Code     0  libinit2.o(.ARM.Collect$$libinit$$00000023)
    __rt_lib_init_heap_1                     0x0000012b   Thumb Code     0  libinit2.o(.ARM.Collect$$libinit$$0000000A)
    __rt_lib_init_lc_collate_1               0x0000012b   Thumb Code     0  libinit2.o(.ARM.Collect$$libinit$$00000011)
    __rt_lib_init_lc_ctype_1                 0x0000012b   Thumb Code     0  libinit2.o(.ARM.Collect$$libinit$$00000013)
    __rt_lib_init_lc_monetary_1              0x0000012b   Thumb Code     0  libinit2.o(.ARM.Collect$$libinit$$00000015)
    __rt_lib_init_lc_numeric_1               0x0000012b   Thumb Code     0  libinit2.o(.ARM.Collect$$libinit$$00000017)
    __rt_lib_init_lc_time_1                  0x0000012b   Thumb Code     0  libinit2.o(.ARM.Collect$$libinit$$00000019)
    __rt_lib_init_rand_1                     0x0000012b   Thumb Code     0  libinit2.o(.ARM.Collect$$libinit$$0000000E)
    __rt_lib_init_return                     0x0000012b   Thumb Code     0  libinit2.o(.ARM.Collect$$libinit$$00000033)
    __rt_lib_init_signal_1                   0x0000012b   Thumb Code     0  libinit2.o(.ARM.Collect$$libinit$$0000001D)
    __rt_lib_init_stdio_1                    0x0000012b   Thumb Code     0  libinit2.o(.ARM.Collect$$libinit$$00000025)
    __rt_lib_init_user_alloc_1               0x0000012b   Thumb Code     0  libinit2.o(.ARM.Collect$$libinit$$0000000C)
    __rt_lib_shutdown                        0x0000012d   Thumb Code     0  libshutdown.o(.ARM.Collect$$libshutdown$$00000000)
    __rt_lib_shutdown_cpp_1                  0x0000012f   Thumb Code     0  libshutdown2.o(.ARM.Collect$$libshutdown$$00000002)
    __rt_lib_shutdown_fp_trap_1              0x0000012f   Thumb Code     0  libshutdown2.o(.ARM.Collect$$libshutdown$$00000007)
    __rt_lib_shutdown_heap_1                 0x0000012f   Thumb Code     0  libshutdown2.o(.ARM.Collect$$libshutdown$$0000000F)
    __rt_lib_shutdown_return                 0x0000012f   Thumb Code     0  libshutdown2.o(.ARM.Collect$$libshutdown$$00000010)
    __rt_lib_shutdown_signal_1               0x0000012f   Thumb Code     0  libshutdown2.o(.ARM.Collect$$libshutdown$$0000000A)
    __rt_lib_shutdown_stdio_1                0x0000012f   Thumb Code     0  libshutdown2.o(.ARM.Collect$$libshutdown$$00000004)
    __rt_lib_shutdown_user_alloc_1           0x0000012f   Thumb Code     0  libshutdown2.o(.ARM.Collect$$libshutdown$$0000000C)
    __rt_entry                               0x00000131   Thumb Code     0  __rtentry.o(.ARM.Collect$$rtentry$$00000000)
    __rt_entry_presh_1                       0x00000131   Thumb Code     0  __rtentry2.o(.ARM.Collect$$rtentry$$00000002)
    __rt_entry_sh                            0x00000131   Thumb Code     0  __rtentry4.o(.ARM.Collect$$rtentry$$00000004)
    __rt_entry_li                            0x00000137   Thumb Code     0  __rtentry2.o(.ARM.Collect$$rtentry$$0000000A)
    __rt_entry_postsh_1                      0x00000137   Thumb Code     0  __rtentry2.o(.ARM.Collect$$rtentry$$00000009)
    __rt_entry_main                          0x0000013b   Thumb Code     0  __rtentry2.o(.ARM.Collect$$rtentry$$0000000D)
    __rt_entry_postli_1                      0x0000013b   Thumb Code     0  __rtentry2.o(.ARM.Collect$$rtentry$$0000000C)
    __rt_exit                                0x00000143   Thumb Code     0  rtexit.o(.ARM.Collect$$rtexit$$00000000)
    __rt_exit_ls                             0x00000145   Thumb Code     0  rtexit2.o(.ARM.Collect$$rtexit$$00000003)
    __rt_exit_prels_1                        0x00000145   Thumb Code     0  rtexit2.o(.ARM.Collect$$rtexit$$00000002)
    __rt_exit_exit                           0x00000149   Thumb Code     0  rtexit2.o(.ARM.Collect$$rtexit$$00000004)
    __aeabi_memcpy4                          0x00000151   Thumb Code    56  rt_memcpy.o(.emb_text)
    __aeabi_memcpy8                          0x00000151   Thumb Code     0  rt_memcpy.o(.emb_text)
    Reset_Handler                            0x00000189   Thumb Code    26  startup_hc32f005.o(.text)
    _maybe_terminate_alloc                   0x00000189   Thumb Code     0  maybetermalloc1.o(.emb_text)
    NMI_Handler                              0x000001a3   Thumb Code     2  startup_hc32f005.o(.text)
    SVC_Handler                              0x000001a7   Thumb Code     2  startup_hc32f005.o(.text)
    PendSV_Handler                           0x000001a9   Thumb Code     2  startup_hc32f005.o(.text)
    SysTick_Handler                          0x000001ab   Thumb Code     2  startup_hc32f005.o(.text)
    ADC_IRQHandler                           0x000001ad   Thumb Code     0  startup_hc32f005.o(.text)
    CLKTRIM_IRQHandler                       0x000001ad   Thumb Code     0  startup_hc32f005.o(.text)
    Dummy_Handler                            0x000001ad   Thumb Code     0  startup_hc32f005.o(.text)
    EF_RAM_IRQHandler                        0x000001ad   Thumb Code     0  startup_hc32f005.o(.text)
    I2C_IRQHandler                           0x000001ad   Thumb Code     0  startup_hc32f005.o(.text)
    LVD_IRQHandler                           0x000001ad   Thumb Code     0  startup_hc32f005.o(.text)
    PCA_IRQHandler                           0x000001ad   Thumb Code     0  startup_hc32f005.o(.text)
    PORT0_IRQHandler                         0x000001ad   Thumb Code     0  startup_hc32f005.o(.text)
    PORT1_IRQHandler                         0x000001ad   Thumb Code     0  startup_hc32f005.o(.text)
    PORT2_IRQHandler                         0x000001ad   Thumb Code     0  startup_hc32f005.o(.text)
    PORT3_IRQHandler                         0x000001ad   Thumb Code     0  startup_hc32f005.o(.text)
    SPI_IRQHandler                           0x000001ad   Thumb Code     0  startup_hc32f005.o(.text)
    TIM0_IRQHandler                          0x000001ad   Thumb Code     0  startup_hc32f005.o(.text)
    TIM1_IRQHandler                          0x000001ad   Thumb Code     0  startup_hc32f005.o(.text)
    TIM2_IRQHandler                          0x000001ad   Thumb Code     0  startup_hc32f005.o(.text)
    TIM4_IRQHandler                          0x000001ad   Thumb Code     0  startup_hc32f005.o(.text)
    TIM5_IRQHandler                          0x000001ad   Thumb Code     0  startup_hc32f005.o(.text)
    TIM6_IRQHandler                          0x000001ad   Thumb Code     0  startup_hc32f005.o(.text)
    UART0_IRQHandler                         0x000001ad   Thumb Code     0  startup_hc32f005.o(.text)
    UART1_IRQHandler                         0x000001ad   Thumb Code     0  startup_hc32f005.o(.text)
    VC0_IRQHandler                           0x000001ad   Thumb Code     0  startup_hc32f005.o(.text)
    VC1_IRQHandler                           0x000001ad   Thumb Code     0  startup_hc32f005.o(.text)
    WDT_IRQHandler                           0x000001ad   Thumb Code     0  startup_hc32f005.o(.text)
    __user_initial_stackheap                 0x000001b1   Thumb Code     0  startup_hc32f005.o(.text)
    __use_no_semihosting                     0x000001e1   Thumb Code     2  use_no_semi_2.o(.text)
    malloc                                   0x000001e3   Thumb Code    98  h1_alloc.o(.text)
    free                                     0x00000245   Thumb Code    76  h1_free.o(.text)
    __aeabi_memcpy                           0x00000291   Thumb Code   130  rt_memcpy.o(.text)
    __rt_memcpy                              0x00000291   Thumb Code     0  rt_memcpy.o(.text)
    __aeabi_uidiv                            0x00000313   Thumb Code     0  aeabi_sdiv.o(.text)
    __aeabi_uidivmod                         0x00000313   Thumb Code    20  aeabi_sdiv.o(.text)
    __aeabi_idiv                             0x00000327   Thumb Code     0  aeabi_sdiv.o(.text)
    __aeabi_idivmod                          0x00000327   Thumb Code   326  aeabi_sdiv.o(.text)
    __use_two_region_memory                  0x0000046d   Thumb Code     2  heapauxi.o(.text)
    __rt_heap_escrow                         0x0000046f   Thumb Code     2  heapauxi.o(.text)
    __rt_heap_expand                         0x00000471   Thumb Code     2  heapauxi.o(.text)
    __I$use$semihosting                      0x00000473   Thumb Code     0  use_no_semi.o(.text)
    __use_no_semihosting_swi                 0x00000473   Thumb Code     2  use_no_semi.o(.text)
    __rt_heap_descriptor                     0x00000475   Thumb Code     8  rt_heap_descriptor_intlibspace.o(.text)
    __use_no_heap                            0x0000047d   Thumb Code     2  hguard.o(.text)
    __heap$guard                             0x0000047f   Thumb Code     2  hguard.o(.text)
    _terminate_user_alloc                    0x00000481   Thumb Code     2  init_alloc.o(.text)
    _init_user_alloc                         0x00000483   Thumb Code     2  init_alloc.o(.text)
    __Heap_Full                              0x00000485   Thumb Code    32  init_alloc.o(.text)
    __Heap_Broken                            0x000004a5   Thumb Code    10  init_alloc.o(.text)
    _init_alloc                              0x000004af   Thumb Code    90  init_alloc.o(.text)
    __Heap_Initialize                        0x00000509   Thumb Code    10  h1_init.o(.text)
    __Heap_DescSize                          0x00000513   Thumb Code     4  h1_init.o(.text)
    __user_libspace                          0x00000519   Thumb Code     8  libspace.o(.text)
    __user_perproc_libspace                  0x00000519   Thumb Code     0  libspace.o(.text)
    __user_perthread_libspace                0x00000519   Thumb Code     0  libspace.o(.text)
    __Heap_ProvideMemory                     0x00000521   Thumb Code    52  h1_extend.o(.text)
    __rt_SIGRTMEM                            0x00000555   Thumb Code    12  defsig_rtmem_outer.o(.text)
    __user_setup_stackheap                   0x00000561   Thumb Code    62  sys_stackheap_outer.o(.text)
    exit                                     0x0000059f   Thumb Code    16  exit.o(.text)
    __sig_exit                               0x000005af   Thumb Code    12  defsig_exit.o(.text)
    __rt_SIGRTMEM_inner                      0x000005bd   Thumb Code    22  defsig_rtmem_inner.o(.text)
    __default_signal_display                 0x0000060d   Thumb Code    52  defsig_general.o(.text)
    __decompress                             0x00000641   Thumb Code     0  __dczerorl.o(.text)
    __decompress0                            0x00000641   Thumb Code    58  __dczerorl.o(.text)
    Bt_ARRSet                                0x0000067d   Thumb Code    86  bt.o(i.Bt_ARRSet)
    Bt_Cnt16Set                              0x000006d9   Thumb Code    86  bt.o(i.Bt_Cnt16Set)
    Bt_Init                                  0x00000735   Thumb Code   478  bt.o(i.Bt_Init)
    Bt_Run                                   0x00000925   Thumb Code    78  bt.o(i.Bt_Run)
    CMT2300_Init                             0x00000979   Thumb Code    76  main.o(i.CMT2300_Init)
    CRC16_Get8                               0x000009e5   Thumb Code    48  crc.o(i.CRC16_Get8)
    Clk_GetHClkFreq                          0x00000a49   Thumb Code   134  clk.o(i.Clk_GetHClkFreq)
    Clk_GetPClkFreq                          0x00000af1   Thumb Code    28  clk.o(i.Clk_GetPClkFreq)
    Clk_SetFunc                              0x00000b11   Thumb Code   192  clk.o(i.Clk_SetFunc)
    Clk_SetPeripheralGate                    0x00000bd5   Thumb Code    54  clk.o(i.Clk_SetPeripheralGate)
    CommandTx                                0x00000c11   Thumb Code   302  command.o(i.CommandTx)
    EnableNvic                               0x00000d41   Thumb Code   122  interrupts_hc32f005.o(i.EnableNvic)
    ErrIntCallback                           0x00000dc5   Thumb Code    12  bsp_uart.o(i.ErrIntCallback)
    FlashInt                                 0x00000dd1   Thumb Code    46  eeprom.o(i.FlashInt)
    Flash_ClearIntFlag                       0x00000e01   Thumb Code   116  flash.o(i.Flash_ClearIntFlag)
    Flash_DisableIrq                         0x00000e81   Thumb Code   156  flash.o(i.Flash_DisableIrq)
    Flash_GetIntFlag                         0x00000f29   Thumb Code    42  flash.o(i.Flash_GetIntFlag)
    Flash_Init                               0x00000f59   Thumb Code   548  flash.o(i.Flash_Init)
    Flash_SectorErase                        0x00001195   Thumb Code   184  flash.o(i.Flash_SectorErase)
    Flash_WriteByte                          0x00001261   Thumb Code   184  flash.o(i.Flash_WriteByte)
    Gpio_ClearIrq                            0x0000132d   Thumb Code    30  gpio.o(i.Gpio_ClearIrq)
    Gpio_EnableIrq                           0x00001351   Thumb Code    24  gpio.o(i.Gpio_EnableIrq)
    Gpio_GetIO                               0x00001369   Thumb Code    18  gpio.o(i.Gpio_GetIO)
    Gpio_InitIOExt                           0x00001381   Thumb Code   350  gpio.o(i.Gpio_InitIOExt)
    Gpio_SetAnalog                           0x000014e9   Thumb Code    58  gpio.o(i.Gpio_SetAnalog)
    Gpio_SetIO                               0x00001529   Thumb Code    66  gpio.o(i.Gpio_SetIO)
    HardFault_Handler                        0x00001571   Thumb Code    16  interrupts_hc32f005.o(i.HardFault_Handler)
    InhibitonStatus                          0x00001581   Thumb Code   134  command.o(i.InhibitonStatus)
    KEY_Init                                 0x00001607   Thumb Code    10  key.o(i.KEY_Init)
    KeyStaus                                 0x00001611   Thumb Code     4  key.o(i.KeyStaus)
    RxIntCallback                            0x00001619   Thumb Code    64  bsp_uart.o(i.RxIntCallback)
    SystemCoreClockUpdate                    0x00001665   Thumb Code     8  system_hc32f005.o(i.SystemCoreClockUpdate)
    SystemInit                               0x00001675   Thumb Code    16  system_hc32f005.o(i.SystemInit)
    UART1_SendBytes                          0x0000168d   Thumb Code    36  bsp_uart.o(i.UART1_SendBytes)
    UART_Config                              0x000016b1   Thumb Code   342  bsp_uart.o(i.UART_Config)
    Uart_ClrStatus                           0x000018c9   Thumb Code    90  uart.o(i.Uart_ClrStatus)
    Uart_EnableFunc                          0x00001923   Thumb Code    48  uart.o(i.Uart_EnableFunc)
    Uart_EnableIrq                           0x00001953   Thumb Code    76  uart.o(i.Uart_EnableIrq)
    Uart_GetStatus                           0x0000199f   Thumb Code   102  uart.o(i.Uart_GetStatus)
    Uart_Init                                0x00001a05   Thumb Code   110  uart.o(i.Uart_Init)
    Uart_ReceiveData                         0x00001a73   Thumb Code    30  uart.o(i.Uart_ReceiveData)
    Uart_SendData                            0x00001a91   Thumb Code    62  uart.o(i.Uart_SendData)
    Uart_SetBaudRate                         0x00001acf   Thumb Code   122  uart.o(i.Uart_SetBaudRate)
    Uart_SetMode                             0x00001b49   Thumb Code    48  uart.o(i.Uart_SetMode)
    Uart_SetMultiMode                        0x00001b79   Thumb Code    72  uart.o(i.Uart_SetMultiMode)
    WorkMode                                 0x00001bc1   Thumb Code   168  command.o(i.WorkMode)
    _GpioEnableIrq                           0x00001c6d   Thumb Code   240  gpio.o(i._GpioEnableIrq)
    __ARM_common_switch8                     0x00001d61   Thumb Code    28  adc.o(i.__ARM_common_switch8)
    _sys_exit                                0x00001e85   Thumb Code     4  ddl.o(i._sys_exit)
    _ttywrch                                 0x00001e89   Thumb Code     2  ddl.o(i._ttywrch)
    anlyz_uart_data                          0x00001e8d   Thumb Code    58  uartparse.o(i.anlyz_uart_data)
    bGetMessage                              0x00001ecd   Thumb Code    50  cmt2300drive.o(i.bGetMessage)
    bGoRx                                    0x00001f09   Thumb Code    66  cmt2300drive.o(i.bGoRx)
    bGoSleep                                 0x00001f55   Thumb Code    36  cmt2300drive.o(i.bGoSleep)
    bGoStandby                               0x00001f7d   Thumb Code    62  cmt2300drive.o(i.bGoStandby)
    bGoTx                                    0x00001fc5   Thumb Code    60  cmt2300drive.o(i.bGoTx)
    bIntSrcFlagClr                           0x00002005   Thumb Code   202  cmt2300drive.o(i.bIntSrcFlagClr)
    bSendMessage                             0x000020cf   Thumb Code    36  cmt2300drive.o(i.bSendMessage)
    bSpi3Read                                0x000020f3   Thumb Code    20  bsp_spi.o(i.bSpi3Read)
    bSpi3ReadByte                            0x00002107   Thumb Code   196  bsp_spi.o(i.bSpi3ReadByte)
    bSpi3ReadFIFO                            0x000021cb   Thumb Code   198  bsp_spi.o(i.bSpi3ReadFIFO)
    command_key_anlyz                        0x00002291   Thumb Code  1158  command.o(i.command_key_anlyz)
    command_process                          0x00002719   Thumb Code   208  command.o(i.command_process)
    ddl_memclr                               0x000027ed   Thumb Code    32  ddl.o(i.ddl_memclr)
    delay100us                               0x0000280d   Thumb Code    48  ddl.o(i.delay100us)
    delay1ms                                 0x00002849   Thumb Code    50  ddl.o(i.delay1ms)
    delay1us                                 0x00002885   Thumb Code    48  ddl.o(i.delay1us)
    ee_CheckOk                               0x000028c1   Thumb Code    24  at24c02.o(i.ee_CheckOk)
    ee_ReadBytes                             0x000028d9   Thumb Code   114  at24c02.o(i.ee_ReadBytes)
    ee_WriteBytes                            0x0000294b   Thumb Code   132  at24c02.o(i.ee_WriteBytes)
    eeprom_write                             0x000029d1   Thumb Code   228  eeprom.o(i.eeprom_write)
    i2c_Ack                                  0x00002abd   Thumb Code    56  bsp_i2c_gpio.o(i.i2c_Ack)
    i2c_CheckDevice                          0x00002b27   Thumb Code    32  bsp_i2c_gpio.o(i.i2c_CheckDevice)
    i2c_NAck                                 0x00002b55   Thumb Code    46  bsp_i2c_gpio.o(i.i2c_NAck)
    i2c_ReadByte                             0x00002b83   Thumb Code    68  bsp_i2c_gpio.o(i.i2c_ReadByte)
    i2c_SendByte                             0x00002bc7   Thumb Code    98  bsp_i2c_gpio.o(i.i2c_SendByte)
    i2c_Start                                0x00002c29   Thumb Code    56  bsp_i2c_gpio.o(i.i2c_Start)
    i2c_Stop                                 0x00002c61   Thumb Code    38  bsp_i2c_gpio.o(i.i2c_Stop)
    i2c_WaitAck                              0x00002c87   Thumb Code    66  bsp_i2c_gpio.o(i.i2c_WaitAck)
    key_intterupt_LevelConfig                0x00002cc9   Thumb Code    18  key.o(i.key_intterupt_LevelConfig)
    key_intterupt_config                     0x00002cdb   Thumb Code   566  key.o(i.key_intterupt_config)
    loop_Rx                                  0x00002f11   Thumb Code    56  main.o(i.loop_Rx)
    loop_Tx                                  0x00002f49   Thumb Code    54  main.o(i.loop_Tx)
    main                                     0x00002f7f   Thumb Code    18  main.o(i.main)
    rfPrase                                  0x00002f91   Thumb Code    70  command.o(i.rfPrase)
    setup_Rx                                 0x00002fd7   Thumb Code    46  main.o(i.setup_Rx)
    setup_Tx                                 0x00003005   Thumb Code    42  main.o(i.setup_Tx)
    system_params_get                        0x00003031   Thumb Code     4  uartparse.o(i.system_params_get)
    uartPrase                                0x00003039   Thumb Code   222  uartparse.o(i.uartPrase)
    uart_ack_response                        0x00003129   Thumb Code   256  command.o(i.uart_ack_response)
    vCfgBank                                 0x00003229   Thumb Code    32  cmt2300drive.o(i.vCfgBank)
    vClearFIFO                               0x00003249   Thumb Code    20  cmt2300drive.o(i.vClearFIFO)
    vEnableAntSwitch                         0x00003261   Thumb Code    60  cmt2300drive.o(i.vEnableAntSwitch)
    vEnablePLLcheck                          0x0000329d   Thumb Code    26  cmt2300drive.o(i.vEnablePLLcheck)
    vEnableRdFifo                            0x000032b7   Thumb Code    30  cmt2300drive.o(i.vEnableRdFifo)
    vEnableWrFifo                            0x000032d5   Thumb Code    26  cmt2300drive.o(i.vEnableWrFifo)
    vGpioFuncCfg                             0x000032ef   Thumb Code    16  cmt2300drive.o(i.vGpioFuncCfg)
    vInit                                    0x000032ff   Thumb Code    86  cmt2300drive.o(i.vInit)
    vIntSrcCfg                               0x00003355   Thumb Code    60  cmt2300drive.o(i.vIntSrcCfg)
    vIntSrcEnable                            0x00003391   Thumb Code    16  cmt2300drive.o(i.vIntSrcEnable)
    vSetTxPayloadLength                      0x000033a1   Thumb Code    74  cmt2300drive.o(i.vSetTxPayloadLength)
    vSoftReset                               0x000033f1   Thumb Code    16  cmt2300drive.o(i.vSoftReset)
    vSpi3BurstReadFIFO                       0x00003405   Thumb Code    30  bsp_spi.o(i.vSpi3BurstReadFIFO)
    vSpi3BurstWriteFIFO                      0x00003423   Thumb Code    30  bsp_spi.o(i.vSpi3BurstWriteFIFO)
    vSpi3Init                                0x00003441   Thumb Code   124  bsp_spi.o(i.vSpi3Init)
    vSpi3Write                               0x000034bd   Thumb Code    30  bsp_spi.o(i.vSpi3Write)
    vSpi3WriteByte                           0x000034db   Thumb Code   184  bsp_spi.o(i.vSpi3WriteByte)
    vSpi3WriteFIFO                           0x00003593   Thumb Code   188  bsp_spi.o(i.vSpi3WriteFIFO)
    Region$$Table$$Base                      0x00003658   Number         0  anon$$obj.o(Region$$Table)
    Region$$Table$$Limit                     0x00003678   Number         0  anon$$obj.o(Region$$Table)
    UsartReceiveFlag                         0x20000038   Data           1  bsp_uart.o(.data)
    usart_i                                  0x20000039   Data           1  bsp_uart.o(.data)
    uartReceivewriteIndex                    0x2000003a   Data           1  bsp_uart.o(.data)
    UpdateKeyStatus                          0x2000003c   Data           2  key.o(.data)
    uartReceiveLen                           0x2000003e   Data           1  uartparse.o(.data)
    uartReadIndex                            0x2000003f   Data           1  uartparse.o(.data)
    FixedPktLength                           0x20000040   Data           1  cmt2300drive.o(.data)
    PayloadLength                            0x20000044   Data           4  cmt2300drive.o(.data)
    PktRssi                                  0x20000048   Data           1  cmt2300drive.o(.data)
    RssiTrig                                 0x20000049   Data           1  cmt2300drive.o(.data)
    CommandStatusToggleFlag                  0x2000004a   Data           2  command.o(.data)
    WorkModeStatus                           0x2000004c   Data           2  command.o(.data)
    str                                      0x20000051   Data          21  main.o(.data)
    CMTBank                                  0x20000068   Data          48  main.o(.data)
    SystemBank                               0x20000098   Data          48  main.o(.data)
    FrequencyBank                            0x200000c8   Data          32  main.o(.data)
    DataRateBank                             0x200000e8   Data          96  main.o(.data)
    BasebandBank                             0x20000148   Data         116  main.o(.data)
    TXBank                                   0x200001bc   Data          44  main.o(.data)
    SystemCoreClock                          0x200001e8   Data           4  system_hc32f005.o(.data)
    UsartReceiveData                         0x200001ec   Data          32  bsp_uart.o(.bss)
    params                                   0x2000020c   Data          16  uartparse.o(.bss)
    __libspace_start                         0x2000021c   Data          96  libspace.o(.bss)
    __temporary_stack_top$libspace           0x2000027c   Data           0  libspace.o(.bss)



==============================================================================

Memory Map of the image

  Image Entry point : 0x000000c1

  Load Region LR_IROM1 (Base: 0x00000000, Size: 0x00003864, Max: 0x00008000, ABSOLUTE, COMPRESSED[0x0000379c])

    Execution Region ER_IROM1 (Exec base: 0x00000000, Load base: 0x00000000, Size: 0x00003678, Max: 0x00008000, ABSOLUTE)

    Exec Addr    Load Addr    Size         Type   Attr      Idx    E Section Name        Object

    0x00000000   0x00000000   0x000000c0   Data   RO         3205    RESET               startup_hc32f005.o
    0x000000c0   0x000000c0   0x00000008   Code   RO         3361  * !!!main             c_p.l(__main.o)
    0x000000c8   0x000000c8   0x0000003c   Code   RO         3585    !!!scatter          c_p.l(__scatter.o)
    0x00000104   0x00000104   0x0000001c   Code   RO         3587    !!handler_zi        c_p.l(__scatter_zi.o)
    0x00000120   0x00000120   0x00000002   Code   RO         3525    .ARM.Collect$$libinit$$00000000  c_p.l(libinit.o)
    0x00000122   0x00000122   0x00000000   Code   RO         3405    .ARM.Collect$$libinit$$00000002  c_p.l(libinit2.o)
    0x00000122   0x00000122   0x00000000   Code   RO         3407    .ARM.Collect$$libinit$$00000004  c_p.l(libinit2.o)
    0x00000122   0x00000122   0x00000008   Code   RO         3408    .ARM.Collect$$libinit$$00000005  c_p.l(libinit2.o)
    0x0000012a   0x0000012a   0x00000000   Code   RO         3410    .ARM.Collect$$libinit$$0000000A  c_p.l(libinit2.o)
    0x0000012a   0x0000012a   0x00000000   Code   RO         3412    .ARM.Collect$$libinit$$0000000C  c_p.l(libinit2.o)
    0x0000012a   0x0000012a   0x00000000   Code   RO         3414    .ARM.Collect$$libinit$$0000000E  c_p.l(libinit2.o)
    0x0000012a   0x0000012a   0x00000000   Code   RO         3417    .ARM.Collect$$libinit$$00000011  c_p.l(libinit2.o)
    0x0000012a   0x0000012a   0x00000000   Code   RO         3419    .ARM.Collect$$libinit$$00000013  c_p.l(libinit2.o)
    0x0000012a   0x0000012a   0x00000000   Code   RO         3421    .ARM.Collect$$libinit$$00000015  c_p.l(libinit2.o)
    0x0000012a   0x0000012a   0x00000000   Code   RO         3423    .ARM.Collect$$libinit$$00000017  c_p.l(libinit2.o)
    0x0000012a   0x0000012a   0x00000000   Code   RO         3425    .ARM.Collect$$libinit$$00000019  c_p.l(libinit2.o)
    0x0000012a   0x0000012a   0x00000000   Code   RO         3427    .ARM.Collect$$libinit$$0000001B  c_p.l(libinit2.o)
    0x0000012a   0x0000012a   0x00000000   Code   RO         3429    .ARM.Collect$$libinit$$0000001D  c_p.l(libinit2.o)
    0x0000012a   0x0000012a   0x00000000   Code   RO         3431    .ARM.Collect$$libinit$$0000001F  c_p.l(libinit2.o)
    0x0000012a   0x0000012a   0x00000000   Code   RO         3433    .ARM.Collect$$libinit$$00000021  c_p.l(libinit2.o)
    0x0000012a   0x0000012a   0x00000000   Code   RO         3435    .ARM.Collect$$libinit$$00000023  c_p.l(libinit2.o)
    0x0000012a   0x0000012a   0x00000000   Code   RO         3437    .ARM.Collect$$libinit$$00000025  c_p.l(libinit2.o)
    0x0000012a   0x0000012a   0x00000000   Code   RO         3441    .ARM.Collect$$libinit$$0000002C  c_p.l(libinit2.o)
    0x0000012a   0x0000012a   0x00000000   Code   RO         3443    .ARM.Collect$$libinit$$0000002E  c_p.l(libinit2.o)
    0x0000012a   0x0000012a   0x00000000   Code   RO         3445    .ARM.Collect$$libinit$$00000030  c_p.l(libinit2.o)
    0x0000012a   0x0000012a   0x00000000   Code   RO         3447    .ARM.Collect$$libinit$$00000032  c_p.l(libinit2.o)
    0x0000012a   0x0000012a   0x00000002   Code   RO         3448    .ARM.Collect$$libinit$$00000033  c_p.l(libinit2.o)
    0x0000012c   0x0000012c   0x00000002   Code   RO         3580    .ARM.Collect$$libshutdown$$00000000  c_p.l(libshutdown.o)
    0x0000012e   0x0000012e   0x00000000   Code   RO         3540    .ARM.Collect$$libshutdown$$00000002  c_p.l(libshutdown2.o)
    0x0000012e   0x0000012e   0x00000000   Code   RO         3542    .ARM.Collect$$libshutdown$$00000004  c_p.l(libshutdown2.o)
    0x0000012e   0x0000012e   0x00000000   Code   RO         3545    .ARM.Collect$$libshutdown$$00000007  c_p.l(libshutdown2.o)
    0x0000012e   0x0000012e   0x00000000   Code   RO         3548    .ARM.Collect$$libshutdown$$0000000A  c_p.l(libshutdown2.o)
    0x0000012e   0x0000012e   0x00000000   Code   RO         3550    .ARM.Collect$$libshutdown$$0000000C  c_p.l(libshutdown2.o)
    0x0000012e   0x0000012e   0x00000000   Code   RO         3553    .ARM.Collect$$libshutdown$$0000000F  c_p.l(libshutdown2.o)
    0x0000012e   0x0000012e   0x00000002   Code   RO         3554    .ARM.Collect$$libshutdown$$00000010  c_p.l(libshutdown2.o)
    0x00000130   0x00000130   0x00000000   Code   RO         3367    .ARM.Collect$$rtentry$$00000000  c_p.l(__rtentry.o)
    0x00000130   0x00000130   0x00000000   Code   RO         3455    .ARM.Collect$$rtentry$$00000002  c_p.l(__rtentry2.o)
    0x00000130   0x00000130   0x00000006   Code   RO         3467    .ARM.Collect$$rtentry$$00000004  c_p.l(__rtentry4.o)
    0x00000136   0x00000136   0x00000000   Code   RO         3457    .ARM.Collect$$rtentry$$00000009  c_p.l(__rtentry2.o)
    0x00000136   0x00000136   0x00000004   Code   RO         3458    .ARM.Collect$$rtentry$$0000000A  c_p.l(__rtentry2.o)
    0x0000013a   0x0000013a   0x00000000   Code   RO         3460    .ARM.Collect$$rtentry$$0000000C  c_p.l(__rtentry2.o)
    0x0000013a   0x0000013a   0x00000008   Code   RO         3461    .ARM.Collect$$rtentry$$0000000D  c_p.l(__rtentry2.o)
    0x00000142   0x00000142   0x00000002   Code   RO         3527    .ARM.Collect$$rtexit$$00000000  c_p.l(rtexit.o)
    0x00000144   0x00000144   0x00000000   Code   RO         3556    .ARM.Collect$$rtexit$$00000002  c_p.l(rtexit2.o)
    0x00000144   0x00000144   0x00000004   Code   RO         3557    .ARM.Collect$$rtexit$$00000003  c_p.l(rtexit2.o)
    0x00000148   0x00000148   0x00000006   Code   RO         3558    .ARM.Collect$$rtexit$$00000004  c_p.l(rtexit2.o)
    0x0000014e   0x0000014e   0x00000002   PAD
    0x00000150   0x00000150   0x00000038   Code   RO         3351    .emb_text           c_p.l(rt_memcpy.o)
    0x00000188   0x00000188   0x00000000   Code   RO         3473    .emb_text           c_p.l(maybetermalloc1.o)
    0x00000188   0x00000188   0x00000058   Code   RO         3206    .text               startup_hc32f005.o
    0x000001e0   0x000001e0   0x00000002   Code   RO         3236    .text               c_p.l(use_no_semi_2.o)
    0x000001e2   0x000001e2   0x00000062   Code   RO         3242    .text               c_p.l(h1_alloc.o)
    0x00000244   0x00000244   0x0000004c   Code   RO         3244    .text               c_p.l(h1_free.o)
    0x00000290   0x00000290   0x00000082   Code   RO         3352    .text               c_p.l(rt_memcpy.o)
    0x00000312   0x00000312   0x0000015a   Code   RO         3355    .text               c_p.l(aeabi_sdiv.o)
    0x0000046c   0x0000046c   0x00000006   Code   RO         3359    .text               c_p.l(heapauxi.o)
    0x00000472   0x00000472   0x00000002   Code   RO         3363    .text               c_p.l(use_no_semi.o)
    0x00000474   0x00000474   0x00000008   Code   RO         3375    .text               c_p.l(rt_heap_descriptor_intlibspace.o)
    0x0000047c   0x0000047c   0x00000004   Code   RO         3377    .text               c_p.l(hguard.o)
    0x00000480   0x00000480   0x00000088   Code   RO         3379    .text               c_p.l(init_alloc.o)
    0x00000508   0x00000508   0x0000000e   Code   RO         3383    .text               c_p.l(h1_init.o)
    0x00000516   0x00000516   0x00000002   PAD
    0x00000518   0x00000518   0x00000008   Code   RO         3451    .text               c_p.l(libspace.o)
    0x00000520   0x00000520   0x00000034   Code   RO         3475    .text               c_p.l(h1_extend.o)
    0x00000554   0x00000554   0x0000000c   Code   RO         3485    .text               c_p.l(defsig_rtmem_outer.o)
    0x00000560   0x00000560   0x0000003e   Code   RO         3497    .text               c_p.l(sys_stackheap_outer.o)
    0x0000059e   0x0000059e   0x00000010   Code   RO         3506    .text               c_p.l(exit.o)
    0x000005ae   0x000005ae   0x0000000c   Code   RO         3508    .text               c_p.l(defsig_exit.o)
    0x000005ba   0x000005ba   0x00000002   PAD
    0x000005bc   0x000005bc   0x00000050   Code   RO         3514    .text               c_p.l(defsig_rtmem_inner.o)
    0x0000060c   0x0000060c   0x00000034   Code   RO         3535    .text               c_p.l(defsig_general.o)
    0x00000640   0x00000640   0x0000003a   Code   RO         3583    .text               c_p.l(__dczerorl.o)
    0x0000067a   0x0000067a   0x00000002   PAD
    0x0000067c   0x0000067c   0x0000005c   Code   RO          665    i.Bt_ARRSet         bt.o
    0x000006d8   0x000006d8   0x0000005c   Code   RO          668    i.Bt_Cnt16Set       bt.o
    0x00000734   0x00000734   0x000001f0   Code   RO          674    i.Bt_Init           bt.o
    0x00000924   0x00000924   0x00000054   Code   RO          675    i.Bt_Run            bt.o
    0x00000978   0x00000978   0x0000006c   Code   RO         3148    i.CMT2300_Init      main.o
    0x000009e4   0x000009e4   0x00000038   Code   RO          937    i.CRC16_Get8        crc.o
    0x00000a1c   0x00000a1c   0x00000018   Code   RO          769    i.ClkUnlock         clk.o
    0x00000a34   0x00000a34   0x00000014   Code   RO          770    i.ClkWriteDummy     clk.o
    0x00000a48   0x00000a48   0x000000a8   Code   RO          775    i.Clk_GetHClkFreq   clk.o
    0x00000af0   0x00000af0   0x00000020   Code   RO          776    i.Clk_GetPClkFreq   clk.o
    0x00000b10   0x00000b10   0x000000c4   Code   RO          779    i.Clk_SetFunc       clk.o
    0x00000bd4   0x00000bd4   0x0000003c   Code   RO          782    i.Clk_SetPeripheralGate  clk.o
    0x00000c10   0x00000c10   0x0000012e   Code   RO         3065    i.CommandTx         command.o
    0x00000d3e   0x00000d3e   0x00000002   PAD
    0x00000d40   0x00000d40   0x00000084   Code   RO         1392    i.EnableNvic        interrupts_hc32f005.o
    0x00000dc4   0x00000dc4   0x0000000c   Code   RO         2496    i.ErrIntCallback    bsp_uart.o
    0x00000dd0   0x00000dd0   0x0000002e   Code   RO         2567    i.FlashInt          eeprom.o
    0x00000dfe   0x00000dfe   0x00000002   PAD
    0x00000e00   0x00000e00   0x00000080   Code   RO         1084    i.Flash_ClearIntFlag  flash.o
    0x00000e80   0x00000e80   0x000000a8   Code   RO         1085    i.Flash_DisableIrq  flash.o
    0x00000f28   0x00000f28   0x00000030   Code   RO         1087    i.Flash_GetIntFlag  flash.o
    0x00000f58   0x00000f58   0x0000023c   Code   RO         1088    i.Flash_Init        flash.o
    0x00001194   0x00001194   0x000000cc   Code   RO         1089    i.Flash_SectorErase  flash.o
    0x00001260   0x00001260   0x000000cc   Code   RO         1090    i.Flash_WriteByte   flash.o
    0x0000132c   0x0000132c   0x00000024   Code   RO         1171    i.Gpio_ClearIrq     gpio.o
    0x00001350   0x00001350   0x00000018   Code   RO         1173    i.Gpio_EnableIrq    gpio.o
    0x00001368   0x00001368   0x00000018   Code   RO         1174    i.Gpio_GetIO        gpio.o
    0x00001380   0x00001380   0x00000168   Code   RO         1177    i.Gpio_InitIOExt    gpio.o
    0x000014e8   0x000014e8   0x00000040   Code   RO         1178    i.Gpio_SetAnalog    gpio.o
    0x00001528   0x00001528   0x00000048   Code   RO         1181    i.Gpio_SetIO        gpio.o
    0x00001570   0x00001570   0x00000010   Code   RO         1393    i.HardFault_Handler  interrupts_hc32f005.o
    0x00001580   0x00001580   0x00000086   Code   RO         3066    i.InhibitonStatus   command.o
    0x00001606   0x00001606   0x0000000a   Code   RO         2622    i.KEY_Init          key.o
    0x00001610   0x00001610   0x00000008   Code   RO         2623    i.KeyStaus          key.o
    0x00001618   0x00001618   0x0000004c   Code   RO         2497    i.RxIntCallback     bsp_uart.o
    0x00001664   0x00001664   0x00000010   Code   RO         3210    i.SystemCoreClockUpdate  system_hc32f005.o
    0x00001674   0x00001674   0x00000018   Code   RO         3211    i.SystemInit        system_hc32f005.o
    0x0000168c   0x0000168c   0x00000024   Code   RO         2499    i.UART1_SendBytes   bsp_uart.o
    0x000016b0   0x000016b0   0x00000168   Code   RO         2500    i.UART_Config       bsp_uart.o
    0x00001818   0x00001818   0x00000050   Code   RO         2034    i.UartDeInitNvic    uart.o
    0x00001868   0x00001868   0x00000030   Code   RO         2035    i.UartGetInternDataPtr  uart.o
    0x00001898   0x00001898   0x00000030   Code   RO         2036    i.UartInitNvic      uart.o
    0x000018c8   0x000018c8   0x0000005a   Code   RO         2038    i.Uart_ClrStatus    uart.o
    0x00001922   0x00001922   0x00000030   Code   RO         2040    i.Uart_EnableFunc   uart.o
    0x00001952   0x00001952   0x0000004c   Code   RO         2041    i.Uart_EnableIrq    uart.o
    0x0000199e   0x0000199e   0x00000066   Code   RO         2043    i.Uart_GetStatus    uart.o
    0x00001a04   0x00001a04   0x0000006e   Code   RO         2045    i.Uart_Init         uart.o
    0x00001a72   0x00001a72   0x0000001e   Code   RO         2046    i.Uart_ReceiveData  uart.o
    0x00001a90   0x00001a90   0x0000003e   Code   RO         2047    i.Uart_SendData     uart.o
    0x00001ace   0x00001ace   0x0000007a   Code   RO         2048    i.Uart_SetBaudRate  uart.o
    0x00001b48   0x00001b48   0x00000030   Code   RO         2050    i.Uart_SetMode      uart.o
    0x00001b78   0x00001b78   0x00000048   Code   RO         2051    i.Uart_SetMultiMode  uart.o
    0x00001bc0   0x00001bc0   0x000000ac   Code   RO         3067    i.WorkMode          command.o
    0x00001c6c   0x00001c6c   0x000000f4   Code   RO         1184    i._GpioEnableIrq    gpio.o
    0x00001d60   0x00001d60   0x0000001c   Code   RO          191    i.__ARM_common_switch8  adc.o
    0x00001d7c   0x00001d7c   0x00000018   Code   RO         2055    i.__NVIC_ClearPendingIRQ  uart.o
    0x00001d94   0x00001d94   0x00000078   Code   RO         1416    i.__NVIC_SetPriority  interrupts_hc32f005.o
    0x00001e0c   0x00001e0c   0x00000078   Code   RO         2056    i.__NVIC_SetPriority  uart.o
    0x00001e84   0x00001e84   0x00000004   Code   RO          994    i._sys_exit         ddl.o
    0x00001e88   0x00001e88   0x00000002   Code   RO          995    i._ttywrch          ddl.o
    0x00001e8a   0x00001e8a   0x00000002   PAD
    0x00001e8c   0x00001e8c   0x00000040   Code   RO         2714    i.anlyz_uart_data   uartparse.o
    0x00001ecc   0x00001ecc   0x0000003c   Code   RO         2760    i.bGetMessage       cmt2300drive.o
    0x00001f08   0x00001f08   0x0000004c   Code   RO         2762    i.bGoRx             cmt2300drive.o
    0x00001f54   0x00001f54   0x00000028   Code   RO         2763    i.bGoSleep          cmt2300drive.o
    0x00001f7c   0x00001f7c   0x00000048   Code   RO         2764    i.bGoStandby        cmt2300drive.o
    0x00001fc4   0x00001fc4   0x00000040   Code   RO         2765    i.bGoTx             cmt2300drive.o
    0x00002004   0x00002004   0x000000ca   Code   RO         2766    i.bIntSrcFlagClr    cmt2300drive.o
    0x000020ce   0x000020ce   0x00000024   Code   RO         2769    i.bSendMessage      cmt2300drive.o
    0x000020f2   0x000020f2   0x00000014   Code   RO         2934    i.bSpi3Read         bsp_spi.o
    0x00002106   0x00002106   0x000000c4   Code   RO         2935    i.bSpi3ReadByte     bsp_spi.o
    0x000021ca   0x000021ca   0x000000c6   Code   RO         2936    i.bSpi3ReadFIFO     bsp_spi.o
    0x00002290   0x00002290   0x00000486   Code   RO         3068    i.command_key_anlyz  command.o
    0x00002716   0x00002716   0x00000002   PAD
    0x00002718   0x00002718   0x000000d4   Code   RO         3069    i.command_process   command.o
    0x000027ec   0x000027ec   0x00000020   Code   RO          996    i.ddl_memclr        ddl.o
    0x0000280c   0x0000280c   0x0000003c   Code   RO          997    i.delay100us        ddl.o
    0x00002848   0x00002848   0x0000003c   Code   RO          998    i.delay1ms          ddl.o
    0x00002884   0x00002884   0x0000003c   Code   RO          999    i.delay1us          ddl.o
    0x000028c0   0x000028c0   0x00000018   Code   RO         3006    i.ee_CheckOk        at24c02.o
    0x000028d8   0x000028d8   0x00000072   Code   RO         3009    i.ee_ReadBytes      at24c02.o
    0x0000294a   0x0000294a   0x00000084   Code   RO         3011    i.ee_WriteBytes     at24c02.o
    0x000029ce   0x000029ce   0x00000002   PAD
    0x000029d0   0x000029d0   0x000000ec   Code   RO         2569    i.eeprom_write      eeprom.o
    0x00002abc   0x00002abc   0x00000038   Code   RO         2414    i.i2c_Ack           bsp_i2c_gpio.o
    0x00002af4   0x00002af4   0x00000032   Code   RO         2415    i.i2c_CfgGpio       bsp_i2c_gpio.o
    0x00002b26   0x00002b26   0x00000020   Code   RO         2416    i.i2c_CheckDevice   bsp_i2c_gpio.o
    0x00002b46   0x00002b46   0x0000000e   Code   RO         2417    i.i2c_Delay         bsp_i2c_gpio.o
    0x00002b54   0x00002b54   0x0000002e   Code   RO         2418    i.i2c_NAck          bsp_i2c_gpio.o
    0x00002b82   0x00002b82   0x00000044   Code   RO         2419    i.i2c_ReadByte      bsp_i2c_gpio.o
    0x00002bc6   0x00002bc6   0x00000062   Code   RO         2420    i.i2c_SendByte      bsp_i2c_gpio.o
    0x00002c28   0x00002c28   0x00000038   Code   RO         2421    i.i2c_Start         bsp_i2c_gpio.o
    0x00002c60   0x00002c60   0x00000026   Code   RO         2422    i.i2c_Stop          bsp_i2c_gpio.o
    0x00002c86   0x00002c86   0x00000042   Code   RO         2423    i.i2c_WaitAck       bsp_i2c_gpio.o
    0x00002cc8   0x00002cc8   0x00000012   Code   RO         2624    i.key_intterupt_LevelConfig  key.o
    0x00002cda   0x00002cda   0x00000236   Code   RO         2625    i.key_intterupt_config  key.o
    0x00002f10   0x00002f10   0x00000038   Code   RO         3149    i.loop_Rx           main.o
    0x00002f48   0x00002f48   0x00000036   Code   RO         3150    i.loop_Tx           main.o
    0x00002f7e   0x00002f7e   0x00000012   Code   RO         3151    i.main              main.o
    0x00002f90   0x00002f90   0x00000046   Code   RO         3070    i.rfPrase           command.o
    0x00002fd6   0x00002fd6   0x0000002e   Code   RO         3152    i.setup_Rx          main.o
    0x00003004   0x00003004   0x0000002a   Code   RO         3153    i.setup_Tx          main.o
    0x0000302e   0x0000302e   0x00000002   PAD
    0x00003030   0x00003030   0x00000008   Code   RO         2715    i.system_params_get  uartparse.o
    0x00003038   0x00003038   0x000000f0   Code   RO         2716    i.uartPrase         uartparse.o
    0x00003128   0x00003128   0x00000100   Code   RO         3072    i.uart_ack_response  command.o
    0x00003228   0x00003228   0x00000020   Code   RO         2770    i.vCfgBank          cmt2300drive.o
    0x00003248   0x00003248   0x00000018   Code   RO         2771    i.vClearFIFO        cmt2300drive.o
    0x00003260   0x00003260   0x0000003c   Code   RO         2772    i.vEnableAntSwitch  cmt2300drive.o
    0x0000329c   0x0000329c   0x0000001a   Code   RO         2773    i.vEnablePLLcheck   cmt2300drive.o
    0x000032b6   0x000032b6   0x0000001e   Code   RO         2774    i.vEnableRdFifo     cmt2300drive.o
    0x000032d4   0x000032d4   0x0000001a   Code   RO         2775    i.vEnableWrFifo     cmt2300drive.o
    0x000032ee   0x000032ee   0x00000010   Code   RO         2776    i.vGpioFuncCfg      cmt2300drive.o
    0x000032fe   0x000032fe   0x00000056   Code   RO         2777    i.vInit             cmt2300drive.o
    0x00003354   0x00003354   0x0000003c   Code   RO         2778    i.vIntSrcCfg        cmt2300drive.o
    0x00003390   0x00003390   0x00000010   Code   RO         2779    i.vIntSrcEnable     cmt2300drive.o
    0x000033a0   0x000033a0   0x00000050   Code   RO         2782    i.vSetTxPayloadLength  cmt2300drive.o
    0x000033f0   0x000033f0   0x00000014   Code   RO         2783    i.vSoftReset        cmt2300drive.o
    0x00003404   0x00003404   0x0000001e   Code   RO         2937    i.vSpi3BurstReadFIFO  bsp_spi.o
    0x00003422   0x00003422   0x0000001e   Code   RO         2938    i.vSpi3BurstWriteFIFO  bsp_spi.o
    0x00003440   0x00003440   0x0000007c   Code   RO         2939    i.vSpi3Init         bsp_spi.o
    0x000034bc   0x000034bc   0x0000001e   Code   RO         2940    i.vSpi3Write        bsp_spi.o
    0x000034da   0x000034da   0x000000b8   Code   RO         2941    i.vSpi3WriteByte    bsp_spi.o
    0x00003592   0x00003592   0x000000bc   Code   RO         2942    i.vSpi3WriteFIFO    bsp_spi.o
    0x0000364e   0x0000364e   0x00000002   PAD
    0x00003650   0x00003650   0x00000008   Data   RO          793    .constdata          clk.o
    0x00003658   0x00003658   0x00000020   Data   RO         3581    Region$$Table       anon$$obj.o


    Execution Region RW_IRAM1 (Exec base: 0x20000000, Load base: 0x00003678, Size: 0x00000480, Max: 0x00001000, ABSOLUTE, COMPRESSED[0x00000124])

    Exec Addr    Load Addr    Size         Type   Attr      Idx    E Section Name        Object

    0x20000000   COMPRESSED   0x0000000c   Data   RW          678    .data               bt.o
    0x2000000c   COMPRESSED   0x00000004   Data   RW         1093    .data               flash.o
    0x20000010   COMPRESSED   0x00000028   Data   RW         2057    .data               uart.o
    0x20000038   COMPRESSED   0x00000003   Data   RW         2503    .data               bsp_uart.o
    0x2000003b   COMPRESSED   0x00000001   PAD
    0x2000003c   COMPRESSED   0x00000002   Data   RW         2626    .data               key.o
    0x2000003e   COMPRESSED   0x00000002   Data   RW         2718    .data               uartparse.o
    0x20000040   COMPRESSED   0x0000000a   Data   RW         2784    .data               cmt2300drive.o
    0x2000004a   COMPRESSED   0x00000004   Data   RW         3073    .data               command.o
    0x2000004e   COMPRESSED   0x00000002   PAD
    0x20000050   COMPRESSED   0x00000198   Data   RW         3154    .data               main.o
    0x200001e8   COMPRESSED   0x00000004   Data   RW         3212    .data               system_hc32f005.o
    0x200001ec        -       0x00000020   Zero   RW         2502    .bss                bsp_uart.o
    0x2000020c        -       0x00000010   Zero   RW         2717    .bss                uartparse.o
    0x2000021c        -       0x00000060   Zero   RW         3452    .bss                c_p.l(libspace.o)
    0x2000027c   COMPRESSED   0x00000004   PAD
    0x20000280        -       0x00000100   Zero   RW         3204    HEAP                startup_hc32f005.o
    0x20000380        -       0x00000100   Zero   RW         3203    STACK               startup_hc32f005.o


==============================================================================

Image component sizes


      Code (inc. data)   RO Data    RW Data    ZI Data      Debug   Object Name

        28          0          0          0          0      66984   adc.o
       270          0          0          0          0       2412   at24c02.o
       524          0          0          0          0       4442   bsp_i2c_gpio.o
      1000          0          0          0          0       5034   bsp_spi.o
       484         30          0          3         32       6031   bsp_uart.o
       764         36          0         12          0       3869   bt.o
       500         72          8          0          0       3938   clk.o
      1026         52          0         10          0      11094   cmt2300drive.o
      2304          8          0          4          0       6798   command.o
        56          8          0          0          0        917   crc.o
       218         34          0          0          0       3139   ddl.o
       282          8          0          0          0       2574   eeprom.o
      1324         94          0          4          0       3990   flash.o
       824         38          0          0          0       4054   gpio.o
       268         20          0          0          0       9053   interrupts_hc32f005.o
       602          4          0          2          0       2583   key.o
       324         32          0        408          0       4687   main.o
        88         40        192          0        512        628   startup_hc32f005.o
        40         16          0          4          0       1083   system_hc32f005.o
      1080         28          0         40          0      11226   uart.o
       312         28          0          2         16       3501   uartparse.o

    ----------------------------------------------------------------------
     12332        548        232        492        560     158037   Object Totals
         0          0         32          0          0          0   (incl. Generated)
        14          0          0          3          0          0   (incl. Padding)

    ----------------------------------------------------------------------

      Code (inc. data)   RO Data    RW Data    ZI Data      Debug   Library Member Name

        58          0          0          0          0          0   __dczerorl.o
         8          0          0          0          0         68   __main.o
         0          0          0          0          0          0   __rtentry.o
        12          0          0          0          0          0   __rtentry2.o
         6          0          0          0          0          0   __rtentry4.o
        60          8          0          0          0          0   __scatter.o
        28          0          0          0          0          0   __scatter_zi.o
       346          0          0          0          0         92   aeabi_sdiv.o
        12          0          0          0          0         68   defsig_exit.o
        52          0          0          0          0         72   defsig_general.o
        80         58          0          0          0         68   defsig_rtmem_inner.o
        12          0          0          0          0         68   defsig_rtmem_outer.o
        16          0          0          0          0         68   exit.o
        98          0          0          0          0         72   h1_alloc.o
        52          0          0          0          0         68   h1_extend.o
        76          0          0          0          0         72   h1_free.o
        14          0          0          0          0         76   h1_init.o
         6          0          0          0          0        136   heapauxi.o
         4          0          0          0          0        120   hguard.o
       136          0          0          0          0        160   init_alloc.o
         2          0          0          0          0          0   libinit.o
        10          0          0          0          0          0   libinit2.o
         2          0          0          0          0          0   libshutdown.o
         2          0          0          0          0          0   libshutdown2.o
         8          4          0          0         96         68   libspace.o
         0          0          0          0          0          0   maybetermalloc1.o
         8          4          0          0          0         68   rt_heap_descriptor_intlibspace.o
       186          0          0          0          0        144   rt_memcpy.o
         2          0          0          0          0          0   rtexit.o
        10          0          0          0          0          0   rtexit2.o
        62          0          0          0          0         80   sys_stackheap_outer.o
         2          0          0          0          0         68   use_no_semi.o
         2          0          0          0          0         68   use_no_semi_2.o

    ----------------------------------------------------------------------
      1380         74          0          0        100       1704   Library Totals
         8          0          0          0          4          0   (incl. Padding)

    ----------------------------------------------------------------------

      Code (inc. data)   RO Data    RW Data    ZI Data      Debug   Library Name

      1372         74          0          0         96       1704   c_p.l

    ----------------------------------------------------------------------
      1380         74          0          0        100       1704   Library Totals

    ----------------------------------------------------------------------

==============================================================================


      Code (inc. data)   RO Data    RW Data    ZI Data      Debug   

     13712        622        232        492        660     153945   Grand Totals
     13712        622        232        292        660     153945   ELF Image Totals (compressed)
     13712        622        232        292          0          0   ROM Totals

==============================================================================

    Total RO  Size (Code + RO Data)                13944 (  13.62kB)
    Total RW  Size (RW Data + ZI Data)              1152 (   1.13kB)
    Total ROM Size (Code + RO Data + RW Data)      14236 (  13.90kB)

==============================================================================

