<html>
<body>
<pre>
<h1>µVision Build Log</h1>
<h2>Tool Versions:</h2>
IDE-Version: ¦ÌVision V5.23.0.0
Copyright (C) 2017 ARM Ltd and ARM Germany GmbH. All rights reserved.
License Information: zm Windows, HP Inc., LIC=X1EY8-38C73-IMK9B-2D9Z4-73GTT-HGM3Y
 
Tool Versions:
Toolchain:       MDK-ARM Professional  Version: 5.23
Toolchain Path:  C:\Keil_v5\ARM\ARMCC\Bin
C Compiler:      Armcc.exe V5.06 update 4 (build 422)
Assembler:       Armasm.exe V5.06 update 4 (build 422)
Linker/Locator:  ArmLink.exe V5.06 update 4 (build 422)
Library Manager: ArmAr.exe V5.06 update 4 (build 422)
Hex Converter:   FromElf.exe V5.06 update 4 (build 422)
CPU DLL:         SARMCM3.DLL V5.23
Dialog DLL:      DCM.DLL V1.15.0.0
Target DLL:      Segger\JL2CM3.dll V2.99.23.0
Dialog DLL:      TCM.DLL V1.27.0.0
 
<h2>Project:</h2>
F:\projects\git\Hardware\magnetic\code\RECEIVER\MDK-ARM\RECEIVER.uvprojx
Project File Date:  10/07/2019

<h2>Output:</h2>
*** Using Compiler 'V5.06 update 4 (build 422)', folder: 'C:\Keil_v5\ARM\ARMCC\Bin'
Build target 'RECEIVER'
assembling startup_stm32l431xx.s...
compiling stm32l4xx_hal_tim.c...
compiling stm32l4xx_hal_iwdg.c...
compiling stm32l4xx_hal_tim_ex.c...
compiling stm32l4xx_it.c...
../Src/stm32l4xx_it.c(267): warning:  #223-D: function "UsartReceive_IDLE" declared implicitly
    UsartReceive_IDLE(1);
../Src/stm32l4xx_it.c(282): warning:  #223-D: function "UsartReceive_IDLE" declared implicitly
    UsartReceive_IDLE(2);
../Src/stm32l4xx_it.c(296): warning:  #223-D: function "UsartReceive_IDLE" declared implicitly
    UsartReceive_IDLE(3);
../Src/stm32l4xx_it.c: 3 warnings, 0 errors
compiling stm32l4xx_hal_uart.c...
compiling stm32l4xx_hal_msp.c...
compiling main.c...
../Src/main.c(140): warning:  #223-D: function "nodeParamsInit" declared implicitly
  	 nodeParamsInit();
../Src/main.c(151): warning:  #223-D: function "uart_process" declared implicitly
  		 uart_process();
../Src/main.c: 2 warnings, 0 errors
compiling stm32l4xx_hal_i2c_ex.c...
compiling stm32l4xx_hal.c...
compiling stm32l4xx_hal_uart_ex.c...
compiling stm32l4xx_hal_rcc_ex.c...
compiling stm32l4xx_hal_i2c.c...
compiling stm32l4xx_hal_flash.c...
compiling stm32l4xx_hal_rcc.c...
compiling stm32l4xx_hal_flash_ramfunc.c...
compiling stm32l4xx_hal_flash_ex.c...
compiling stm32l4xx_hal_gpio.c...
compiling stm32l4xx_hal_dma.c...
compiling stm32l4xx_hal_dma_ex.c...
compiling stm32l4xx_hal_pwr.c...
compiling stm32l4xx_hal_pwr_ex.c...
compiling stm32l4xx_hal_exti.c...
compiling stm32l4xx_hal_cortex.c...
compiling systme.c...
compiling bsp.c...
compiling Node_Protocol.c...
..\Src\Driver\Node_Protocol.c(159): warning:  #223-D: function "memset" declared implicitly
  	memset(pbuffer, 0, sizeof(pbuffer));
..\Src\Driver\Node_Protocol.c(161): warning:  #223-D: function "memcpy" declared implicitly
  	memcpy(pbuffer,&DataPack.headerH ,1);
..\Src\Driver\Node_Protocol.c(223): warning:  #177-D: label "loop1"  was declared but never referenced
  		loop1:	if(DataPack.seq_num <= 3)
..\Src\Driver\Node_Protocol.c(267): warning:  #177-D: label "loop2"  was declared but never referenced
  			loop2:	if(DataPack.seq_num <= 3)
..\Src\Driver\Node_Protocol.c(296): warning:  #177-D: label "loop3"  was declared but never referenced
  			loop3:	if(DataPack.seq_num <= 3)
..\Src\Driver\Node_Protocol.c(462): warning:  #223-D: function "memset" declared implicitly
  		memset(uart1.receive_buffer,0,256);
..\Src\Driver\Node_Protocol.c(444): warning:  #177-D: variable "i"  was declared but never referenced
  	unsigned char i=0;
..\Src\Driver\Node_Protocol.c: 7 warnings, 0 errors
compiling system_stm32l4xx.c...
linking...
Program Size: Code=9856 RO-data=500 RW-data=16 ZI-data=2512  
FromELF: creating hex file...
"RECEIVER\RECEIVER.axf" - 0 Error(s), 12 Warning(s).

<h2>Software Packages used:</h2>

Package Vendor: ARM
                http://www.keil.com/pack/ARM.CMSIS.5.3.0.pack
                ARM::CMSIS:CORE:5.1.1
                CMSIS (Cortex Microcontroller Software Interface Standard)
   * Component: CORE Version: 5.1.1

<h2>Collection of Component include folders:</h2>
  .\RTE\_RECEIVER
  C:\Keil_v5\ARM\PACK\ARM\CMSIS\5.3.0\CMSIS\Include
  C:\Keil_v5\ARM\PACK\Keil\STM32L4xx_DFP\2.2.0\Drivers\CMSIS\Device\ST\STM32L4xx\Include

<h2>Collection of Component Files used:</h2>

   * Component: ARM::CMSIS:CORE:5.1.1
Build Time Elapsed:  00:00:53
</pre>
</body>
</html>
