Component: ARM Compiler 5.06 update 4 (build 422) Tool: armlink [4d35d2]

==============================================================================

Section Cross References

    main.o(i.CADTimeoutTimeoutIrq) refers to radio.o(.constdata) for Radio
    main.o(i.CADTimeoutTimeoutIrq) refers to main.o(.data) for State
    main.o(i.OnCadDone) refers to radio.o(.constdata) for Radio
    main.o(i.OnCadDone) refers to main.o(.data) for CadRx
    main.o(i.OnRxDone) refers to memcpya.o(.text) for __aeabi_memcpy
    main.o(i.OnRxDone) refers to radio.o(.constdata) for Radio
    main.o(i.OnRxDone) refers to main.o(.data) for BufferSize
    main.o(i.OnRxDone) refers to main.o(.bss) for Buffer
    main.o(i.OnRxError) refers to radio.o(.constdata) for Radio
    main.o(i.OnRxError) refers to main.o(.data) for State
    main.o(i.OnRxTimeout) refers to printfa.o(i.__0printf) for __2printf
    main.o(i.OnRxTimeout) refers to radio.o(.constdata) for Radio
    main.o(i.OnRxTimeout) refers to main.o(.data) for RxTimeoutTimerIrqFlag
    main.o(i.OnTxDone) refers to radio.o(.constdata) for Radio
    main.o(i.OnTxDone) refers to main.o(.data) for State
    main.o(i.OnTxTimeout) refers to radio.o(.constdata) for Radio
    main.o(i.OnTxTimeout) refers to main.o(.data) for State
    main.o(i.RxTimeoutTimerIrq) refers to main.o(.data) for RxTimeoutTimerIrqFlag
    main.o(i.SX126xConfigureCad) refers to sx126x.o(i.SX126xSetDioIrqParams) for SX126xSetDioIrqParams
    main.o(i.SX126xConfigureCad) refers to dfltui.o(.text) for __aeabi_ui2d
    main.o(i.SX126xConfigureCad) refers to ddiv.o(.text) for __aeabi_ddiv
    main.o(i.SX126xConfigureCad) refers to dfixui.o(.text) for __aeabi_d2uiz
    main.o(i.SX126xConfigureCad) refers to sx126x.o(i.SX126xSetCadParams) for SX126xSetCadParams
    main.o(i.main) refers to board.o(i.BoardInitMcu) for BoardInitMcu
    main.o(i.main) refers to board.o(i.BoardInitPeriph) for BoardInitPeriph
    main.o(i.main) refers to timer.o(i.TimerInit) for TimerInit
    main.o(i.main) refers to timer.o(i.TimerSetValue) for TimerSetValue
    main.o(i.main) refers to printfa.o(i.__0printf) for __2printf
    main.o(i.main) refers to main.o(i.SX126xConfigureCad) for SX126xConfigureCad
    main.o(i.main) refers to timer.o(i.TimerReset) for TimerReset
    main.o(i.main) refers to timer.o(i.TimerStart) for TimerStart
    main.o(i.main) refers to delay.o(i.DelayMs) for DelayMs
    main.o(i.main) refers to timer.o(i.TimerStop) for TimerStop
    main.o(i.main) refers to utilities.o(i.randr) for randr
    main.o(i.main) refers to timer.o(i.TimerLowPowerHandler) for TimerLowPowerHandler
    main.o(i.main) refers to ffltui.o(.text) for __aeabi_ui2f
    main.o(i.main) refers to fdiv.o(.text) for __aeabi_fdiv
    main.o(i.main) refers to fmul.o(.text) for __aeabi_fmul
    main.o(i.main) refers to fadd.o(.text) for __aeabi_frsub
    main.o(i.main) refers to pow.o(i.pow) for pow
    main.o(i.main) refers to dfixi.o(.text) for __aeabi_d2iz
    main.o(i.main) refers to f2d.o(.text) for __aeabi_f2d
    main.o(i.main) refers to main.o(i.OnTxDone) for OnTxDone
    main.o(i.main) refers to main.o(.bss) for RadioEvents
    main.o(i.main) refers to main.o(i.OnRxDone) for OnRxDone
    main.o(i.main) refers to main.o(i.OnTxTimeout) for OnTxTimeout
    main.o(i.main) refers to main.o(i.OnRxTimeout) for OnRxTimeout
    main.o(i.main) refers to main.o(i.OnRxError) for OnRxError
    main.o(i.main) refers to main.o(i.OnCadDone) for OnCadDone
    main.o(i.main) refers to main.o(i.CADTimeoutTimeoutIrq) for CADTimeoutTimeoutIrq
    main.o(i.main) refers to main.o(i.RxTimeoutTimerIrq) for RxTimeoutTimerIrq
    main.o(i.main) refers to radio.o(.constdata) for Radio
    main.o(i.main) refers to main.o(.data) for State
    board.o(i.BoardDeInitMcu) refers to spi-board.o(i.SpiDeInit) for SpiDeInit
    board.o(i.BoardDeInitMcu) refers to sx126x-board.o(i.SX126xIoDeInit) for SX126xIoDeInit
    board.o(i.BoardDeInitMcu) refers to radio.o(.bss) for SX126x
    board.o(i.BoardDisableIrq) refers to board.o(.data) for IrqNestLevel
    board.o(i.BoardEnableIrq) refers to board.o(.data) for IrqNestLevel
    board.o(i.BoardInitMcu) refers to stm32l1xx_hal.o(i.HAL_Init) for HAL_Init
    board.o(i.BoardInitMcu) refers to gpio.o(i.GpioInit) for GpioInit
    board.o(i.BoardInitMcu) refers to board.o(i.SystemClockConfig) for SystemClockConfig
    board.o(i.BoardInitMcu) refers to fifo.o(i.FifoInit) for FifoInit
    board.o(i.BoardInitMcu) refers to uart.o(i.UartInit) for UartInit
    board.o(i.BoardInitMcu) refers to uart.o(i.UartConfig) for UartConfig
    board.o(i.BoardInitMcu) refers to rtc-board.o(i.RtcInit) for RtcInit
    board.o(i.BoardInitMcu) refers to board.o(i.BoardUnusedIoInit) for BoardUnusedIoInit
    board.o(i.BoardInitMcu) refers to board.o(i.SystemClockReConfig) for SystemClockReConfig
    board.o(i.BoardInitMcu) refers to spi-board.o(i.SpiInit) for SpiInit
    board.o(i.BoardInitMcu) refers to sx126x-board.o(i.SX126xIoInit) for SX126xIoInit
[...]
    .conststring                             0x080093e4   Section       78  stm32l1xx_hal_rcc_ex.o(.conststring)
    .conststring                             0x08009434   Section       75  stm32l1xx_hal_rtc.o(.conststring)
    .conststring                             0x08009480   Section       78  stm32l1xx_hal_rtc_ex.o(.conststring)
    .conststring                             0x080094d0   Section       78  stm32l1xx_hal_spi_ex.o(.conststring)
    .conststring                             0x08009520   Section       76  stm32l1xx_hal_uart.o(.conststring)
    .data                                    0x20000000   Section       21  main.o(.data)
    .data                                    0x20000015   Section       12  board.o(.data)
    McuInitialized                           0x20000015   Data           1  board.o(.data)
    UsbIsConnected                           0x20000016   Data           1  board.o(.data)
    SystemWakeupTimeCalibrated               0x2000001f   Data           1  board.o(.data)
    IrqNestLevel                             0x20000020   Data           1  board.o(.data)
    .data                                    0x20000024   Section       12  rtc-board.o(.data)
    RtcTimerEventAllowsLowPower              0x20000025   Data           1  rtc-board.o(.data)
    LowPowerDisableDuringTask                0x20000026   Data           1  rtc-board.o(.data)
    RtcInitialized                           0x20000027   Data           1  rtc-board.o(.data)
    WakeUpTimeInitialized                    0x20000028   Data           1  rtc-board.o(.data)
    .data                                    0x20000030   Section        2  uart-board.o(.data)
    .data                                    0x20000034   Section        4  system_stm32l1xx.o(.data)
    .data                                    0x20000038   Section        4  stm32l1xx_hal.o(.data)
    .data                                    0x2000003c   Section        4  utilities.o(.data)
    next                                     0x2000003c   Data           4  utilities.o(.data)
    .data                                    0x20000040   Section        9  sx126x.o(.data)
    OperatingMode                            0x20000040   Data           1  sx126x.o(.data)
    PacketType                               0x20000041   Data           1  sx126x.o(.data)
    ImageCalibrated                          0x20000048   Data           1  sx126x.o(.data)
    .data                                    0x20000050   Section      164  radio.o(.data)
    RadioLoRaSymbTime                        0x20000050   Data         144  radio.o(.data)
    RadioPublicNetwork                       0x200000ee   Data           2  radio.o(.data)
    RadioEvents                              0x200000f0   Data           4  radio.o(.data)
    .data                                    0x200000f4   Section        8  timer.o(.data)
    TimerListHead                            0x200000f8   Data           4  timer.o(.data)
    .data                                    0x200000fc   Section        4  stdout.o(.data)
    .data                                    0x20000100   Section        4  errno.o(.data)
    _errno                                   0x20000100   Data           4  errno.o(.data)
    .bss                                     0x20000104   Section      132  main.o(.bss)
    RadioEvents                              0x2000016c   Data          28  main.o(.bss)
    .bss                                     0x20000188   Section      356  board.o(.bss)
    CalibrateSystemWakeupTimeTimer           0x200001d8   Data          20  board.o(.bss)
    .bss                                     0x200002ec   Section       64  gpio-board.o(.bss)
    GpioIrq                                  0x200002ec   Data          64  gpio-board.o(.bss)
    .bss                                     0x2000032c   Section       56  rtc-board.o(.bss)
    .bss                                     0x20000364   Section       24  sx126x-board.o(.bss)
    .bss                                     0x2000037c   Section       64  uart-board.o(.bss)
    .bss                                     0x200003bc   Section      572  radio.o(.bss)
    STACK                                    0x200005f8   Section     1024  startup_stm32l152xe.o(STACK)

    Global Symbols

    Symbol Name                              Value     Ov Type        Size  Object(Section)

    BuildAttributes$$THM_ISAv4$P$D$K$B$S$PE$A:L22UL41UL21$X:L11$S22US41US21$IEEE1$IW$USESV6$~STKCKD$USESV7$~SHL$OTIME$ROPI$IEEEX$EBA8$MICROLIB$REQ8$PRES8$EABIv2 0x00000000   Number         0  anon$$obj.o ABSOLUTE
    __ARM_use_no_argv                        0x00000000   Number         0  main.o ABSOLUTE
    _printf_a                                0x00000000   Number         0  stubs.o ABSOLUTE
    _printf_c                                0x00000000   Number         0  stubs.o ABSOLUTE
    _printf_charcount                        0x00000000   Number         0  stubs.o ABSOLUTE
    _printf_d                                0x00000000   Number         0  stubs.o ABSOLUTE
    _printf_e                                0x00000000   Number         0  stubs.o ABSOLUTE
    _printf_f                                0x00000000   Number         0  stubs.o ABSOLUTE
    _printf_flags                            0x00000000   Number         0  stubs.o ABSOLUTE
    _printf_fp_dec                           0x00000000   Number         0  stubs.o ABSOLUTE
    _printf_fp_hex                           0x00000000   Number         0  stubs.o ABSOLUTE
    _printf_g                                0x00000000   Number         0  stubs.o ABSOLUTE
    _printf_i                                0x00000000   Number         0  stubs.o ABSOLUTE
    _printf_int_dec                          0x00000000   Number         0  stubs.o ABSOLUTE
    _printf_l                                0x00000000   Number         0  stubs.o ABSOLUTE
    _printf_lc                               0x00000000   Number         0  stubs.o ABSOLUTE
    _printf_ll                               0x00000000   Number         0  stubs.o ABSOLUTE
    _printf_lld                              0x00000000   Number         0  stubs.o ABSOLUTE
    _printf_lli                              0x00000000   Number         0  stubs.o ABSOLUTE
    _printf_llo                              0x00000000   Number         0  stubs.o ABSOLUTE
    _printf_llu                              0x00000000   Number         0  stubs.o ABSOLUTE
    _printf_llx                              0x00000000   Number         0  stubs.o ABSOLUTE
    _printf_longlong_dec                     0x00000000   Number         0  stubs.o ABSOLUTE
    _printf_longlong_hex                     0x00000000   Number         0  stubs.o ABSOLUTE
    _printf_longlong_oct                     0x00000000   Number         0  stubs.o ABSOLUTE
    _printf_ls                               0x00000000   Number         0  stubs.o ABSOLUTE
    _printf_mbtowc                           0x00000000   Number         0  stubs.o ABSOLUTE
    _printf_n                                0x00000000   Number         0  stubs.o ABSOLUTE
    _printf_o                                0x00000000   Number         0  stubs.o ABSOLUTE
    _printf_p                                0x00000000   Number         0  stubs.o ABSOLUTE
    _printf_percent                          0x00000000   Number         0  stubs.o ABSOLUTE
    _printf_pre_padding                      0x00000000   Number         0  stubs.o ABSOLUTE
    _printf_return_value                     0x00000000   Number         0  stubs.o ABSOLUTE
    _printf_s                                0x00000000   Number         0  stubs.o ABSOLUTE
    _printf_sizespec                         0x00000000   Number         0  stubs.o ABSOLUTE
    _printf_str                              0x00000000   Number         0  stubs.o ABSOLUTE
    _printf_truncate_signed                  0x00000000   Number         0  stubs.o ABSOLUTE
    _printf_truncate_unsigned                0x00000000   Number         0  stubs.o ABSOLUTE
    _printf_u                                0x00000000   Number         0  stubs.o ABSOLUTE
    _printf_wc                               0x00000000   Number         0  stubs.o ABSOLUTE
    _printf_wctomb                           0x00000000   Number         0  stubs.o ABSOLUTE
    _printf_widthprec                        0x00000000   Number         0  stubs.o ABSOLUTE
    _printf_x                                0x00000000   Number         0  stubs.o ABSOLUTE
    __cpp_initialize__aeabi_                  - Undefined Weak Reference
    __cxa_finalize                            - Undefined Weak Reference
    __decompress                              - Undefined Weak Reference
    _clock_init                               - Undefined Weak Reference
    _microlib_exit                            - Undefined Weak Reference
    __Vectors_Size                           0x00000124   Number         0  startup_stm32l152xe.o ABSOLUTE
    __Vectors                                0x08000000   Data           4  startup_stm32l152xe.o(RESET)
    __Vectors_End                            0x08000124   Data           0  startup_stm32l152xe.o(RESET)
    __main                                   0x08000125   Thumb Code     0  entry.o(.ARM.Collect$$$$00000000)
    _main_stk                                0x08000125   Thumb Code     0  entry2.o(.ARM.Collect$$$$00000001)
    _main_scatterload                        0x08000129   Thumb Code     0  entry5.o(.ARM.Collect$$$$00000004)
    __main_after_scatterload                 0x0800012d   Thumb Code     0  entry5.o(.ARM.Collect$$$$00000004)
    _main_clock                              0x0800012d   Thumb Code     0  entry7b.o(.ARM.Collect$$$$00000008)
    _main_cpp_init                           0x0800012d   Thumb Code     0  entry8b.o(.ARM.Collect$$$$0000000A)
    _main_init                               0x0800012d   Thumb Code     0  entry9a.o(.ARM.Collect$$$$0000000B)
    __rt_final_cpp                           0x08000135   Thumb Code     0  entry10a.o(.ARM.Collect$$$$0000000D)
    __rt_final_exit                          0x08000135   Thumb Code     0  entry11a.o(.ARM.Collect$$$$0000000F)
    Reset_Handler                            0x08000139   Thumb Code     8  startup_stm32l152xe.o(.text)
    HardFault_Handler                        0x08000143   Thumb Code     2  startup_stm32l152xe.o(.text)
    SVC_Handler                              0x0800014b   Thumb Code     2  startup_stm32l152xe.o(.text)
    PendSV_Handler                           0x0800014f   Thumb Code     2  startup_stm32l152xe.o(.text)
    ADC1_IRQHandler                          0x08000153   Thumb Code     0  startup_stm32l152xe.o(.text)
    COMP_ACQ_IRQHandler                      0x08000153   Thumb Code     0  startup_stm32l152xe.o(.text)
    COMP_IRQHandler                          0x08000153   Thumb Code     0  startup_stm32l152xe.o(.text)
    DAC_IRQHandler                           0x08000153   Thumb Code     0  startup_stm32l152xe.o(.text)
    DMA1_Channel1_IRQHandler                 0x08000153   Thumb Code     0  startup_stm32l152xe.o(.text)
    DMA1_Channel2_IRQHandler                 0x08000153   Thumb Code     0  startup_stm32l152xe.o(.text)
    DMA1_Channel3_IRQHandler                 0x08000153   Thumb Code     0  startup_stm32l152xe.o(.text)
    DMA1_Channel4_IRQHandler                 0x08000153   Thumb Code     0  startup_stm32l152xe.o(.text)
    DMA1_Channel5_IRQHandler                 0x08000153   Thumb Code     0  startup_stm32l152xe.o(.text)
    DMA1_Channel6_IRQHandler                 0x08000153   Thumb Code     0  startup_stm32l152xe.o(.text)
    DMA1_Channel7_IRQHandler                 0x08000153   Thumb Code     0  startup_stm32l152xe.o(.text)
    DMA2_Channel1_IRQHandler                 0x08000153   Thumb Code     0  startup_stm32l152xe.o(.text)
    DMA2_Channel2_IRQHandler                 0x08000153   Thumb Code     0  startup_stm32l152xe.o(.text)
    DMA2_Channel3_IRQHandler                 0x08000153   Thumb Code     0  startup_stm32l152xe.o(.text)
    DMA2_Channel4_IRQHandler                 0x08000153   Thumb Code     0  startup_stm32l152xe.o(.text)
    DMA2_Channel5_IRQHandler                 0x08000153   Thumb Code     0  startup_stm32l152xe.o(.text)
    FLASH_IRQHandler                         0x08000153   Thumb Code     0  startup_stm32l152xe.o(.text)
    I2C1_ER_IRQHandler                       0x08000153   Thumb Code     0  startup_stm32l152xe.o(.text)
    I2C1_EV_IRQHandler                       0x08000153   Thumb Code     0  startup_stm32l152xe.o(.text)
    I2C2_ER_IRQHandler                       0x08000153   Thumb Code     0  startup_stm32l152xe.o(.text)
    I2C2_EV_IRQHandler                       0x08000153   Thumb Code     0  startup_stm32l152xe.o(.text)
    LCD_IRQHandler                           0x08000153   Thumb Code     0  startup_stm32l152xe.o(.text)
    PVD_IRQHandler                           0x08000153   Thumb Code     0  startup_stm32l152xe.o(.text)
    RCC_IRQHandler                           0x08000153   Thumb Code     0  startup_stm32l152xe.o(.text)
    RTC_WKUP_IRQHandler                      0x08000153   Thumb Code     0  startup_stm32l152xe.o(.text)
    SPI1_IRQHandler                          0x08000153   Thumb Code     0  startup_stm32l152xe.o(.text)
    SPI2_IRQHandler                          0x08000153   Thumb Code     0  startup_stm32l152xe.o(.text)
    SPI3_IRQHandler                          0x08000153   Thumb Code     0  startup_stm32l152xe.o(.text)
    TAMPER_STAMP_IRQHandler                  0x08000153   Thumb Code     0  startup_stm32l152xe.o(.text)
    TIM10_IRQHandler                         0x08000153   Thumb Code     0  startup_stm32l152xe.o(.text)
    TIM11_IRQHandler                         0x08000153   Thumb Code     0  startup_stm32l152xe.o(.text)
    TIM2_IRQHandler                          0x08000153   Thumb Code     0  startup_stm32l152xe.o(.text)
    TIM3_IRQHandler                          0x08000153   Thumb Code     0  startup_stm32l152xe.o(.text)
    TIM4_IRQHandler                          0x08000153   Thumb Code     0  startup_stm32l152xe.o(.text)
    TIM5_IRQHandler                          0x08000153   Thumb Code     0  startup_stm32l152xe.o(.text)
    TIM6_IRQHandler                          0x08000153   Thumb Code     0  startup_stm32l152xe.o(.text)
    TIM7_IRQHandler                          0x08000153   Thumb Code     0  startup_stm32l152xe.o(.text)
    TIM9_IRQHandler                          0x08000153   Thumb Code     0  startup_stm32l152xe.o(.text)
    UART4_IRQHandler                         0x08000153   Thumb Code     0  startup_stm32l152xe.o(.text)
    UART5_IRQHandler                         0x08000153   Thumb Code     0  startup_stm32l152xe.o(.text)
    USART1_IRQHandler                        0x08000153   Thumb Code     0  startup_stm32l152xe.o(.text)
    USART3_IRQHandler                        0x08000153   Thumb Code     0  startup_stm32l152xe.o(.text)
    USB_FS_WKUP_IRQHandler                   0x08000153   Thumb Code     0  startup_stm32l152xe.o(.text)
    USB_HP_IRQHandler                        0x08000153   Thumb Code     0  startup_stm32l152xe.o(.text)
    USB_LP_IRQHandler                        0x08000153   Thumb Code     0  startup_stm32l152xe.o(.text)
    WWDG_IRQHandler                          0x08000153   Thumb Code     0  startup_stm32l152xe.o(.text)
    __aeabi_memcpy                           0x0800015d   Thumb Code    36  memcpya.o(.text)
    __aeabi_memcpy4                          0x0800015d   Thumb Code     0  memcpya.o(.text)
    __aeabi_memcpy8                          0x0800015d   Thumb Code     0  memcpya.o(.text)
    __aeabi_memset                           0x08000181   Thumb Code    14  memseta.o(.text)
    __aeabi_memset4                          0x08000181   Thumb Code     0  memseta.o(.text)
    __aeabi_memset8                          0x08000181   Thumb Code     0  memseta.o(.text)
    __aeabi_memclr                           0x0800018f   Thumb Code     4  memseta.o(.text)
    __aeabi_memclr4                          0x0800018f   Thumb Code     0  memseta.o(.text)
    __aeabi_memclr8                          0x0800018f   Thumb Code     0  memseta.o(.text)
    _memset$wrapper                          0x08000193   Thumb Code    18  memseta.o(.text)
    __aeabi_fadd                             0x080001a5   Thumb Code   164  fadd.o(.text)
    __aeabi_fsub                             0x08000249   Thumb Code     6  fadd.o(.text)
    __aeabi_frsub                            0x0800024f   Thumb Code     6  fadd.o(.text)
    __aeabi_fmul                             0x08000255   Thumb Code   100  fmul.o(.text)
    __aeabi_fdiv                             0x080002b9   Thumb Code   124  fdiv.o(.text)
    __aeabi_dadd                             0x08000335   Thumb Code   322  dadd.o(.text)
    __aeabi_dsub                             0x08000477   Thumb Code     6  dadd.o(.text)
    __aeabi_drsub                            0x0800047d   Thumb Code     6  dadd.o(.text)
    __aeabi_dmul                             0x08000483   Thumb Code   228  dmul.o(.text)
    __aeabi_ddiv                             0x08000567   Thumb Code   222  ddiv.o(.text)
    __aeabi_ui2f                             0x08000645   Thumb Code    10  ffltui.o(.text)
    __aeabi_i2d                              0x0800064f   Thumb Code    34  dflti.o(.text)
    __aeabi_ui2d                             0x08000671   Thumb Code    26  dfltui.o(.text)
    __aeabi_d2iz                             0x0800068b   Thumb Code    62  dfixi.o(.text)
    __aeabi_d2uiz                            0x080006c9   Thumb Code    50  dfixui.o(.text)
    __aeabi_f2d                              0x080006fb   Thumb Code    38  f2d.o(.text)
    __aeabi_cdrcmple                         0x08000721   Thumb Code    48  cdrcmple.o(.text)
    __aeabi_uidiv                            0x08000751   Thumb Code     0  uidiv.o(.text)
    __aeabi_uidivmod                         0x08000751   Thumb Code    44  uidiv.o(.text)
    __aeabi_uldivmod                         0x0800077d   Thumb Code    98  uldiv.o(.text)
    __aeabi_llsl                             0x080007df   Thumb Code    30  llshl.o(.text)
    _ll_shift_l                              0x080007df   Thumb Code     0  llshl.o(.text)
    __aeabi_llsr                             0x080007fd   Thumb Code    32  llushr.o(.text)
    _ll_ushift_r                             0x080007fd   Thumb Code     0  llushr.o(.text)
    __aeabi_lasr                             0x0800081d   Thumb Code    36  llsshr.o(.text)
    _ll_sshift_r                             0x0800081d   Thumb Code     0  llsshr.o(.text)
    __I$use$fp                               0x08000841   Thumb Code     0  iusefp.o(.text)
    _float_round                             0x08000841   Thumb Code    18  fepilogue.o(.text)
    _float_epilogue                          0x08000853   Thumb Code    92  fepilogue.o(.text)
    _double_round                            0x080008af   Thumb Code    30  depilogue.o(.text)
    _double_epilogue                         0x080008cd   Thumb Code   156  depilogue.o(.text)
    __ARM_scalbn                             0x08000969   Thumb Code    46  dscalb.o(.text)
    scalbn                                   0x08000969   Thumb Code     0  dscalb.o(.text)
    _drnd                                    0x08000999   Thumb Code   132  drnd.o(.text)
    __aeabi_d2ulz                            0x08000a21   Thumb Code    48  dfixul.o(.text)
    __aeabi_cdcmpeq                          0x08000a51   Thumb Code     0  cdcmple.o(.text)
    __aeabi_cdcmple                          0x08000a51   Thumb Code    48  cdcmple.o(.text)
    __scatterload                            0x08000a81   Thumb Code    28  init.o(.text)
    __scatterload_rt2                        0x08000a81   Thumb Code     0  init.o(.text)
    _dsqrt                                   0x08000aa5   Thumb Code   162  dsqrt.o(.text)
    BlockLowPowerDuringTask                  0x08000b49   Thumb Code    18  rtc-board.o(i.BlockLowPowerDuringTask)
    BoardDeInitMcu                           0x08000b61   Thumb Code    14  board.o(i.BoardDeInitMcu)
    BoardDisableIrq                          0x08000b75   Thumb Code    14  board.o(i.BoardDisableIrq)
    BoardEnableIrq                           0x08000b89   Thumb Code    20  board.o(i.BoardEnableIrq)
    BoardInitMcu                             0x08000ba1   Thumb Code   206  board.o(i.BoardInitMcu)
    BoardInitPeriph                          0x08000c91   Thumb Code     2  board.o(i.BoardInitPeriph)
    BusFault_Handler                         0x08000ca3   Thumb Code     4  sysirqhandlers.o(i.BusFault_Handler)
    DebugMon_Handler                         0x08000cfd   Thumb Code     2  sysirqhandlers.o(i.DebugMon_Handler)
    DelayMs                                  0x08000cff   Thumb Code    12  delay.o(i.DelayMs)
    EXTI0_IRQHandler                         0x08000d0b   Thumb Code    14  gpio-board.o(i.EXTI0_IRQHandler)
    EXTI15_10_IRQHandler                     0x08000d19   Thumb Code    56  gpio-board.o(i.EXTI15_10_IRQHandler)
    EXTI1_IRQHandler                         0x08000d51   Thumb Code    14  gpio-board.o(i.EXTI1_IRQHandler)
    EXTI2_IRQHandler                         0x08000d5f   Thumb Code    14  gpio-board.o(i.EXTI2_IRQHandler)
    EXTI3_IRQHandler                         0x08000d6d   Thumb Code    14  gpio-board.o(i.EXTI3_IRQHandler)
    EXTI4_IRQHandler                         0x08000d7b   Thumb Code    14  gpio-board.o(i.EXTI4_IRQHandler)
    EXTI9_5_IRQHandler                       0x08000d89   Thumb Code    42  gpio-board.o(i.EXTI9_5_IRQHandler)
    FifoInit                                 0x08000db3   Thumb Code    12  fifo.o(i.FifoInit)
    FifoPop                                  0x08000dd3   Thumb Code    30  fifo.o(i.FifoPop)
    FifoPush                                 0x08000df1   Thumb Code    24  fifo.o(i.FifoPush)
    GetBoardPowerSource                      0x08000e09   Thumb Code    14  board.o(i.GetBoardPowerSource)
    GpioInit                                 0x08000e1d   Thumb Code    44  gpio.o(i.GpioInit)
    GpioMcuInit                              0x08000e49   Thumb Code   336  gpio-board.o(i.GpioMcuInit)
    GpioMcuRead                              0x08000fb1   Thumb Code    36  gpio-board.o(i.GpioMcuRead)
    GpioMcuSetInterrupt                      0x08001001   Thumb Code   310  gpio-board.o(i.GpioMcuSetInterrupt)
    GpioMcuWrite                             0x08001149   Thumb Code    44  gpio-board.o(i.GpioMcuWrite)
    GpioRead                                 0x080011a1   Thumb Code    28  gpio.o(i.GpioRead)
    GpioSetInterrupt                         0x080011bd   Thumb Code    40  gpio.o(i.GpioSetInterrupt)
    GpioWrite                                0x080011e5   Thumb Code    28  gpio.o(i.GpioWrite)
    HAL_DBGMCU_EnableDBGSleepMode            0x08001201   Thumb Code    14  stm32l1xx_hal.o(i.HAL_DBGMCU_EnableDBGSleepMode)
    HAL_DBGMCU_EnableDBGStandbyMode          0x08001215   Thumb Code    14  stm32l1xx_hal.o(i.HAL_DBGMCU_EnableDBGStandbyMode)
    HAL_DBGMCU_EnableDBGStopMode             0x08001229   Thumb Code    14  stm32l1xx_hal.o(i.HAL_DBGMCU_EnableDBGStopMode)
    HAL_Delay                                0x0800123d   Thumb Code    26  stm32l1xx_hal.o(i.HAL_Delay)
    HAL_GPIO_EXTI_Callback                   0x08001259   Thumb Code    40  gpio-board.o(i.HAL_GPIO_EXTI_Callback)
    HAL_GPIO_EXTI_IRQHandler                 0x08001285   Thumb Code    24  stm32l1xx_hal_gpio.o(i.HAL_GPIO_EXTI_IRQHandler)
    HAL_GPIO_Init                            0x080012a1   Thumb Code   782  stm32l1xx_hal_gpio.o(i.HAL_GPIO_Init)
    HAL_GPIO_ReadPin                         0x080015f9   Thumb Code    44  stm32l1xx_hal_gpio.o(i.HAL_GPIO_ReadPin)
    HAL_GPIO_WritePin                        0x08001629   Thumb Code    60  stm32l1xx_hal_gpio.o(i.HAL_GPIO_WritePin)
    HAL_GetTick                              0x08001669   Thumb Code     6  stm32l1xx_hal.o(i.HAL_GetTick)
    HAL_IncTick                              0x08001675   Thumb Code    12  stm32l1xx_hal.o(i.HAL_IncTick)
    HAL_Init                                 0x08001685   Thumb Code    22  stm32l1xx_hal.o(i.HAL_Init)
    HAL_InitTick                             0x0800169d   Thumb Code    36  stm32l1xx_hal.o(i.HAL_InitTick)
    HAL_MspInit                              0x080016c5   Thumb Code     2  stm32l1xx_hal.o(i.HAL_MspInit)
    HAL_NVIC_EnableIRQ                       0x080016c9   Thumb Code    44  stm32l1xx_hal_cortex.o(i.HAL_NVIC_EnableIRQ)
    HAL_NVIC_SetPriority                     0x080016f9   Thumb Code   152  stm32l1xx_hal_cortex.o(i.HAL_NVIC_SetPriority)
    HAL_NVIC_SetPriorityGrouping             0x08001795   Thumb Code    66  stm32l1xx_hal_cortex.o(i.HAL_NVIC_SetPriorityGrouping)
    HAL_PWREx_EnableFastWakeUp               0x080017e5   Thumb Code    20  stm32l1xx_hal_pwr_ex.o(i.HAL_PWREx_EnableFastWakeUp)
    HAL_PWREx_EnableUltraLowPower            0x080017fd   Thumb Code    20  stm32l1xx_hal_pwr_ex.o(i.HAL_PWREx_EnableUltraLowPower)
    HAL_PWREx_GetVoltageRange                0x08001815   Thumb Code    10  stm32l1xx_hal_pwr_ex.o(i.HAL_PWREx_GetVoltageRange)
    HAL_PWR_DisablePVD                       0x08001825   Thumb Code    20  stm32l1xx_hal_pwr.o(i.HAL_PWR_DisablePVD)
    HAL_PWR_EnterSTOPMode                    0x0800183d   Thumb Code    98  stm32l1xx_hal_pwr.o(i.HAL_PWR_EnterSTOPMode)
    HAL_RCCEx_PeriphCLKConfig                0x080018ad   Thumb Code   640  stm32l1xx_hal_rcc_ex.o(i.HAL_RCCEx_PeriphCLKConfig)
    HAL_RCC_ClockConfig                      0x08001b49   Thumb Code  1002  stm32l1xx_hal_rcc.o(i.HAL_RCC_ClockConfig)
    HAL_RCC_GetHCLKFreq                      0x08001f49   Thumb Code     6  stm32l1xx_hal_rcc.o(i.HAL_RCC_GetHCLKFreq)
    HAL_RCC_GetPCLK1Freq                     0x08001f55   Thumb Code    36  stm32l1xx_hal_rcc.o(i.HAL_RCC_GetPCLK1Freq)
    HAL_RCC_GetPCLK2Freq                     0x08001f81   Thumb Code    36  stm32l1xx_hal_rcc.o(i.HAL_RCC_GetPCLK2Freq)
    HAL_RCC_GetSysClockFreq                  0x08001fad   Thumb Code   164  stm32l1xx_hal_rcc.o(i.HAL_RCC_GetSysClockFreq)
    HAL_RCC_OscConfig                        0x0800205d   Thumb Code  3046  stm32l1xx_hal_rcc.o(i.HAL_RCC_OscConfig)
    HAL_RTCEx_AlarmBEventCallback            0x08002c55   Thumb Code     2  stm32l1xx_hal_rtc_ex.o(i.HAL_RTCEx_AlarmBEventCallback)
    HAL_RTCEx_EnableBypassShadow             0x08002c57   Thumb Code    78  stm32l1xx_hal_rtc_ex.o(i.HAL_RTCEx_EnableBypassShadow)
    HAL_RTC_AlarmAEventCallback              0x08002ca5   Thumb Code     2  stm32l1xx_hal_rtc.o(i.HAL_RTC_AlarmAEventCallback)
    HAL_RTC_AlarmIRQHandler                  0x08002ca9   Thumb Code   102  stm32l1xx_hal_rtc.o(i.HAL_RTC_AlarmIRQHandler)
    HAL_RTC_DeactivateAlarm                  0x08002d15   Thumb Code   268  stm32l1xx_hal_rtc.o(i.HAL_RTC_DeactivateAlarm)
    HAL_RTC_GetAlarm                         0x08002e25   Thumb Code   206  stm32l1xx_hal_rtc_ex.o(i.HAL_RTC_GetAlarm)
    HAL_RTC_GetDate                          0x08002ef9   Thumb Code    94  stm32l1xx_hal_rtc.o(i.HAL_RTC_GetDate)
    HAL_RTC_GetTime                          0x08002f61   Thumb Code   116  stm32l1xx_hal_rtc_ex.o(i.HAL_RTC_GetTime)
    HAL_RTC_Init                             0x08002fdd   Thumb Code   330  stm32l1xx_hal_rtc.o(i.HAL_RTC_Init)
    HAL_RTC_MspInit                          0x08003135   Thumb Code     2  stm32l1xx_hal_rtc.o(i.HAL_RTC_MspInit)
    HAL_RTC_SetAlarm_IT                      0x08003139   Thumb Code  1160  stm32l1xx_hal_rtc_ex.o(i.HAL_RTC_SetAlarm_IT)
    HAL_RTC_SetDate                          0x080035c5   Thumb Code   454  stm32l1xx_hal_rtc.o(i.HAL_RTC_SetDate)
    HAL_RTC_SetTime                          0x08003795   Thumb Code   570  stm32l1xx_hal_rtc.o(i.HAL_RTC_SetTime)
    HAL_RTC_WaitForSynchro                   0x080039d9   Thumb Code    68  stm32l1xx_hal_rtc_ex.o(i.HAL_RTC_WaitForSynchro)
    HAL_SPI_DeInit                           0x08003a1d   Thumb Code    48  stm32l1xx_hal_spi.o(i.HAL_SPI_DeInit)
    HAL_SPI_Init                             0x08003a4d   Thumb Code   454  stm32l1xx_hal_spi_ex.o(i.HAL_SPI_Init)
    HAL_SPI_MspDeInit                        0x08003c25   Thumb Code     2  stm32l1xx_hal_spi.o(i.HAL_SPI_MspDeInit)
    HAL_SPI_MspInit                          0x08003c27   Thumb Code     2  stm32l1xx_hal_spi.o(i.HAL_SPI_MspInit)
    HAL_SYSTICK_CLKSourceConfig              0x08003c29   Thumb Code    62  stm32l1xx_hal_cortex.o(i.HAL_SYSTICK_CLKSourceConfig)
    HAL_SYSTICK_Callback                     0x08003c6d   Thumb Code     2  stm32l1xx_hal_cortex.o(i.HAL_SYSTICK_Callback)
    HAL_SYSTICK_Config                       0x08003c6f   Thumb Code    52  stm32l1xx_hal_cortex.o(i.HAL_SYSTICK_Config)
    HAL_SYSTICK_IRQHandler                   0x08003ca3   Thumb Code     8  stm32l1xx_hal_cortex.o(i.HAL_SYSTICK_IRQHandler)
    HAL_UART_ErrorCallback                   0x08003cad   Thumb Code    16  uart-board.o(i.HAL_UART_ErrorCallback)
    HAL_UART_IRQHandler                      0x08003cc5   Thumb Code   218  stm32l1xx_hal_uart.o(i.HAL_UART_IRQHandler)
    HAL_UART_Init                            0x08003da1   Thumb Code   284  stm32l1xx_hal_uart.o(i.HAL_UART_Init)
    HAL_UART_MspInit                         0x08003ed5   Thumb Code     2  stm32l1xx_hal_uart.o(i.HAL_UART_MspInit)
    HAL_UART_Receive_IT                      0x08003ed7   Thumb Code   134  stm32l1xx_hal_uart.o(i.HAL_UART_Receive_IT)
    HAL_UART_RxCpltCallback                  0x08003f5d   Thumb Code    52  uart-board.o(i.HAL_UART_RxCpltCallback)
    HAL_UART_Transmit_IT                     0x08003f9d   Thumb Code   110  stm32l1xx_hal_uart.o(i.HAL_UART_Transmit_IT)
    HAL_UART_TxCpltCallback                  0x0800400d   Thumb Code    50  uart-board.o(i.HAL_UART_TxCpltCallback)
    IsFifoEmpty                              0x0800404d   Thumb Code    18  fifo.o(i.IsFifoEmpty)
    IsFifoFull                               0x0800405f   Thumb Code    26  fifo.o(i.IsFifoFull)
    MemManage_Handler                        0x08004079   Thumb Code     4  sysirqhandlers.o(i.MemManage_Handler)
    NMI_Handler                              0x0800407d   Thumb Code     2  sysirqhandlers.o(i.NMI_Handler)
    OnCadDone                                0x080040b9   Thumb Code    36  main.o(i.OnCadDone)
    OnRxDone                                 0x080040f5   Thumb Code   130  main.o(i.OnRxDone)
    OnRxError                                0x080041a1   Thumb Code    16  main.o(i.OnRxError)
    OnRxTimeout                              0x080041b9   Thumb Code    56  main.o(i.OnRxTimeout)
    OnTxDone                                 0x08004205   Thumb Code    16  main.o(i.OnTxDone)
    OnTxTimeout                              0x0800421d   Thumb Code    16  main.o(i.OnTxTimeout)
    RTC_Alarm_IRQHandler                     0x080042dd   Thumb Code    38  rtc-board.o(i.RTC_Alarm_IRQHandler)
    RTC_Bcd2ToByte                           0x08004309   Thumb Code    22  stm32l1xx_hal_rtc.o(i.RTC_Bcd2ToByte)
    RTC_ByteToBcd2                           0x0800431f   Thumb Code    26  stm32l1xx_hal_rtc.o(i.RTC_ByteToBcd2)
    RTC_EnterInitMode                        0x08004339   Thumb Code    62  stm32l1xx_hal_rtc.o(i.RTC_EnterInitMode)
    RadioCheckRfFrequency                    0x08004377   Thumb Code     6  radio.o(i.RadioCheckRfFrequency)
    RadioGetStatus                           0x080043b9   Thumb Code    36  radio.o(i.RadioGetStatus)
    RadioGetWakeupTime                       0x080043dd   Thumb Code     4  radio.o(i.RadioGetWakeupTime)
    RadioInit                                0x080043e1   Thumb Code    80  radio.o(i.RadioInit)
    RadioIrqProcess                          0x0800444d   Thumb Code   332  radio.o(i.RadioIrqProcess)
    RadioIsChannelFree                       0x080045b1   Thumb Code    96  radio.o(i.RadioIsChannelFree)
    RadioOnDioIrq                            0x08004611   Thumb Code     8  radio.o(i.RadioOnDioIrq)
    RadioOnRxTimeoutIrq                      0x0800461d   Thumb Code    26  radio.o(i.RadioOnRxTimeoutIrq)
    RadioOnTxTimeoutIrq                      0x0800463d   Thumb Code    26  radio.o(i.RadioOnTxTimeoutIrq)
    RadioRandom                              0x0800465d   Thumb Code    54  radio.o(i.RadioRandom)
    RadioRead                                0x08004693   Thumb Code    12  radio.o(i.RadioRead)
    RadioReadBuffer                          0x0800469f   Thumb Code    20  radio.o(i.RadioReadBuffer)
    RadioRssi                                0x080046b3   Thumb Code    10  radio.o(i.RadioRssi)
    RadioRx                                  0x080046bd   Thumb Code    64  radio.o(i.RadioRx)
    RadioRxBoosted                           0x08004709   Thumb Code    64  radio.o(i.RadioRxBoosted)
    RadioSend                                0x08004755   Thumb Code    78  radio.o(i.RadioSend)
    RadioSetChannel                          0x080047b1   Thumb Code    12  radio.o(i.RadioSetChannel)
    RadioSetMaxPayloadLength                 0x080047bd   Thumb Code    56  radio.o(i.RadioSetMaxPayloadLength)
    RadioSetModem                            0x080047fd   Thumb Code    64  radio.o(i.RadioSetModem)
    RadioSetPublicNetwork                    0x08004841   Thumb Code    64  radio.o(i.RadioSetPublicNetwork)
    RadioSetRxConfig                         0x08004885   Thumb Code   552  radio.o(i.RadioSetRxConfig)
    RadioSetRxDutyCycle                      0x08004ad5   Thumb Code    16  radio.o(i.RadioSetRxDutyCycle)
    RadioSetTxConfig                         0x08004ae5   Thumb Code   416  radio.o(i.RadioSetTxConfig)
    RadioSetTxContinuousWave                 0x08004c9d   Thumb Code    68  radio.o(i.RadioSetTxContinuousWave)
    RadioSleep                               0x08004ce9   Thumb Code    32  radio.o(i.RadioSleep)
    RadioStandby                             0x08004d09   Thumb Code    10  radio.o(i.RadioStandby)
    RadioStartCad                            0x08004d13   Thumb Code     8  radio.o(i.RadioStartCad)
    RadioTimeOnAir                           0x08004d1d   Thumb Code   530  radio.o(i.RadioTimeOnAir)
    RadioWrite                               0x08004f51   Thumb Code    16  radio.o(i.RadioWrite)
    RadioWriteBuffer                         0x08004f61   Thumb Code    20  radio.o(i.RadioWriteBuffer)
    RtcComputeElapsedTime                    0x08004f75   Thumb Code    44  rtc-board.o(i.RtcComputeElapsedTime)
    RtcEnterLowPowerStopMode                 0x080052ed   Thumb Code    54  rtc-board.o(i.RtcEnterLowPowerStopMode)
    RtcGetAdjustedTimeoutValue               0x08005331   Thumb Code    62  rtc-board.o(i.RtcGetAdjustedTimeoutValue)
    RtcGetElapsedAlarmTime                   0x080053d1   Thumb Code    46  rtc-board.o(i.RtcGetElapsedAlarmTime)
    RtcGetTimerValue                         0x08005405   Thumb Code    26  rtc-board.o(i.RtcGetTimerValue)
    RtcInit                                  0x08005421   Thumb Code   168  rtc-board.o(i.RtcInit)
    RtcRecoverMcuStatus                      0x080054d9   Thumb Code    60  rtc-board.o(i.RtcRecoverMcuStatus)
    RtcSetTimeout                            0x08005521   Thumb Code    18  rtc-board.o(i.RtcSetTimeout)
    SX126xAntSwOff                           0x08005619   Thumb Code    22  sx126x-board.o(i.SX126xAntSwOff)
    SX126xAntSwOn                            0x08005635   Thumb Code    22  sx126x-board.o(i.SX126xAntSwOn)
    SX126xCalibrateImage                     0x08005651   Thumb Code   114  sx126x.o(i.SX126xCalibrateImage)
    SX126xCheckDeviceReady                   0x080056d9   Thumb Code    30  sx126x.o(i.SX126xCheckDeviceReady)
    SX126xClearIrqStatus                     0x080056f7   Thumb Code    28  sx126x.o(i.SX126xClearIrqStatus)
    SX126xConfigureCad                       0x08005715   Thumb Code    74  main.o(i.SX126xConfigureCad)
    SX126xGetIrqStatus                       0x08005765   Thumb Code    26  sx126x.o(i.SX126xGetIrqStatus)
    SX126xGetOperatingMode                   0x08005781   Thumb Code     6  sx126x.o(i.SX126xGetOperatingMode)
    SX126xGetPaSelect                        0x0800578d   Thumb Code    20  sx126x-board.o(i.SX126xGetPaSelect)
    SX126xGetPacketStatus                    0x080057a5   Thumb Code   152  sx126x.o(i.SX126xGetPacketStatus)
    SX126xGetPacketType                      0x08005841   Thumb Code     6  sx126x.o(i.SX126xGetPacketType)
    SX126xGetPayload                         0x0800584d   Thumb Code    46  sx126x.o(i.SX126xGetPayload)
    SX126xGetRssiInst                        0x0800587b   Thumb Code    28  sx126x.o(i.SX126xGetRssiInst)
    SX126xGetRxBufferStatus                  0x08005897   Thumb Code    66  sx126x.o(i.SX126xGetRxBufferStatus)
    SX126xInit                               0x080058d9   Thumb Code    38  sx126x.o(i.SX126xInit)
    SX126xIoDeInit                           0x08005905   Thumb Code    62  sx126x-board.o(i.SX126xIoDeInit)
    SX126xIoInit                             0x08005949   Thumb Code    80  sx126x-board.o(i.SX126xIoInit)
    SX126xIoIrqInit                          0x080059a1   Thumb Code    18  sx126x-board.o(i.SX126xIoIrqInit)
    SX126xReadBuffer                         0x080059b9   Thumb Code    92  sx126x-board.o(i.SX126xReadBuffer)
    SX126xReadCommand                        0x08005a19   Thumb Code    82  sx126x-board.o(i.SX126xReadCommand)
    SX126xReadRegister                       0x08005a71   Thumb Code    20  sx126x-board.o(i.SX126xReadRegister)
    SX126xReadRegisters                      0x08005a85   Thumb Code   102  sx126x-board.o(i.SX126xReadRegisters)
    SX126xReset                              0x08005af1   Thumb Code    58  sx126x-board.o(i.SX126xReset)
    SX126xSendPayload                        0x08005b31   Thumb Code    24  sx126x.o(i.SX126xSendPayload)
    SX126xSetBufferBaseAddress               0x08005b49   Thumb Code    26  sx126x.o(i.SX126xSetBufferBaseAddress)
    SX126xSetCad                             0x08005b65   Thumb Code    20  sx126x.o(i.SX126xSetCad)
    SX126xSetCadParams                       0x08005b7d   Thumb Code    68  sx126x.o(i.SX126xSetCadParams)
    SX126xSetCrcPolynomial                   0x08005bc5   Thumb Code    42  sx126x.o(i.SX126xSetCrcPolynomial)
    SX126xSetCrcSeed                         0x08005bef   Thumb Code    42  sx126x.o(i.SX126xSetCrcSeed)
    SX126xSetDio2AsRfSwitchCtrl              0x08005c19   Thumb Code    14  sx126x.o(i.SX126xSetDio2AsRfSwitchCtrl)
    SX126xSetDioIrqParams                    0x08005c27   Thumb Code    74  sx126x.o(i.SX126xSetDioIrqParams)
    SX126xSetLoRaSymbNumTimeout              0x08005c71   Thumb Code    14  sx126x.o(i.SX126xSetLoRaSymbNumTimeout)
    SX126xSetModulationParams                0x08005c81   Thumb Code   276  sx126x.o(i.SX126xSetModulationParams)
    SX126xSetPaConfig                        0x08005da5   Thumb Code    38  sx126x.o(i.SX126xSetPaConfig)
    SX126xSetPacketParams                    0x08005dcd   Thumb Code   218  sx126x.o(i.SX126xSetPacketParams)
    SX126xSetPacketType                      0x08005ead   Thumb Code    22  sx126x.o(i.SX126xSetPacketType)
    SX126xSetPayload                         0x08005ec9   Thumb Code    18  sx126x.o(i.SX126xSetPayload)
    SX126xSetRegulatorMode                   0x08005edb   Thumb Code    14  sx126x.o(i.SX126xSetRegulatorMode)
    SX126xSetRfFrequency                     0x08005ee9   Thumb Code   130  sx126x.o(i.SX126xSetRfFrequency)
    SX126xSetRfTxPower                       0x08005f79   Thumb Code    14  sx126x-board.o(i.SX126xSetRfTxPower)
    SX126xSetRx                              0x08005f89   Thumb Code    40  sx126x.o(i.SX126xSetRx)
    SX126xSetRxBoosted                       0x08005fb5   Thumb Code    50  sx126x.o(i.SX126xSetRxBoosted)
    SX126xSetRxDutyCycle                     0x08005fed   Thumb Code    60  sx126x.o(i.SX126xSetRxDutyCycle)
    SX126xSetSleep                           0x0800602d   Thumb Code    24  sx126x.o(i.SX126xSetSleep)
    SX126xSetStandby                         0x08006049   Thumb Code    34  sx126x.o(i.SX126xSetStandby)
    SX126xSetStopRxTimerOnPreambleDetect     0x08006071   Thumb Code    14  sx126x.o(i.SX126xSetStopRxTimerOnPreambleDetect)
    SX126xSetSyncWord                        0x0800607f   Thumb Code    20  sx126x.o(i.SX126xSetSyncWord)
    SX126xSetTx                              0x08006095   Thumb Code    40  sx126x.o(i.SX126xSetTx)
    SX126xSetTxContinuousWave                0x080060c1   Thumb Code    14  sx126x.o(i.SX126xSetTxContinuousWave)
    SX126xSetTxParams                        0x080060cf   Thumb Code   138  sx126x.o(i.SX126xSetTxParams)
    SX126xSetWhiteningSeed                   0x08006159   Thumb Code    58  sx126x.o(i.SX126xSetWhiteningSeed)
    SX126xWaitOnBusy                         0x08006195   Thumb Code    16  sx126x-board.o(i.SX126xWaitOnBusy)
    SX126xWakeup                             0x080061a9   Thumb Code    52  sx126x-board.o(i.SX126xWakeup)
    SX126xWriteBuffer                        0x080061e1   Thumb Code    80  sx126x-board.o(i.SX126xWriteBuffer)
    SX126xWriteCommand                       0x08006235   Thumb Code    74  sx126x-board.o(i.SX126xWriteCommand)
    SX126xWriteRegister                      0x08006285   Thumb Code    16  sx126x-board.o(i.SX126xWriteRegister)
    SX126xWriteRegisters                     0x08006295   Thumb Code    90  sx126x-board.o(i.SX126xWriteRegisters)
    SpiDeInit                                0x080062f5   Thumb Code   100  spi-board.o(i.SpiDeInit)
    SpiFormat                                0x08006359   Thumb Code    52  spi-board.o(i.SpiFormat)
    SpiFrequency                             0x0800638d   Thumb Code    74  spi-board.o(i.SpiFrequency)
    SpiInOut                                 0x080063dd   Thumb Code    86  spi-board.o(i.SpiInOut)
    SpiInit                                  0x08006461   Thumb Code   438  spi-board.o(i.SpiInit)
    SysTick_Handler                          0x08006629   Thumb Code    12  board.o(i.SysTick_Handler)
    SystemInit                               0x0800682d   Thumb Code    82  system_stm32l1xx.o(i.SystemInit)
    TimerGetCurrentTime                      0x080068b1   Thumb Code     8  timer.o(i.TimerGetCurrentTime)
    TimerGetElapsedTime                      0x080068b9   Thumb Code    12  timer.o(i.TimerGetElapsedTime)
    TimerGetValue                            0x080068c5   Thumb Code     8  timer.o(i.TimerGetValue)
    TimerInit                                0x080068cd   Thumb Code    14  timer.o(i.TimerInit)
    TimerIrqHandler                          0x08006975   Thumb Code   136  timer.o(i.TimerIrqHandler)
    TimerLowPowerHandler                     0x08006a01   Thumb Code    58  timer.o(i.TimerLowPowerHandler)
    TimerReset                               0x08006a45   Thumb Code    18  timer.o(i.TimerReset)
    TimerSetValue                            0x08006a79   Thumb Code    18  timer.o(i.TimerSetValue)
    TimerStart                               0x08006a8d   Thumb Code   132  timer.o(i.TimerStart)
    TimerStop                                0x08006b15   Thumb Code   230  timer.o(i.TimerStop)
    USART2_IRQHandler                        0x08007121   Thumb Code    66  uart-board.o(i.USART2_IRQHandler)
    UartConfig                               0x08007169   Thumb Code    58  uart.o(i.UartConfig)
    UartInit                                 0x080071c1   Thumb Code    40  uart.o(i.UartInit)
    UartMcuConfig                            0x080071e9   Thumb Code   298  uart-board.o(i.UartMcuConfig)
    UartMcuInit                              0x0800734d   Thumb Code   114  uart-board.o(i.UartMcuInit)
    UartMcuPutChar                           0x080073c5   Thumb Code    68  uart-board.o(i.UartMcuPutChar)
    UsageFault_Handler                       0x08007411   Thumb Code     4  sysirqhandlers.o(i.UsageFault_Handler)
    __0printf                                0x08007415   Thumb Code    22  printfa.o(i.__0printf)
    __1printf                                0x08007415   Thumb Code     0  printfa.o(i.__0printf)
    __2printf                                0x08007415   Thumb Code     0  printfa.o(i.__0printf)
    __c89printf                              0x08007415   Thumb Code     0  printfa.o(i.__0printf)
    printf                                   0x08007415   Thumb Code     0  printfa.o(i.__0printf)
    __ARM_fpclassify                         0x08007435   Thumb Code    40  fpclassify.o(i.__ARM_fpclassify)
    __kernel_poly                            0x0800745d   Thumb Code   170  poly.o(i.__kernel_poly)
    __mathlib_dbl_divzero                    0x08007509   Thumb Code    12  dunder.o(i.__mathlib_dbl_divzero)
    __mathlib_dbl_infnan2                    0x08007519   Thumb Code     4  dunder.o(i.__mathlib_dbl_infnan2)
    __mathlib_dbl_invalid                    0x0800751d   Thumb Code    12  dunder.o(i.__mathlib_dbl_invalid)
    __mathlib_dbl_overflow                   0x08007529   Thumb Code    14  dunder.o(i.__mathlib_dbl_overflow)
    __mathlib_dbl_underflow                  0x08007539   Thumb Code    10  dunder.o(i.__mathlib_dbl_underflow)
    __scatterload_copy                       0x08007549   Thumb Code    14  handlers.o(i.__scatterload_copy)
    __scatterload_null                       0x08007557   Thumb Code     2  handlers.o(i.__scatterload_null)
    __scatterload_zeroinit                   0x08007559   Thumb Code    14  handlers.o(i.__scatterload_zeroinit)
    __set_errno                              0x08007569   Thumb Code     6  errno.o(i.__set_errno)
    assert_failed                            0x08007e29   Thumb Code    18  board.o(i.assert_failed)
    ceil                                     0x08007e6d   Thumb Code   204  ceil.o(i.ceil)
    floor                                    0x08007f49   Thumb Code   204  floor.o(i.floor)
    fputc                                    0x08008025   Thumb Code    24  uart-board.o(i.fputc)
    main                                     0x08008041   Thumb Code   810  main.o(i.main)
    pow                                      0x080085c1   Thumb Code  2512  pow.o(i.pow)
    rand1                                    0x08008f99   Thumb Code    32  utilities.o(i.rand1)
    randr                                    0x08008fc1   Thumb Code    26  utilities.o(i.randr)
    rint                                     0x08008fdb   Thumb Code     4  rint.o(i.rint)
    round                                    0x08008fe1   Thumb Code   136  round.o(i.round)
    sqrt                                     0x08009075   Thumb Code    76  sqrt.o(i.sqrt)
    PLLMulTable                              0x080090d8   Data           9  system_stm32l1xx.o(.constdata)
    AHBPrescTable                            0x080090e1   Data          16  system_stm32l1xx.o(.constdata)
    APBPrescTable                            0x080090f1   Data           8  system_stm32l1xx.o(.constdata)
    Radio                                    0x080090fc   Data         108  radio.o(.constdata)
    FskBandwidths                            0x08009168   Data         176  radio.o(.constdata)
    Bandwidths                               0x08009218   Data           3  radio.o(.constdata)
    __mathlib_zero                           0x080092a8   Data           8  qnan.o(.constdata)
    Region$$Table$$Base                      0x0800956c   Number         0  anon$$obj.o(Region$$Table)
    Region$$Table$$Limit                     0x0800958c   Number         0  anon$$obj.o(Region$$Table)
    BufferSize                               0x20000000   Data           2  main.o(.data)
    State                                    0x20000002   Data           1  main.o(.data)
    RssiValue                                0x20000003   Data           1  main.o(.data)
    SnrValue                                 0x20000004   Data           1  main.o(.data)
    CadRx                                    0x20000005   Data           1  main.o(.data)
    PacketReceived                           0x20000006   Data           1  main.o(.data)
    RxTimeoutTimerIrqFlag                    0x20000007   Data           1  main.o(.data)
    channelActivityDetectedCnt               0x20000008   Data           2  main.o(.data)
    RxCorrectCnt                             0x2000000a   Data           2  main.o(.data)
    RxErrorCnt                               0x2000000c   Data           2  main.o(.data)
    RxTimeoutCnt                             0x2000000e   Data           2  main.o(.data)
    SymbTimeoutCnt                           0x20000010   Data           2  main.o(.data)
    RssiMoy                                  0x20000012   Data           2  main.o(.data)
    SnrMoy                                   0x20000014   Data           1  main.o(.data)
    Uart2TxBuffer                            0x20000017   Data           8  board.o(.data)
    NonScheduledWakeUp                       0x20000024   Data           1  rtc-board.o(.data)
    McuWakeUpTime                            0x2000002c   Data           4  rtc-board.o(.data)
    RxData                                   0x20000030   Data           1  uart-board.o(.data)
    TxData                                   0x20000031   Data           1  uart-board.o(.data)
    SystemCoreClock                          0x20000034   Data           4  system_stm32l1xx.o(.data)
    uwTick                                   0x20000038   Data           4  stm32l1xx_hal.o(.data)
    FrequencyError                           0x20000044   Data           4  sx126x.o(.data)
    MaxPayloadLength                         0x200000e0   Data           1  radio.o(.data)
    TxTimeout                                0x200000e4   Data           4  radio.o(.data)
    RxTimeout                                0x200000e8   Data           4  radio.o(.data)
    RxContinuous                             0x200000ec   Data           1  radio.o(.data)
    IrqFired                                 0x200000ed   Data           1  radio.o(.data)
    HasLoopedThroughMain                     0x200000f4   Data           1  timer.o(.data)
    __stdout                                 0x200000fc   Data           4  stdout.o(.data)
    Buffer                                   0x20000104   Data          64  main.o(.bss)
    CADTimeoutTimer                          0x20000144   Data          20  main.o(.bss)
    RxAppTimeoutTimer                        0x20000158   Data          20  main.o(.bss)
    Led1                                     0x20000188   Data          12  board.o(.bss)
    Led2                                     0x20000194   Data          12  board.o(.bss)
    Uart2                                    0x200001a0   Data          56  board.o(.bss)
    Uart2RxBuffer                            0x200001ec   Data         256  board.o(.bss)
    RtcCalendarContext                       0x2000032c   Data          24  rtc-board.o(.bss)
    RtcHandle                                0x20000344   Data          32  rtc-board.o(.bss)
    AntPow                                   0x20000364   Data          12  sx126x-board.o(.bss)
    DeviceSel                                0x20000370   Data          12  sx126x-board.o(.bss)
    UartHandle                               0x2000037c   Data          64  uart-board.o(.bss)
    RadioPktStatus                           0x200003bc   Data          20  radio.o(.bss)
    RadioRxPayload                           0x200003d0   Data         255  radio.o(.bss)
    SX126x                                   0x200004d0   Data         256  radio.o(.bss)
    TxTimeoutTimer                           0x200005d0   Data          20  radio.o(.bss)
    RxTimeoutTimer                           0x200005e4   Data          20  radio.o(.bss)
    __initial_sp                             0x200009f8   Data           0  startup_stm32l152xe.o(STACK)



==============================================================================

Memory Map of the image

  Image Entry point : 0x08000125

  Load Region LR_IROM1 (Base: 0x08000000, Size: 0x00009690, Max: 0x00080000, ABSOLUTE)

    Execution Region ER_IROM1 (Base: 0x08000000, Size: 0x0000958c, Max: 0x00080000, ABSOLUTE)

    Base Addr    Size         Type   Attr      Idx    E Section Name        Object

    0x08000000   0x00000124   Data   RO          988    RESET               startup_stm32l152xe.o
    0x08000124   0x00000000   Code   RO         3635  * .ARM.Collect$$$$00000000  mc_w.l(entry.o)
    0x08000124   0x00000004   Code   RO         3960    .ARM.Collect$$$$00000001  mc_w.l(entry2.o)
    0x08000128   0x00000004   Code   RO         3963    .ARM.Collect$$$$00000004  mc_w.l(entry5.o)
    0x0800012c   0x00000000   Code   RO         3965    .ARM.Collect$$$$00000008  mc_w.l(entry7b.o)
    0x0800012c   0x00000000   Code   RO         3967    .ARM.Collect$$$$0000000A  mc_w.l(entry8b.o)
    0x0800012c   0x00000008   Code   RO         3968    .ARM.Collect$$$$0000000B  mc_w.l(entry9a.o)
    0x08000134   0x00000000   Code   RO         3970    .ARM.Collect$$$$0000000D  mc_w.l(entry10a.o)
    0x08000134   0x00000000   Code   RO         3972    .ARM.Collect$$$$0000000F  mc_w.l(entry11a.o)
    0x08000134   0x00000004   Code   RO         3961    .ARM.Collect$$$$00002712  mc_w.l(entry2.o)
    0x08000138   0x00000024   Code   RO          989    .text               startup_stm32l152xe.o
    0x0800015c   0x00000024   Code   RO         3638    .text               mc_w.l(memcpya.o)
    0x08000180   0x00000024   Code   RO         3640    .text               mc_w.l(memseta.o)
    0x080001a4   0x000000b0   Code   RO         3905    .text               mf_w.l(fadd.o)
    0x08000254   0x00000064   Code   RO         3907    .text               mf_w.l(fmul.o)
    0x080002b8   0x0000007c   Code   RO         3909    .text               mf_w.l(fdiv.o)
    0x08000334   0x0000014e   Code   RO         3911    .text               mf_w.l(dadd.o)
    0x08000482   0x000000e4   Code   RO         3913    .text               mf_w.l(dmul.o)
    0x08000566   0x000000de   Code   RO         3915    .text               mf_w.l(ddiv.o)
    0x08000644   0x0000000a   Code   RO         3917    .text               mf_w.l(ffltui.o)
    0x0800064e   0x00000022   Code   RO         3919    .text               mf_w.l(dflti.o)
    0x08000670   0x0000001a   Code   RO         3921    .text               mf_w.l(dfltui.o)
    0x0800068a   0x0000003e   Code   RO         3925    .text               mf_w.l(dfixi.o)
    0x080006c8   0x00000032   Code   RO         3927    .text               mf_w.l(dfixui.o)
    0x080006fa   0x00000026   Code   RO         3929    .text               mf_w.l(f2d.o)
    0x08000720   0x00000030   Code   RO         3931    .text               mf_w.l(cdrcmple.o)
    0x08000750   0x0000002c   Code   RO         3975    .text               mc_w.l(uidiv.o)
    0x0800077c   0x00000062   Code   RO         3977    .text               mc_w.l(uldiv.o)
    0x080007de   0x0000001e   Code   RO         3979    .text               mc_w.l(llshl.o)
    0x080007fc   0x00000020   Code   RO         3981    .text               mc_w.l(llushr.o)
    0x0800081c   0x00000024   Code   RO         3983    .text               mc_w.l(llsshr.o)
    0x08000840   0x00000000   Code   RO         3992    .text               mc_w.l(iusefp.o)
    0x08000840   0x0000006e   Code   RO         3993    .text               mf_w.l(fepilogue.o)
    0x080008ae   0x000000ba   Code   RO         3995    .text               mf_w.l(depilogue.o)
    0x08000968   0x0000002e   Code   RO         3997    .text               mf_w.l(dscalb.o)
    0x08000996   0x00000002   PAD
    0x08000998   0x00000088   Code   RO         3999    .text               mf_w.l(drnd.o)
    0x08000a20   0x00000030   Code   RO         4001    .text               mf_w.l(dfixul.o)
    0x08000a50   0x00000030   Code   RO         4003    .text               mf_w.l(cdcmple.o)
    0x08000a80   0x00000024   Code   RO         4005    .text               mc_w.l(init.o)
    0x08000aa4   0x000000a2   Code   RO         4007    .text               mf_w.l(dsqrt.o)
    0x08000b46   0x00000002   PAD
    0x08000b48   0x00000018   Code   RO          498    i.BlockLowPowerDuringTask  rtc-board.o
    0x08000b60   0x00000014   Code   RO          254    i.BoardDeInitMcu    board.o
    0x08000b74   0x00000014   Code   RO          255    i.BoardDisableIrq   board.o
    0x08000b88   0x00000018   Code   RO          256    i.BoardEnableIrq    board.o
    0x08000ba0   0x000000f0   Code   RO          261    i.BoardInitMcu      board.o
    0x08000c90   0x00000002   Code   RO          262    i.BoardInitPeriph   board.o
    0x08000c92   0x00000010   Code   RO          263    i.BoardUnusedIoInit  board.o
    0x08000ca2   0x00000004   Code   RO         2673    i.BusFault_Handler  sysirqhandlers.o
    0x08000ca6   0x00000002   PAD
    0x08000ca8   0x00000018   Code   RO            4    i.CADTimeoutTimeoutIrq  main.o
    0x08000cc0   0x0000003c   Code   RO          264    i.CalibrateSystemWakeupTime  board.o
    0x08000cfc   0x00000002   Code   RO         2674    i.DebugMon_Handler  sysirqhandlers.o
    0x08000cfe   0x0000000c   Code   RO         3319    i.DelayMs           delay.o
    0x08000d0a   0x0000000e   Code   RO          391    i.EXTI0_IRQHandler  gpio-board.o
    0x08000d18   0x00000038   Code   RO          392    i.EXTI15_10_IRQHandler  gpio-board.o
    0x08000d50   0x0000000e   Code   RO          393    i.EXTI1_IRQHandler  gpio-board.o
    0x08000d5e   0x0000000e   Code   RO          394    i.EXTI2_IRQHandler  gpio-board.o
    0x08000d6c   0x0000000e   Code   RO          395    i.EXTI3_IRQHandler  gpio-board.o
    0x08000d7a   0x0000000e   Code   RO          396    i.EXTI4_IRQHandler  gpio-board.o
    0x08000d88   0x0000002a   Code   RO          397    i.EXTI9_5_IRQHandler  gpio-board.o
    0x08000db2   0x0000000c   Code   RO         3346    i.FifoInit          fifo.o
    0x08000dbe   0x00000014   Code   RO         3347    i.FifoNext          fifo.o
    0x08000dd2   0x0000001e   Code   RO         3348    i.FifoPop           fifo.o
    0x08000df0   0x00000018   Code   RO         3349    i.FifoPush          fifo.o
    0x08000e08   0x00000014   Code   RO          265    i.GetBoardPowerSource  board.o
    0x08000e1c   0x0000002c   Code   RO         3395    i.GpioInit          gpio.o
    0x08000e48   0x00000168   Code   RO          398    i.GpioMcuInit       gpio-board.o
    0x08000fb0   0x00000050   Code   RO          399    i.GpioMcuRead       gpio-board.o
    0x08001000   0x00000148   Code   RO          401    i.GpioMcuSetInterrupt  gpio-board.o
    0x08001148   0x00000058   Code   RO          403    i.GpioMcuWrite      gpio-board.o
    0x080011a0   0x0000001c   Code   RO         3396    i.GpioRead          gpio.o
    0x080011bc   0x00000028   Code   RO         3398    i.GpioSetInterrupt  gpio.o
    0x080011e4   0x0000001c   Code   RO         3400    i.GpioWrite         gpio.o
    0x08001200   0x00000014   Code   RO          999    i.HAL_DBGMCU_EnableDBGSleepMode  stm32l1xx_hal.o
    0x08001214   0x00000014   Code   RO         1000    i.HAL_DBGMCU_EnableDBGStandbyMode  stm32l1xx_hal.o
    0x08001228   0x00000014   Code   RO         1001    i.HAL_DBGMCU_EnableDBGStopMode  stm32l1xx_hal.o
    0x0800123c   0x0000001a   Code   RO         1003    i.HAL_Delay         stm32l1xx_hal.o
    0x08001256   0x00000002   PAD
    0x08001258   0x0000002c   Code   RO          404    i.HAL_GPIO_EXTI_Callback  gpio-board.o
    0x08001284   0x0000001c   Code   RO         1358    i.HAL_GPIO_EXTI_IRQHandler  stm32l1xx_hal_gpio.o
    0x080012a0   0x00000358   Code   RO         1359    i.HAL_GPIO_Init     stm32l1xx_hal_gpio.o
    0x080015f8   0x00000030   Code   RO         1361    i.HAL_GPIO_ReadPin  stm32l1xx_hal_gpio.o
    0x08001628   0x00000040   Code   RO         1363    i.HAL_GPIO_WritePin  stm32l1xx_hal_gpio.o
    0x08001668   0x0000000c   Code   RO         1007    i.HAL_GetTick       stm32l1xx_hal.o
    0x08001674   0x00000010   Code   RO         1008    i.HAL_IncTick       stm32l1xx_hal.o
    0x08001684   0x00000016   Code   RO         1009    i.HAL_Init          stm32l1xx_hal.o
    0x0800169a   0x00000002   PAD
    0x0800169c   0x00000028   Code   RO         1010    i.HAL_InitTick      stm32l1xx_hal.o
    0x080016c4   0x00000002   Code   RO         1012    i.HAL_MspInit       stm32l1xx_hal.o
    0x080016c6   0x00000002   PAD
    0x080016c8   0x00000030   Code   RO         1134    i.HAL_NVIC_EnableIRQ  stm32l1xx_hal_cortex.o
    0x080016f8   0x0000009c   Code   RO         1140    i.HAL_NVIC_SetPriority  stm32l1xx_hal_cortex.o
    0x08001794   0x00000050   Code   RO         1141    i.HAL_NVIC_SetPriorityGrouping  stm32l1xx_hal_cortex.o
    0x080017e4   0x00000018   Code   RO         1547    i.HAL_PWREx_EnableFastWakeUp  stm32l1xx_hal_pwr_ex.o
    0x080017fc   0x00000018   Code   RO         1549    i.HAL_PWREx_EnableUltraLowPower  stm32l1xx_hal_pwr_ex.o
    0x08001814   0x00000010   Code   RO         1550    i.HAL_PWREx_GetVoltageRange  stm32l1xx_hal_pwr_ex.o
    0x08001824   0x00000018   Code   RO         1426    i.HAL_PWR_DisablePVD  stm32l1xx_hal_pwr.o
    0x0800183c   0x00000070   Code   RO         1437    i.HAL_PWR_EnterSTOPMode  stm32l1xx_hal_pwr.o
    0x080018ac   0x0000029c   Code   RO         1719    i.HAL_RCCEx_PeriphCLKConfig  stm32l1xx_hal_rcc_ex.o
    0x08001b48   0x00000400   Code   RO         1605    i.HAL_RCC_ClockConfig  stm32l1xx_hal_rcc.o
    0x08001f48   0x0000000c   Code   RO         1610    i.HAL_RCC_GetHCLKFreq  stm32l1xx_hal_rcc.o
    0x08001f54   0x0000002c   Code   RO         1612    i.HAL_RCC_GetPCLK1Freq  stm32l1xx_hal_rcc.o
    0x08001f80   0x0000002c   Code   RO         1613    i.HAL_RCC_GetPCLK2Freq  stm32l1xx_hal_rcc.o
    0x08001fac   0x000000b0   Code   RO         1614    i.HAL_RCC_GetSysClockFreq  stm32l1xx_hal_rcc.o
    0x0800205c   0x00000bf8   Code   RO         1617    i.HAL_RCC_OscConfig  stm32l1xx_hal_rcc.o
    0x08002c54   0x00000002   Code   RO         1888    i.HAL_RTCEx_AlarmBEventCallback  stm32l1xx_hal_rtc_ex.o
    0x08002c56   0x0000004e   Code   RO         1898    i.HAL_RTCEx_EnableBypassShadow  stm32l1xx_hal_rtc_ex.o
    0x08002ca4   0x00000002   Code   RO         1779    i.HAL_RTC_AlarmAEventCallback  stm32l1xx_hal_rtc.o
    0x08002ca6   0x00000002   PAD
    0x08002ca8   0x0000006c   Code   RO         1780    i.HAL_RTC_AlarmIRQHandler  stm32l1xx_hal_rtc.o
    0x08002d14   0x00000110   Code   RO         1782    i.HAL_RTC_DeactivateAlarm  stm32l1xx_hal_rtc.o
    0x08002e24   0x000000d4   Code   RO         1926    i.HAL_RTC_GetAlarm  stm32l1xx_hal_rtc_ex.o
    0x08002ef8   0x00000068   Code   RO         1783    i.HAL_RTC_GetDate   stm32l1xx_hal_rtc.o
    0x08002f60   0x0000007c   Code   RO         1927    i.HAL_RTC_GetTime   stm32l1xx_hal_rtc_ex.o
    0x08002fdc   0x00000158   Code   RO         1785    i.HAL_RTC_Init      stm32l1xx_hal_rtc.o
    0x08003134   0x00000002   Code   RO         1787    i.HAL_RTC_MspInit   stm32l1xx_hal_rtc.o
    0x08003136   0x00000002   PAD
    0x08003138   0x0000048c   Code   RO         1929    i.HAL_RTC_SetAlarm_IT  stm32l1xx_hal_rtc_ex.o
    0x080035c4   0x000001d0   Code   RO         1789    i.HAL_RTC_SetDate   stm32l1xx_hal_rtc.o
    0x08003794   0x00000244   Code   RO         1790    i.HAL_RTC_SetTime   stm32l1xx_hal_rtc.o
    0x080039d8   0x00000044   Code   RO         1930    i.HAL_RTC_WaitForSynchro  stm32l1xx_hal_rtc_ex.o
    0x08003a1c   0x00000030   Code   RO         2168    i.HAL_SPI_DeInit    stm32l1xx_hal_spi.o
    0x08003a4c   0x000001d8   Code   RO         2405    i.HAL_SPI_Init      stm32l1xx_hal_spi_ex.o
    0x08003c24   0x00000002   Code   RO         2174    i.HAL_SPI_MspDeInit  stm32l1xx_hal_spi.o
    0x08003c26   0x00000002   Code   RO         2175    i.HAL_SPI_MspInit   stm32l1xx_hal_spi.o
    0x08003c28   0x00000044   Code   RO         1143    i.HAL_SYSTICK_CLKSourceConfig  stm32l1xx_hal_cortex.o
    0x08003c6c   0x00000002   Code   RO         1144    i.HAL_SYSTICK_Callback  stm32l1xx_hal_cortex.o
    0x08003c6e   0x00000034   Code   RO         1145    i.HAL_SYSTICK_Config  stm32l1xx_hal_cortex.o
    0x08003ca2   0x00000008   Code   RO         1146    i.HAL_SYSTICK_IRQHandler  stm32l1xx_hal_cortex.o
    0x08003caa   0x00000002   PAD
    0x08003cac   0x00000018   Code   RO          811    i.HAL_UART_ErrorCallback  uart-board.o
    0x08003cc4   0x000000da   Code   RO         2445    i.HAL_UART_IRQHandler  stm32l1xx_hal_uart.o
    0x08003d9e   0x00000002   PAD
    0x08003da0   0x00000134   Code   RO         2446    i.HAL_UART_Init     stm32l1xx_hal_uart.o
    0x08003ed4   0x00000002   Code   RO         2448    i.HAL_UART_MspInit  stm32l1xx_hal_uart.o
    0x08003ed6   0x00000086   Code   RO         2451    i.HAL_UART_Receive_IT  stm32l1xx_hal_uart.o
    0x08003f5c   0x00000040   Code   RO          812    i.HAL_UART_RxCpltCallback  uart-board.o
    0x08003f9c   0x0000006e   Code   RO         2456    i.HAL_UART_Transmit_IT  stm32l1xx_hal_uart.o
    0x0800400a   0x00000002   PAD
    0x0800400c   0x00000040   Code   RO          813    i.HAL_UART_TxCpltCallback  uart-board.o
    0x0800404c   0x00000012   Code   RO         3350    i.IsFifoEmpty       fifo.o
    0x0800405e   0x0000001a   Code   RO         3351    i.IsFifoFull        fifo.o
    0x08004078   0x00000004   Code   RO         2675    i.MemManage_Handler  sysirqhandlers.o
    0x0800407c   0x00000002   Code   RO         2676    i.NMI_Handler       sysirqhandlers.o
    0x0800407e   0x00000002   PAD
    0x08004080   0x00000010   Code   RO         1147    i.NVIC_GetPriorityGrouping  stm32l1xx_hal_cortex.o
    0x08004090   0x00000028   Code   RO         1148    i.NVIC_SetPriority  stm32l1xx_hal_cortex.o
    0x080040b8   0x00000030   Code   RO            5    i.OnCadDone         main.o
    0x080040e8   0x0000000c   Code   RO          266    i.OnCalibrateSystemWakeupTimeTimerEvent  board.o
    0x080040f4   0x000000ac   Code   RO            6    i.OnRxDone          main.o
    0x080041a0   0x00000018   Code   RO            7    i.OnRxError         main.o
    0x080041b8   0x0000004c   Code   RO            8    i.OnRxTimeout       main.o
    0x08004204   0x00000018   Code   RO            9    i.OnTxDone          main.o
    0x0800421c   0x00000018   Code   RO           10    i.OnTxTimeout       main.o
    0x08004234   0x000000a8   Code   RO         1618    i.RCC_SetFlashLatencyFromMSIRange  stm32l1xx_hal_rcc.o
    0x080042dc   0x0000002c   Code   RO          499    i.RTC_Alarm_IRQHandler  rtc-board.o
    0x08004308   0x00000016   Code   RO         1791    i.RTC_Bcd2ToByte    stm32l1xx_hal_rtc.o
    0x0800431e   0x0000001a   Code   RO         1792    i.RTC_ByteToBcd2    stm32l1xx_hal_rtc.o
    0x08004338   0x0000003e   Code   RO         1793    i.RTC_EnterInitMode  stm32l1xx_hal_rtc.o
    0x08004376   0x00000006   Code   RO         3086    i.RadioCheckRfFrequency  radio.o
    0x0800437c   0x0000003c   Code   RO         3087    i.RadioGetFskBandwidthRegValue  radio.o
    0x080043b8   0x00000024   Code   RO         3088    i.RadioGetStatus    radio.o
    0x080043dc   0x00000004   Code   RO         3089    i.RadioGetWakeupTime  radio.o
    0x080043e0   0x0000006c   Code   RO         3090    i.RadioInit         radio.o
    0x0800444c   0x00000164   Code   RO         3091    i.RadioIrqProcess   radio.o
    0x080045b0   0x00000060   Code   RO         3092    i.RadioIsChannelFree  radio.o
    0x08004610   0x0000000c   Code   RO         3093    i.RadioOnDioIrq     radio.o
    0x0800461c   0x00000020   Code   RO         3094    i.RadioOnRxTimeoutIrq  radio.o
    0x0800463c   0x00000020   Code   RO         3095    i.RadioOnTxTimeoutIrq  radio.o
    0x0800465c   0x00000036   Code   RO         3096    i.RadioRandom       radio.o
    0x08004692   0x0000000c   Code   RO         3097    i.RadioRead         radio.o
    0x0800469e   0x00000014   Code   RO         3098    i.RadioReadBuffer   radio.o
    0x080046b2   0x0000000a   Code   RO         3100    i.RadioRssi         radio.o
    0x080046bc   0x0000004c   Code   RO         3101    i.RadioRx           radio.o
    0x08004708   0x0000004c   Code   RO         3102    i.RadioRxBoosted    radio.o
    0x08004754   0x0000005c   Code   RO         3103    i.RadioSend         radio.o
    0x080047b0   0x0000000c   Code   RO         3104    i.RadioSetChannel   radio.o
    0x080047bc   0x00000040   Code   RO         3105    i.RadioSetMaxPayloadLength  radio.o
    0x080047fc   0x00000044   Code   RO         3106    i.RadioSetModem     radio.o
    0x08004840   0x00000044   Code   RO         3107    i.RadioSetPublicNetwork  radio.o
    0x08004884   0x00000250   Code   RO         3108    i.RadioSetRxConfig  radio.o
    0x08004ad4   0x00000010   Code   RO         3109    i.RadioSetRxDutyCycle  radio.o
    0x08004ae4   0x000001b8   Code   RO         3110    i.RadioSetTxConfig  radio.o
    0x08004c9c   0x0000004c   Code   RO         3111    i.RadioSetTxContinuousWave  radio.o
    0x08004ce8   0x00000020   Code   RO         3112    i.RadioSleep        radio.o
    0x08004d08   0x0000000a   Code   RO         3113    i.RadioStandby      radio.o
    0x08004d12   0x00000008   Code   RO         3114    i.RadioStartCad     radio.o
    0x08004d1a   0x00000002   PAD
    0x08004d1c   0x00000234   Code   RO         3115    i.RadioTimeOnAir    radio.o
    0x08004f50   0x00000010   Code   RO         3117    i.RadioWrite        radio.o
    0x08004f60   0x00000014   Code   RO         3118    i.RadioWriteBuffer  radio.o
    0x08004f74   0x0000002c   Code   RO          500    i.RtcComputeElapsedTime  rtc-board.o
    0x08004fa0   0x00000174   Code   RO          502    i.RtcComputeTimerTimeToAlarmTick  rtc-board.o
    0x08005114   0x00000058   Code   RO          503    i.RtcComputeWakeUpTime  rtc-board.o
    0x0800516c   0x00000100   Code   RO          504    i.RtcConvertCalendarTickToTimerTime  rtc-board.o
    0x0800526c   0x00000040   Code   RO          505    i.RtcConvertMsToTick  rtc-board.o
    0x080052ac   0x00000040   Code   RO          506    i.RtcConvertTickToMs  rtc-board.o
    0x080052ec   0x00000044   Code   RO          508    i.RtcEnterLowPowerStopMode  rtc-board.o
    0x08005330   0x0000004c   Code   RO          509    i.RtcGetAdjustedTimeoutValue  rtc-board.o
    0x0800537c   0x00000054   Code   RO          510    i.RtcGetCalendar    rtc-board.o
    0x080053d0   0x00000034   Code   RO          511    i.RtcGetElapsedAlarmTime  rtc-board.o
    0x08005404   0x0000001a   Code   RO          512    i.RtcGetTimerValue  rtc-board.o
    0x0800541e   0x00000002   PAD
    0x08005420   0x000000b8   Code   RO          513    i.RtcInit           rtc-board.o
    0x080054d8   0x00000048   Code   RO          514    i.RtcRecoverMcuStatus  rtc-board.o
    0x08005520   0x00000012   Code   RO          515    i.RtcSetTimeout     rtc-board.o
    0x08005532   0x00000002   PAD
    0x08005534   0x000000d8   Code   RO          516    i.RtcStartWakeUpAlarm  rtc-board.o
    0x0800560c   0x0000000c   Code   RO           11    i.RxTimeoutTimerIrq  main.o
    0x08005618   0x0000001c   Code   RO          676    i.SX126xAntSwOff    sx126x-board.o
    0x08005634   0x0000001c   Code   RO          677    i.SX126xAntSwOn     sx126x-board.o
    0x08005650   0x00000088   Code   RO         2784    i.SX126xCalibrateImage  sx126x.o
    0x080056d8   0x0000001e   Code   RO         2785    i.SX126xCheckDeviceReady  sx126x.o
    0x080056f6   0x0000001c   Code   RO         2787    i.SX126xClearIrqStatus  sx126x.o
    0x08005712   0x00000002   PAD
    0x08005714   0x00000050   Code   RO           12    i.SX126xConfigureCad  main.o
    0x08005764   0x0000001a   Code   RO         2789    i.SX126xGetIrqStatus  sx126x.o
    0x0800577e   0x00000002   PAD
    0x08005780   0x0000000c   Code   RO         2790    i.SX126xGetOperatingMode  sx126x.o
    0x0800578c   0x00000018   Code   RO          679    i.SX126xGetPaSelect  sx126x-board.o
    0x080057a4   0x0000009c   Code   RO         2791    i.SX126xGetPacketStatus  sx126x.o
    0x08005840   0x0000000c   Code   RO         2792    i.SX126xGetPacketType  sx126x.o
    0x0800584c   0x0000002e   Code   RO         2793    i.SX126xGetPayload  sx126x.o
    0x0800587a   0x0000001c   Code   RO         2795    i.SX126xGetRssiInst  sx126x.o
    0x08005896   0x00000042   Code   RO         2796    i.SX126xGetRxBufferStatus  sx126x.o
    0x080058d8   0x0000002c   Code   RO         2798    i.SX126xInit        sx126x.o
    0x08005904   0x00000044   Code   RO          680    i.SX126xIoDeInit    sx126x-board.o
    0x08005948   0x00000058   Code   RO          681    i.SX126xIoInit      sx126x-board.o
    0x080059a0   0x00000018   Code   RO          682    i.SX126xIoIrqInit   sx126x-board.o
    0x080059b8   0x00000060   Code   RO          683    i.SX126xReadBuffer  sx126x-board.o
    0x08005a18   0x00000058   Code   RO          684    i.SX126xReadCommand  sx126x-board.o
    0x08005a70   0x00000014   Code   RO          685    i.SX126xReadRegister  sx126x-board.o
    0x08005a84   0x0000006c   Code   RO          686    i.SX126xReadRegisters  sx126x-board.o
    0x08005af0   0x00000040   Code   RO          687    i.SX126xReset       sx126x-board.o
    0x08005b30   0x00000018   Code   RO         2799    i.SX126xSendPayload  sx126x.o
    0x08005b48   0x0000001a   Code   RO         2800    i.SX126xSetBufferBaseAddress  sx126x.o
    0x08005b62   0x00000002   PAD
    0x08005b64   0x00000018   Code   RO         2801    i.SX126xSetCad      sx126x.o
    0x08005b7c   0x00000048   Code   RO         2802    i.SX126xSetCadParams  sx126x.o
    0x08005bc4   0x0000002a   Code   RO         2803    i.SX126xSetCrcPolynomial  sx126x.o
    0x08005bee   0x0000002a   Code   RO         2804    i.SX126xSetCrcSeed  sx126x.o
    0x08005c18   0x0000000e   Code   RO         2805    i.SX126xSetDio2AsRfSwitchCtrl  sx126x.o
    0x08005c26   0x0000004a   Code   RO         2807    i.SX126xSetDioIrqParams  sx126x.o
    0x08005c70   0x0000000e   Code   RO         2809    i.SX126xSetLoRaSymbNumTimeout  sx126x.o
    0x08005c7e   0x00000002   PAD
    0x08005c80   0x00000124   Code   RO         2810    i.SX126xSetModulationParams  sx126x.o
    0x08005da4   0x00000026   Code   RO         2811    i.SX126xSetPaConfig  sx126x.o
    0x08005dca   0x00000002   PAD
    0x08005dcc   0x000000e0   Code   RO         2812    i.SX126xSetPacketParams  sx126x.o
    0x08005eac   0x0000001c   Code   RO         2813    i.SX126xSetPacketType  sx126x.o
    0x08005ec8   0x00000012   Code   RO         2814    i.SX126xSetPayload  sx126x.o
    0x08005eda   0x0000000e   Code   RO         2815    i.SX126xSetRegulatorMode  sx126x.o
    0x08005ee8   0x00000090   Code   RO         2816    i.SX126xSetRfFrequency  sx126x.o
    0x08005f78   0x0000000e   Code   RO          688    i.SX126xSetRfTxPower  sx126x-board.o
    0x08005f86   0x00000002   PAD
    0x08005f88   0x0000002c   Code   RO         2817    i.SX126xSetRx       sx126x.o
    0x08005fb4   0x00000038   Code   RO         2818    i.SX126xSetRxBoosted  sx126x.o
    0x08005fec   0x00000040   Code   RO         2819    i.SX126xSetRxDutyCycle  sx126x.o
    0x0800602c   0x0000001c   Code   RO         2821    i.SX126xSetSleep    sx126x.o
    0x08006048   0x00000028   Code   RO         2822    i.SX126xSetStandby  sx126x.o
    0x08006070   0x0000000e   Code   RO         2823    i.SX126xSetStopRxTimerOnPreambleDetect  sx126x.o
    0x0800607e   0x00000014   Code   RO         2824    i.SX126xSetSyncWord  sx126x.o
    0x08006092   0x00000002   PAD
    0x08006094   0x0000002c   Code   RO         2825    i.SX126xSetTx       sx126x.o
    0x080060c0   0x0000000e   Code   RO         2826    i.SX126xSetTxContinuousWave  sx126x.o
    0x080060ce   0x0000008a   Code   RO         2828    i.SX126xSetTxParams  sx126x.o
    0x08006158   0x0000003a   Code   RO         2829    i.SX126xSetWhiteningSeed  sx126x.o
    0x08006192   0x00000002   PAD
    0x08006194   0x00000014   Code   RO          689    i.SX126xWaitOnBusy  sx126x-board.o
    0x080061a8   0x00000038   Code   RO          690    i.SX126xWakeup      sx126x-board.o
    0x080061e0   0x00000054   Code   RO          691    i.SX126xWriteBuffer  sx126x-board.o
    0x08006234   0x00000050   Code   RO          692    i.SX126xWriteCommand  sx126x-board.o
    0x08006284   0x00000010   Code   RO          693    i.SX126xWriteRegister  sx126x-board.o
    0x08006294   0x00000060   Code   RO          694    i.SX126xWriteRegisters  sx126x-board.o
    0x080062f4   0x00000064   Code   RO          628    i.SpiDeInit         spi-board.o
    0x08006358   0x00000034   Code   RO          629    i.SpiFormat         spi-board.o
    0x0800638c   0x00000050   Code   RO          630    i.SpiFrequency      spi-board.o
    0x080063dc   0x00000084   Code   RO          631    i.SpiInOut          spi-board.o
    0x08006460   0x000001c8   Code   RO          632    i.SpiInit           spi-board.o
    0x08006628   0x0000000c   Code   RO          267    i.SysTick_Handler   board.o
    0x08006634   0x000000f4   Code   RO          268    i.SystemClockConfig  board.o
    0x08006728   0x00000104   Code   RO          269    i.SystemClockReConfig  board.o
    0x0800682c   0x00000064   Code   RO          894    i.SystemInit        system_stm32l1xx.o
    0x08006890   0x00000020   Code   RO         3449    i.TimerExists       timer.o
    0x080068b0   0x00000008   Code   RO         3450    i.TimerGetCurrentTime  timer.o
    0x080068b8   0x0000000c   Code   RO         3451    i.TimerGetElapsedTime  timer.o
    0x080068c4   0x00000008   Code   RO         3453    i.TimerGetValue     timer.o
    0x080068cc   0x0000000e   Code   RO         3454    i.TimerInit         timer.o
    0x080068da   0x00000002   PAD
    0x080068dc   0x0000002c   Code   RO         3455    i.TimerInsertNewHeadTimer  timer.o
    0x08006908   0x0000006c   Code   RO         3456    i.TimerInsertTimer  timer.o
    0x08006974   0x0000008c   Code   RO         3457    i.TimerIrqHandler   timer.o
    0x08006a00   0x00000044   Code   RO         3458    i.TimerLowPowerHandler  timer.o
    0x08006a44   0x00000012   Code   RO         3459    i.TimerReset        timer.o
    0x08006a56   0x00000002   PAD
    0x08006a58   0x00000020   Code   RO         3460    i.TimerSetTimeout   timer.o
    0x08006a78   0x00000012   Code   RO         3461    i.TimerSetValue     timer.o
    0x08006a8a   0x00000002   PAD
    0x08006a8c   0x00000088   Code   RO         3462    i.TimerStart        timer.o
    0x08006b14   0x000000ec   Code   RO         3463    i.TimerStop         timer.o
    0x08006c00   0x00000030   Code   RO         2464    i.UART_EndTransmit_IT  stm32l1xx_hal_uart.o
    0x08006c30   0x000000bc   Code   RO         2465    i.UART_Receive_IT   stm32l1xx_hal_uart.o
    0x08006cec   0x000003c4   Code   RO         2466    i.UART_SetConfig    stm32l1xx_hal_uart.o
    0x080070b0   0x00000070   Code   RO         2467    i.UART_Transmit_IT  stm32l1xx_hal_uart.o
    0x08007120   0x00000048   Code   RO          814    i.USART2_IRQHandler  uart-board.o
    0x08007168   0x00000058   Code   RO         3556    i.UartConfig        uart.o
    0x080071c0   0x00000028   Code   RO         3560    i.UartInit          uart.o
    0x080071e8   0x00000164   Code   RO          815    i.UartMcuConfig     uart-board.o
    0x0800734c   0x00000078   Code   RO          818    i.UartMcuInit       uart-board.o
    0x080073c4   0x0000004c   Code   RO          819    i.UartMcuPutChar    uart-board.o
    0x08007410   0x00000004   Code   RO         2677    i.UsageFault_Handler  sysirqhandlers.o
    0x08007414   0x00000020   Code   RO         3877    i.__0printf         mc_w.l(printfa.o)
    0x08007434   0x00000028   Code   RO         3947    i.__ARM_fpclassify  m_ws.l(fpclassify.o)
    0x0800745c   0x000000aa   Code   RO         3949    i.__kernel_poly     m_ws.l(poly.o)
    0x08007506   0x00000002   PAD
    0x08007508   0x00000010   Code   RO         3933    i.__mathlib_dbl_divzero  m_ws.l(dunder.o)
    0x08007518   0x00000004   Code   RO         3935    i.__mathlib_dbl_infnan2  m_ws.l(dunder.o)
    0x0800751c   0x0000000c   Code   RO         3936    i.__mathlib_dbl_invalid  m_ws.l(dunder.o)
    0x08007528   0x0000000e   Code   RO         3937    i.__mathlib_dbl_overflow  m_ws.l(dunder.o)
    0x08007536   0x00000002   PAD
    0x08007538   0x00000010   Code   RO         3939    i.__mathlib_dbl_underflow  m_ws.l(dunder.o)
    0x08007548   0x0000000e   Code   RO         4011    i.__scatterload_copy  mc_w.l(handlers.o)
    0x08007556   0x00000002   Code   RO         4012    i.__scatterload_null  mc_w.l(handlers.o)
    0x08007558   0x0000000e   Code   RO         4013    i.__scatterload_zeroinit  mc_w.l(handlers.o)
    0x08007566   0x00000002   PAD
    0x08007568   0x0000000c   Code   RO         3987    i.__set_errno       mc_w.l(errno.o)
    0x08007574   0x00000184   Code   RO         3884    i._fp_digits        mc_w.l(printfa.o)
    0x080076f8   0x000006dc   Code   RO         3885    i._printf_core      mc_w.l(printfa.o)
    0x08007dd4   0x00000024   Code   RO         3886    i._printf_post_padding  mc_w.l(printfa.o)
    0x08007df8   0x0000002e   Code   RO         3887    i._printf_pre_padding  mc_w.l(printfa.o)
    0x08007e26   0x00000002   PAD
    0x08007e28   0x00000044   Code   RO          270    i.assert_failed     board.o
    0x08007e6c   0x000000dc   Code   RO         3614    i.ceil              m_ws.l(ceil.o)
    0x08007f48   0x000000dc   Code   RO         3618    i.floor             m_ws.l(floor.o)
    0x08008024   0x0000001c   Code   RO          820    i.fputc             uart-board.o
    0x08008040   0x00000580   Code   RO           13    i.main              main.o
    0x080085c0   0x000009d8   Code   RO         3622    i.pow               m_ws.l(pow.o)
    0x08008f98   0x00000028   Code   RO         2725    i.rand1             utilities.o
    0x08008fc0   0x0000001a   Code   RO         2726    i.randr             utilities.o
    0x08008fda   0x00000004   Code   RO         3631    i.rint              m_ws.l(rint.o)
    0x08008fde   0x00000002   PAD
    0x08008fe0   0x00000094   Code   RO         3633    i.round             m_ws.l(round.o)
    0x08009074   0x0000004c   Code   RO         3953    i.sqrt              m_ws.l(sqrt.o)
    0x080090c0   0x00000018   Data   RO          518    .constdata          rtc-board.o
    0x080090d8   0x00000021   Data   RO          895    .constdata          system_stm32l1xx.o
    0x080090f9   0x00000003   PAD
    0x080090fc   0x0000011f   Data   RO         3121    .constdata          radio.o
    0x0800921b   0x00000005   PAD
    0x08009220   0x00000088   Data   RO         3623    .constdata          m_ws.l(pow.o)
    0x080092a8   0x00000008   Data   RO         3951    .constdata          m_ws.l(qnan.o)
    0x080092b0   0x0000004e   Data   RO         1149    .conststring        stm32l1xx_hal_cortex.o
    0x080092fe   0x00000002   PAD
    0x08009300   0x0000004c   Data   RO         1364    .conststring        stm32l1xx_hal_gpio.o
    0x0800934c   0x0000004b   Data   RO         1440    .conststring        stm32l1xx_hal_pwr.o
    0x08009397   0x00000001   PAD
    0x08009398   0x0000004b   Data   RO         1619    .conststring        stm32l1xx_hal_rcc.o
    0x080093e3   0x00000001   PAD
    0x080093e4   0x0000004e   Data   RO         1720    .conststring        stm32l1xx_hal_rcc_ex.o
    0x08009432   0x00000002   PAD
    0x08009434   0x0000004b   Data   RO         1794    .conststring        stm32l1xx_hal_rtc.o
    0x0800947f   0x00000001   PAD
    0x08009480   0x0000004e   Data   RO         1931    .conststring        stm32l1xx_hal_rtc_ex.o
    0x080094ce   0x00000002   PAD
    0x080094d0   0x0000004e   Data   RO         2406    .conststring        stm32l1xx_hal_spi_ex.o
    0x0800951e   0x00000002   PAD
    0x08009520   0x0000004c   Data   RO         2469    .conststring        stm32l1xx_hal_uart.o
    0x0800956c   0x00000020   Data   RO         4009    Region$$Table       anon$$obj.o


    Execution Region RW_IRAM1 (Base: 0x20000000, Size: 0x000009f8, Max: 0x00014000, ABSOLUTE)

    Base Addr    Size         Type   Attr      Idx    E Section Name        Object

    0x20000000   0x00000015   Data   RW           15    .data               main.o
    0x20000015   0x0000000c   Data   RW          272    .data               board.o
    0x20000021   0x00000003   PAD
    0x20000024   0x0000000c   Data   RW          519    .data               rtc-board.o
    0x20000030   0x00000002   Data   RW          822    .data               uart-board.o
    0x20000032   0x00000002   PAD
    0x20000034   0x00000004   Data   RW          896    .data               system_stm32l1xx.o
    0x20000038   0x00000004   Data   RW         1015    .data               stm32l1xx_hal.o
    0x2000003c   0x00000004   Data   RW         2728    .data               utilities.o
    0x20000040   0x00000009   Data   RW         2830    .data               sx126x.o
    0x20000049   0x00000007   PAD
    0x20000050   0x000000a4   Data   RW         3122    .data               radio.o
    0x200000f4   0x00000008   Data   RW         3464    .data               timer.o
    0x200000fc   0x00000004   Data   RW         3974    .data               mc_w.l(stdout.o)
    0x20000100   0x00000004   Data   RW         3988    .data               mc_w.l(errno.o)
    0x20000104   0x00000084   Zero   RW           14    .bss                main.o
    0x20000188   0x00000164   Zero   RW          271    .bss                board.o
    0x200002ec   0x00000040   Zero   RW          405    .bss                gpio-board.o
    0x2000032c   0x00000038   Zero   RW          517    .bss                rtc-board.o
    0x20000364   0x00000018   Zero   RW          695    .bss                sx126x-board.o
    0x2000037c   0x00000040   Zero   RW          821    .bss                uart-board.o
    0x200003bc   0x0000023c   Zero   RW         3120    .bss                radio.o
    0x200005f8   0x00000400   Zero   RW          986    STACK               startup_stm32l152xe.o


==============================================================================

Image component sizes


      Code (inc. data)   RO Data    RW Data    ZI Data      Debug   Object Name

       998        184          0         12        356       9359   board.o
        12          0          0          0          0        518   delay.o
       130          0          0          0          0       3739   fifo.o
      1068        140          0          0         64       8621   gpio-board.o
       140          0          0          0          0       2977   gpio.o
      1892        722          0         21        132     445898   main.o
      3068        232        287        164        572      23792   radio.o
      1752        194         24         12         56      13097   rtc-board.o
       820         70          0          0          0       4176   spi-board.o
        36          8        292          0       1024        892   startup_stm32l152xe.o
       178         32          0          4          0       6366   stm32l1xx_hal.o
       470         42         78          0          0      30333   stm32l1xx_hal_cortex.o
       996         86         76          0          0       4234   stm32l1xx_hal_gpio.o
       136         18         75          0          0       1313   stm32l1xx_hal_pwr.o
        64         14          0          0          0       1785   stm32l1xx_hal_pwr_ex.o
      4532        118         75          0          0       7880   stm32l1xx_hal_rcc.o
       668         28         78          0          0       1712   stm32l1xx_hal_rcc_ex.o
      1986         54         75          0          0       9239   stm32l1xx_hal_rtc.o
      1648         22         78          0          0       5931   stm32l1xx_hal_rtc_ex.o
        52          0          0          0          0       2391   stm32l1xx_hal_spi.o
       472         18         78          0          0       1383   stm32l1xx_hal_spi_ex.o
      2084         38         76          0          0       7614   stm32l1xx_hal_uart.o
      1002         82          0          0         24      12175   sx126x-board.o
      2194        122          0          9          0      24672   sx126x.o
        16          0          0          0          0       2505   sysirqhandlers.o
       100         18         33          4          0     113815   system_stm32l1xx.o
       874         44          0          8          0       9258   timer.o
       804        116          0          2         64       6319   uart-board.o
       128         30          0          0          0       1920   uart.o
        66          8          0          4          0       1344   utilities.o

    ----------------------------------------------------------------------
     28434       2440       1376        252       2292     765258   Object Totals
         0          0         32          0          0          0   (incl. Generated)
        48          0         19         12          0          0   (incl. Padding)

    ----------------------------------------------------------------------

      Code (inc. data)   RO Data    RW Data    ZI Data      Debug   Library Member Name

       220         16          0          0          0         84   ceil.o
        62         10          0          0          0        340   dunder.o
       220         16          0          0          0         84   floor.o
        40          0          0          0          0         68   fpclassify.o
       170          0          0          0          0         96   poly.o
      2520        190        136          0          0        324   pow.o
         0          0          8          0          0          0   qnan.o
         4          0          0          0          0         68   rint.o
       148         12          0          0          0         88   round.o
        76          0          0          0          0         84   sqrt.o
         0          0          0          0          0          0   entry.o
         0          0          0          0          0          0   entry10a.o
         0          0          0          0          0          0   entry11a.o
         8          4          0          0          0          0   entry2.o
         4          0          0          0          0          0   entry5.o
         0          0          0          0          0          0   entry7b.o
         0          0          0          0          0          0   entry8b.o
         8          4          0          0          0          0   entry9a.o
        12          6          0          4          0         68   errno.o
        30          0          0          0          0          0   handlers.o
        36          8          0          0          0         68   init.o
         0          0          0          0          0          0   iusefp.o
        30          0          0          0          0         68   llshl.o
        36          0          0          0          0         68   llsshr.o
        32          0          0          0          0         68   llushr.o
        36          0          0          0          0         68   memcpya.o
        36          0          0          0          0        108   memseta.o
      2258         90          0          0          0        452   printfa.o
         0          0          0          4          0          0   stdout.o
        44          0          0          0          0         80   uidiv.o
        98          0          0          0          0         92   uldiv.o
        48          0          0          0          0         68   cdcmple.o
        48          0          0          0          0         68   cdrcmple.o
       334          0          0          0          0        148   dadd.o
       222          0          0          0          0        100   ddiv.o
       186          0          0          0          0        176   depilogue.o
        62          0          0          0          0         80   dfixi.o
        50          0          0          0          0         76   dfixui.o
        48          0          0          0          0         68   dfixul.o
        34          0          0          0          0         76   dflti.o
        26          0          0          0          0         76   dfltui.o
       228          0          0          0          0         96   dmul.o
       136          4          0          0          0         92   drnd.o
        46          0          0          0          0         80   dscalb.o
       162          0          0          0          0        100   dsqrt.o
        38          0          0          0          0         68   f2d.o
       176          0          0          0          0        140   fadd.o
       124          0          0          0          0         88   fdiv.o
       110          0          0          0          0        168   fepilogue.o
        10          0          0          0          0         68   ffltui.o
       100          0          0          0          0         76   fmul.o

    ----------------------------------------------------------------------
      8330        360        144          8          0       4288   Library Totals
        14          0          0          0          0          0   (incl. Padding)

    ----------------------------------------------------------------------

      Code (inc. data)   RO Data    RW Data    ZI Data      Debug   Library Name

      3460        244        144          0          0       1236   m_ws.l
      2668        112          0          8          0       1140   mc_w.l
      2188          4          0          0          0       1912   mf_w.l

    ----------------------------------------------------------------------
      8330        360        144          8          0       4288   Library Totals

    ----------------------------------------------------------------------

==============================================================================


      Code (inc. data)   RO Data    RW Data    ZI Data      Debug   

     36764       2800       1520        260       2292     754514   Grand Totals
     36764       2800       1520        260       2292     754514   ELF Image Totals
     36764       2800       1520        260          0          0   ROM Totals

==============================================================================

    Total RO  Size (Code + RO Data)                38284 (  37.39kB)
    Total RW  Size (RW Data + ZI Data)              2552 (   2.49kB)
    Total ROM Size (Code + RO Data + RW Data)      38544 (  37.64kB)

==============================================================================

