(---------------------------------------------------------------------)
(                                                                     )
(    Shape Island Report                                              )
(                                                                     )
(    Drawing          : Node.brd                                      )
(    Software Version : 16.6-2015S108                                 )
(    Date/Time        : Sun Jul 28 15:24:27 2019                      )
(                                                                     )
(---------------------------------------------------------------------)


  Total islands on design: 8


  <<<  ETCH  >>>

    Layer = TOP
	Point on shape: (3.6040 -36.9576)  Net: GND
	Point on shape: (0.1578 -31.0625)  Net: GND
	Point on shape: (0.7189 -28.9174)  Net: GND
	Point on shape: (-11.5025 0.8508)  Net: GND
	Point on shape: (-2.2458 10.4692)  Net: GND
	Point on shape: (-4.8698 19.0932)  Net: GND
	Point on shape: (-5.6700 -10.0355)  Net: GND
	Point on shape: (-25.8852 2.0070)  Net: GND
