<html>
<body>
<pre>
<h1>µVision Build Log</h1>
<h2>Tool Versions:</h2>
IDE-Version: ¦ÌVision V5.25.2.0
Copyright (C) 2018 ARM Ltd and ARM Germany GmbH. All rights reserved.
License Information: z China, P R C, LIC=W9630-BYQXE-MQ70F-67AK3-NV0Y8-Y01FL
 
Tool Versions:
Toolchain:       MDK-ARM Professional  Version: 5.25.2.0
Toolchain Path:  C:\Keil_v5\ARM\ARMCC\Bin
C Compiler:      Armcc.exe V5.06 update 6 (build 750)
Assembler:       Armasm.exe V5.06 update 6 (build 750)
Linker/Locator:  ArmLink.exe V5.06 update 6 (build 750)
Library Manager: ArmAr.exe V5.06 update 6 (build 750)
Hex Converter:   FromElf.exe V5.06 update 6 (build 750)
CPU DLL:         SARMCM3.DLL V5.25.2.0
Dialog DLL:      DCM.DLL V1.17.1.0
Target DLL:      STLink\ST-LINKIII-KEIL_SWO.dll V3.0.1.0
Dialog DLL:      TCM.DLL V1.35.1.0
 
<h2>Project:</h2>
F:\code\prj\node\MDK-ARM\node.uvprojx
Project File Date:  08/16/2019

<h2>Output:</h2>
*** Using Compiler 'V5.06 update 6 (build 750)', folder: 'C:\Keil_v5\ARM\ARMCC\Bin'
Build target 'node'
compiling mag3D3100.c...
..\Src\Hardare\mag3D3100.c(146): warning:  #186-D: pointless comparison of unsigned integer with zero
      if (value > 65535 || value<0)
..\Src\Hardare\mag3D3100.c(162): warning:  #167-D: argument of type "char *" is incompatible with parameter of type "u8 *"
          if (SPI_Write_M3D3100(SPI2, M3D_3100_CCX, to_reg,6))
..\Src\Hardare\mag3D3100.c(218): warning:  #167-D: argument of type "char *" is incompatible with parameter of type "u8 *"
          if (SPI_Write_M3D3100(SPI2, M3D_3100_TMRC, ptr,1))
..\Src\Hardare\mag3D3100.c(288): warning:  #167-D: argument of type "char *" is incompatible with parameter of type "u8 *"
      if (SPI_Write_M3D3100(SPI2, M3D_3100_CMM, ptr,1))
..\Src\Hardare\mag3D3100.c(305): warning:  #167-D: argument of type "char *" is incompatible with parameter of type "u8 *"
      if (SPI_Write_M3D3100(SPI2, M3D_3100_POLL, ptr,1))
..\Src\Hardare\mag3D3100.c(320): warning:  #167-D: argument of type "char *" is incompatible with parameter of type "u8 *"
      SPI_Read_M3D3100(SPI2, M3D_3100_STATUS,  data,1);
..\Src\Hardare\mag3D3100.c(337): warning:  #167-D: argument of type "char *" is incompatible with parameter of type "u8 *"
      if (SPI_Write_M3D3100(SPI2, M3D_3100_BIST, ptr,1))
..\Src\Hardare\mag3D3100.c(345): warning:  #167-D: argument of type "char *" is incompatible with parameter of type "u8 *"
      if (SPI_Read_M3D3100(SPI2, M3D_3100_BIST,  data,1))
..\Src\Hardare\mag3D3100.c(351): warning:  #167-D: argument of type "char *" is incompatible with parameter of type "u8 *"
          if (SPI_Write_M3D3100(SPI2, M3D_3100_BIST, ptr,1))
..\Src\Hardare\mag3D3100.c(368): warning:  #167-D: argument of type "char *" is incompatible with parameter of type "u8 *"
  	SPI_Read_M3D3100(SPI2, M3D_3100_REVID,  data,1);
..\Src\Hardare\mag3D3100.c(375): warning:  #177-D: variable "i"  was declared but never referenced
  u8  i=0;
..\Src\Hardare\mag3D3100.c(402): warning:  #177-D: variable "err"  was declared but never referenced
   char err[5]={0xaa,0x00,0xa1,0xa2,0xa3};
..\Src\Hardare\mag3D3100.c: 12 warnings, 0 errors
linking...
Program Size: Code=15596 RO-data=500 RW-data=32 ZI-data=2208  
FromELF: creating hex file...
"node\node.axf" - 0 Error(s), 12 Warning(s).

<h2>Software Packages used:</h2>

Package Vendor: ARM
                http://www.keil.com/pack/ARM.CMSIS.5.3.0.pack
                ARM.CMSIS.5.3.0
                CMSIS (Cortex Microcontroller Software Interface Standard)
   * Component: CORE Version: 5.1.1

Package Vendor: Keil
                http://www.keil.com/pack/Keil.STM32L4xx_DFP.2.2.0.pack
                Keil.STM32L4xx_DFP.2.2.0
                STMicroelectronics STM32L4 Series Device Support, Drivers and Examples

<h2>Collection of Component include folders:</h2>
  .\RTE\_node
  C:\Keil_v5\ARM\PACK\ARM\CMSIS\5.3.0\CMSIS\Include
  C:\Keil_v5\ARM\PACK\Keil\STM32L4xx_DFP\2.2.0\Drivers\CMSIS\Device\ST\STM32L4xx\Include

<h2>Collection of Component Files used:</h2>

   * Component: ARM::CMSIS:CORE:5.1.1
Build Time Elapsed:  00:00:07
</pre>
</body>
</html>
