<html>
<body>
<pre>
<h1>µVision Build Log</h1>
<h2>Tool Versions:</h2>
IDE-Version: ¦ÌVision V5.23.0.0
Copyright (C) 2017 ARM Ltd and ARM Germany GmbH. All rights reserved.
License Information: zm Windows, HP Inc., LIC=X1EY8-38C73-IMK9B-2D9Z4-73GTT-HGM3Y
 
Tool Versions:
Toolchain:       MDK-ARM Professional  Version: 5.23
Toolchain Path:  C:\Keil_v5\ARM\ARMCC\Bin
C Compiler:      Armcc.exe V5.06 update 4 (build 422)
Assembler:       Armasm.exe V5.06 update 4 (build 422)
Linker/Locator:  ArmLink.exe V5.06 update 4 (build 422)
Library Manager: ArmAr.exe V5.06 update 4 (build 422)
Hex Converter:   FromElf.exe V5.06 update 4 (build 422)
CPU DLL:         SARMCM3.DLL V5.23
Dialog DLL:      DARMCM1.DLL V1.17.0.0
Target DLL:      Segger\JL2CM3.dll V2.99.23.0
Dialog DLL:      TARMCM1.DLL V1.12.0.0
 
<h2>Project:</h2>
F:\projects\18\hmc5883\code\magnetic\MDK-ARM\magnetic.uvprojx
Project File Date:  07/13/2019

<h2>Output:</h2>
*** Using Compiler 'V5.06 update 4 (build 422)', folder: 'C:\Keil_v5\ARM\ARMCC\Bin'
Build target 'magnetic'
compiling filer.c...
..\Src\filer.c(114): warning:  #167-D: argument of type "signed long *" is incompatible with parameter of type "unsigned int *"
  				manetic.B[i][manetic.sample_index]=FloatAverage(&manetic.A[i][0], manetic.sample_index+1);
..\Src\filer.c(103): warning:  #177-D: variable "j"  was declared but never referenced
  	 unsigned char i,j;
..\Src\filer.c(263): warning:  #223-D: function "abs" declared implicitly
  					 if(abs(manetic.B[i][BUFFERSIZE-1]-
..\Src\filer.c(279): warning:  #223-D: function "abs" declared implicitly
  					 if(abs(t1-t2)
..\Src\filer.c: 4 warnings, 0 errors
linking...
Program Size: Code=12212 RO-data=244 RW-data=40 ZI-data=5640  
FromELF: creating hex file...
"magnetic\magnetic.axf" - 0 Error(s), 4 Warning(s).

<h2>Software Packages used:</h2>

Package Vendor: ARM
                http://www.keil.com/pack/ARM.CMSIS.5.3.0.pack
                ARM::CMSIS:CORE:5.1.1
                CMSIS (Cortex Microcontroller Software Interface Standard)
   * Component: CORE Version: 5.1.1

<h2>Collection of Component include folders:</h2>
  .\RTE\_magnetic
  C:\Keil_v5\ARM\PACK\ARM\CMSIS\5.3.0\CMSIS\Include
  C:\Keil_v5\ARM\PACK\Keil\STM32F0xx_DFP\2.0.0\Drivers\CMSIS\Device\ST\STM32F0xx\Include

<h2>Collection of Component Files used:</h2>

   * Component: ARM::CMSIS:CORE:5.1.1
Build Time Elapsed:  00:00:02
</pre>
</body>
</html>
