<html>
<body>
<pre>
<h1>µVision Build Log</h1>
<h2>Tool Versions:</h2>
IDE-Version: ¦ÌVision V5.23.0.0
Copyright (C) 2017 ARM Ltd and ARM Germany GmbH. All rights reserved.
License Information: zm Windows, HP Inc., LIC=X1EY8-38C73-IMK9B-2D9Z4-73GTT-HGM3Y
 
Tool Versions:
Toolchain:       MDK-ARM Professional  Version: 5.23
Toolchain Path:  C:\Keil_v5\ARM\ARMCC\Bin
C Compiler:      Armcc.exe V5.06 update 4 (build 422)
Assembler:       Armasm.exe V5.06 update 4 (build 422)
Linker/Locator:  ArmLink.exe V5.06 update 4 (build 422)
Library Manager: ArmAr.exe V5.06 update 4 (build 422)
Hex Converter:   FromElf.exe V5.06 update 4 (build 422)
CPU DLL:         SARMCM3.DLL V5.23
Dialog DLL:      DCM.DLL V1.15.0.0
Target DLL:      STLink\ST-LINKIII-KEIL_SWO.dll V2.0.18.0
Dialog DLL:      TCM.DLL V1.27.0.0
 
<h2>Project:</h2>
F:\projects\git\Hardware\magnetic\code\node\MDK-ARM\node.uvprojx
Project File Date:  08/31/2019

<h2>Output:</h2>
*** Using Compiler 'V5.06 update 4 (build 422)', folder: 'C:\Keil_v5\ARM\ARMCC\Bin'
Build target 'node'
compiling filter.c...
..\Src\Driver\filter.c(73): warning:  #223-D: function "sqrt" declared implicitly
   stdDev_tmp=sqrt(vari_tmp);//¼ÆËã±ê×¼²î
..\Src\Driver\filter.c(59): warning:  #550-D: parameter "aver"  was set but never used
   void Statistic(s32 a[],int n,s32 *aver,s32 *vari,s32 *stdDev){
..\Src\Driver\filter.c(59): warning:  #550-D: parameter "vari"  was set but never used
   void Statistic(s32 a[],int n,s32 *aver,s32 *vari,s32 *stdDev){
..\Src\Driver\filter.c(59): warning:  #550-D: parameter "stdDev"  was set but never used
   void Statistic(s32 a[],int n,s32 *aver,s32 *vari,s32 *stdDev){
..\Src\Driver\filter.c(62): warning:  #177-D: variable "p"  was declared but never referenced
   s32 p[N];
..\Src\Driver\filter.c(152): warning:  #223-D: function "fabs" declared implicitly
      if(fabs(magnetic.VehicleVari- magnetic.BaseLineVari) >= MAX_THRES){
..\Src\Driver\filter.c(168): warning:  #940-D: missing return statement at end of non-void function "vehicle_detect" 
  }
..\Src\Driver\filter.c(195): warning:  #223-D: function "printf" declared implicitly
  		 printf("  M X:  %d",p[0]);
..\Src\Driver\filter.c: 8 warnings, 0 errors
linking...
Program Size: Code=19476 RO-data=500 RW-data=60 ZI-data=3684  
FromELF: creating hex file...
"node\node.axf" - 0 Error(s), 8 Warning(s).

<h2>Software Packages used:</h2>

Package Vendor: ARM
                http://www.keil.com/pack/ARM.CMSIS.5.3.0.pack
                ARM::CMSIS:CORE:5.1.1
                CMSIS (Cortex Microcontroller Software Interface Standard)
   * Component: CORE Version: 5.1.1

<h2>Collection of Component include folders:</h2>
  .\RTE\_node
  C:\Keil_v5\ARM\PACK\ARM\CMSIS\5.3.0\CMSIS\Include
  C:\Keil_v5\ARM\PACK\Keil\STM32L4xx_DFP\2.2.0\Drivers\CMSIS\Device\ST\STM32L4xx\Include

<h2>Collection of Component Files used:</h2>

   * Component: ARM::CMSIS:CORE:5.1.1
Build Time Elapsed:  00:00:03
</pre>
</body>
</html>
